13:07:24.057 [INFO] [org.gradle.internal.nativeintegration.services.NativeServices] Initialized native services in: /Users/bconnors/.gradle/native
13:07:24.244 [DEBUG] [org.gradle.launcher.daemon.client.DaemonClient] Executing build 73df6871-a29a-466b-bb65-76e679c73cba in daemon client {pid=6913}
13:07:24.253 [DEBUG] [org.gradle.internal.remote.internal.inet.InetAddresses] Adding IP addresses for network interface utun0
13:07:24.253 [DEBUG] [org.gradle.internal.remote.internal.inet.InetAddresses] Is this a loopback interface? false
13:07:24.253 [DEBUG] [org.gradle.internal.remote.internal.inet.InetAddresses] Is this a multicast interface? true
13:07:24.253 [DEBUG] [org.gradle.internal.remote.internal.inet.InetAddresses] Adding remote address /fe80:0:0:0:ebc9:70e8:e2a6:b625%utun0
13:07:24.253 [DEBUG] [org.gradle.internal.remote.internal.inet.InetAddresses] Adding remote multicast interface utun0
13:07:24.254 [DEBUG] [org.gradle.internal.remote.internal.inet.InetAddresses] Adding IP addresses for network interface awdl0
13:07:24.254 [DEBUG] [org.gradle.internal.remote.internal.inet.InetAddresses] Is this a loopback interface? false
13:07:24.254 [DEBUG] [org.gradle.internal.remote.internal.inet.InetAddresses] Is this a multicast interface? true
13:07:24.254 [DEBUG] [org.gradle.internal.remote.internal.inet.InetAddresses] Adding remote address /fe80:0:0:0:742b:aeff:fec7:75d3%awdl0
13:07:24.254 [DEBUG] [org.gradle.internal.remote.internal.inet.InetAddresses] Adding remote multicast interface awdl0
13:07:24.254 [DEBUG] [org.gradle.internal.remote.internal.inet.InetAddresses] Adding IP addresses for network interface en0
13:07:24.256 [DEBUG] [org.gradle.internal.remote.internal.inet.InetAddresses] Is this a loopback interface? false
13:07:24.256 [DEBUG] [org.gradle.internal.remote.internal.inet.InetAddresses] Is this a multicast interface? true
13:07:24.256 [DEBUG] [org.gradle.internal.remote.internal.inet.InetAddresses] Adding remote address /fe80:0:0:0:3e15:c2ff:feb9:736%en0
13:07:24.256 [DEBUG] [org.gradle.internal.remote.internal.inet.InetAddresses] Adding remote address /192.168.50.233
13:07:24.256 [DEBUG] [org.gradle.internal.remote.internal.inet.InetAddresses] Adding remote multicast interface en0
13:07:24.256 [DEBUG] [org.gradle.internal.remote.internal.inet.InetAddresses] Adding IP addresses for network interface lo0
13:07:24.256 [DEBUG] [org.gradle.internal.remote.internal.inet.InetAddresses] Is this a loopback interface? true
13:07:24.256 [DEBUG] [org.gradle.internal.remote.internal.inet.InetAddresses] Is this a multicast interface? true
13:07:24.256 [DEBUG] [org.gradle.internal.remote.internal.inet.InetAddresses] Ignoring remote address on loopback interface /fe80:0:0:0:0:0:0:1%lo0
13:07:24.256 [DEBUG] [org.gradle.internal.remote.internal.inet.InetAddresses] Adding loopback address /0:0:0:0:0:0:0:1%lo0
13:07:24.256 [DEBUG] [org.gradle.internal.remote.internal.inet.InetAddresses] Adding loopback address /127.0.0.1
13:07:24.256 [DEBUG] [org.gradle.internal.remote.internal.inet.InetAddresses] Adding loopback multicast interface lo0
13:07:24.263 [DEBUG] [org.gradle.cache.internal.DefaultFileLockManager] Waiting to acquire shared lock on daemon addresses registry.
13:07:24.265 [DEBUG] [org.gradle.cache.internal.DefaultFileLockManager] Lock acquired on daemon addresses registry.
13:07:24.268 [DEBUG] [org.gradle.cache.internal.DefaultFileLockManager] Releasing lock on daemon addresses registry.
13:07:24.270 [DEBUG] [org.gradle.internal.remote.internal.inet.TcpOutgoingConnector] Attempting to connect to [4e51a093-46e0-4d2b-96ef-54cca284c42e port:60506, addresses:[/0:0:0:0:0:0:0:1, /127.0.0.1]].
13:07:24.270 [DEBUG] [org.gradle.internal.remote.internal.inet.TcpOutgoingConnector] Trying to connect to address /0:0:0:0:0:0:0:1.
13:07:24.276 [DEBUG] [org.gradle.internal.remote.internal.inet.TcpOutgoingConnector] Connected to address /0:0:0:0:0:0:0:1:60506.
13:07:24.286 [DEBUG] [org.gradle.launcher.daemon.client.DaemonClient] Connected to daemon DaemonInfo{pid=6709, address=[4e51a093-46e0-4d2b-96ef-54cca284c42e port:60506, addresses:[/0:0:0:0:0:0:0:1, /127.0.0.1]], state=Idle, lastBusy=1580061964259, context=DefaultDaemonContext[uid=571e2c03-3d22-4ad3-9dcb-a132dfd1aa49,javaHome=/Library/Java/JavaVirtualMachines/jdk-11.0.6.jdk/Contents/Home,daemonRegistryDir=/Users/bconnors/.gradle/daemon,pid=6709,idleTimeout=10800000,daemonOpts=--add-opens,java.base/java.util=ALL-UNNAMED,-XX:+HeapDumpOnOutOfMemoryError,-Xmx1024m,-Dfile.encoding=UTF-8,-Duser.country=US,-Duser.language=en,-Duser.variant]}. Dispatching request Build{id=73df6871-a29a-466b-bb65-76e679c73cba, currentDir=/Users/bconnors/workspace/senior-code-challenge}.
13:07:24.287 [DEBUG] [org.gradle.launcher.daemon.client.DaemonClientConnection] thread 1: dispatching class org.gradle.launcher.daemon.protocol.Build
13:07:24.291 [DEBUG] [org.gradle.launcher.daemon.client.DaemonClient] Received result org.gradle.launcher.daemon.protocol.BuildStarted@70f02c32 from daemon DaemonInfo{pid=6709, address=[4e51a093-46e0-4d2b-96ef-54cca284c42e port:60506, addresses:[/0:0:0:0:0:0:0:1, /127.0.0.1]], state=Idle, lastBusy=1580061964259, context=DefaultDaemonContext[uid=571e2c03-3d22-4ad3-9dcb-a132dfd1aa49,javaHome=/Library/Java/JavaVirtualMachines/jdk-11.0.6.jdk/Contents/Home,daemonRegistryDir=/Users/bconnors/.gradle/daemon,pid=6709,idleTimeout=10800000,daemonOpts=--add-opens,java.base/java.util=ALL-UNNAMED,-XX:+HeapDumpOnOutOfMemoryError,-Xmx1024m,-Dfile.encoding=UTF-8,-Duser.country=US,-Duser.language=en,-Duser.variant]} (build should be starting).
13:07:24.290 [INFO] [org.gradle.launcher.daemon.server.exec.LogToClient] The client will now receive all logging from the daemon (pid: 6709). The daemon log file: /Users/bconnors/.gradle/daemon/4.10.2/daemon-6709.out.log
13:07:24.290 [INFO] [org.gradle.launcher.daemon.server.exec.LogAndCheckHealth] Starting 13th build in daemon [uptime: 36 mins 55.974 secs, performance: 100%, no major garbage collections]
13:07:24.290 [DEBUG] [org.gradle.launcher.daemon.server.exec.ExecuteBuild] The daemon has started executing the build.
13:07:24.290 [DEBUG] [org.gradle.launcher.daemon.server.exec.ExecuteBuild] Executing build with daemon context: DefaultDaemonContext[uid=571e2c03-3d22-4ad3-9dcb-a132dfd1aa49,javaHome=/Library/Java/JavaVirtualMachines/jdk-11.0.6.jdk/Contents/Home,daemonRegistryDir=/Users/bconnors/.gradle/daemon,pid=6709,idleTimeout=10800000,daemonOpts=--add-opens,java.base/java.util=ALL-UNNAMED,-XX:+HeapDumpOnOutOfMemoryError,-Xmx1024m,-Dfile.encoding=UTF-8,-Duser.country=US,-Duser.language=en,-Duser.variant]
13:07:24.291 [INFO] [org.gradle.internal.work.DefaultWorkerLeaseService] Using 8 worker leases.
13:07:24.292 [DEBUG] [org.gradle.cache.internal.DefaultCacheAccess] Creating new cache for fileHashes, path /Users/bconnors/workspace/senior-code-challenge/.gradle/4.10.2/fileHashes/fileHashes.bin, access org.gradle.cache.internal.DefaultCacheAccess@72f1b4d3
13:07:24.292 [DEBUG] [org.gradle.cache.internal.LockOnDemandCrossProcessCacheAccess] Acquiring file lock for file hash cache (/Users/bconnors/workspace/senior-code-challenge/.gradle/4.10.2/fileHashes)
13:07:24.292 [DEBUG] [org.gradle.cache.internal.DefaultFileLockManager] Waiting to acquire exclusive lock on file hash cache (/Users/bconnors/workspace/senior-code-challenge/.gradle/4.10.2/fileHashes).
13:07:24.292 [DEBUG] [org.gradle.cache.internal.DefaultFileLockManager] Lock acquired on file hash cache (/Users/bconnors/workspace/senior-code-challenge/.gradle/4.10.2/fileHashes).
13:07:24.294 [DEBUG] [org.gradle.internal.operations.DefaultBuildOperationExecutor] Build operation 'Run build' started
13:07:24.294 [DEBUG] [org.gradle.internal.work.DefaultWorkerLeaseService] Worker lease root.1 started (1 worker(s) in use).
13:07:24.294 [DEBUG] [org.gradle.internal.resources.AbstractTrackedResourceLock] Daemon worker Thread 9: acquired lock on root.1
13:07:24.294 [INFO] [org.gradle.internal.buildevents.BuildLogger] Starting Build
13:07:24.294 [DEBUG] [org.gradle.internal.buildevents.BuildLogger] Gradle user home: /Users/bconnors/.gradle
13:07:24.294 [DEBUG] [org.gradle.internal.buildevents.BuildLogger] Current dir: /Users/bconnors/workspace/senior-code-challenge
13:07:24.295 [DEBUG] [org.gradle.internal.buildevents.BuildLogger] Settings file: null
13:07:24.295 [DEBUG] [org.gradle.internal.buildevents.BuildLogger] Build file: null
13:07:24.295 [DEBUG] [org.gradle.internal.operations.DefaultBuildOperationExecutor] Build operation 'Load build' started
13:07:24.295 [DEBUG] [org.gradle.initialization.buildsrc.BuildSourceBuilder] Gradle source dir does not exist. We leave.
13:07:24.295 [DEBUG] [org.gradle.internal.operations.DefaultBuildOperationExecutor] Build operation 'Evaluate settings' started
13:07:24.295 [DEBUG] [org.gradle.initialization.DefaultGradlePropertiesLoader] Found env project properties: []
13:07:24.295 [DEBUG] [org.gradle.initialization.DefaultGradlePropertiesLoader] Found system project properties: []
13:07:24.296 [DEBUG] [org.gradle.initialization.ScriptEvaluatingSettingsProcessor] Timing: Processing settings took: 0.0 secs
13:07:24.296 [INFO] [org.gradle.internal.buildevents.BuildLogger] Settings evaluated using settings file '/Users/bconnors/workspace/senior-code-challenge/settings.gradle'.
13:07:24.296 [DEBUG] [org.gradle.caching.configuration.internal.DefaultBuildCacheConfiguration] Found class org.gradle.caching.local.internal.DirectoryBuildCacheServiceFactory registered for class org.gradle.caching.local.DirectoryBuildCache
13:07:24.296 [DEBUG] [org.gradle.internal.operations.DefaultBuildOperationExecutor] Build operation 'Finalize build cache configuration' started
13:07:24.296 [DEBUG] [org.gradle.internal.operations.DefaultBuildOperationExecutor] Completing Build operation 'Finalize build cache configuration'
13:07:24.296 [DEBUG] [org.gradle.internal.operations.DefaultBuildOperationExecutor] Build operation 'Finalize build cache configuration' completed
13:07:24.296 [DEBUG] [org.gradle.internal.operations.DefaultBuildOperationExecutor] Completing Build operation 'Evaluate settings'
13:07:24.297 [DEBUG] [org.gradle.internal.operations.DefaultBuildOperationExecutor] Build operation 'Evaluate settings' completed
13:07:24.297 [DEBUG] [org.gradle.internal.operations.DefaultBuildOperationExecutor] Completing Build operation 'Load build'
13:07:24.297 [DEBUG] [org.gradle.internal.operations.DefaultBuildOperationExecutor] Build operation 'Load build' completed
13:07:24.297 [DEBUG] [org.gradle.internal.operations.DefaultBuildOperationExecutor] Build operation 'Configure build' started
13:07:24.297 [DEBUG] [org.gradle.internal.operations.DefaultBuildOperationExecutor] Build operation 'Load projects' started
13:07:24.297 [DEBUG] [org.gradle.model.internal.registry.DefaultModelRegistry] Project : - Transitioning model element '<root>' from state Registered to Created
13:07:24.297 [DEBUG] [org.gradle.model.internal.registry.DefaultModelRegistry] Project : - Transitioning model element '<root>' to state Discovered.
13:07:24.297 [DEBUG] [org.gradle.model.internal.registry.DefaultModelRegistry] Project : - Transitioning model element '<root>' to state Created.
13:07:24.297 [DEBUG] [org.gradle.initialization.ProjectPropertySettingBuildLoader] Looking for project properties from: /Users/bconnors/workspace/senior-code-challenge/gradle.properties
13:07:24.297 [DEBUG] [org.gradle.initialization.ProjectPropertySettingBuildLoader] project property file does not exists. We continue!
13:07:24.297 [DEBUG] [org.gradle.internal.operations.DefaultBuildOperationExecutor] Completing Build operation 'Load projects'
13:07:24.298 [DEBUG] [org.gradle.internal.operations.DefaultBuildOperationExecutor] Build operation 'Load projects' completed
13:07:24.298 [DEBUG] [org.gradle.internal.operations.DefaultBuildOperationExecutor] Build operation 'Notify projectsLoaded listeners' started
13:07:24.298 [INFO] [org.gradle.internal.buildevents.BuildLogger] Projects loaded. Root project using build file '/Users/bconnors/workspace/senior-code-challenge/build.gradle'.
13:07:24.298 [INFO] [org.gradle.internal.buildevents.BuildLogger] Included projects: [root project 'senior-code-challenge']
13:07:24.298 [DEBUG] [org.gradle.internal.operations.DefaultBuildOperationExecutor] Build operation 'Execute 'rootProject {}' action' started
13:07:24.298 [DEBUG] [org.gradle.internal.operations.DefaultBuildOperationExecutor] Build operation 'Cross-configure project :' started
13:07:24.298 [DEBUG] [org.gradle.internal.operations.DefaultBuildOperationExecutor] Completing Build operation 'Cross-configure project :'
13:07:24.298 [DEBUG] [org.gradle.internal.operations.DefaultBuildOperationExecutor] Build operation 'Cross-configure project :' completed
13:07:24.298 [DEBUG] [org.gradle.internal.operations.DefaultBuildOperationExecutor] Completing Build operation 'Execute 'rootProject {}' action'
13:07:24.298 [DEBUG] [org.gradle.internal.operations.DefaultBuildOperationExecutor] Build operation 'Execute 'rootProject {}' action' completed
13:07:24.298 [DEBUG] [org.gradle.internal.operations.DefaultBuildOperationExecutor] Completing Build operation 'Notify projectsLoaded listeners'
13:07:24.298 [DEBUG] [org.gradle.internal.operations.DefaultBuildOperationExecutor] Build operation 'Notify projectsLoaded listeners' completed
13:07:24.308 [DEBUG] [org.gradle.internal.work.DefaultWorkerLeaseService] Worker lease root.1.2.7 started (2 worker(s) in use).
13:07:24.309 [DEBUG] [org.gradle.internal.resources.AbstractTrackedResourceLock] Build operations Thread 3: acquired lock on root.1.2.7
13:07:24.309 [DEBUG] [org.gradle.internal.work.DefaultWorkerLeaseService] Worker lease root.1.2.6 started (3 worker(s) in use).
13:07:24.309 [DEBUG] [org.gradle.internal.resources.AbstractTrackedResourceLock] Build operations Thread 2: acquired lock on root.1.2.6
13:07:24.309 [DEBUG] [org.gradle.internal.work.DefaultWorkerLeaseService] Worker lease root.1.2.5 started (4 worker(s) in use).
13:07:24.309 [DEBUG] [org.gradle.internal.resources.AbstractTrackedResourceLock] Build operations Thread 5: acquired lock on root.1.2.5
13:07:24.310 [DEBUG] [org.gradle.internal.work.DefaultWorkerLeaseService] Worker lease root.1.2.4 started (5 worker(s) in use).
13:07:24.310 [DEBUG] [org.gradle.internal.resources.AbstractTrackedResourceLock] Build operations: acquired lock on root.1.2.4
13:07:24.310 [DEBUG] [org.gradle.internal.operations.DefaultBuildOperationExecutor] Build operation 'Resolve spring-core.jar (org.springframework:spring-core:4.3.9.RELEASE)' completed
13:07:24.310 [DEBUG] [org.gradle.internal.work.DefaultWorkerLeaseService] Worker lease root.1.2.6 completed (3 worker(s) in use)
13:07:24.310 [DEBUG] [org.gradle.internal.resources.AbstractTrackedResourceLock] Build operations Thread 2: released lock on root.1.2.6
13:07:24.310 [DEBUG] [org.gradle.internal.operations.DefaultBuildOperationExecutor] Build operation 'Resolve commons-logging.jar (commons-logging:commons-logging:1.2)' completed
13:07:24.310 [DEBUG] [org.gradle.internal.operations.DefaultBuildOperationExecutor] Build operation 'Resolve dependency-management-plugin.jar (io.spring.gradle:dependency-management-plugin:1.0.3.RELEASE)' completed
13:07:24.310 [DEBUG] [org.gradle.internal.work.DefaultWorkerLeaseService] Worker lease root.1.2.7 completed (2 worker(s) in use)
13:07:24.311 [DEBUG] [org.gradle.internal.resources.AbstractTrackedResourceLock] Build operations Thread 3: released lock on root.1.2.7
13:07:24.311 [DEBUG] [org.gradle.internal.operations.DefaultBuildOperationExecutor] Build operation 'Resolve spring-boot-loader-tools.jar (org.springframework.boot:spring-boot-loader-tools:1.5.4.RELEASE)' completed
13:07:24.311 [DEBUG] [org.gradle.internal.work.DefaultWorkerLeaseService] Worker lease root.1.2.5 completed (1 worker(s) in use)
13:07:24.311 [DEBUG] [org.gradle.internal.resources.AbstractTrackedResourceLock] Build operations Thread 5: released lock on root.1.2.5
13:07:24.311 [DEBUG] [org.gradle.internal.work.DefaultWorkerLeaseService] Worker lease root.1.2.4 completed (1 worker(s) in use)
13:07:24.311 [DEBUG] [org.gradle.internal.resources.AbstractTrackedResourceLock] Build operations: released lock on root.1.2.4
13:07:24.298 [LIFECYCLE] [org.gradle.internal.logging.progress.ProgressLoggerFactory] 
13:07:24.298 [LIFECYCLE] [org.gradle.internal.logging.progress.ProgressLoggerFactory] > Configure project :
13:07:24.298 [DEBUG] [org.gradle.internal.operations.DefaultBuildOperationExecutor] Build operation 'Configure project :' started
13:07:24.298 [DEBUG] [org.gradle.internal.operations.DefaultBuildOperationExecutor] Build operation 'Notify beforeEvaluate listeners of :' started
13:07:24.298 [DEBUG] [org.gradle.internal.operations.DefaultBuildOperationExecutor] Completing Build operation 'Notify beforeEvaluate listeners of :'
13:07:24.298 [DEBUG] [org.gradle.internal.operations.DefaultBuildOperationExecutor] Build operation 'Notify beforeEvaluate listeners of :' completed
13:07:24.298 [DEBUG] [org.gradle.internal.operations.DefaultBuildOperationExecutor] Build operation 'Register task :init' started
13:07:24.298 [DEBUG] [org.gradle.internal.operations.DefaultBuildOperationExecutor] Completing Build operation 'Register task :init'
13:07:24.299 [DEBUG] [org.gradle.internal.operations.DefaultBuildOperationExecutor] Build operation 'Register task :init' completed
13:07:24.299 [DEBUG] [org.gradle.internal.operations.DefaultBuildOperationExecutor] Build operation 'Register task :wrapper' started
13:07:24.299 [DEBUG] [org.gradle.internal.operations.DefaultBuildOperationExecutor] Completing Build operation 'Register task :wrapper'
13:07:24.299 [DEBUG] [org.gradle.internal.operations.DefaultBuildOperationExecutor] Build operation 'Register task :wrapper' completed
13:07:24.299 [DEBUG] [org.gradle.internal.operations.DefaultBuildOperationExecutor] Build operation 'Apply plugin org.gradle.help-tasks to root project 'senior-code-challenge'' started
13:07:24.299 [DEBUG] [org.gradle.internal.operations.DefaultBuildOperationExecutor] Build operation 'Register task :help' started
13:07:24.299 [DEBUG] [org.gradle.internal.operations.DefaultBuildOperationExecutor] Completing Build operation 'Register task :help'
13:07:24.299 [DEBUG] [org.gradle.internal.operations.DefaultBuildOperationExecutor] Build operation 'Register task :help' completed
13:07:24.299 [DEBUG] [org.gradle.internal.operations.DefaultBuildOperationExecutor] Build operation 'Register task :projects' started
13:07:24.299 [DEBUG] [org.gradle.internal.operations.DefaultBuildOperationExecutor] Completing Build operation 'Register task :projects'
13:07:24.300 [DEBUG] [org.gradle.internal.operations.DefaultBuildOperationExecutor] Build operation 'Register task :projects' completed
13:07:24.300 [DEBUG] [org.gradle.internal.operations.DefaultBuildOperationExecutor] Build operation 'Register task :tasks' started
13:07:24.300 [DEBUG] [org.gradle.internal.operations.DefaultBuildOperationExecutor] Completing Build operation 'Register task :tasks'
13:07:24.300 [DEBUG] [org.gradle.internal.operations.DefaultBuildOperationExecutor] Build operation 'Register task :tasks' completed
13:07:24.300 [DEBUG] [org.gradle.internal.operations.DefaultBuildOperationExecutor] Build operation 'Register task :properties' started
13:07:24.300 [DEBUG] [org.gradle.internal.operations.DefaultBuildOperationExecutor] Completing Build operation 'Register task :properties'
13:07:24.300 [DEBUG] [org.gradle.internal.operations.DefaultBuildOperationExecutor] Build operation 'Register task :properties' completed
13:07:24.300 [DEBUG] [org.gradle.internal.operations.DefaultBuildOperationExecutor] Build operation 'Register task :dependencyInsight' started
13:07:24.300 [DEBUG] [org.gradle.internal.operations.DefaultBuildOperationExecutor] Completing Build operation 'Register task :dependencyInsight'
13:07:24.300 [DEBUG] [org.gradle.internal.operations.DefaultBuildOperationExecutor] Build operation 'Register task :dependencyInsight' completed
13:07:24.300 [DEBUG] [org.gradle.internal.operations.DefaultBuildOperationExecutor] Build operation 'Register task :dependencies' started
13:07:24.300 [DEBUG] [org.gradle.internal.operations.DefaultBuildOperationExecutor] Completing Build operation 'Register task :dependencies'
13:07:24.300 [DEBUG] [org.gradle.internal.operations.DefaultBuildOperationExecutor] Build operation 'Register task :dependencies' completed
13:07:24.300 [DEBUG] [org.gradle.internal.operations.DefaultBuildOperationExecutor] Build operation 'Register task :buildEnvironment' started
13:07:24.300 [DEBUG] [org.gradle.internal.operations.DefaultBuildOperationExecutor] Completing Build operation 'Register task :buildEnvironment'
13:07:24.300 [DEBUG] [org.gradle.internal.operations.DefaultBuildOperationExecutor] Build operation 'Register task :buildEnvironment' completed
13:07:24.300 [DEBUG] [org.gradle.internal.operations.DefaultBuildOperationExecutor] Build operation 'Register task :components' started
13:07:24.300 [DEBUG] [org.gradle.internal.operations.DefaultBuildOperationExecutor] Completing Build operation 'Register task :components'
13:07:24.300 [DEBUG] [org.gradle.internal.operations.DefaultBuildOperationExecutor] Build operation 'Register task :components' completed
13:07:24.300 [DEBUG] [org.gradle.internal.operations.DefaultBuildOperationExecutor] Build operation 'Register task :model' started
13:07:24.300 [DEBUG] [org.gradle.internal.operations.DefaultBuildOperationExecutor] Completing Build operation 'Register task :model'
13:07:24.300 [DEBUG] [org.gradle.internal.operations.DefaultBuildOperationExecutor] Build operation 'Register task :model' completed
13:07:24.300 [DEBUG] [org.gradle.internal.operations.DefaultBuildOperationExecutor] Build operation 'Register task :dependentComponents' started
13:07:24.301 [DEBUG] [org.gradle.internal.operations.DefaultBuildOperationExecutor] Completing Build operation 'Register task :dependentComponents'
13:07:24.301 [DEBUG] [org.gradle.internal.operations.DefaultBuildOperationExecutor] Build operation 'Register task :dependentComponents' completed
13:07:24.301 [DEBUG] [org.gradle.internal.operations.DefaultBuildOperationExecutor] Completing Build operation 'Apply plugin org.gradle.help-tasks to root project 'senior-code-challenge''
13:07:24.301 [DEBUG] [org.gradle.internal.operations.DefaultBuildOperationExecutor] Build operation 'Apply plugin org.gradle.help-tasks to root project 'senior-code-challenge'' completed
13:07:24.301 [INFO] [org.gradle.configuration.project.BuildScriptProcessor] Evaluating root project 'senior-code-challenge' using build file '/Users/bconnors/workspace/senior-code-challenge/build.gradle'.
13:07:24.301 [DEBUG] [org.gradle.internal.operations.DefaultBuildOperationExecutor] Build operation 'Apply script build.gradle to root project 'senior-code-challenge'' started
13:07:24.302 [DEBUG] [org.gradle.api.internal.artifacts.mvnsettings.DefaultLocalMavenRepositoryLocator] No local repository in Settings file defined. Using default path: /Users/bconnors/.m2/repository
13:07:24.303 [DEBUG] [org.gradle.cache.internal.DefaultCacheAccess] Creating new cache for workingDirs, path /Users/bconnors/workspace/senior-code-challenge/.gradle/4.10.2/vcsMetadata-1/workingDirs.bin, access org.gradle.cache.internal.DefaultCacheAccess@734f22b8
13:07:24.303 [DEBUG] [org.gradle.cache.internal.DefaultCacheAccess] Creating new cache for md-supplier, path /Users/bconnors/.gradle/caches/4.10.2/md-supplier/md-supplier.bin, access org.gradle.cache.internal.DefaultCacheAccess@6b48daa1
13:07:24.303 [DEBUG] [org.gradle.cache.internal.LockOnDemandCrossProcessCacheAccess] Acquiring file lock for cache directory md-supplier (/Users/bconnors/.gradle/caches/4.10.2/md-supplier)
13:07:24.303 [DEBUG] [org.gradle.cache.internal.DefaultFileLockManager] Waiting to acquire exclusive lock on cache directory md-supplier (/Users/bconnors/.gradle/caches/4.10.2/md-supplier).
13:07:24.303 [DEBUG] [org.gradle.cache.internal.DefaultFileLockManager] Lock acquired on cache directory md-supplier (/Users/bconnors/.gradle/caches/4.10.2/md-supplier).
13:07:24.303 [DEBUG] [org.gradle.cache.internal.DefaultCacheAccess] Creating new cache for md-rule, path /Users/bconnors/.gradle/caches/4.10.2/md-rule/md-rule.bin, access org.gradle.cache.internal.DefaultCacheAccess@6e471825
13:07:24.304 [DEBUG] [org.gradle.cache.internal.LockOnDemandCrossProcessCacheAccess] Acquiring file lock for cache directory md-rule (/Users/bconnors/.gradle/caches/4.10.2/md-rule)
13:07:24.304 [DEBUG] [org.gradle.cache.internal.DefaultFileLockManager] Waiting to acquire exclusive lock on cache directory md-rule (/Users/bconnors/.gradle/caches/4.10.2/md-rule).
13:07:24.304 [DEBUG] [org.gradle.cache.internal.DefaultFileLockManager] Lock acquired on cache directory md-rule (/Users/bconnors/.gradle/caches/4.10.2/md-rule).
13:07:24.304 [DEBUG] [org.gradle.internal.locking.LockFileReaderWriter] Lockfiles root: /Users/bconnors/workspace/senior-code-challenge/gradle/dependency-locks
13:07:24.304 [DEBUG] [org.gradle.internal.operations.DefaultBuildOperationExecutor] Build operation 'Resolve dependencies of :classpath' started
13:07:24.305 [DEBUG] [org.gradle.api.internal.artifacts.ivyservice.resolveengine.DefaultArtifactDependencyResolver] Resolving configuration ':classpath'
13:07:24.305 [DEBUG] [org.gradle.api.internal.artifacts.ivyservice.modulecache.ResolvedArtifactCaches] Creating new in-memory cache for repo 'MavenRepo' [f8e6315c37eb56998f7a5ba08e30db71].
13:07:24.305 [DEBUG] [org.gradle.api.internal.artifacts.ivyservice.resolveengine.graph.builder.DependencyGraphBuilder] Visiting configuration :senior-code-challenge:unspecified(classpath).
13:07:24.306 [DEBUG] [org.gradle.api.internal.artifacts.ivyservice.ivyresolve.RepositoryChainComponentMetaDataResolver] Attempting to resolve component for org.springframework.boot:spring-boot-gradle-plugin:1.5.4.RELEASE using repositories [MavenRepo]
13:07:24.306 [DEBUG] [org.gradle.api.internal.artifacts.ivyservice.ivyresolve.CachingModuleComponentRepository] Using cached module metadata for module 'org.springframework.boot:spring-boot-gradle-plugin:1.5.4.RELEASE' in 'MavenRepo'
13:07:24.306 [DEBUG] [org.gradle.api.internal.artifacts.ivyservice.ivyresolve.RepositoryChainComponentMetaDataResolver] Using org.springframework.boot:spring-boot-gradle-plugin:1.5.4.RELEASE from Maven repository 'MavenRepo'
13:07:24.306 [DEBUG] [org.gradle.api.internal.artifacts.ivyservice.resolveengine.graph.builder.DependencyGraphBuilder] Visiting configuration org.springframework.boot:spring-boot-gradle-plugin:1.5.4.RELEASE(default).
13:07:24.306 [DEBUG] [org.gradle.api.internal.artifacts.ivyservice.ivyresolve.RepositoryChainComponentMetaDataResolver] Attempting to resolve component for org.springframework.boot:spring-boot-loader-tools:1.5.4.RELEASE using repositories [MavenRepo]
13:07:24.306 [DEBUG] [org.gradle.api.internal.artifacts.ivyservice.ivyresolve.CachingModuleComponentRepository] Using cached module metadata for module 'org.springframework.boot:spring-boot-loader-tools:1.5.4.RELEASE' in 'MavenRepo'
13:07:24.306 [DEBUG] [org.gradle.api.internal.artifacts.ivyservice.ivyresolve.RepositoryChainComponentMetaDataResolver] Using org.springframework.boot:spring-boot-loader-tools:1.5.4.RELEASE from Maven repository 'MavenRepo'
13:07:24.306 [DEBUG] [org.gradle.api.internal.artifacts.ivyservice.ivyresolve.RepositoryChainComponentMetaDataResolver] Attempting to resolve component for io.spring.gradle:dependency-management-plugin:1.0.3.RELEASE using repositories [MavenRepo]
13:07:24.306 [DEBUG] [org.gradle.api.internal.artifacts.ivyservice.ivyresolve.CachingModuleComponentRepository] Using cached module metadata for module 'io.spring.gradle:dependency-management-plugin:1.0.3.RELEASE' in 'MavenRepo'
13:07:24.306 [DEBUG] [org.gradle.api.internal.artifacts.ivyservice.ivyresolve.RepositoryChainComponentMetaDataResolver] Using io.spring.gradle:dependency-management-plugin:1.0.3.RELEASE from Maven repository 'MavenRepo'
13:07:24.306 [DEBUG] [org.gradle.api.internal.artifacts.ivyservice.resolveengine.graph.builder.DependencyGraphBuilder] Visiting configuration org.springframework.boot:spring-boot-loader-tools:1.5.4.RELEASE(runtime).
13:07:24.307 [DEBUG] [org.gradle.api.internal.artifacts.ivyservice.ivyresolve.RepositoryChainComponentMetaDataResolver] Attempting to resolve component for org.springframework:spring-core:4.3.9.RELEASE using repositories [MavenRepo]
13:07:24.307 [DEBUG] [org.gradle.api.internal.artifacts.ivyservice.ivyresolve.CachingModuleComponentRepository] Using cached module metadata for module 'org.springframework:spring-core:4.3.9.RELEASE' in 'MavenRepo'
13:07:24.307 [DEBUG] [org.gradle.api.internal.artifacts.ivyservice.ivyresolve.RepositoryChainComponentMetaDataResolver] Using org.springframework:spring-core:4.3.9.RELEASE from Maven repository 'MavenRepo'
13:07:24.307 [DEBUG] [org.gradle.api.internal.artifacts.ivyservice.resolveengine.graph.builder.DependencyGraphBuilder] Visiting configuration io.spring.gradle:dependency-management-plugin:1.0.3.RELEASE(runtime).
13:07:24.307 [DEBUG] [org.gradle.api.internal.artifacts.ivyservice.resolveengine.graph.builder.DependencyGraphBuilder] Visiting configuration org.springframework:spring-core:4.3.9.RELEASE(runtime).
13:07:24.307 [DEBUG] [org.gradle.api.internal.artifacts.ivyservice.ivyresolve.RepositoryChainComponentMetaDataResolver] Attempting to resolve component for commons-logging:commons-logging:1.2 using repositories [MavenRepo]
13:07:24.307 [DEBUG] [org.gradle.api.internal.artifacts.ivyservice.ivyresolve.CachingModuleComponentRepository] Using cached module metadata for module 'commons-logging:commons-logging:1.2' in 'MavenRepo'
13:07:24.307 [DEBUG] [org.gradle.api.internal.artifacts.ivyservice.ivyresolve.RepositoryChainComponentMetaDataResolver] Using commons-logging:commons-logging:1.2 from Maven repository 'MavenRepo'
13:07:24.307 [DEBUG] [org.gradle.api.internal.artifacts.ivyservice.resolveengine.graph.builder.DependencyGraphBuilder] Visiting configuration commons-logging:commons-logging:1.2(runtime).
13:07:24.307 [DEBUG] [org.gradle.api.internal.artifacts.ivyservice.resolveengine.oldresult.TransientConfigurationResultsBuilder] Flushing resolved configuration data in Binary store in /private/var/folders/ql/766g4tnx5mgbtm0tr10fxhyc0000gn/T/gradle8665981547337171848.bin. Wrote root 2.
13:07:24.307 [DEBUG] [org.gradle.internal.operations.DefaultBuildOperationExecutor] Completing Build operation 'Resolve dependencies of :classpath'
13:07:24.307 [DEBUG] [org.gradle.internal.operations.DefaultBuildOperationExecutor] Build operation 'Resolve dependencies of :classpath' completed
13:07:24.307 [DEBUG] [org.gradle.internal.component.model.ComponentAttributeMatcher] Selected match org.springframework.boot:spring-boot-gradle-plugin:1.5.4.RELEASE configuration default from candidates [org.springframework.boot:spring-boot-gradle-plugin:1.5.4.RELEASE configuration default] for {}
13:07:24.308 [DEBUG] [org.gradle.internal.component.model.ComponentAttributeMatcher] Selected match org.springframework.boot:spring-boot-loader-tools:1.5.4.RELEASE configuration runtime from candidates [org.springframework.boot:spring-boot-loader-tools:1.5.4.RELEASE configuration runtime] for {}
13:07:24.308 [DEBUG] [org.gradle.internal.component.model.ComponentAttributeMatcher] Selected match io.spring.gradle:dependency-management-plugin:1.0.3.RELEASE configuration runtime from candidates [io.spring.gradle:dependency-management-plugin:1.0.3.RELEASE configuration runtime] for {}
13:07:24.308 [DEBUG] [org.gradle.internal.component.model.ComponentAttributeMatcher] Selected match org.springframework:spring-core:4.3.9.RELEASE configuration runtime from candidates [org.springframework:spring-core:4.3.9.RELEASE configuration runtime] for {}
13:07:24.308 [DEBUG] [org.gradle.internal.component.model.ComponentAttributeMatcher] Selected match commons-logging:commons-logging:1.2 configuration runtime from candidates [commons-logging:commons-logging:1.2 configuration runtime] for {}
13:07:24.308 [DEBUG] [org.gradle.internal.operations.DefaultBuildOperationExecutor] Build operation 'Resolve files of :classpath' started
13:07:24.308 [DEBUG] [org.gradle.internal.work.DefaultWorkerLeaseService] Worker lease root.1.2.3 started (1 worker(s) in use).
13:07:24.308 [DEBUG] [org.gradle.internal.resources.AbstractTrackedResourceLock] Daemon worker Thread 9: acquired lock on root.1.2.3
13:07:24.308 [DEBUG] [org.gradle.internal.operations.DefaultBuildOperationExecutor] Build operation 'Resolve spring-boot-gradle-plugin.jar (org.springframework.boot:spring-boot-gradle-plugin:1.5.4.RELEASE)' started
13:07:24.309 [DEBUG] [org.gradle.api.internal.artifacts.ivyservice.ivyresolve.CachingModuleComponentRepository] Found artifact 'spring-boot-gradle-plugin.jar (org.springframework.boot:spring-boot-gradle-plugin:1.5.4.RELEASE)' in resolver cache: /Users/bconnors/.gradle/caches/modules-2/files-2.1/org.springframework.boot/spring-boot-gradle-plugin/1.5.4.RELEASE/8a89562ac464e37bc6b5a61214125e28b0cdcb76/spring-boot-gradle-plugin-1.5.4.RELEASE.jar
13:07:24.309 [DEBUG] [org.gradle.internal.operations.DefaultBuildOperationExecutor] Completing Build operation 'Resolve spring-boot-gradle-plugin.jar (org.springframework.boot:spring-boot-gradle-plugin:1.5.4.RELEASE)'
13:07:24.309 [DEBUG] [org.gradle.internal.operations.DefaultBuildOperationExecutor] Build operation 'Resolve spring-boot-gradle-plugin.jar (org.springframework.boot:spring-boot-gradle-plugin:1.5.4.RELEASE)' completed
13:07:24.309 [DEBUG] [org.gradle.internal.operations.DefaultBuildOperationExecutor] Build operation 'Resolve commons-logging.jar (commons-logging:commons-logging:1.2)' started
13:07:24.309 [DEBUG] [org.gradle.internal.operations.DefaultBuildOperationExecutor] Build operation 'Resolve spring-core.jar (org.springframework:spring-core:4.3.9.RELEASE)' started
13:07:24.310 [DEBUG] [org.gradle.api.internal.artifacts.ivyservice.ivyresolve.CachingModuleComponentRepository] Found artifact 'spring-core.jar (org.springframework:spring-core:4.3.9.RELEASE)' in resolver cache: /Users/bconnors/.gradle/caches/modules-2/files-2.1/org.springframework/spring-core/4.3.9.RELEASE/430b7298bfb85d66fb61e19ca8f06231b911e9f5/spring-core-4.3.9.RELEASE.jar
13:07:24.310 [DEBUG] [org.gradle.api.internal.artifacts.ivyservice.ivyresolve.CachingModuleComponentRepository] Found artifact 'commons-logging.jar (commons-logging:commons-logging:1.2)' in resolver cache: /Users/bconnors/.gradle/caches/modules-2/files-2.1/commons-logging/commons-logging/1.2/4bfc12adfe4842bf07b657f0369c4cb522955686/commons-logging-1.2.jar
13:07:24.310 [DEBUG] [org.gradle.internal.operations.DefaultBuildOperationExecutor] Completing Build operation 'Resolve commons-logging.jar (commons-logging:commons-logging:1.2)'
13:07:24.310 [DEBUG] [org.gradle.internal.operations.DefaultBuildOperationExecutor] Completing Build operation 'Resolve spring-core.jar (org.springframework:spring-core:4.3.9.RELEASE)'
13:07:24.310 [DEBUG] [org.gradle.internal.work.DefaultWorkerLeaseService] Worker lease root.1.2.3 completed (4 worker(s) in use)
13:07:24.310 [DEBUG] [org.gradle.internal.resources.AbstractTrackedResourceLock] Daemon worker Thread 9: released lock on root.1.2.3
13:07:24.310 [DEBUG] [org.gradle.internal.operations.DefaultBuildOperationExecutor] Build operation 'Resolve spring-boot-loader-tools.jar (org.springframework.boot:spring-boot-loader-tools:1.5.4.RELEASE)' started
13:07:24.310 [DEBUG] [org.gradle.internal.operations.DefaultBuildOperationExecutor] Build operation 'Resolve dependency-management-plugin.jar (io.spring.gradle:dependency-management-plugin:1.0.3.RELEASE)' started
13:07:24.310 [DEBUG] [org.gradle.api.internal.artifacts.ivyservice.ivyresolve.CachingModuleComponentRepository] Found artifact 'dependency-management-plugin.jar (io.spring.gradle:dependency-management-plugin:1.0.3.RELEASE)' in resolver cache: /Users/bconnors/.gradle/caches/modules-2/files-2.1/io.spring.gradle/dependency-management-plugin/1.0.3.RELEASE/c7fc988680e19cef9bf91de0c39b891e4c8dca2d/dependency-management-plugin-1.0.3.RELEASE.jar
13:07:24.310 [DEBUG] [org.gradle.internal.operations.DefaultBuildOperationExecutor] Completing Build operation 'Resolve dependency-management-plugin.jar (io.spring.gradle:dependency-management-plugin:1.0.3.RELEASE)'
13:07:24.310 [DEBUG] [org.gradle.api.internal.artifacts.ivyservice.ivyresolve.CachingModuleComponentRepository] Found artifact 'spring-boot-loader-tools.jar (org.springframework.boot:spring-boot-loader-tools:1.5.4.RELEASE)' in resolver cache: /Users/bconnors/.gradle/caches/modules-2/files-2.1/org.springframework.boot/spring-boot-loader-tools/1.5.4.RELEASE/67ba8d60de0aa7633e8b9a50eb11a83d69f944/spring-boot-loader-tools-1.5.4.RELEASE.jar
13:07:24.311 [DEBUG] [org.gradle.internal.operations.DefaultBuildOperationExecutor] Completing Build operation 'Resolve spring-boot-loader-tools.jar (org.springframework.boot:spring-boot-loader-tools:1.5.4.RELEASE)'
13:07:24.311 [DEBUG] [org.gradle.internal.operations.DefaultBuildOperationExecutor] Completing Build operation 'Resolve files of :classpath'
13:07:24.311 [DEBUG] [org.gradle.internal.operations.DefaultBuildOperationExecutor] Build operation 'Resolve files of :classpath' completed
13:07:24.311 [DEBUG] [org.gradle.internal.component.model.ComponentAttributeMatcher] Selected match org.springframework.boot:spring-boot-gradle-plugin:1.5.4.RELEASE configuration default from candidates [org.springframework.boot:spring-boot-gradle-plugin:1.5.4.RELEASE configuration default] for {}
13:07:24.311 [DEBUG] [org.gradle.internal.component.model.ComponentAttributeMatcher] Selected match org.springframework.boot:spring-boot-loader-tools:1.5.4.RELEASE configuration runtime from candidates [org.springframework.boot:spring-boot-loader-tools:1.5.4.RELEASE configuration runtime] for {}
13:07:24.311 [DEBUG] [org.gradle.internal.component.model.ComponentAttributeMatcher] Selected match io.spring.gradle:dependency-management-plugin:1.0.3.RELEASE configuration runtime from candidates [io.spring.gradle:dependency-management-plugin:1.0.3.RELEASE configuration runtime] for {}
13:07:24.311 [DEBUG] [org.gradle.internal.component.model.ComponentAttributeMatcher] Selected match org.springframework:spring-core:4.3.9.RELEASE configuration runtime from candidates [org.springframework:spring-core:4.3.9.RELEASE configuration runtime] for {}
13:07:24.311 [DEBUG] [org.gradle.internal.component.model.ComponentAttributeMatcher] Selected match commons-logging:commons-logging:1.2 configuration runtime from candidates [commons-logging:commons-logging:1.2 configuration runtime] for {}
13:07:24.311 [DEBUG] [org.gradle.internal.operations.DefaultBuildOperationExecutor] Build operation 'Resolve files of :classpath' started
13:07:24.311 [DEBUG] [org.gradle.internal.operations.DefaultBuildOperationExecutor] Completing Build operation 'Resolve files of :classpath'
13:07:24.311 [DEBUG] [org.gradle.internal.operations.DefaultBuildOperationExecutor] Build operation 'Resolve files of :classpath' completed
13:07:24.312 [DEBUG] [org.gradle.internal.operations.DefaultBuildOperationExecutor] Build operation 'Apply plugin org.gradle.java to root project 'senior-code-challenge'' started
13:07:24.312 [DEBUG] [org.gradle.internal.operations.DefaultBuildOperationExecutor] Build operation 'Apply plugin org.gradle.api.plugins.JavaBasePlugin to root project 'senior-code-challenge'' started
13:07:24.313 [DEBUG] [org.gradle.internal.operations.DefaultBuildOperationExecutor] Build operation 'Apply plugin org.gradle.api.plugins.BasePlugin to root project 'senior-code-challenge'' started
13:07:24.313 [DEBUG] [org.gradle.internal.operations.DefaultBuildOperationExecutor] Build operation 'Apply plugin org.gradle.language.base.plugins.LifecycleBasePlugin to root project 'senior-code-challenge'' started
13:07:24.313 [DEBUG] [org.gradle.internal.operations.DefaultBuildOperationExecutor] Build operation 'Register task :clean' started
13:07:24.313 [DEBUG] [org.gradle.internal.operations.DefaultBuildOperationExecutor] Completing Build operation 'Register task :clean'
13:07:24.313 [DEBUG] [org.gradle.internal.operations.DefaultBuildOperationExecutor] Build operation 'Register task :clean' completed
13:07:24.313 [DEBUG] [org.gradle.internal.operations.DefaultBuildOperationExecutor] Build operation 'Register task :assemble' started
13:07:24.313 [DEBUG] [org.gradle.internal.operations.DefaultBuildOperationExecutor] Completing Build operation 'Register task :assemble'
13:07:24.313 [DEBUG] [org.gradle.internal.operations.DefaultBuildOperationExecutor] Build operation 'Register task :assemble' completed
13:07:24.313 [DEBUG] [org.gradle.internal.operations.DefaultBuildOperationExecutor] Build operation 'Register task :check' started
13:07:24.313 [DEBUG] [org.gradle.internal.operations.DefaultBuildOperationExecutor] Completing Build operation 'Register task :check'
13:07:24.313 [DEBUG] [org.gradle.internal.operations.DefaultBuildOperationExecutor] Build operation 'Register task :check' completed
13:07:24.313 [DEBUG] [org.gradle.internal.operations.DefaultBuildOperationExecutor] Build operation 'Register task :build' started
13:07:24.313 [DEBUG] [org.gradle.internal.operations.DefaultBuildOperationExecutor] Completing Build operation 'Register task :build'
13:07:24.313 [DEBUG] [org.gradle.internal.operations.DefaultBuildOperationExecutor] Build operation 'Register task :build' completed
13:07:24.313 [DEBUG] [org.gradle.internal.operations.DefaultBuildOperationExecutor] Completing Build operation 'Apply plugin org.gradle.language.base.plugins.LifecycleBasePlugin to root project 'senior-code-challenge''
13:07:24.313 [DEBUG] [org.gradle.internal.operations.DefaultBuildOperationExecutor] Build operation 'Apply plugin org.gradle.language.base.plugins.LifecycleBasePlugin to root project 'senior-code-challenge'' completed
13:07:24.314 [DEBUG] [org.gradle.internal.locking.LockFileReaderWriter] Lockfiles root: /Users/bconnors/workspace/senior-code-challenge/gradle/dependency-locks
13:07:24.314 [DEBUG] [org.gradle.internal.operations.DefaultBuildOperationExecutor] Completing Build operation 'Apply plugin org.gradle.api.plugins.BasePlugin to root project 'senior-code-challenge''
13:07:24.314 [DEBUG] [org.gradle.internal.operations.DefaultBuildOperationExecutor] Build operation 'Apply plugin org.gradle.api.plugins.BasePlugin to root project 'senior-code-challenge'' completed
13:07:24.314 [DEBUG] [org.gradle.internal.operations.DefaultBuildOperationExecutor] Build operation 'Apply plugin org.gradle.api.plugins.ReportingBasePlugin to root project 'senior-code-challenge'' started
13:07:24.314 [DEBUG] [org.gradle.internal.operations.DefaultBuildOperationExecutor] Completing Build operation 'Apply plugin org.gradle.api.plugins.ReportingBasePlugin to root project 'senior-code-challenge''
13:07:24.314 [DEBUG] [org.gradle.internal.operations.DefaultBuildOperationExecutor] Build operation 'Apply plugin org.gradle.api.plugins.ReportingBasePlugin to root project 'senior-code-challenge'' completed
13:07:24.314 [DEBUG] [org.gradle.internal.operations.DefaultBuildOperationExecutor] Build operation 'Register task :buildNeeded' started
13:07:24.315 [DEBUG] [org.gradle.internal.operations.DefaultBuildOperationExecutor] Completing Build operation 'Register task :buildNeeded'
13:07:24.315 [DEBUG] [org.gradle.internal.operations.DefaultBuildOperationExecutor] Build operation 'Register task :buildNeeded' completed
13:07:24.315 [DEBUG] [org.gradle.internal.operations.DefaultBuildOperationExecutor] Build operation 'Register task :buildDependents' started
13:07:24.315 [DEBUG] [org.gradle.internal.operations.DefaultBuildOperationExecutor] Completing Build operation 'Register task :buildDependents'
13:07:24.315 [DEBUG] [org.gradle.internal.operations.DefaultBuildOperationExecutor] Build operation 'Register task :buildDependents' completed
13:07:24.315 [DEBUG] [org.gradle.internal.operations.DefaultBuildOperationExecutor] Completing Build operation 'Apply plugin org.gradle.api.plugins.JavaBasePlugin to root project 'senior-code-challenge''
13:07:24.315 [DEBUG] [org.gradle.internal.operations.DefaultBuildOperationExecutor] Build operation 'Apply plugin org.gradle.api.plugins.JavaBasePlugin to root project 'senior-code-challenge'' completed
13:07:24.316 [DEBUG] [org.gradle.internal.operations.DefaultBuildOperationExecutor] Build operation 'Register task :processResources' started
13:07:24.316 [DEBUG] [org.gradle.internal.operations.DefaultBuildOperationExecutor] Completing Build operation 'Register task :processResources'
13:07:24.316 [DEBUG] [org.gradle.internal.operations.DefaultBuildOperationExecutor] Build operation 'Register task :processResources' completed
13:07:24.316 [DEBUG] [org.gradle.internal.operations.DefaultBuildOperationExecutor] Build operation 'Register task :compileJava' started
13:07:24.316 [DEBUG] [org.gradle.internal.operations.DefaultBuildOperationExecutor] Completing Build operation 'Register task :compileJava'
13:07:24.316 [DEBUG] [org.gradle.internal.operations.DefaultBuildOperationExecutor] Build operation 'Register task :compileJava' completed
13:07:24.316 [DEBUG] [org.gradle.internal.operations.DefaultBuildOperationExecutor] Build operation 'Register task :classes' started
13:07:24.316 [DEBUG] [org.gradle.internal.operations.DefaultBuildOperationExecutor] Completing Build operation 'Register task :classes'
13:07:24.316 [DEBUG] [org.gradle.internal.operations.DefaultBuildOperationExecutor] Build operation 'Register task :classes' completed
13:07:24.316 [DEBUG] [org.gradle.internal.operations.DefaultBuildOperationExecutor] Build operation 'Register task :processTestResources' started
13:07:24.317 [DEBUG] [org.gradle.internal.operations.DefaultBuildOperationExecutor] Completing Build operation 'Register task :processTestResources'
13:07:24.317 [DEBUG] [org.gradle.internal.operations.DefaultBuildOperationExecutor] Build operation 'Register task :processTestResources' completed
13:07:24.317 [DEBUG] [org.gradle.internal.operations.DefaultBuildOperationExecutor] Build operation 'Register task :compileTestJava' started
13:07:24.317 [DEBUG] [org.gradle.internal.operations.DefaultBuildOperationExecutor] Completing Build operation 'Register task :compileTestJava'
13:07:24.317 [DEBUG] [org.gradle.internal.operations.DefaultBuildOperationExecutor] Build operation 'Register task :compileTestJava' completed
13:07:24.317 [DEBUG] [org.gradle.internal.operations.DefaultBuildOperationExecutor] Build operation 'Register task :testClasses' started
13:07:24.317 [DEBUG] [org.gradle.internal.operations.DefaultBuildOperationExecutor] Completing Build operation 'Register task :testClasses'
13:07:24.317 [DEBUG] [org.gradle.internal.operations.DefaultBuildOperationExecutor] Build operation 'Register task :testClasses' completed
13:07:24.317 [DEBUG] [org.gradle.internal.operations.DefaultBuildOperationExecutor] Build operation 'Register task :javadoc' started
13:07:24.317 [DEBUG] [org.gradle.internal.operations.DefaultBuildOperationExecutor] Completing Build operation 'Register task :javadoc'
13:07:24.317 [DEBUG] [org.gradle.internal.operations.DefaultBuildOperationExecutor] Build operation 'Register task :javadoc' completed
13:07:24.317 [DEBUG] [org.gradle.internal.operations.DefaultBuildOperationExecutor] Build operation 'Register task :test' started
13:07:24.317 [DEBUG] [org.gradle.internal.operations.DefaultBuildOperationExecutor] Completing Build operation 'Register task :test'
13:07:24.317 [DEBUG] [org.gradle.internal.operations.DefaultBuildOperationExecutor] Build operation 'Register task :test' completed
13:07:24.318 [DEBUG] [org.gradle.internal.operations.DefaultBuildOperationExecutor] Build operation 'Register task :jar' started
13:07:24.318 [DEBUG] [org.gradle.internal.operations.DefaultBuildOperationExecutor] Completing Build operation 'Register task :jar'
13:07:24.318 [DEBUG] [org.gradle.internal.operations.DefaultBuildOperationExecutor] Build operation 'Register task :jar' completed
13:07:24.318 [DEBUG] [org.gradle.internal.operations.DefaultBuildOperationExecutor] Build operation 'Realize task :jar' started
13:07:24.318 [DEBUG] [org.gradle.internal.operations.DefaultBuildOperationExecutor] Completing Build operation 'Realize task :jar'
13:07:24.318 [DEBUG] [org.gradle.internal.operations.DefaultBuildOperationExecutor] Build operation 'Realize task :jar' completed
13:07:24.319 [DEBUG] [org.gradle.internal.operations.DefaultBuildOperationExecutor] Completing Build operation 'Apply plugin org.gradle.java to root project 'senior-code-challenge''
13:07:24.319 [DEBUG] [org.gradle.internal.operations.DefaultBuildOperationExecutor] Build operation 'Apply plugin org.gradle.java to root project 'senior-code-challenge'' completed
13:07:24.319 [DEBUG] [org.gradle.internal.operations.DefaultBuildOperationExecutor] Build operation 'Apply plugin org.gradle.eclipse to root project 'senior-code-challenge'' started
13:07:24.320 [DEBUG] [org.gradle.internal.operations.DefaultBuildOperationExecutor] Build operation 'Register task :eclipse' started
13:07:24.320 [DEBUG] [org.gradle.internal.operations.DefaultBuildOperationExecutor] Completing Build operation 'Register task :eclipse'
13:07:24.320 [DEBUG] [org.gradle.internal.operations.DefaultBuildOperationExecutor] Build operation 'Register task :eclipse' completed
13:07:24.320 [DEBUG] [org.gradle.internal.operations.DefaultBuildOperationExecutor] Build operation 'Register task :cleanEclipse' started
13:07:24.320 [DEBUG] [org.gradle.internal.operations.DefaultBuildOperationExecutor] Completing Build operation 'Register task :cleanEclipse'
13:07:24.320 [DEBUG] [org.gradle.internal.operations.DefaultBuildOperationExecutor] Build operation 'Register task :cleanEclipse' completed
13:07:24.320 [DEBUG] [org.gradle.internal.operations.DefaultBuildOperationExecutor] Build operation 'Register task :eclipseProject' started
13:07:24.320 [DEBUG] [org.gradle.internal.operations.DefaultBuildOperationExecutor] Completing Build operation 'Register task :eclipseProject'
13:07:24.320 [DEBUG] [org.gradle.internal.operations.DefaultBuildOperationExecutor] Build operation 'Register task :eclipseProject' completed
13:07:24.320 [DEBUG] [org.gradle.internal.operations.DefaultBuildOperationExecutor] Build operation 'Register task :cleanEclipseProject' started
13:07:24.320 [DEBUG] [org.gradle.internal.operations.DefaultBuildOperationExecutor] Completing Build operation 'Register task :cleanEclipseProject'
13:07:24.320 [DEBUG] [org.gradle.internal.operations.DefaultBuildOperationExecutor] Build operation 'Register task :cleanEclipseProject' completed
13:07:24.321 [DEBUG] [org.gradle.internal.operations.DefaultBuildOperationExecutor] Build operation 'Register task :eclipseJdt' started
13:07:24.321 [DEBUG] [org.gradle.internal.operations.DefaultBuildOperationExecutor] Completing Build operation 'Register task :eclipseJdt'
13:07:24.321 [DEBUG] [org.gradle.internal.operations.DefaultBuildOperationExecutor] Build operation 'Register task :eclipseJdt' completed
13:07:24.321 [DEBUG] [org.gradle.internal.operations.DefaultBuildOperationExecutor] Build operation 'Register task :cleanEclipseJdt' started
13:07:24.321 [DEBUG] [org.gradle.internal.operations.DefaultBuildOperationExecutor] Completing Build operation 'Register task :cleanEclipseJdt'
13:07:24.321 [DEBUG] [org.gradle.internal.operations.DefaultBuildOperationExecutor] Build operation 'Register task :cleanEclipseJdt' completed
13:07:24.321 [DEBUG] [org.gradle.internal.operations.DefaultBuildOperationExecutor] Build operation 'Register task :eclipseClasspath' started
13:07:24.321 [DEBUG] [org.gradle.internal.operations.DefaultBuildOperationExecutor] Completing Build operation 'Register task :eclipseClasspath'
13:07:24.321 [DEBUG] [org.gradle.internal.operations.DefaultBuildOperationExecutor] Build operation 'Register task :eclipseClasspath' completed
13:07:24.321 [DEBUG] [org.gradle.internal.operations.DefaultBuildOperationExecutor] Build operation 'Register task :cleanEclipseClasspath' started
13:07:24.321 [DEBUG] [org.gradle.internal.operations.DefaultBuildOperationExecutor] Completing Build operation 'Register task :cleanEclipseClasspath'
13:07:24.321 [DEBUG] [org.gradle.internal.operations.DefaultBuildOperationExecutor] Build operation 'Register task :cleanEclipseClasspath' completed
13:07:24.321 [DEBUG] [org.gradle.internal.operations.DefaultBuildOperationExecutor] Completing Build operation 'Apply plugin org.gradle.eclipse to root project 'senior-code-challenge''
13:07:24.321 [DEBUG] [org.gradle.internal.operations.DefaultBuildOperationExecutor] Build operation 'Apply plugin org.gradle.eclipse to root project 'senior-code-challenge'' completed
13:07:24.322 [DEBUG] [org.gradle.internal.operations.DefaultBuildOperationExecutor] Build operation 'Apply plugin org.springframework.boot to root project 'senior-code-challenge'' started
13:07:24.323 [DEBUG] [org.gradle.internal.operations.DefaultBuildOperationExecutor] Build operation 'Realize task :bootRepackage' started
13:07:24.323 [DEBUG] [org.gradle.internal.operations.DefaultBuildOperationExecutor] Completing Build operation 'Realize task :bootRepackage'
13:07:24.323 [DEBUG] [org.gradle.internal.operations.DefaultBuildOperationExecutor] Build operation 'Realize task :bootRepackage' completed
13:07:24.323 [DEBUG] [org.gradle.internal.operations.DefaultBuildOperationExecutor] Build operation 'Realize task :assemble' started
13:07:24.323 [DEBUG] [org.gradle.internal.operations.DefaultBuildOperationExecutor] Completing Build operation 'Realize task :assemble'
13:07:24.323 [DEBUG] [org.gradle.internal.operations.DefaultBuildOperationExecutor] Build operation 'Realize task :assemble' completed
13:07:24.323 [DEBUG] [org.gradle.internal.operations.DefaultBuildOperationExecutor] Build operation 'Realize task :findMainClass' started
13:07:24.323 [DEBUG] [org.gradle.internal.operations.DefaultBuildOperationExecutor] Completing Build operation 'Realize task :findMainClass'
13:07:24.323 [DEBUG] [org.gradle.internal.operations.DefaultBuildOperationExecutor] Build operation 'Realize task :findMainClass' completed
13:07:24.324 [DEBUG] [org.gradle.internal.operations.DefaultBuildOperationExecutor] Build operation 'Realize task :clean' started
13:07:24.324 [DEBUG] [org.gradle.internal.operations.DefaultBuildOperationExecutor] Completing Build operation 'Realize task :clean'
13:07:24.324 [DEBUG] [org.gradle.internal.operations.DefaultBuildOperationExecutor] Build operation 'Realize task :clean' completed
13:07:24.324 [DEBUG] [org.gradle.internal.operations.DefaultBuildOperationExecutor] Build operation 'Realize task :check' started
13:07:24.324 [DEBUG] [org.gradle.internal.operations.DefaultBuildOperationExecutor] Completing Build operation 'Realize task :check'
13:07:24.324 [DEBUG] [org.gradle.internal.operations.DefaultBuildOperationExecutor] Build operation 'Realize task :check' completed
13:07:24.324 [DEBUG] [org.gradle.internal.operations.DefaultBuildOperationExecutor] Build operation 'Realize task :build' started
13:07:24.324 [DEBUG] [org.gradle.internal.operations.DefaultBuildOperationExecutor] Completing Build operation 'Realize task :build'
13:07:24.324 [DEBUG] [org.gradle.internal.operations.DefaultBuildOperationExecutor] Build operation 'Realize task :build' completed
13:07:24.324 [DEBUG] [org.gradle.internal.operations.DefaultBuildOperationExecutor] Build operation 'Realize task :buildNeeded' started
13:07:24.325 [DEBUG] [org.gradle.internal.operations.DefaultBuildOperationExecutor] Completing Build operation 'Realize task :buildNeeded'
13:07:24.325 [DEBUG] [org.gradle.internal.operations.DefaultBuildOperationExecutor] Build operation 'Realize task :buildNeeded' completed
13:07:24.325 [DEBUG] [org.gradle.internal.operations.DefaultBuildOperationExecutor] Build operation 'Realize task :buildDependents' started
13:07:24.325 [DEBUG] [org.gradle.internal.operations.DefaultBuildOperationExecutor] Completing Build operation 'Realize task :buildDependents'
13:07:24.325 [DEBUG] [org.gradle.internal.operations.DefaultBuildOperationExecutor] Build operation 'Realize task :buildDependents' completed
13:07:24.325 [DEBUG] [org.gradle.internal.operations.DefaultBuildOperationExecutor] Build operation 'Realize task :processResources' started
13:07:24.325 [DEBUG] [org.gradle.internal.operations.DefaultBuildOperationExecutor] Completing Build operation 'Realize task :processResources'
13:07:24.325 [DEBUG] [org.gradle.internal.operations.DefaultBuildOperationExecutor] Build operation 'Realize task :processResources' completed
13:07:24.325 [DEBUG] [org.gradle.internal.operations.DefaultBuildOperationExecutor] Build operation 'Realize task :compileJava' started
13:07:24.326 [DEBUG] [org.gradle.internal.operations.DefaultBuildOperationExecutor] Completing Build operation 'Realize task :compileJava'
13:07:24.326 [DEBUG] [org.gradle.internal.operations.DefaultBuildOperationExecutor] Build operation 'Realize task :compileJava' completed
13:07:24.326 [DEBUG] [org.gradle.internal.operations.DefaultBuildOperationExecutor] Build operation 'Realize task :classes' started
13:07:24.326 [DEBUG] [org.gradle.internal.operations.DefaultBuildOperationExecutor] Completing Build operation 'Realize task :classes'
13:07:24.326 [DEBUG] [org.gradle.internal.operations.DefaultBuildOperationExecutor] Build operation 'Realize task :classes' completed
13:07:24.326 [DEBUG] [org.gradle.internal.operations.DefaultBuildOperationExecutor] Build operation 'Realize task :processTestResources' started
13:07:24.326 [DEBUG] [org.gradle.internal.operations.DefaultBuildOperationExecutor] Completing Build operation 'Realize task :processTestResources'
13:07:24.326 [DEBUG] [org.gradle.internal.operations.DefaultBuildOperationExecutor] Build operation 'Realize task :processTestResources' completed
13:07:24.326 [DEBUG] [org.gradle.internal.operations.DefaultBuildOperationExecutor] Build operation 'Realize task :compileTestJava' started
13:07:24.326 [DEBUG] [org.gradle.internal.operations.DefaultBuildOperationExecutor] Completing Build operation 'Realize task :compileTestJava'
13:07:24.326 [DEBUG] [org.gradle.internal.operations.DefaultBuildOperationExecutor] Build operation 'Realize task :compileTestJava' completed
13:07:24.326 [DEBUG] [org.gradle.internal.operations.DefaultBuildOperationExecutor] Build operation 'Realize task :testClasses' started
13:07:24.326 [DEBUG] [org.gradle.internal.operations.DefaultBuildOperationExecutor] Completing Build operation 'Realize task :testClasses'
13:07:24.327 [DEBUG] [org.gradle.internal.operations.DefaultBuildOperationExecutor] Build operation 'Realize task :testClasses' completed
13:07:24.327 [DEBUG] [org.gradle.internal.operations.DefaultBuildOperationExecutor] Build operation 'Realize task :javadoc' started
13:07:24.327 [DEBUG] [org.gradle.internal.operations.DefaultBuildOperationExecutor] Completing Build operation 'Realize task :javadoc'
13:07:24.327 [DEBUG] [org.gradle.internal.operations.DefaultBuildOperationExecutor] Build operation 'Realize task :javadoc' completed
13:07:24.327 [DEBUG] [org.gradle.internal.operations.DefaultBuildOperationExecutor] Build operation 'Realize task :test' started
13:07:24.327 [DEBUG] [org.gradle.internal.operations.DefaultBuildOperationExecutor] Completing Build operation 'Realize task :test'
13:07:24.327 [DEBUG] [org.gradle.internal.operations.DefaultBuildOperationExecutor] Build operation 'Realize task :test' completed
13:07:24.327 [DEBUG] [org.gradle.internal.operations.DefaultBuildOperationExecutor] Build operation 'Realize task :eclipse' started
13:07:24.327 [DEBUG] [org.gradle.internal.operations.DefaultBuildOperationExecutor] Completing Build operation 'Realize task :eclipse'
13:07:24.328 [DEBUG] [org.gradle.internal.operations.DefaultBuildOperationExecutor] Build operation 'Realize task :eclipse' completed
13:07:24.328 [DEBUG] [org.gradle.internal.operations.DefaultBuildOperationExecutor] Build operation 'Realize task :cleanEclipse' started
13:07:24.328 [DEBUG] [org.gradle.internal.operations.DefaultBuildOperationExecutor] Completing Build operation 'Realize task :cleanEclipse'
13:07:24.328 [DEBUG] [org.gradle.internal.operations.DefaultBuildOperationExecutor] Build operation 'Realize task :cleanEclipse' completed
13:07:24.328 [DEBUG] [org.gradle.internal.operations.DefaultBuildOperationExecutor] Build operation 'Realize task :eclipseProject' started
13:07:24.328 [DEBUG] [org.gradle.internal.operations.DefaultBuildOperationExecutor] Completing Build operation 'Realize task :eclipseProject'
13:07:24.328 [DEBUG] [org.gradle.internal.operations.DefaultBuildOperationExecutor] Build operation 'Realize task :eclipseProject' completed
13:07:24.328 [DEBUG] [org.gradle.internal.operations.DefaultBuildOperationExecutor] Build operation 'Realize task :cleanEclipseProject' started
13:07:24.328 [DEBUG] [org.gradle.internal.operations.DefaultBuildOperationExecutor] Completing Build operation 'Realize task :cleanEclipseProject'
13:07:24.328 [DEBUG] [org.gradle.internal.operations.DefaultBuildOperationExecutor] Build operation 'Realize task :cleanEclipseProject' completed
13:07:24.328 [DEBUG] [org.gradle.internal.operations.DefaultBuildOperationExecutor] Build operation 'Realize task :eclipseJdt' started
13:07:24.328 [DEBUG] [org.gradle.internal.operations.DefaultBuildOperationExecutor] Completing Build operation 'Realize task :eclipseJdt'
13:07:24.329 [DEBUG] [org.gradle.internal.operations.DefaultBuildOperationExecutor] Build operation 'Realize task :eclipseJdt' completed
13:07:24.329 [DEBUG] [org.gradle.internal.operations.DefaultBuildOperationExecutor] Build operation 'Realize task :cleanEclipseJdt' started
13:07:24.329 [DEBUG] [org.gradle.internal.operations.DefaultBuildOperationExecutor] Completing Build operation 'Realize task :cleanEclipseJdt'
13:07:24.329 [DEBUG] [org.gradle.internal.operations.DefaultBuildOperationExecutor] Build operation 'Realize task :cleanEclipseJdt' completed
13:07:24.329 [DEBUG] [org.gradle.internal.operations.DefaultBuildOperationExecutor] Build operation 'Realize task :eclipseClasspath' started
13:07:24.329 [DEBUG] [org.gradle.internal.operations.DefaultBuildOperationExecutor] Completing Build operation 'Realize task :eclipseClasspath'
13:07:24.329 [DEBUG] [org.gradle.internal.operations.DefaultBuildOperationExecutor] Build operation 'Realize task :eclipseClasspath' completed
13:07:24.329 [DEBUG] [org.gradle.internal.operations.DefaultBuildOperationExecutor] Build operation 'Realize task :cleanEclipseClasspath' started
13:07:24.329 [DEBUG] [org.gradle.internal.operations.DefaultBuildOperationExecutor] Completing Build operation 'Realize task :cleanEclipseClasspath'
13:07:24.330 [DEBUG] [org.gradle.internal.operations.DefaultBuildOperationExecutor] Build operation 'Realize task :cleanEclipseClasspath' completed
13:07:24.330 [DEBUG] [org.gradle.internal.operations.DefaultBuildOperationExecutor] Build operation 'Realize task :bootRun' started
13:07:24.330 [DEBUG] [org.gradle.internal.operations.DefaultBuildOperationExecutor] Completing Build operation 'Realize task :bootRun'
13:07:24.330 [DEBUG] [org.gradle.internal.operations.DefaultBuildOperationExecutor] Build operation 'Realize task :bootRun' completed
13:07:24.330 [DEBUG] [org.gradle.internal.operations.DefaultBuildOperationExecutor] Build operation 'Apply plugin io.spring.gradle.dependencymanagement.DependencyManagementPlugin to root project 'senior-code-challenge'' started
13:07:24.330 [DEBUG] [org.gradle.internal.operations.DefaultBuildOperationExecutor] Build operation 'Realize task :dependencyManagement' started
13:07:24.330 [DEBUG] [org.gradle.internal.operations.DefaultBuildOperationExecutor] Completing Build operation 'Realize task :dependencyManagement'
13:07:24.330 [DEBUG] [org.gradle.internal.operations.DefaultBuildOperationExecutor] Build operation 'Realize task :dependencyManagement' completed
13:07:24.330 [INFO] [io.spring.gradle.dependencymanagement.internal.DependencyManagementApplier] Applying dependency management to configuration 'annotationProcessor' in project 'senior-code-challenge'
13:07:24.331 [INFO] [io.spring.gradle.dependencymanagement.internal.DependencyManagementApplier] Applying dependency management to configuration 'apiElements' in project 'senior-code-challenge'
13:07:24.331 [INFO] [io.spring.gradle.dependencymanagement.internal.DependencyManagementApplier] Applying dependency management to configuration 'archives' in project 'senior-code-challenge'
13:07:24.331 [INFO] [io.spring.gradle.dependencymanagement.internal.DependencyManagementApplier] Applying dependency management to configuration 'compile' in project 'senior-code-challenge'
13:07:24.331 [INFO] [io.spring.gradle.dependencymanagement.internal.DependencyManagementApplier] Applying dependency management to configuration 'compileClasspath' in project 'senior-code-challenge'
13:07:24.331 [INFO] [io.spring.gradle.dependencymanagement.internal.DependencyManagementApplier] Applying dependency management to configuration 'compileOnly' in project 'senior-code-challenge'
13:07:24.331 [INFO] [io.spring.gradle.dependencymanagement.internal.DependencyManagementApplier] Applying dependency management to configuration 'default' in project 'senior-code-challenge'
13:07:24.331 [INFO] [io.spring.gradle.dependencymanagement.internal.DependencyManagementApplier] Applying dependency management to configuration 'implementation' in project 'senior-code-challenge'
13:07:24.331 [INFO] [io.spring.gradle.dependencymanagement.internal.DependencyManagementApplier] Applying dependency management to configuration 'runtime' in project 'senior-code-challenge'
13:07:24.331 [INFO] [io.spring.gradle.dependencymanagement.internal.DependencyManagementApplier] Applying dependency management to configuration 'runtimeClasspath' in project 'senior-code-challenge'
13:07:24.331 [INFO] [io.spring.gradle.dependencymanagement.internal.DependencyManagementApplier] Applying dependency management to configuration 'runtimeElements' in project 'senior-code-challenge'
13:07:24.331 [INFO] [io.spring.gradle.dependencymanagement.internal.DependencyManagementApplier] Applying dependency management to configuration 'runtimeOnly' in project 'senior-code-challenge'
13:07:24.331 [INFO] [io.spring.gradle.dependencymanagement.internal.DependencyManagementApplier] Applying dependency management to configuration 'testAnnotationProcessor' in project 'senior-code-challenge'
13:07:24.331 [INFO] [io.spring.gradle.dependencymanagement.internal.DependencyManagementApplier] Applying dependency management to configuration 'testCompile' in project 'senior-code-challenge'
13:07:24.332 [INFO] [io.spring.gradle.dependencymanagement.internal.DependencyManagementApplier] Applying dependency management to configuration 'testCompileClasspath' in project 'senior-code-challenge'
13:07:24.332 [INFO] [io.spring.gradle.dependencymanagement.internal.DependencyManagementApplier] Applying dependency management to configuration 'testCompileOnly' in project 'senior-code-challenge'
13:07:24.332 [INFO] [io.spring.gradle.dependencymanagement.internal.DependencyManagementApplier] Applying dependency management to configuration 'testImplementation' in project 'senior-code-challenge'
13:07:24.332 [INFO] [io.spring.gradle.dependencymanagement.internal.DependencyManagementApplier] Applying dependency management to configuration 'testRuntime' in project 'senior-code-challenge'
13:07:24.332 [INFO] [io.spring.gradle.dependencymanagement.internal.DependencyManagementApplier] Applying dependency management to configuration 'testRuntimeClasspath' in project 'senior-code-challenge'
13:07:24.332 [INFO] [io.spring.gradle.dependencymanagement.internal.DependencyManagementApplier] Applying dependency management to configuration 'testRuntimeOnly' in project 'senior-code-challenge'
13:07:24.332 [DEBUG] [org.gradle.internal.operations.DefaultBuildOperationExecutor] Completing Build operation 'Apply plugin io.spring.gradle.dependencymanagement.DependencyManagementPlugin to root project 'senior-code-challenge''
13:07:24.332 [DEBUG] [org.gradle.internal.operations.DefaultBuildOperationExecutor] Build operation 'Apply plugin io.spring.gradle.dependencymanagement.DependencyManagementPlugin to root project 'senior-code-challenge'' completed
13:07:24.332 [DEBUG] [org.gradle.internal.operations.DefaultBuildOperationExecutor] Completing Build operation 'Apply plugin org.springframework.boot to root project 'senior-code-challenge''
13:07:24.332 [DEBUG] [org.gradle.internal.operations.DefaultBuildOperationExecutor] Build operation 'Apply plugin org.springframework.boot to root project 'senior-code-challenge'' completed
13:07:24.334 [DEBUG] [org.gradle.internal.operations.DefaultBuildOperationExecutor] Completing Build operation 'Apply script build.gradle to root project 'senior-code-challenge''
13:07:24.334 [DEBUG] [org.gradle.internal.operations.DefaultBuildOperationExecutor] Build operation 'Apply script build.gradle to root project 'senior-code-challenge'' completed
13:07:24.334 [DEBUG] [org.gradle.configuration.project.BuildScriptProcessor] Timing: Running the build script took 0.033 secs
13:07:24.334 [DEBUG] [org.gradle.internal.operations.DefaultBuildOperationExecutor] Build operation 'Notify afterEvaluate listeners of :' started
13:07:24.334 [DEBUG] [org.gradle.internal.operations.DefaultBuildOperationExecutor] Build operation 'Execute Project.afterEvaluate listener' started
13:07:24.334 [DEBUG] [org.gradle.internal.operations.DefaultBuildOperationExecutor] Completing Build operation 'Execute Project.afterEvaluate listener'
13:07:24.334 [DEBUG] [org.gradle.internal.operations.DefaultBuildOperationExecutor] Build operation 'Execute Project.afterEvaluate listener' completed
13:07:24.334 [DEBUG] [org.gradle.internal.operations.DefaultBuildOperationExecutor] Build operation 'Execute Project.afterEvaluate listener' started
13:07:24.334 [INFO] [org.gradle.api.Project] Configuring agent
13:07:24.334 [DEBUG] [org.gradle.api.Project] Agent: null
13:07:24.334 [DEBUG] [org.gradle.internal.operations.DefaultBuildOperationExecutor] Completing Build operation 'Execute Project.afterEvaluate listener'
13:07:24.335 [DEBUG] [org.gradle.internal.operations.DefaultBuildOperationExecutor] Build operation 'Execute Project.afterEvaluate listener' completed
13:07:24.335 [DEBUG] [org.gradle.internal.operations.DefaultBuildOperationExecutor] Build operation 'Execute Project.afterEvaluate listener' started
13:07:24.335 [DEBUG] [org.gradle.internal.operations.DefaultBuildOperationExecutor] Completing Build operation 'Execute Project.afterEvaluate listener'
13:07:24.335 [DEBUG] [org.gradle.internal.operations.DefaultBuildOperationExecutor] Build operation 'Execute Project.afterEvaluate listener' completed
13:07:24.335 [DEBUG] [org.gradle.internal.operations.DefaultBuildOperationExecutor] Completing Build operation 'Notify afterEvaluate listeners of :'
13:07:24.335 [DEBUG] [org.gradle.internal.operations.DefaultBuildOperationExecutor] Build operation 'Notify afterEvaluate listeners of :' completed
13:07:24.335 [DEBUG] [org.gradle.internal.operations.DefaultBuildOperationExecutor] Completing Build operation 'Configure project :'
13:07:24.335 [DEBUG] [org.gradle.internal.operations.DefaultBuildOperationExecutor] Build operation 'Configure project :' completed
13:07:24.335 [DEBUG] [org.gradle.internal.operations.DefaultBuildOperationExecutor] Build operation 'Notify projectsEvaluated listeners' started
13:07:24.335 [INFO] [org.gradle.internal.buildevents.BuildLogger] All projects evaluated.
13:07:24.335 [DEBUG] [org.gradle.internal.operations.DefaultBuildOperationExecutor] Completing Build operation 'Notify projectsEvaluated listeners'
13:07:24.335 [DEBUG] [org.gradle.internal.operations.DefaultBuildOperationExecutor] Build operation 'Notify projectsEvaluated listeners' completed
13:07:24.335 [DEBUG] [org.gradle.internal.operations.DefaultBuildOperationExecutor] Completing Build operation 'Configure build'
13:07:24.335 [DEBUG] [org.gradle.internal.operations.DefaultBuildOperationExecutor] Build operation 'Configure build' completed
13:07:24.335 [DEBUG] [org.gradle.internal.operations.DefaultBuildOperationExecutor] Build operation 'Calculate task graph' started
13:07:24.335 [INFO] [org.gradle.execution.TaskNameResolvingBuildConfigurationAction] Selected primary task 'test' from project :
13:07:24.336 [DEBUG] [org.gradle.api.internal.artifacts.ivyservice.resolveengine.DefaultArtifactDependencyResolver] Resolving configuration ':testRuntimeClasspath'
13:07:24.337 [DEBUG] [org.gradle.api.internal.artifacts.ivyservice.resolveengine.graph.builder.DependencyGraphBuilder] Visiting configuration com.mindex:senior-code-challenge:0.0.1-SNAPSHOT(testRuntimeClasspath).
13:07:24.337 [DEBUG] [org.gradle.api.internal.artifacts.ivyservice.resolveengine.graph.builder.DependencyGraphBuilder] dependency: org.springframework.boot:spring-boot-starter-web from-conf: compile to-conf: null is filtered.
13:07:24.337 [DEBUG] [org.gradle.api.internal.artifacts.ivyservice.resolveengine.graph.builder.DependencyGraphBuilder] dependency: org.springframework.boot:spring-boot-starter-data-mongodb from-conf: compile to-conf: null is filtered.
13:07:24.337 [DEBUG] [org.gradle.api.internal.artifacts.ivyservice.resolveengine.graph.builder.DependencyGraphBuilder] dependency: com.github.fakemongo:fongo:2.1.1 from-conf: compile to-conf: null is filtered.
13:07:24.337 [DEBUG] [org.gradle.api.internal.artifacts.ivyservice.resolveengine.graph.builder.DependencyGraphBuilder] dependency: org.springframework.boot:spring-boot-starter-test from-conf: testCompile to-conf: null is filtered.
13:07:24.339 [DEBUG] [org.gradle.cache.internal.DefaultCacheAccess] Creating new cache for annotation-processors, path /Users/bconnors/workspace/senior-code-challenge/.gradle/4.10.2/fileContent/annotation-processors.bin, access org.gradle.cache.internal.DefaultCacheAccess@415b0009
13:07:24.339 [DEBUG] [org.gradle.cache.internal.LockOnDemandCrossProcessCacheAccess] Acquiring file lock for file content cache (/Users/bconnors/workspace/senior-code-challenge/.gradle/4.10.2/fileContent)
13:07:24.339 [DEBUG] [org.gradle.cache.internal.DefaultFileLockManager] Waiting to acquire exclusive lock on file content cache (/Users/bconnors/workspace/senior-code-challenge/.gradle/4.10.2/fileContent).
13:07:24.339 [DEBUG] [org.gradle.cache.internal.DefaultFileLockManager] Lock acquired on file content cache (/Users/bconnors/workspace/senior-code-challenge/.gradle/4.10.2/fileContent).
13:07:24.340 [DEBUG] [org.gradle.api.internal.artifacts.ivyservice.resolveengine.DefaultArtifactDependencyResolver] Resolving configuration ':compileClasspath'
13:07:24.340 [DEBUG] [org.gradle.api.internal.artifacts.ivyservice.resolveengine.graph.builder.DependencyGraphBuilder] Visiting configuration com.mindex:senior-code-challenge:0.0.1-SNAPSHOT(compileClasspath).
13:07:24.340 [DEBUG] [org.gradle.api.internal.artifacts.ivyservice.resolveengine.graph.builder.DependencyGraphBuilder] dependency: org.springframework.boot:spring-boot-starter-web from-conf: compile to-conf: null is filtered.
13:07:24.340 [DEBUG] [org.gradle.api.internal.artifacts.ivyservice.resolveengine.graph.builder.DependencyGraphBuilder] dependency: org.springframework.boot:spring-boot-starter-data-mongodb from-conf: compile to-conf: null is filtered.
13:07:24.340 [DEBUG] [org.gradle.api.internal.artifacts.ivyservice.resolveengine.graph.builder.DependencyGraphBuilder] dependency: com.github.fakemongo:fongo:2.1.1 from-conf: compile to-conf: null is filtered.
13:07:24.341 [DEBUG] [org.gradle.api.internal.artifacts.ivyservice.resolveengine.DefaultArtifactDependencyResolver] Resolving configuration ':testCompileClasspath'
13:07:24.341 [DEBUG] [org.gradle.api.internal.artifacts.ivyservice.resolveengine.graph.builder.DependencyGraphBuilder] Visiting configuration com.mindex:senior-code-challenge:0.0.1-SNAPSHOT(testCompileClasspath).
13:07:24.341 [DEBUG] [org.gradle.api.internal.artifacts.ivyservice.resolveengine.graph.builder.DependencyGraphBuilder] dependency: org.springframework.boot:spring-boot-starter-web from-conf: compile to-conf: null is filtered.
13:07:24.341 [DEBUG] [org.gradle.api.internal.artifacts.ivyservice.resolveengine.graph.builder.DependencyGraphBuilder] dependency: org.springframework.boot:spring-boot-starter-data-mongodb from-conf: compile to-conf: null is filtered.
13:07:24.341 [DEBUG] [org.gradle.api.internal.artifacts.ivyservice.resolveengine.graph.builder.DependencyGraphBuilder] dependency: com.github.fakemongo:fongo:2.1.1 from-conf: compile to-conf: null is filtered.
13:07:24.341 [DEBUG] [org.gradle.api.internal.artifacts.ivyservice.resolveengine.graph.builder.DependencyGraphBuilder] dependency: org.springframework.boot:spring-boot-starter-test from-conf: testCompile to-conf: null is filtered.
13:07:24.341 [DEBUG] [org.gradle.execution.taskgraph.DefaultTaskExecutionGraph] Timing: Creating the DAG took 0.005 secs
13:07:24.341 [DEBUG] [org.gradle.internal.operations.DefaultBuildOperationExecutor] Completing Build operation 'Calculate task graph'
13:07:24.341 [DEBUG] [org.gradle.internal.operations.DefaultBuildOperationExecutor] Build operation 'Calculate task graph' completed
13:07:24.341 [DEBUG] [org.gradle.internal.operations.DefaultBuildOperationExecutor] Build operation 'Run tasks' started
13:07:24.342 [DEBUG] [org.gradle.internal.operations.DefaultBuildOperationExecutor] Build operation 'Notify task graph whenReady listeners' started
13:07:24.342 [INFO] [org.gradle.internal.buildevents.BuildLogger] Tasks to be executed: [task ':compileJava', task ':processResources', task ':classes', task ':compileTestJava', task ':processTestResources', task ':testClasses', task ':test']
13:07:24.342 [DEBUG] [org.gradle.internal.operations.DefaultBuildOperationExecutor] Completing Build operation 'Notify task graph whenReady listeners'
13:07:24.342 [DEBUG] [org.gradle.internal.operations.DefaultBuildOperationExecutor] Build operation 'Notify task graph whenReady listeners' completed
13:07:24.342 [DEBUG] [org.gradle.execution.taskgraph.DefaultTaskPlanExecutor] Using 8 parallel executor threads
13:07:24.343 [DEBUG] [org.gradle.internal.resources.AbstractTrackedResourceLock] Task worker for ':': acquired lock on :
13:07:24.343 [DEBUG] [org.gradle.internal.work.DefaultWorkerLeaseService] Worker lease root.1.9 started (1 worker(s) in use).
13:07:24.343 [DEBUG] [org.gradle.internal.resources.AbstractTrackedResourceLock] Task worker for ':': acquired lock on root.1.9
13:07:24.343 [INFO] [org.gradle.execution.taskgraph.DefaultTaskPlanExecutor] :compileJava (Thread[Task worker for ':',5,main]) started.
13:07:24.343 [DEBUG] [org.gradle.cache.internal.DefaultCacheAccess] Creating new cache for resourceHashesCache, path /Users/bconnors/workspace/senior-code-challenge/.gradle/4.10.2/fileHashes/resourceHashesCache.bin, access org.gradle.cache.internal.DefaultCacheAccess@72f1b4d3
13:07:24.343 [DEBUG] [org.gradle.cache.internal.DefaultCacheAccess] Creating new cache for taskHistory, path /Users/bconnors/workspace/senior-code-challenge/.gradle/4.10.2/taskHistory/taskHistory.bin, access org.gradle.cache.internal.DefaultCacheAccess@1de0b325
13:07:24.344 [DEBUG] [org.gradle.cache.internal.LockOnDemandCrossProcessCacheAccess] Acquiring file lock for task history cache (/Users/bconnors/workspace/senior-code-challenge/.gradle/4.10.2/taskHistory)
13:07:24.344 [DEBUG] [org.gradle.cache.internal.DefaultFileLockManager] Waiting to acquire exclusive lock on task history cache (/Users/bconnors/workspace/senior-code-challenge/.gradle/4.10.2/taskHistory).
13:07:24.344 [DEBUG] [org.gradle.cache.internal.DefaultFileLockManager] Lock acquired on task history cache (/Users/bconnors/workspace/senior-code-challenge/.gradle/4.10.2/taskHistory).
13:07:24.344 [DEBUG] [org.gradle.cache.internal.DefaultCacheAccess] Creating new cache for outputFiles, path /Users/bconnors/workspace/senior-code-challenge/.gradle/buildOutputCleanup/outputFiles.bin, access org.gradle.cache.internal.DefaultCacheAccess@4032dd39
13:07:24.344 [DEBUG] [org.gradle.cache.internal.LockOnDemandCrossProcessCacheAccess] Acquiring file lock for Build Output Cleanup Cache (/Users/bconnors/workspace/senior-code-challenge/.gradle/buildOutputCleanup)
13:07:24.344 [DEBUG] [org.gradle.cache.internal.DefaultFileLockManager] Waiting to acquire exclusive lock on Build Output Cleanup Cache (/Users/bconnors/workspace/senior-code-challenge/.gradle/buildOutputCleanup).
13:07:24.344 [DEBUG] [org.gradle.cache.internal.DefaultFileLockManager] Lock acquired on Build Output Cleanup Cache (/Users/bconnors/workspace/senior-code-challenge/.gradle/buildOutputCleanup).
13:07:24.634 [DEBUG] [org.gradle.internal.work.DefaultWorkerLeaseService] Worker lease root.1.9.75.81 started (2 worker(s) in use).
13:07:24.634 [DEBUG] [org.gradle.internal.resources.AbstractTrackedResourceLock] Build operations Thread 6: acquired lock on root.1.9.75.81
13:07:24.634 [DEBUG] [org.gradle.internal.work.DefaultWorkerLeaseService] Worker lease root.1.9.75.80 started (3 worker(s) in use).
13:07:24.634 [DEBUG] [org.gradle.internal.resources.AbstractTrackedResourceLock] Build operations: acquired lock on root.1.9.75.80
13:07:24.634 [DEBUG] [org.gradle.internal.work.DefaultWorkerLeaseService] Worker lease root.1.9.75.79 started (4 worker(s) in use).
13:07:24.634 [DEBUG] [org.gradle.internal.resources.AbstractTrackedResourceLock] Build operations Thread 5: acquired lock on root.1.9.75.79
13:07:24.634 [DEBUG] [org.gradle.internal.operations.DefaultBuildOperationExecutor] Build operation 'Resolve spring-boot-starter-tomcat.jar (org.springframework.boot:spring-boot-starter-tomcat:1.5.4.RELEASE)' completed
13:07:24.634 [DEBUG] [org.gradle.internal.work.DefaultWorkerLeaseService] Worker lease root.1.9.75.78 started (5 worker(s) in use).
13:07:24.635 [DEBUG] [org.gradle.internal.resources.AbstractTrackedResourceLock] Build operations Thread 3: acquired lock on root.1.9.75.78
13:07:24.635 [DEBUG] [org.gradle.internal.operations.DefaultBuildOperationExecutor] Build operation 'Resolve hibernate-validator.jar (org.hibernate:hibernate-validator:5.3.5.Final)' completed
13:07:24.635 [DEBUG] [org.gradle.internal.operations.DefaultBuildOperationExecutor] Build operation 'Resolve spring-data-mongodb.jar (org.springframework.data:spring-data-mongodb:1.10.4.RELEASE)' completed
13:07:24.635 [DEBUG] [org.gradle.internal.operations.DefaultBuildOperationExecutor] Build operation 'Resolve spring-boot-starter.jar (org.springframework.boot:spring-boot-starter:1.5.4.RELEASE)' completed
13:07:24.635 [DEBUG] [org.gradle.internal.work.DefaultWorkerLeaseService] Worker lease root.1.9.75.77 started (6 worker(s) in use).
13:07:24.635 [DEBUG] [org.gradle.internal.resources.AbstractTrackedResourceLock] Build operations Thread 2: acquired lock on root.1.9.75.77
13:07:24.636 [DEBUG] [org.gradle.internal.work.DefaultWorkerLeaseService] Worker lease root.1.9.75.82 started (7 worker(s) in use).
13:07:24.636 [DEBUG] [org.gradle.internal.resources.AbstractTrackedResourceLock] Build operations Thread 7: acquired lock on root.1.9.75.82
13:07:24.636 [DEBUG] [org.gradle.internal.work.DefaultWorkerLeaseService] Worker lease root.1.9.75.83 started (8 worker(s) in use).
13:07:24.636 [DEBUG] [org.gradle.internal.resources.AbstractTrackedResourceLock] Build operations Thread 8: acquired lock on root.1.9.75.83
13:07:24.636 [DEBUG] [org.gradle.internal.work.DefaultWorkerLeaseService] Build operation root.1.9.75.84 could not be started (8 worker(s) in use).
13:07:24.636 [DEBUG] [org.gradle.internal.operations.DefaultBuildOperationExecutor] Build operation 'Resolve jts.jar (com.vividsolutions:jts:1.13)' completed
13:07:24.636 [DEBUG] [org.gradle.internal.operations.DefaultBuildOperationExecutor] Build operation 'Resolve mongodb-driver.jar (org.mongodb:mongodb-driver:3.4.2)' completed
13:07:24.636 [DEBUG] [org.gradle.internal.operations.DefaultBuildOperationExecutor] Build operation 'Resolve jackson-databind.jar (com.fasterxml.jackson.core:jackson-databind:2.8.8)' completed
13:07:24.637 [DEBUG] [org.gradle.internal.operations.DefaultBuildOperationExecutor] Build operation 'Resolve fongo.jar (com.github.fakemongo:fongo:2.1.1)' completed
13:07:24.637 [DEBUG] [org.gradle.internal.operations.DefaultBuildOperationExecutor] Build operation 'Resolve spring-context.jar (org.springframework:spring-context:4.3.9.RELEASE)' completed
13:07:24.637 [DEBUG] [org.gradle.internal.operations.DefaultBuildOperationExecutor] Build operation 'Resolve spring-boot-starter-logging.jar (org.springframework.boot:spring-boot-starter-logging:1.5.4.RELEASE)' completed
13:07:24.638 [DEBUG] [org.gradle.internal.operations.DefaultBuildOperationExecutor] Build operation 'Resolve geojson-jackson.jar (de.grundid.opendatalab:geojson-jackson:1.2)' completed
13:07:24.638 [DEBUG] [org.gradle.internal.operations.DefaultBuildOperationExecutor] Build operation 'Resolve spring-boot-starter-data-mongodb.jar (org.springframework.boot:spring-boot-starter-data-mongodb:1.5.4.RELEASE)' completed
13:07:24.638 [DEBUG] [org.gradle.internal.operations.DefaultBuildOperationExecutor] Build operation 'Resolve spring-boot-autoconfigure.jar (org.springframework.boot:spring-boot-autoconfigure:1.5.4.RELEASE)' completed
13:07:24.638 [DEBUG] [org.gradle.internal.operations.DefaultBuildOperationExecutor] Build operation 'Resolve spring-aop.jar (org.springframework:spring-aop:4.3.9.RELEASE)' completed
13:07:24.638 [DEBUG] [org.gradle.internal.operations.DefaultBuildOperationExecutor] Build operation 'Resolve tomcat-embed-websocket.jar (org.apache.tomcat.embed:tomcat-embed-websocket:8.5.15)' completed
13:07:24.638 [DEBUG] [org.gradle.internal.operations.DefaultBuildOperationExecutor] Build operation 'Resolve spring-expression.jar (org.springframework:spring-expression:4.3.9.RELEASE)' completed
13:07:24.639 [DEBUG] [org.gradle.internal.operations.DefaultBuildOperationExecutor] Build operation 'Resolve spring-data-commons.jar (org.springframework.data:spring-data-commons:1.13.4.RELEASE)' completed
13:07:24.639 [DEBUG] [org.gradle.internal.operations.DefaultBuildOperationExecutor] Build operation 'Resolve spring-tx.jar (org.springframework:spring-tx:4.3.9.RELEASE)' completed
13:07:24.639 [DEBUG] [org.gradle.internal.operations.DefaultBuildOperationExecutor] Build operation 'Resolve tomcat-embed-core.jar (org.apache.tomcat.embed:tomcat-embed-core:8.5.15)' completed
13:07:24.640 [DEBUG] [org.gradle.internal.operations.DefaultBuildOperationExecutor] Build operation 'Resolve tomcat-embed-el.jar (org.apache.tomcat.embed:tomcat-embed-el:8.5.15)' completed
13:07:24.640 [DEBUG] [org.gradle.internal.operations.DefaultBuildOperationExecutor] Build operation 'Resolve jackson-annotations.jar (com.fasterxml.jackson.core:jackson-annotations:2.8.0)' completed
13:07:24.640 [DEBUG] [org.gradle.internal.operations.DefaultBuildOperationExecutor] Build operation 'Resolve jboss-logging.jar (org.jboss.logging:jboss-logging:3.3.1.Final)' completed
13:07:24.640 [DEBUG] [org.gradle.internal.operations.DefaultBuildOperationExecutor] Build operation 'Resolve spring-boot.jar (org.springframework.boot:spring-boot:1.5.4.RELEASE)' completed
13:07:24.640 [DEBUG] [org.gradle.internal.operations.DefaultBuildOperationExecutor] Build operation 'Resolve validation-api.jar (javax.validation:validation-api:1.1.0.Final)' completed
13:07:24.641 [DEBUG] [org.gradle.internal.operations.DefaultBuildOperationExecutor] Build operation 'Resolve log4j-over-slf4j.jar (org.slf4j:log4j-over-slf4j:1.7.25)' completed
13:07:24.641 [DEBUG] [org.gradle.internal.operations.DefaultBuildOperationExecutor] Build operation 'Resolve snakeyaml.jar (org.yaml:snakeyaml:1.17)' completed
13:07:24.641 [DEBUG] [org.gradle.internal.operations.DefaultBuildOperationExecutor] Build operation 'Resolve jackson-core.jar (com.fasterxml.jackson.core:jackson-core:2.8.8)' completed
13:07:24.641 [DEBUG] [org.gradle.internal.operations.DefaultBuildOperationExecutor] Build operation 'Resolve logback-classic.jar (ch.qos.logback:logback-classic:1.1.11)' completed
13:07:24.642 [DEBUG] [org.gradle.internal.operations.DefaultBuildOperationExecutor] Build operation 'Resolve bson.jar (org.mongodb:bson:3.4.2)' completed
13:07:24.642 [DEBUG] [org.gradle.internal.operations.DefaultBuildOperationExecutor] Build operation 'Resolve mongodb-driver-core.jar (org.mongodb:mongodb-driver-core:3.4.2)' completed
13:07:24.641 [DEBUG] [org.gradle.internal.work.DefaultWorkerLeaseService] Worker lease root.1.9.75.78 completed (7 worker(s) in use)
13:07:24.642 [DEBUG] [org.gradle.internal.resources.AbstractTrackedResourceLock] Build operations Thread 3: released lock on root.1.9.75.78
13:07:24.642 [DEBUG] [org.gradle.internal.operations.DefaultBuildOperationExecutor] Build operation 'Resolve logback-core.jar (ch.qos.logback:logback-core:1.1.11)' completed
13:07:24.642 [DEBUG] [org.gradle.internal.work.DefaultWorkerLeaseService] Worker lease root.1.9.75.84 started (8 worker(s) in use).
13:07:24.642 [DEBUG] [org.gradle.internal.resources.AbstractTrackedResourceLock] Build operations Thread 4: acquired lock on root.1.9.75.84
13:07:24.642 [DEBUG] [org.gradle.internal.work.DefaultWorkerLeaseService] Worker lease root.1.9.75.79 completed (7 worker(s) in use)
13:07:24.642 [DEBUG] [org.gradle.internal.resources.AbstractTrackedResourceLock] Build operations Thread 5: released lock on root.1.9.75.79
13:07:24.642 [DEBUG] [org.gradle.internal.work.DefaultWorkerLeaseService] Worker lease root.1.9.75.83 completed (6 worker(s) in use)
13:07:24.643 [DEBUG] [org.gradle.internal.resources.AbstractTrackedResourceLock] Build operations Thread 8: released lock on root.1.9.75.83
13:07:24.643 [DEBUG] [org.gradle.internal.operations.DefaultBuildOperationExecutor] Build operation 'Resolve jcl-over-slf4j.jar (org.slf4j:jcl-over-slf4j:1.7.25)' completed
13:07:24.643 [DEBUG] [org.gradle.internal.operations.DefaultBuildOperationExecutor] Build operation 'Resolve slf4j-api.jar (org.slf4j:slf4j-api:1.7.25)' completed
13:07:24.643 [DEBUG] [org.gradle.internal.operations.DefaultBuildOperationExecutor] Build operation 'Resolve spring-webmvc.jar (org.springframework:spring-webmvc:4.3.9.RELEASE)' completed
13:07:24.643 [DEBUG] [org.gradle.internal.work.DefaultWorkerLeaseService] Worker lease root.1.9.75.81 completed (4 worker(s) in use)
13:07:24.643 [DEBUG] [org.gradle.internal.resources.AbstractTrackedResourceLock] Build operations Thread 6: released lock on root.1.9.75.81
13:07:24.643 [DEBUG] [org.gradle.internal.work.DefaultWorkerLeaseService] Worker lease root.1.9.75.84 completed (3 worker(s) in use)
13:07:24.643 [DEBUG] [org.gradle.internal.resources.AbstractTrackedResourceLock] Build operations Thread 4: released lock on root.1.9.75.84
13:07:24.643 [DEBUG] [org.gradle.internal.work.DefaultWorkerLeaseService] Worker lease root.1.9.75.82 completed (2 worker(s) in use)
13:07:24.643 [DEBUG] [org.gradle.internal.resources.AbstractTrackedResourceLock] Build operations Thread 7: released lock on root.1.9.75.82
13:07:24.643 [DEBUG] [org.gradle.internal.work.DefaultWorkerLeaseService] Worker lease root.1.9.75.80 completed (1 worker(s) in use)
13:07:24.643 [DEBUG] [org.gradle.internal.resources.AbstractTrackedResourceLock] Build operations: released lock on root.1.9.75.80
13:07:24.644 [DEBUG] [org.gradle.internal.work.DefaultWorkerLeaseService] Worker lease root.1.9.75.77 completed (1 worker(s) in use)
13:07:24.644 [DEBUG] [org.gradle.internal.resources.AbstractTrackedResourceLock] Build operations Thread 2: released lock on root.1.9.75.77
13:07:24.345 [LIFECYCLE] [class org.gradle.internal.buildevents.TaskExecutionLogger] 
13:07:24.345 [LIFECYCLE] [class org.gradle.internal.buildevents.TaskExecutionLogger] > Task :compileJava UP-TO-DATE
13:07:24.345 [DEBUG] [org.gradle.internal.operations.DefaultBuildOperationExecutor] Build operation 'Task :compileJava' started
13:07:24.345 [DEBUG] [org.gradle.api.internal.tasks.execution.ExecuteAtMostOnceTaskExecuter] Starting to execute task ':compileJava'
13:07:24.345 [DEBUG] [org.gradle.api.internal.tasks.execution.ResolveTaskArtifactStateTaskExecuter] Putting task artifact state for task ':compileJava' into context took 0.0 secs.
13:07:24.346 [DEBUG] [org.gradle.api.internal.tasks.execution.SkipUpToDateTaskExecuter] Determining if task ':compileJava' is up-to-date
13:07:24.346 [DEBUG] [org.gradle.api.internal.changedetection.state.CacheBackedTaskHistoryRepository] Implementation for task ':compileJava': org.gradle.api.tasks.compile.JavaCompile_Decorated@82f9eb64cac75b78d32d56b7273d1766
13:07:24.346 [DEBUG] [org.gradle.api.internal.changedetection.state.CacheBackedTaskHistoryRepository] Action implementations for task ':compileJava': [org.springframework.boot.gradle.plugin.SpringBootPlugin$SetUtf8EncodingAction$1@13c38c0003926622656a9062be3d91ed, org.gradle.api.tasks.compile.JavaCompile_Decorated@82f9eb64cac75b78d32d56b7273d1766]
13:07:24.346 [DEBUG] [org.gradle.api.internal.changedetection.state.CacheBackedTaskHistoryRepository] Fingerprinting property classpath (CompileClasspath) for task ':compileJava'
13:07:24.346 [DEBUG] [org.gradle.internal.operations.DefaultBuildOperationExecutor] Build operation 'Resolve dependencies of :compileClasspath' started
13:07:24.346 [DEBUG] [io.spring.gradle.dependencymanagement.internal.ImplicitDependencyManagementCollector] Adding managed version in configuration 'compileClasspath' for dependency 'DefaultExternalModuleDependency{group='com.github.fakemongo', name='fongo', version='2.1.1', configuration='default'}'
13:07:24.346 [DEBUG] [io.spring.gradle.dependencymanagement.internal.ImplicitDependencyManagementCollector] Adding managed version in configuration 'implementation' for dependency 'DefaultExternalModuleDependency{group='com.github.fakemongo', name='fongo', version='2.1.1', configuration='default'}'
13:07:24.347 [DEBUG] [io.spring.gradle.dependencymanagement.internal.ImplicitDependencyManagementCollector] Adding managed version in configuration 'compile' for dependency 'DefaultExternalModuleDependency{group='com.github.fakemongo', name='fongo', version='2.1.1', configuration='default'}'
13:07:24.347 [DEBUG] [org.gradle.internal.operations.DefaultBuildOperationExecutor] Build operation 'Resolve dependencies of :detachedConfiguration1' started
13:07:24.347 [DEBUG] [org.gradle.api.internal.artifacts.ivyservice.resolveengine.DefaultArtifactDependencyResolver] Resolving configuration ':detachedConfiguration1'
13:07:24.348 [DEBUG] [org.gradle.api.internal.artifacts.ivyservice.modulecache.ResolvedArtifactCaches] Reusing in-memory cache for repo 'MavenRepo' [f8e6315c37eb56998f7a5ba08e30db71].
13:07:24.348 [DEBUG] [org.gradle.api.internal.artifacts.ivyservice.resolveengine.graph.builder.DependencyGraphBuilder] Visiting configuration com.mindex:senior-code-challenge:0.0.1-SNAPSHOT(detachedConfiguration1).
13:07:24.348 [DEBUG] [io.spring.gradle.dependencymanagement.internal.VersionConfiguringAction] Processing dependency 'org.springframework.boot:spring-boot-starter-web:'
13:07:24.348 [INFO] [io.spring.gradle.dependencymanagement.internal.DependencyManagement] Resolving dependency management for configuration 'compileClasspath' of project 'senior-code-challenge'
13:07:24.348 [DEBUG] [io.spring.gradle.dependencymanagement.internal.DependencyManagement] Preserving existing versions: {com.github.fakemongo:fongo=2.1.1}
13:07:24.348 [DEBUG] [org.gradle.internal.operations.DefaultBuildOperationExecutor] Build operation 'Resolve dependencies of :detachedConfiguration2' started
13:07:24.348 [DEBUG] [org.gradle.internal.operations.DefaultBuildOperationExecutor] Completing Build operation 'Resolve dependencies of :detachedConfiguration2'
13:07:24.348 [DEBUG] [org.gradle.internal.operations.DefaultBuildOperationExecutor] Build operation 'Resolve dependencies of :detachedConfiguration2' completed
13:07:24.348 [INFO] [io.spring.gradle.dependencymanagement.internal.DependencyManagement] Resolving dependency management for configuration 'compileOnly' of project 'senior-code-challenge'
13:07:24.348 [DEBUG] [io.spring.gradle.dependencymanagement.internal.DependencyManagement] Preserving existing versions: {}
13:07:24.348 [DEBUG] [org.gradle.internal.operations.DefaultBuildOperationExecutor] Build operation 'Resolve dependencies of :detachedConfiguration3' started
13:07:24.348 [DEBUG] [org.gradle.internal.operations.DefaultBuildOperationExecutor] Completing Build operation 'Resolve dependencies of :detachedConfiguration3'
13:07:24.349 [DEBUG] [org.gradle.internal.operations.DefaultBuildOperationExecutor] Build operation 'Resolve dependencies of :detachedConfiguration3' completed
13:07:24.349 [INFO] [io.spring.gradle.dependencymanagement.internal.DependencyManagement] Resolving dependency management for configuration 'implementation' of project 'senior-code-challenge'
13:07:24.349 [DEBUG] [io.spring.gradle.dependencymanagement.internal.DependencyManagement] Preserving existing versions: {com.github.fakemongo:fongo=2.1.1}
13:07:24.349 [DEBUG] [org.gradle.internal.operations.DefaultBuildOperationExecutor] Build operation 'Resolve dependencies of :detachedConfiguration4' started
13:07:24.349 [DEBUG] [org.gradle.internal.operations.DefaultBuildOperationExecutor] Completing Build operation 'Resolve dependencies of :detachedConfiguration4'
13:07:24.349 [DEBUG] [org.gradle.internal.operations.DefaultBuildOperationExecutor] Build operation 'Resolve dependencies of :detachedConfiguration4' completed
13:07:24.349 [INFO] [io.spring.gradle.dependencymanagement.internal.DependencyManagement] Resolving dependency management for configuration 'compile' of project 'senior-code-challenge'
13:07:24.349 [DEBUG] [io.spring.gradle.dependencymanagement.internal.DependencyManagement] Preserving existing versions: {com.github.fakemongo:fongo=2.1.1}
13:07:24.349 [DEBUG] [org.gradle.internal.operations.DefaultBuildOperationExecutor] Build operation 'Resolve dependencies of :detachedConfiguration5' started
13:07:24.349 [DEBUG] [org.gradle.internal.operations.DefaultBuildOperationExecutor] Completing Build operation 'Resolve dependencies of :detachedConfiguration5'
13:07:24.349 [DEBUG] [org.gradle.internal.operations.DefaultBuildOperationExecutor] Build operation 'Resolve dependencies of :detachedConfiguration5' completed
13:07:24.349 [INFO] [io.spring.gradle.dependencymanagement.internal.DependencyManagement] Resolving global dependency management for project 'senior-code-challenge'
13:07:24.349 [DEBUG] [io.spring.gradle.dependencymanagement.internal.DependencyManagement] Preserving existing versions: {}
13:07:24.350 [DEBUG] [org.gradle.internal.operations.DefaultBuildOperationExecutor] Build operation 'Resolve dependencies of :detachedConfiguration6' started
13:07:24.350 [DEBUG] [org.gradle.api.internal.artifacts.ivyservice.resolveengine.DefaultArtifactDependencyResolver] Resolving configuration ':detachedConfiguration6'
13:07:24.350 [DEBUG] [org.gradle.api.internal.artifacts.ivyservice.modulecache.ResolvedArtifactCaches] Reusing in-memory cache for repo 'MavenRepo' [f8e6315c37eb56998f7a5ba08e30db71].
13:07:24.350 [DEBUG] [org.gradle.api.internal.artifacts.ivyservice.resolveengine.graph.builder.DependencyGraphBuilder] Visiting configuration com.mindex:senior-code-challenge:0.0.1-SNAPSHOT(detachedConfiguration6).
13:07:24.351 [DEBUG] [org.gradle.api.internal.artifacts.ivyservice.ivyresolve.RepositoryChainComponentMetaDataResolver] Attempting to resolve component for org.springframework.boot:spring-boot-starter-parent:1.5.4.RELEASE using repositories [MavenRepo]
13:07:24.351 [DEBUG] [org.gradle.api.internal.artifacts.ivyservice.ivyresolve.CachingModuleComponentRepository] Using cached module metadata for module 'org.springframework.boot:spring-boot-starter-parent:1.5.4.RELEASE' in 'MavenRepo'
13:07:24.351 [DEBUG] [org.gradle.api.internal.artifacts.ivyservice.ivyresolve.RepositoryChainComponentMetaDataResolver] Using org.springframework.boot:spring-boot-starter-parent:1.5.4.RELEASE from Maven repository 'MavenRepo'
13:07:24.351 [DEBUG] [org.gradle.api.internal.artifacts.ivyservice.resolveengine.graph.builder.DependencyGraphBuilder] Visiting configuration org.springframework.boot:spring-boot-starter-parent:1.5.4.RELEASE(default).
13:07:24.351 [DEBUG] [org.gradle.api.internal.artifacts.ivyservice.resolveengine.graph.builder.DependencyGraphBuilder] org.springframework.boot:spring-boot-starter-parent:1.5.4.RELEASE(default) has no transitive incoming edges. ignoring outgoing edges.
13:07:24.352 [DEBUG] [org.gradle.api.internal.artifacts.ivyservice.resolveengine.oldresult.TransientConfigurationResultsBuilder] Flushing resolved configuration data in Binary store in /private/var/folders/ql/766g4tnx5mgbtm0tr10fxhyc0000gn/T/gradle17660509840828398561.bin. Wrote root 2.
13:07:24.352 [DEBUG] [org.gradle.internal.operations.DefaultBuildOperationExecutor] Completing Build operation 'Resolve dependencies of :detachedConfiguration6'
13:07:24.352 [DEBUG] [org.gradle.internal.operations.DefaultBuildOperationExecutor] Build operation 'Resolve dependencies of :detachedConfiguration6' completed
13:07:24.352 [DEBUG] [org.gradle.internal.component.model.ComponentAttributeMatcher] Selected match org.springframework.boot:spring-boot-starter-parent:1.5.4.RELEASE from candidates [org.springframework.boot:spring-boot-starter-parent:1.5.4.RELEASE] for {}
13:07:24.352 [DEBUG] [org.gradle.internal.operations.DefaultBuildOperationExecutor] Build operation 'Resolve files of :detachedConfiguration6' started
13:07:24.352 [DEBUG] [org.gradle.internal.operations.DefaultBuildOperationExecutor] Completing Build operation 'Resolve files of :detachedConfiguration6'
13:07:24.352 [DEBUG] [org.gradle.internal.operations.DefaultBuildOperationExecutor] Build operation 'Resolve files of :detachedConfiguration6' completed
13:07:24.352 [DEBUG] [org.gradle.api.internal.artifacts.ivyservice.ivyresolve.CachingModuleComponentRepository] Found artifact 'spring-boot-starter-parent.pom (org.springframework.boot:spring-boot-starter-parent:1.5.4.RELEASE)' in resolver cache: /Users/bconnors/.gradle/caches/modules-2/files-2.1/org.springframework.boot/spring-boot-starter-parent/1.5.4.RELEASE/5fb893410962e564a3854064a5048d75fcf02765/spring-boot-starter-parent-1.5.4.RELEASE.pom
13:07:24.353 [DEBUG] [org.gradle.internal.operations.DefaultBuildOperationExecutor] Build operation 'Resolve dependencies of :detachedConfiguration7' started
13:07:24.353 [DEBUG] [org.gradle.api.internal.artifacts.ivyservice.resolveengine.DefaultArtifactDependencyResolver] Resolving configuration ':detachedConfiguration7'
13:07:24.354 [DEBUG] [org.gradle.api.internal.artifacts.ivyservice.modulecache.ResolvedArtifactCaches] Reusing in-memory cache for repo 'MavenRepo' [f8e6315c37eb56998f7a5ba08e30db71].
13:07:24.354 [DEBUG] [org.gradle.api.internal.artifacts.ivyservice.resolveengine.graph.builder.DependencyGraphBuilder] Visiting configuration com.mindex:senior-code-challenge:0.0.1-SNAPSHOT(detachedConfiguration7).
13:07:24.354 [DEBUG] [org.gradle.api.internal.artifacts.ivyservice.ivyresolve.RepositoryChainComponentMetaDataResolver] Attempting to resolve component for org.springframework.boot:spring-boot-dependencies:1.5.4.RELEASE using repositories [MavenRepo]
13:07:24.354 [DEBUG] [org.gradle.api.internal.artifacts.ivyservice.ivyresolve.CachingModuleComponentRepository] Using cached module metadata for module 'org.springframework.boot:spring-boot-dependencies:1.5.4.RELEASE' in 'MavenRepo'
13:07:24.354 [DEBUG] [org.gradle.api.internal.artifacts.ivyservice.ivyresolve.RepositoryChainComponentMetaDataResolver] Using org.springframework.boot:spring-boot-dependencies:1.5.4.RELEASE from Maven repository 'MavenRepo'
13:07:24.354 [DEBUG] [org.gradle.api.internal.artifacts.ivyservice.resolveengine.graph.builder.DependencyGraphBuilder] Visiting configuration org.springframework.boot:spring-boot-dependencies:1.5.4.RELEASE(default).
13:07:24.355 [DEBUG] [org.gradle.api.internal.artifacts.ivyservice.resolveengine.graph.builder.DependencyGraphBuilder] org.springframework.boot:spring-boot-dependencies:1.5.4.RELEASE(default) has no transitive incoming edges. ignoring outgoing edges.
13:07:24.355 [DEBUG] [org.gradle.api.internal.artifacts.ivyservice.resolveengine.oldresult.TransientConfigurationResultsBuilder] Flushing resolved configuration data in Binary store in /private/var/folders/ql/766g4tnx5mgbtm0tr10fxhyc0000gn/T/gradle17660509840828398561.bin. Wrote root 2.
13:07:24.355 [DEBUG] [org.gradle.internal.operations.DefaultBuildOperationExecutor] Completing Build operation 'Resolve dependencies of :detachedConfiguration7'
13:07:24.355 [DEBUG] [org.gradle.internal.operations.DefaultBuildOperationExecutor] Build operation 'Resolve dependencies of :detachedConfiguration7' completed
13:07:24.355 [DEBUG] [org.gradle.internal.component.model.ComponentAttributeMatcher] Selected match org.springframework.boot:spring-boot-dependencies:1.5.4.RELEASE from candidates [org.springframework.boot:spring-boot-dependencies:1.5.4.RELEASE] for {}
13:07:24.355 [DEBUG] [org.gradle.internal.operations.DefaultBuildOperationExecutor] Build operation 'Resolve files of :detachedConfiguration7' started
13:07:24.355 [DEBUG] [org.gradle.internal.work.DefaultWorkerLeaseService] Worker lease root.1.9.18.19 started (1 worker(s) in use).
13:07:24.355 [DEBUG] [org.gradle.internal.resources.AbstractTrackedResourceLock] Task worker for ':': acquired lock on root.1.9.18.19
13:07:24.355 [DEBUG] [org.gradle.internal.operations.DefaultBuildOperationExecutor] Build operation 'Resolve spring-boot-dependencies.pom (org.springframework.boot:spring-boot-dependencies:1.5.4.RELEASE)' started
13:07:24.355 [DEBUG] [org.gradle.api.internal.artifacts.ivyservice.ivyresolve.CachingModuleComponentRepository] Found artifact 'spring-boot-dependencies.pom (org.springframework.boot:spring-boot-dependencies:1.5.4.RELEASE)' in resolver cache: /Users/bconnors/.gradle/caches/modules-2/files-2.1/org.springframework.boot/spring-boot-dependencies/1.5.4.RELEASE/fb7d63f1cb60ca3e6990a029a7f17d45422772b9/spring-boot-dependencies-1.5.4.RELEASE.pom
13:07:24.355 [DEBUG] [org.gradle.internal.operations.DefaultBuildOperationExecutor] Completing Build operation 'Resolve spring-boot-dependencies.pom (org.springframework.boot:spring-boot-dependencies:1.5.4.RELEASE)'
13:07:24.355 [DEBUG] [org.gradle.internal.operations.DefaultBuildOperationExecutor] Build operation 'Resolve spring-boot-dependencies.pom (org.springframework.boot:spring-boot-dependencies:1.5.4.RELEASE)' completed
13:07:24.355 [DEBUG] [org.gradle.internal.work.DefaultWorkerLeaseService] Worker lease root.1.9.18.19 completed (1 worker(s) in use)
13:07:24.355 [DEBUG] [org.gradle.internal.resources.AbstractTrackedResourceLock] Task worker for ':': released lock on root.1.9.18.19
13:07:24.356 [DEBUG] [org.gradle.internal.operations.DefaultBuildOperationExecutor] Completing Build operation 'Resolve files of :detachedConfiguration7'
13:07:24.356 [DEBUG] [org.gradle.internal.operations.DefaultBuildOperationExecutor] Build operation 'Resolve files of :detachedConfiguration7' completed
13:07:24.359 [DEBUG] [org.gradle.internal.operations.DefaultBuildOperationExecutor] Build operation 'Resolve dependencies of :detachedConfiguration8' started
13:07:24.359 [DEBUG] [org.gradle.api.internal.artifacts.ivyservice.resolveengine.DefaultArtifactDependencyResolver] Resolving configuration ':detachedConfiguration8'
13:07:24.359 [DEBUG] [org.gradle.api.internal.artifacts.ivyservice.modulecache.ResolvedArtifactCaches] Reusing in-memory cache for repo 'MavenRepo' [f8e6315c37eb56998f7a5ba08e30db71].
13:07:24.359 [DEBUG] [org.gradle.api.internal.artifacts.ivyservice.resolveengine.graph.builder.DependencyGraphBuilder] Visiting configuration com.mindex:senior-code-challenge:0.0.1-SNAPSHOT(detachedConfiguration8).
13:07:24.359 [DEBUG] [org.gradle.api.internal.artifacts.ivyservice.ivyresolve.RepositoryChainComponentMetaDataResolver] Attempting to resolve component for com.fasterxml.jackson:jackson-bom:2.8.8 using repositories [MavenRepo]
13:07:24.359 [DEBUG] [org.gradle.api.internal.artifacts.ivyservice.ivyresolve.CachingModuleComponentRepository] Using cached module metadata for module 'com.fasterxml.jackson:jackson-bom:2.8.8' in 'MavenRepo'
13:07:24.359 [DEBUG] [org.gradle.api.internal.artifacts.ivyservice.ivyresolve.RepositoryChainComponentMetaDataResolver] Using com.fasterxml.jackson:jackson-bom:2.8.8 from Maven repository 'MavenRepo'
13:07:24.359 [DEBUG] [org.gradle.api.internal.artifacts.ivyservice.resolveengine.graph.builder.DependencyGraphBuilder] Visiting configuration com.fasterxml.jackson:jackson-bom:2.8.8(default).
13:07:24.359 [DEBUG] [org.gradle.api.internal.artifacts.ivyservice.resolveengine.graph.builder.DependencyGraphBuilder] com.fasterxml.jackson:jackson-bom:2.8.8(default) has no transitive incoming edges. ignoring outgoing edges.
13:07:24.359 [DEBUG] [org.gradle.api.internal.artifacts.ivyservice.resolveengine.oldresult.TransientConfigurationResultsBuilder] Flushing resolved configuration data in Binary store in /private/var/folders/ql/766g4tnx5mgbtm0tr10fxhyc0000gn/T/gradle17660509840828398561.bin. Wrote root 2.
13:07:24.360 [DEBUG] [org.gradle.internal.operations.DefaultBuildOperationExecutor] Completing Build operation 'Resolve dependencies of :detachedConfiguration8'
13:07:24.360 [DEBUG] [org.gradle.internal.operations.DefaultBuildOperationExecutor] Build operation 'Resolve dependencies of :detachedConfiguration8' completed
13:07:24.360 [DEBUG] [org.gradle.internal.component.model.ComponentAttributeMatcher] Selected match com.fasterxml.jackson:jackson-bom:2.8.8 from candidates [com.fasterxml.jackson:jackson-bom:2.8.8] for {}
13:07:24.360 [DEBUG] [org.gradle.internal.operations.DefaultBuildOperationExecutor] Build operation 'Resolve files of :detachedConfiguration8' started
13:07:24.360 [DEBUG] [org.gradle.internal.work.DefaultWorkerLeaseService] Worker lease root.1.9.20.21 started (1 worker(s) in use).
13:07:24.360 [DEBUG] [org.gradle.internal.resources.AbstractTrackedResourceLock] Task worker for ':': acquired lock on root.1.9.20.21
13:07:24.360 [DEBUG] [org.gradle.internal.operations.DefaultBuildOperationExecutor] Build operation 'Resolve jackson-bom.pom (com.fasterxml.jackson:jackson-bom:2.8.8)' started
13:07:24.360 [DEBUG] [org.gradle.api.internal.artifacts.ivyservice.ivyresolve.CachingModuleComponentRepository] Found artifact 'jackson-bom.pom (com.fasterxml.jackson:jackson-bom:2.8.8)' in resolver cache: /Users/bconnors/.gradle/caches/modules-2/files-2.1/com.fasterxml.jackson/jackson-bom/2.8.8/b346d9477a495d995f2d56b827265ee036474add/jackson-bom-2.8.8.pom
13:07:24.360 [DEBUG] [org.gradle.internal.operations.DefaultBuildOperationExecutor] Completing Build operation 'Resolve jackson-bom.pom (com.fasterxml.jackson:jackson-bom:2.8.8)'
13:07:24.360 [DEBUG] [org.gradle.internal.operations.DefaultBuildOperationExecutor] Build operation 'Resolve jackson-bom.pom (com.fasterxml.jackson:jackson-bom:2.8.8)' completed
13:07:24.360 [DEBUG] [org.gradle.internal.work.DefaultWorkerLeaseService] Worker lease root.1.9.20.21 completed (1 worker(s) in use)
13:07:24.360 [DEBUG] [org.gradle.internal.resources.AbstractTrackedResourceLock] Task worker for ':': released lock on root.1.9.20.21
13:07:24.360 [DEBUG] [org.gradle.internal.operations.DefaultBuildOperationExecutor] Completing Build operation 'Resolve files of :detachedConfiguration8'
13:07:24.360 [DEBUG] [org.gradle.internal.operations.DefaultBuildOperationExecutor] Build operation 'Resolve files of :detachedConfiguration8' completed
13:07:24.361 [DEBUG] [org.gradle.internal.operations.DefaultBuildOperationExecutor] Build operation 'Resolve dependencies of :detachedConfiguration9' started
13:07:24.361 [DEBUG] [org.gradle.api.internal.artifacts.ivyservice.resolveengine.DefaultArtifactDependencyResolver] Resolving configuration ':detachedConfiguration9'
13:07:24.361 [DEBUG] [org.gradle.api.internal.artifacts.ivyservice.modulecache.ResolvedArtifactCaches] Reusing in-memory cache for repo 'MavenRepo' [f8e6315c37eb56998f7a5ba08e30db71].
13:07:24.362 [DEBUG] [org.gradle.api.internal.artifacts.ivyservice.resolveengine.graph.builder.DependencyGraphBuilder] Visiting configuration com.mindex:senior-code-challenge:0.0.1-SNAPSHOT(detachedConfiguration9).
13:07:24.362 [DEBUG] [org.gradle.api.internal.artifacts.ivyservice.ivyresolve.RepositoryChainComponentMetaDataResolver] Attempting to resolve component for com.fasterxml.jackson:jackson-parent:2.8 using repositories [MavenRepo]
13:07:24.362 [DEBUG] [org.gradle.api.internal.artifacts.ivyservice.ivyresolve.CachingModuleComponentRepository] Using cached module metadata for module 'com.fasterxml.jackson:jackson-parent:2.8' in 'MavenRepo'
13:07:24.362 [DEBUG] [org.gradle.api.internal.artifacts.ivyservice.ivyresolve.RepositoryChainComponentMetaDataResolver] Using com.fasterxml.jackson:jackson-parent:2.8 from Maven repository 'MavenRepo'
13:07:24.362 [DEBUG] [org.gradle.api.internal.artifacts.ivyservice.resolveengine.graph.builder.DependencyGraphBuilder] Visiting configuration com.fasterxml.jackson:jackson-parent:2.8(default).
13:07:24.362 [DEBUG] [org.gradle.api.internal.artifacts.ivyservice.resolveengine.graph.builder.DependencyGraphBuilder] com.fasterxml.jackson:jackson-parent:2.8(default) has no transitive incoming edges. ignoring outgoing edges.
13:07:24.362 [DEBUG] [org.gradle.api.internal.artifacts.ivyservice.resolveengine.oldresult.TransientConfigurationResultsBuilder] Flushing resolved configuration data in Binary store in /private/var/folders/ql/766g4tnx5mgbtm0tr10fxhyc0000gn/T/gradle17660509840828398561.bin. Wrote root 2.
13:07:24.362 [DEBUG] [org.gradle.internal.operations.DefaultBuildOperationExecutor] Completing Build operation 'Resolve dependencies of :detachedConfiguration9'
13:07:24.362 [DEBUG] [org.gradle.internal.operations.DefaultBuildOperationExecutor] Build operation 'Resolve dependencies of :detachedConfiguration9' completed
13:07:24.362 [DEBUG] [org.gradle.internal.component.model.ComponentAttributeMatcher] Selected match com.fasterxml.jackson:jackson-parent:2.8 from candidates [com.fasterxml.jackson:jackson-parent:2.8] for {}
13:07:24.363 [DEBUG] [org.gradle.internal.operations.DefaultBuildOperationExecutor] Build operation 'Resolve files of :detachedConfiguration9' started
13:07:24.363 [DEBUG] [org.gradle.internal.work.DefaultWorkerLeaseService] Worker lease root.1.9.22.23 started (1 worker(s) in use).
13:07:24.363 [DEBUG] [org.gradle.internal.resources.AbstractTrackedResourceLock] Task worker for ':': acquired lock on root.1.9.22.23
13:07:24.363 [DEBUG] [org.gradle.internal.operations.DefaultBuildOperationExecutor] Build operation 'Resolve jackson-parent.pom (com.fasterxml.jackson:jackson-parent:2.8)' started
13:07:24.363 [DEBUG] [org.gradle.api.internal.artifacts.ivyservice.ivyresolve.CachingModuleComponentRepository] Found artifact 'jackson-parent.pom (com.fasterxml.jackson:jackson-parent:2.8)' in resolver cache: /Users/bconnors/.gradle/caches/modules-2/files-2.1/com.fasterxml.jackson/jackson-parent/2.8/d020f5b079a7c1608b08f4f9bd76f73cb9b3a1be/jackson-parent-2.8.pom
13:07:24.363 [DEBUG] [org.gradle.internal.operations.DefaultBuildOperationExecutor] Completing Build operation 'Resolve jackson-parent.pom (com.fasterxml.jackson:jackson-parent:2.8)'
13:07:24.363 [DEBUG] [org.gradle.internal.operations.DefaultBuildOperationExecutor] Build operation 'Resolve jackson-parent.pom (com.fasterxml.jackson:jackson-parent:2.8)' completed
13:07:24.363 [DEBUG] [org.gradle.internal.work.DefaultWorkerLeaseService] Worker lease root.1.9.22.23 completed (1 worker(s) in use)
13:07:24.363 [DEBUG] [org.gradle.internal.resources.AbstractTrackedResourceLock] Task worker for ':': released lock on root.1.9.22.23
13:07:24.363 [DEBUG] [org.gradle.internal.operations.DefaultBuildOperationExecutor] Completing Build operation 'Resolve files of :detachedConfiguration9'
13:07:24.363 [DEBUG] [org.gradle.internal.operations.DefaultBuildOperationExecutor] Build operation 'Resolve files of :detachedConfiguration9' completed
13:07:24.364 [DEBUG] [org.gradle.internal.operations.DefaultBuildOperationExecutor] Build operation 'Resolve dependencies of :detachedConfiguration10' started
13:07:24.364 [DEBUG] [org.gradle.api.internal.artifacts.ivyservice.resolveengine.DefaultArtifactDependencyResolver] Resolving configuration ':detachedConfiguration10'
13:07:24.364 [DEBUG] [org.gradle.api.internal.artifacts.ivyservice.modulecache.ResolvedArtifactCaches] Reusing in-memory cache for repo 'MavenRepo' [f8e6315c37eb56998f7a5ba08e30db71].
13:07:24.364 [DEBUG] [org.gradle.api.internal.artifacts.ivyservice.resolveengine.graph.builder.DependencyGraphBuilder] Visiting configuration com.mindex:senior-code-challenge:0.0.1-SNAPSHOT(detachedConfiguration10).
13:07:24.364 [DEBUG] [org.gradle.api.internal.artifacts.ivyservice.ivyresolve.RepositoryChainComponentMetaDataResolver] Attempting to resolve component for com.fasterxml:oss-parent:27 using repositories [MavenRepo]
13:07:24.364 [DEBUG] [org.gradle.api.internal.artifacts.ivyservice.ivyresolve.CachingModuleComponentRepository] Using cached module metadata for module 'com.fasterxml:oss-parent:27' in 'MavenRepo'
13:07:24.365 [DEBUG] [org.gradle.api.internal.artifacts.ivyservice.ivyresolve.RepositoryChainComponentMetaDataResolver] Using com.fasterxml:oss-parent:27 from Maven repository 'MavenRepo'
13:07:24.365 [DEBUG] [org.gradle.api.internal.artifacts.ivyservice.resolveengine.graph.builder.DependencyGraphBuilder] Visiting configuration com.fasterxml:oss-parent:27(default).
13:07:24.365 [DEBUG] [org.gradle.api.internal.artifacts.ivyservice.resolveengine.graph.builder.DependencyGraphBuilder] com.fasterxml:oss-parent:27(default) has no transitive incoming edges. ignoring outgoing edges.
13:07:24.365 [DEBUG] [org.gradle.api.internal.artifacts.ivyservice.resolveengine.oldresult.TransientConfigurationResultsBuilder] Flushing resolved configuration data in Binary store in /private/var/folders/ql/766g4tnx5mgbtm0tr10fxhyc0000gn/T/gradle17660509840828398561.bin. Wrote root 2.
13:07:24.365 [DEBUG] [org.gradle.internal.operations.DefaultBuildOperationExecutor] Completing Build operation 'Resolve dependencies of :detachedConfiguration10'
13:07:24.365 [DEBUG] [org.gradle.internal.operations.DefaultBuildOperationExecutor] Build operation 'Resolve dependencies of :detachedConfiguration10' completed
13:07:24.365 [DEBUG] [org.gradle.internal.component.model.ComponentAttributeMatcher] Selected match com.fasterxml:oss-parent:27 from candidates [com.fasterxml:oss-parent:27] for {}
13:07:24.365 [DEBUG] [org.gradle.internal.operations.DefaultBuildOperationExecutor] Build operation 'Resolve files of :detachedConfiguration10' started
13:07:24.365 [DEBUG] [org.gradle.internal.work.DefaultWorkerLeaseService] Worker lease root.1.9.24.25 started (1 worker(s) in use).
13:07:24.365 [DEBUG] [org.gradle.internal.resources.AbstractTrackedResourceLock] Task worker for ':': acquired lock on root.1.9.24.25
13:07:24.365 [DEBUG] [org.gradle.internal.operations.DefaultBuildOperationExecutor] Build operation 'Resolve oss-parent.pom (com.fasterxml:oss-parent:27)' started
13:07:24.365 [DEBUG] [org.gradle.api.internal.artifacts.ivyservice.ivyresolve.CachingModuleComponentRepository] Found artifact 'oss-parent.pom (com.fasterxml:oss-parent:27)' in resolver cache: /Users/bconnors/.gradle/caches/modules-2/files-2.1/com.fasterxml/oss-parent/27/77c5efd41e5c52f4f68c36eeb7fe3ccdf0119e53/oss-parent-27.pom
13:07:24.365 [DEBUG] [org.gradle.internal.operations.DefaultBuildOperationExecutor] Completing Build operation 'Resolve oss-parent.pom (com.fasterxml:oss-parent:27)'
13:07:24.365 [DEBUG] [org.gradle.internal.operations.DefaultBuildOperationExecutor] Build operation 'Resolve oss-parent.pom (com.fasterxml:oss-parent:27)' completed
13:07:24.365 [DEBUG] [org.gradle.internal.work.DefaultWorkerLeaseService] Worker lease root.1.9.24.25 completed (1 worker(s) in use)
13:07:24.365 [DEBUG] [org.gradle.internal.resources.AbstractTrackedResourceLock] Task worker for ':': released lock on root.1.9.24.25
13:07:24.365 [DEBUG] [org.gradle.internal.operations.DefaultBuildOperationExecutor] Completing Build operation 'Resolve files of :detachedConfiguration10'
13:07:24.366 [DEBUG] [org.gradle.internal.operations.DefaultBuildOperationExecutor] Build operation 'Resolve files of :detachedConfiguration10' completed
13:07:24.368 [DEBUG] [org.gradle.internal.operations.DefaultBuildOperationExecutor] Build operation 'Resolve dependencies of :detachedConfiguration11' started
13:07:24.368 [DEBUG] [org.gradle.api.internal.artifacts.ivyservice.resolveengine.DefaultArtifactDependencyResolver] Resolving configuration ':detachedConfiguration11'
13:07:24.368 [DEBUG] [org.gradle.api.internal.artifacts.ivyservice.modulecache.ResolvedArtifactCaches] Reusing in-memory cache for repo 'MavenRepo' [f8e6315c37eb56998f7a5ba08e30db71].
13:07:24.368 [DEBUG] [org.gradle.api.internal.artifacts.ivyservice.resolveengine.graph.builder.DependencyGraphBuilder] Visiting configuration com.mindex:senior-code-challenge:0.0.1-SNAPSHOT(detachedConfiguration11).
13:07:24.368 [DEBUG] [org.gradle.api.internal.artifacts.ivyservice.ivyresolve.RepositoryChainComponentMetaDataResolver] Attempting to resolve component for org.apache.logging.log4j:log4j-bom:2.7 using repositories [MavenRepo]
13:07:24.368 [DEBUG] [org.gradle.api.internal.artifacts.ivyservice.ivyresolve.CachingModuleComponentRepository] Using cached module metadata for module 'org.apache.logging.log4j:log4j-bom:2.7' in 'MavenRepo'
13:07:24.368 [DEBUG] [org.gradle.api.internal.artifacts.ivyservice.ivyresolve.RepositoryChainComponentMetaDataResolver] Using org.apache.logging.log4j:log4j-bom:2.7 from Maven repository 'MavenRepo'
13:07:24.368 [DEBUG] [org.gradle.api.internal.artifacts.ivyservice.resolveengine.graph.builder.DependencyGraphBuilder] Visiting configuration org.apache.logging.log4j:log4j-bom:2.7(default).
13:07:24.368 [DEBUG] [org.gradle.api.internal.artifacts.ivyservice.resolveengine.graph.builder.DependencyGraphBuilder] org.apache.logging.log4j:log4j-bom:2.7(default) has no transitive incoming edges. ignoring outgoing edges.
13:07:24.368 [DEBUG] [org.gradle.api.internal.artifacts.ivyservice.resolveengine.oldresult.TransientConfigurationResultsBuilder] Flushing resolved configuration data in Binary store in /private/var/folders/ql/766g4tnx5mgbtm0tr10fxhyc0000gn/T/gradle17660509840828398561.bin. Wrote root 2.
13:07:24.369 [DEBUG] [org.gradle.internal.operations.DefaultBuildOperationExecutor] Completing Build operation 'Resolve dependencies of :detachedConfiguration11'
13:07:24.369 [DEBUG] [org.gradle.internal.operations.DefaultBuildOperationExecutor] Build operation 'Resolve dependencies of :detachedConfiguration11' completed
13:07:24.369 [DEBUG] [org.gradle.internal.component.model.ComponentAttributeMatcher] Selected match org.apache.logging.log4j:log4j-bom:2.7 from candidates [org.apache.logging.log4j:log4j-bom:2.7] for {}
13:07:24.369 [DEBUG] [org.gradle.internal.operations.DefaultBuildOperationExecutor] Build operation 'Resolve files of :detachedConfiguration11' started
13:07:24.369 [DEBUG] [org.gradle.internal.work.DefaultWorkerLeaseService] Worker lease root.1.9.26.27 started (1 worker(s) in use).
13:07:24.369 [DEBUG] [org.gradle.internal.resources.AbstractTrackedResourceLock] Task worker for ':': acquired lock on root.1.9.26.27
13:07:24.369 [DEBUG] [org.gradle.internal.operations.DefaultBuildOperationExecutor] Build operation 'Resolve log4j-bom.pom (org.apache.logging.log4j:log4j-bom:2.7)' started
13:07:24.369 [DEBUG] [org.gradle.api.internal.artifacts.ivyservice.ivyresolve.CachingModuleComponentRepository] Found artifact 'log4j-bom.pom (org.apache.logging.log4j:log4j-bom:2.7)' in resolver cache: /Users/bconnors/.gradle/caches/modules-2/files-2.1/org.apache.logging.log4j/log4j-bom/2.7/3cb5745a896d50e860c2548203b1f501e814dce6/log4j-bom-2.7.pom
13:07:24.369 [DEBUG] [org.gradle.internal.operations.DefaultBuildOperationExecutor] Completing Build operation 'Resolve log4j-bom.pom (org.apache.logging.log4j:log4j-bom:2.7)'
13:07:24.369 [DEBUG] [org.gradle.internal.operations.DefaultBuildOperationExecutor] Build operation 'Resolve log4j-bom.pom (org.apache.logging.log4j:log4j-bom:2.7)' completed
13:07:24.369 [DEBUG] [org.gradle.internal.work.DefaultWorkerLeaseService] Worker lease root.1.9.26.27 completed (1 worker(s) in use)
13:07:24.369 [DEBUG] [org.gradle.internal.resources.AbstractTrackedResourceLock] Task worker for ':': released lock on root.1.9.26.27
13:07:24.369 [DEBUG] [org.gradle.internal.operations.DefaultBuildOperationExecutor] Completing Build operation 'Resolve files of :detachedConfiguration11'
13:07:24.369 [DEBUG] [org.gradle.internal.operations.DefaultBuildOperationExecutor] Build operation 'Resolve files of :detachedConfiguration11' completed
13:07:24.370 [DEBUG] [org.gradle.internal.operations.DefaultBuildOperationExecutor] Build operation 'Resolve dependencies of :detachedConfiguration12' started
13:07:24.370 [DEBUG] [org.gradle.api.internal.artifacts.ivyservice.resolveengine.DefaultArtifactDependencyResolver] Resolving configuration ':detachedConfiguration12'
13:07:24.370 [DEBUG] [org.gradle.api.internal.artifacts.ivyservice.modulecache.ResolvedArtifactCaches] Reusing in-memory cache for repo 'MavenRepo' [f8e6315c37eb56998f7a5ba08e30db71].
13:07:24.370 [DEBUG] [org.gradle.api.internal.artifacts.ivyservice.resolveengine.graph.builder.DependencyGraphBuilder] Visiting configuration com.mindex:senior-code-challenge:0.0.1-SNAPSHOT(detachedConfiguration12).
13:07:24.370 [DEBUG] [org.gradle.api.internal.artifacts.ivyservice.ivyresolve.RepositoryChainComponentMetaDataResolver] Attempting to resolve component for org.apache:apache:9 using repositories [MavenRepo]
13:07:24.370 [DEBUG] [org.gradle.api.internal.artifacts.ivyservice.ivyresolve.CachingModuleComponentRepository] Using cached module metadata for module 'org.apache:apache:9' in 'MavenRepo'
13:07:24.370 [DEBUG] [org.gradle.api.internal.artifacts.ivyservice.ivyresolve.RepositoryChainComponentMetaDataResolver] Using org.apache:apache:9 from Maven repository 'MavenRepo'
13:07:24.370 [DEBUG] [org.gradle.api.internal.artifacts.ivyservice.resolveengine.graph.builder.DependencyGraphBuilder] Visiting configuration org.apache:apache:9(default).
13:07:24.370 [DEBUG] [org.gradle.api.internal.artifacts.ivyservice.resolveengine.graph.builder.DependencyGraphBuilder] org.apache:apache:9(default) has no transitive incoming edges. ignoring outgoing edges.
13:07:24.370 [DEBUG] [org.gradle.api.internal.artifacts.ivyservice.resolveengine.oldresult.TransientConfigurationResultsBuilder] Flushing resolved configuration data in Binary store in /private/var/folders/ql/766g4tnx5mgbtm0tr10fxhyc0000gn/T/gradle17660509840828398561.bin. Wrote root 2.
13:07:24.370 [DEBUG] [org.gradle.internal.operations.DefaultBuildOperationExecutor] Completing Build operation 'Resolve dependencies of :detachedConfiguration12'
13:07:24.370 [DEBUG] [org.gradle.internal.operations.DefaultBuildOperationExecutor] Build operation 'Resolve dependencies of :detachedConfiguration12' completed
13:07:24.371 [DEBUG] [org.gradle.internal.component.model.ComponentAttributeMatcher] Selected match org.apache:apache:9 from candidates [org.apache:apache:9] for {}
13:07:24.371 [DEBUG] [org.gradle.internal.operations.DefaultBuildOperationExecutor] Build operation 'Resolve files of :detachedConfiguration12' started
13:07:24.371 [DEBUG] [org.gradle.internal.work.DefaultWorkerLeaseService] Worker lease root.1.9.28.29 started (1 worker(s) in use).
13:07:24.371 [DEBUG] [org.gradle.internal.resources.AbstractTrackedResourceLock] Task worker for ':': acquired lock on root.1.9.28.29
13:07:24.371 [DEBUG] [org.gradle.internal.operations.DefaultBuildOperationExecutor] Build operation 'Resolve apache.pom (org.apache:apache:9)' started
13:07:24.371 [DEBUG] [org.gradle.api.internal.artifacts.ivyservice.ivyresolve.CachingModuleComponentRepository] Found artifact 'apache.pom (org.apache:apache:9)' in resolver cache: /Users/bconnors/.gradle/caches/modules-2/files-2.1/org.apache/apache/9/de55d73a30c7521f3d55e8141d360ffbdfd88caa/apache-9.pom
13:07:24.371 [DEBUG] [org.gradle.internal.operations.DefaultBuildOperationExecutor] Completing Build operation 'Resolve apache.pom (org.apache:apache:9)'
13:07:24.371 [DEBUG] [org.gradle.internal.operations.DefaultBuildOperationExecutor] Build operation 'Resolve apache.pom (org.apache:apache:9)' completed
13:07:24.371 [DEBUG] [org.gradle.internal.work.DefaultWorkerLeaseService] Worker lease root.1.9.28.29 completed (1 worker(s) in use)
13:07:24.371 [DEBUG] [org.gradle.internal.resources.AbstractTrackedResourceLock] Task worker for ':': released lock on root.1.9.28.29
13:07:24.371 [DEBUG] [org.gradle.internal.operations.DefaultBuildOperationExecutor] Completing Build operation 'Resolve files of :detachedConfiguration12'
13:07:24.371 [DEBUG] [org.gradle.internal.operations.DefaultBuildOperationExecutor] Build operation 'Resolve files of :detachedConfiguration12' completed
13:07:24.372 [DEBUG] [org.gradle.internal.operations.DefaultBuildOperationExecutor] Build operation 'Resolve dependencies of :detachedConfiguration13' started
13:07:24.372 [DEBUG] [org.gradle.api.internal.artifacts.ivyservice.resolveengine.DefaultArtifactDependencyResolver] Resolving configuration ':detachedConfiguration13'
13:07:24.372 [DEBUG] [org.gradle.api.internal.artifacts.ivyservice.modulecache.ResolvedArtifactCaches] Reusing in-memory cache for repo 'MavenRepo' [f8e6315c37eb56998f7a5ba08e30db71].
13:07:24.372 [DEBUG] [org.gradle.api.internal.artifacts.ivyservice.resolveengine.graph.builder.DependencyGraphBuilder] Visiting configuration com.mindex:senior-code-challenge:0.0.1-SNAPSHOT(detachedConfiguration13).
13:07:24.372 [DEBUG] [org.gradle.api.internal.artifacts.ivyservice.ivyresolve.RepositoryChainComponentMetaDataResolver] Attempting to resolve component for org.springframework:spring-framework-bom:4.3.9.RELEASE using repositories [MavenRepo]
13:07:24.372 [DEBUG] [org.gradle.api.internal.artifacts.ivyservice.ivyresolve.CachingModuleComponentRepository] Using cached module metadata for module 'org.springframework:spring-framework-bom:4.3.9.RELEASE' in 'MavenRepo'
13:07:24.372 [DEBUG] [org.gradle.api.internal.artifacts.ivyservice.ivyresolve.RepositoryChainComponentMetaDataResolver] Using org.springframework:spring-framework-bom:4.3.9.RELEASE from Maven repository 'MavenRepo'
13:07:24.372 [DEBUG] [org.gradle.api.internal.artifacts.ivyservice.resolveengine.graph.builder.DependencyGraphBuilder] Visiting configuration org.springframework:spring-framework-bom:4.3.9.RELEASE(default).
13:07:24.372 [DEBUG] [org.gradle.api.internal.artifacts.ivyservice.resolveengine.graph.builder.DependencyGraphBuilder] org.springframework:spring-framework-bom:4.3.9.RELEASE(default) has no transitive incoming edges. ignoring outgoing edges.
13:07:24.373 [DEBUG] [org.gradle.api.internal.artifacts.ivyservice.resolveengine.oldresult.TransientConfigurationResultsBuilder] Flushing resolved configuration data in Binary store in /private/var/folders/ql/766g4tnx5mgbtm0tr10fxhyc0000gn/T/gradle17660509840828398561.bin. Wrote root 2.
13:07:24.373 [DEBUG] [org.gradle.internal.operations.DefaultBuildOperationExecutor] Completing Build operation 'Resolve dependencies of :detachedConfiguration13'
13:07:24.373 [DEBUG] [org.gradle.internal.operations.DefaultBuildOperationExecutor] Build operation 'Resolve dependencies of :detachedConfiguration13' completed
13:07:24.373 [DEBUG] [org.gradle.internal.component.model.ComponentAttributeMatcher] Selected match org.springframework:spring-framework-bom:4.3.9.RELEASE from candidates [org.springframework:spring-framework-bom:4.3.9.RELEASE] for {}
13:07:24.373 [DEBUG] [org.gradle.internal.operations.DefaultBuildOperationExecutor] Build operation 'Resolve files of :detachedConfiguration13' started
13:07:24.373 [DEBUG] [org.gradle.internal.work.DefaultWorkerLeaseService] Worker lease root.1.9.30.31 started (1 worker(s) in use).
13:07:24.373 [DEBUG] [org.gradle.internal.resources.AbstractTrackedResourceLock] Task worker for ':': acquired lock on root.1.9.30.31
13:07:24.373 [DEBUG] [org.gradle.internal.operations.DefaultBuildOperationExecutor] Build operation 'Resolve spring-framework-bom.pom (org.springframework:spring-framework-bom:4.3.9.RELEASE)' started
13:07:24.373 [DEBUG] [org.gradle.api.internal.artifacts.ivyservice.ivyresolve.CachingModuleComponentRepository] Found artifact 'spring-framework-bom.pom (org.springframework:spring-framework-bom:4.3.9.RELEASE)' in resolver cache: /Users/bconnors/.gradle/caches/modules-2/files-2.1/org.springframework/spring-framework-bom/4.3.9.RELEASE/5e14950bb6c50e677ef9582883d54c6cff58462b/spring-framework-bom-4.3.9.RELEASE.pom
13:07:24.373 [DEBUG] [org.gradle.internal.operations.DefaultBuildOperationExecutor] Completing Build operation 'Resolve spring-framework-bom.pom (org.springframework:spring-framework-bom:4.3.9.RELEASE)'
13:07:24.373 [DEBUG] [org.gradle.internal.operations.DefaultBuildOperationExecutor] Build operation 'Resolve spring-framework-bom.pom (org.springframework:spring-framework-bom:4.3.9.RELEASE)' completed
13:07:24.373 [DEBUG] [org.gradle.internal.work.DefaultWorkerLeaseService] Worker lease root.1.9.30.31 completed (1 worker(s) in use)
13:07:24.373 [DEBUG] [org.gradle.internal.resources.AbstractTrackedResourceLock] Task worker for ':': released lock on root.1.9.30.31
13:07:24.373 [DEBUG] [org.gradle.internal.operations.DefaultBuildOperationExecutor] Completing Build operation 'Resolve files of :detachedConfiguration13'
13:07:24.373 [DEBUG] [org.gradle.internal.operations.DefaultBuildOperationExecutor] Build operation 'Resolve files of :detachedConfiguration13' completed
13:07:24.374 [DEBUG] [org.gradle.internal.operations.DefaultBuildOperationExecutor] Build operation 'Resolve dependencies of :detachedConfiguration14' started
13:07:24.374 [DEBUG] [org.gradle.api.internal.artifacts.ivyservice.resolveengine.DefaultArtifactDependencyResolver] Resolving configuration ':detachedConfiguration14'
13:07:24.374 [DEBUG] [org.gradle.api.internal.artifacts.ivyservice.modulecache.ResolvedArtifactCaches] Reusing in-memory cache for repo 'MavenRepo' [f8e6315c37eb56998f7a5ba08e30db71].
13:07:24.374 [DEBUG] [org.gradle.api.internal.artifacts.ivyservice.resolveengine.graph.builder.DependencyGraphBuilder] Visiting configuration com.mindex:senior-code-challenge:0.0.1-SNAPSHOT(detachedConfiguration14).
13:07:24.375 [DEBUG] [org.gradle.api.internal.artifacts.ivyservice.ivyresolve.RepositoryChainComponentMetaDataResolver] Attempting to resolve component for org.springframework.data:spring-data-releasetrain:Ingalls-SR4 using repositories [MavenRepo]
13:07:24.375 [DEBUG] [org.gradle.api.internal.artifacts.ivyservice.ivyresolve.CachingModuleComponentRepository] Using cached module metadata for module 'org.springframework.data:spring-data-releasetrain:Ingalls-SR4' in 'MavenRepo'
13:07:24.375 [DEBUG] [org.gradle.api.internal.artifacts.ivyservice.ivyresolve.RepositoryChainComponentMetaDataResolver] Using org.springframework.data:spring-data-releasetrain:Ingalls-SR4 from Maven repository 'MavenRepo'
13:07:24.375 [DEBUG] [org.gradle.api.internal.artifacts.ivyservice.resolveengine.graph.builder.DependencyGraphBuilder] Visiting configuration org.springframework.data:spring-data-releasetrain:Ingalls-SR4(default).
13:07:24.375 [DEBUG] [org.gradle.api.internal.artifacts.ivyservice.resolveengine.graph.builder.DependencyGraphBuilder] org.springframework.data:spring-data-releasetrain:Ingalls-SR4(default) has no transitive incoming edges. ignoring outgoing edges.
13:07:24.375 [DEBUG] [org.gradle.api.internal.artifacts.ivyservice.resolveengine.oldresult.TransientConfigurationResultsBuilder] Flushing resolved configuration data in Binary store in /private/var/folders/ql/766g4tnx5mgbtm0tr10fxhyc0000gn/T/gradle17660509840828398561.bin. Wrote root 2.
13:07:24.375 [DEBUG] [org.gradle.internal.operations.DefaultBuildOperationExecutor] Completing Build operation 'Resolve dependencies of :detachedConfiguration14'
13:07:24.375 [DEBUG] [org.gradle.internal.operations.DefaultBuildOperationExecutor] Build operation 'Resolve dependencies of :detachedConfiguration14' completed
13:07:24.375 [DEBUG] [org.gradle.internal.component.model.ComponentAttributeMatcher] Selected match org.springframework.data:spring-data-releasetrain:Ingalls-SR4 from candidates [org.springframework.data:spring-data-releasetrain:Ingalls-SR4] for {}
13:07:24.375 [DEBUG] [org.gradle.internal.operations.DefaultBuildOperationExecutor] Build operation 'Resolve files of :detachedConfiguration14' started
13:07:24.375 [DEBUG] [org.gradle.internal.work.DefaultWorkerLeaseService] Worker lease root.1.9.32.33 started (1 worker(s) in use).
13:07:24.375 [DEBUG] [org.gradle.internal.resources.AbstractTrackedResourceLock] Task worker for ':': acquired lock on root.1.9.32.33
13:07:24.375 [DEBUG] [org.gradle.internal.operations.DefaultBuildOperationExecutor] Build operation 'Resolve spring-data-releasetrain.pom (org.springframework.data:spring-data-releasetrain:Ingalls-SR4)' started
13:07:24.376 [DEBUG] [org.gradle.api.internal.artifacts.ivyservice.ivyresolve.CachingModuleComponentRepository] Found artifact 'spring-data-releasetrain.pom (org.springframework.data:spring-data-releasetrain:Ingalls-SR4)' in resolver cache: /Users/bconnors/.gradle/caches/modules-2/files-2.1/org.springframework.data/spring-data-releasetrain/Ingalls-SR4/861848e267dd38a38622ae20d2defac9e59aa03e/spring-data-releasetrain-Ingalls-SR4.pom
13:07:24.376 [DEBUG] [org.gradle.internal.operations.DefaultBuildOperationExecutor] Completing Build operation 'Resolve spring-data-releasetrain.pom (org.springframework.data:spring-data-releasetrain:Ingalls-SR4)'
13:07:24.376 [DEBUG] [org.gradle.internal.operations.DefaultBuildOperationExecutor] Build operation 'Resolve spring-data-releasetrain.pom (org.springframework.data:spring-data-releasetrain:Ingalls-SR4)' completed
13:07:24.376 [DEBUG] [org.gradle.internal.work.DefaultWorkerLeaseService] Worker lease root.1.9.32.33 completed (1 worker(s) in use)
13:07:24.376 [DEBUG] [org.gradle.internal.resources.AbstractTrackedResourceLock] Task worker for ':': released lock on root.1.9.32.33
13:07:24.376 [DEBUG] [org.gradle.internal.operations.DefaultBuildOperationExecutor] Completing Build operation 'Resolve files of :detachedConfiguration14'
13:07:24.376 [DEBUG] [org.gradle.internal.operations.DefaultBuildOperationExecutor] Build operation 'Resolve files of :detachedConfiguration14' completed
13:07:24.376 [DEBUG] [org.gradle.internal.operations.DefaultBuildOperationExecutor] Build operation 'Resolve dependencies of :detachedConfiguration15' started
13:07:24.376 [DEBUG] [org.gradle.api.internal.artifacts.ivyservice.resolveengine.DefaultArtifactDependencyResolver] Resolving configuration ':detachedConfiguration15'
13:07:24.376 [DEBUG] [org.gradle.api.internal.artifacts.ivyservice.modulecache.ResolvedArtifactCaches] Reusing in-memory cache for repo 'MavenRepo' [f8e6315c37eb56998f7a5ba08e30db71].
13:07:24.376 [DEBUG] [org.gradle.api.internal.artifacts.ivyservice.resolveengine.graph.builder.DependencyGraphBuilder] Visiting configuration com.mindex:senior-code-challenge:0.0.1-SNAPSHOT(detachedConfiguration15).
13:07:24.377 [DEBUG] [org.gradle.api.internal.artifacts.ivyservice.ivyresolve.RepositoryChainComponentMetaDataResolver] Attempting to resolve component for org.springframework.data.build:spring-data-build:1.9.4.RELEASE using repositories [MavenRepo]
13:07:24.377 [DEBUG] [org.gradle.api.internal.artifacts.ivyservice.ivyresolve.CachingModuleComponentRepository] Using cached module metadata for module 'org.springframework.data.build:spring-data-build:1.9.4.RELEASE' in 'MavenRepo'
13:07:24.377 [DEBUG] [org.gradle.api.internal.artifacts.ivyservice.ivyresolve.RepositoryChainComponentMetaDataResolver] Using org.springframework.data.build:spring-data-build:1.9.4.RELEASE from Maven repository 'MavenRepo'
13:07:24.377 [DEBUG] [org.gradle.api.internal.artifacts.ivyservice.resolveengine.graph.builder.DependencyGraphBuilder] Visiting configuration org.springframework.data.build:spring-data-build:1.9.4.RELEASE(default).
13:07:24.377 [DEBUG] [org.gradle.api.internal.artifacts.ivyservice.resolveengine.graph.builder.DependencyGraphBuilder] org.springframework.data.build:spring-data-build:1.9.4.RELEASE(default) has no transitive incoming edges. ignoring outgoing edges.
13:07:24.377 [DEBUG] [org.gradle.api.internal.artifacts.ivyservice.resolveengine.oldresult.TransientConfigurationResultsBuilder] Flushing resolved configuration data in Binary store in /private/var/folders/ql/766g4tnx5mgbtm0tr10fxhyc0000gn/T/gradle17660509840828398561.bin. Wrote root 2.
13:07:24.377 [DEBUG] [org.gradle.internal.operations.DefaultBuildOperationExecutor] Completing Build operation 'Resolve dependencies of :detachedConfiguration15'
13:07:24.377 [DEBUG] [org.gradle.internal.operations.DefaultBuildOperationExecutor] Build operation 'Resolve dependencies of :detachedConfiguration15' completed
13:07:24.377 [DEBUG] [org.gradle.internal.component.model.ComponentAttributeMatcher] Selected match org.springframework.data.build:spring-data-build:1.9.4.RELEASE from candidates [org.springframework.data.build:spring-data-build:1.9.4.RELEASE] for {}
13:07:24.377 [DEBUG] [org.gradle.internal.operations.DefaultBuildOperationExecutor] Build operation 'Resolve files of :detachedConfiguration15' started
13:07:24.377 [DEBUG] [org.gradle.internal.work.DefaultWorkerLeaseService] Worker lease root.1.9.34.35 started (1 worker(s) in use).
13:07:24.377 [DEBUG] [org.gradle.internal.resources.AbstractTrackedResourceLock] Task worker for ':': acquired lock on root.1.9.34.35
13:07:24.377 [DEBUG] [org.gradle.internal.operations.DefaultBuildOperationExecutor] Build operation 'Resolve spring-data-build.pom (org.springframework.data.build:spring-data-build:1.9.4.RELEASE)' started
13:07:24.377 [DEBUG] [org.gradle.api.internal.artifacts.ivyservice.ivyresolve.CachingModuleComponentRepository] Found artifact 'spring-data-build.pom (org.springframework.data.build:spring-data-build:1.9.4.RELEASE)' in resolver cache: /Users/bconnors/.gradle/caches/modules-2/files-2.1/org.springframework.data.build/spring-data-build/1.9.4.RELEASE/d3a890535363f7c55a81330fbdb6c16dbb2658f6/spring-data-build-1.9.4.RELEASE.pom
13:07:24.377 [DEBUG] [org.gradle.internal.operations.DefaultBuildOperationExecutor] Completing Build operation 'Resolve spring-data-build.pom (org.springframework.data.build:spring-data-build:1.9.4.RELEASE)'
13:07:24.377 [DEBUG] [org.gradle.internal.operations.DefaultBuildOperationExecutor] Build operation 'Resolve spring-data-build.pom (org.springframework.data.build:spring-data-build:1.9.4.RELEASE)' completed
13:07:24.377 [DEBUG] [org.gradle.internal.work.DefaultWorkerLeaseService] Worker lease root.1.9.34.35 completed (1 worker(s) in use)
13:07:24.377 [DEBUG] [org.gradle.internal.resources.AbstractTrackedResourceLock] Task worker for ':': released lock on root.1.9.34.35
13:07:24.377 [DEBUG] [org.gradle.internal.operations.DefaultBuildOperationExecutor] Completing Build operation 'Resolve files of :detachedConfiguration15'
13:07:24.378 [DEBUG] [org.gradle.internal.operations.DefaultBuildOperationExecutor] Build operation 'Resolve files of :detachedConfiguration15' completed
13:07:24.378 [DEBUG] [org.gradle.internal.operations.DefaultBuildOperationExecutor] Build operation 'Resolve dependencies of :detachedConfiguration16' started
13:07:24.378 [DEBUG] [org.gradle.api.internal.artifacts.ivyservice.resolveengine.DefaultArtifactDependencyResolver] Resolving configuration ':detachedConfiguration16'
13:07:24.378 [DEBUG] [org.gradle.api.internal.artifacts.ivyservice.modulecache.ResolvedArtifactCaches] Reusing in-memory cache for repo 'MavenRepo' [f8e6315c37eb56998f7a5ba08e30db71].
13:07:24.378 [DEBUG] [org.gradle.api.internal.artifacts.ivyservice.resolveengine.graph.builder.DependencyGraphBuilder] Visiting configuration com.mindex:senior-code-challenge:0.0.1-SNAPSHOT(detachedConfiguration16).
13:07:24.379 [DEBUG] [org.gradle.api.internal.artifacts.ivyservice.ivyresolve.RepositoryChainComponentMetaDataResolver] Attempting to resolve component for org.springframework.integration:spring-integration-bom:4.3.10.RELEASE using repositories [MavenRepo]
13:07:24.379 [DEBUG] [org.gradle.api.internal.artifacts.ivyservice.ivyresolve.CachingModuleComponentRepository] Using cached module metadata for module 'org.springframework.integration:spring-integration-bom:4.3.10.RELEASE' in 'MavenRepo'
13:07:24.379 [DEBUG] [org.gradle.api.internal.artifacts.ivyservice.ivyresolve.RepositoryChainComponentMetaDataResolver] Using org.springframework.integration:spring-integration-bom:4.3.10.RELEASE from Maven repository 'MavenRepo'
13:07:24.379 [DEBUG] [org.gradle.api.internal.artifacts.ivyservice.resolveengine.graph.builder.DependencyGraphBuilder] Visiting configuration org.springframework.integration:spring-integration-bom:4.3.10.RELEASE(default).
13:07:24.379 [DEBUG] [org.gradle.api.internal.artifacts.ivyservice.resolveengine.graph.builder.DependencyGraphBuilder] org.springframework.integration:spring-integration-bom:4.3.10.RELEASE(default) has no transitive incoming edges. ignoring outgoing edges.
13:07:24.379 [DEBUG] [org.gradle.api.internal.artifacts.ivyservice.resolveengine.oldresult.TransientConfigurationResultsBuilder] Flushing resolved configuration data in Binary store in /private/var/folders/ql/766g4tnx5mgbtm0tr10fxhyc0000gn/T/gradle17660509840828398561.bin. Wrote root 2.
13:07:24.379 [DEBUG] [org.gradle.internal.operations.DefaultBuildOperationExecutor] Completing Build operation 'Resolve dependencies of :detachedConfiguration16'
13:07:24.379 [DEBUG] [org.gradle.internal.operations.DefaultBuildOperationExecutor] Build operation 'Resolve dependencies of :detachedConfiguration16' completed
13:07:24.379 [DEBUG] [org.gradle.internal.component.model.ComponentAttributeMatcher] Selected match org.springframework.integration:spring-integration-bom:4.3.10.RELEASE from candidates [org.springframework.integration:spring-integration-bom:4.3.10.RELEASE] for {}
13:07:24.379 [DEBUG] [org.gradle.internal.operations.DefaultBuildOperationExecutor] Build operation 'Resolve files of :detachedConfiguration16' started
13:07:24.379 [DEBUG] [org.gradle.internal.work.DefaultWorkerLeaseService] Worker lease root.1.9.36.37 started (1 worker(s) in use).
13:07:24.379 [DEBUG] [org.gradle.internal.resources.AbstractTrackedResourceLock] Task worker for ':': acquired lock on root.1.9.36.37
13:07:24.379 [DEBUG] [org.gradle.internal.operations.DefaultBuildOperationExecutor] Build operation 'Resolve spring-integration-bom.pom (org.springframework.integration:spring-integration-bom:4.3.10.RELEASE)' started
13:07:24.379 [DEBUG] [org.gradle.api.internal.artifacts.ivyservice.ivyresolve.CachingModuleComponentRepository] Found artifact 'spring-integration-bom.pom (org.springframework.integration:spring-integration-bom:4.3.10.RELEASE)' in resolver cache: /Users/bconnors/.gradle/caches/modules-2/files-2.1/org.springframework.integration/spring-integration-bom/4.3.10.RELEASE/2c782e4d79b475fabcda043a4abd1380a0065ff6/spring-integration-bom-4.3.10.RELEASE.pom
13:07:24.379 [DEBUG] [org.gradle.internal.operations.DefaultBuildOperationExecutor] Completing Build operation 'Resolve spring-integration-bom.pom (org.springframework.integration:spring-integration-bom:4.3.10.RELEASE)'
13:07:24.379 [DEBUG] [org.gradle.internal.operations.DefaultBuildOperationExecutor] Build operation 'Resolve spring-integration-bom.pom (org.springframework.integration:spring-integration-bom:4.3.10.RELEASE)' completed
13:07:24.379 [DEBUG] [org.gradle.internal.work.DefaultWorkerLeaseService] Worker lease root.1.9.36.37 completed (1 worker(s) in use)
13:07:24.379 [DEBUG] [org.gradle.internal.resources.AbstractTrackedResourceLock] Task worker for ':': released lock on root.1.9.36.37
13:07:24.380 [DEBUG] [org.gradle.internal.operations.DefaultBuildOperationExecutor] Completing Build operation 'Resolve files of :detachedConfiguration16'
13:07:24.380 [DEBUG] [org.gradle.internal.operations.DefaultBuildOperationExecutor] Build operation 'Resolve files of :detachedConfiguration16' completed
13:07:24.380 [DEBUG] [org.gradle.internal.operations.DefaultBuildOperationExecutor] Build operation 'Resolve dependencies of :detachedConfiguration17' started
13:07:24.380 [DEBUG] [org.gradle.api.internal.artifacts.ivyservice.resolveengine.DefaultArtifactDependencyResolver] Resolving configuration ':detachedConfiguration17'
13:07:24.380 [DEBUG] [org.gradle.api.internal.artifacts.ivyservice.modulecache.ResolvedArtifactCaches] Reusing in-memory cache for repo 'MavenRepo' [f8e6315c37eb56998f7a5ba08e30db71].
13:07:24.380 [DEBUG] [org.gradle.api.internal.artifacts.ivyservice.resolveengine.graph.builder.DependencyGraphBuilder] Visiting configuration com.mindex:senior-code-challenge:0.0.1-SNAPSHOT(detachedConfiguration17).
13:07:24.381 [DEBUG] [org.gradle.api.internal.artifacts.ivyservice.ivyresolve.RepositoryChainComponentMetaDataResolver] Attempting to resolve component for org.springframework.security:spring-security-bom:4.2.3.RELEASE using repositories [MavenRepo]
13:07:24.381 [DEBUG] [org.gradle.api.internal.artifacts.ivyservice.ivyresolve.CachingModuleComponentRepository] Using cached module metadata for module 'org.springframework.security:spring-security-bom:4.2.3.RELEASE' in 'MavenRepo'
13:07:24.381 [DEBUG] [org.gradle.api.internal.artifacts.ivyservice.ivyresolve.RepositoryChainComponentMetaDataResolver] Using org.springframework.security:spring-security-bom:4.2.3.RELEASE from Maven repository 'MavenRepo'
13:07:24.381 [DEBUG] [org.gradle.api.internal.artifacts.ivyservice.resolveengine.graph.builder.DependencyGraphBuilder] Visiting configuration org.springframework.security:spring-security-bom:4.2.3.RELEASE(default).
13:07:24.381 [DEBUG] [org.gradle.api.internal.artifacts.ivyservice.resolveengine.graph.builder.DependencyGraphBuilder] org.springframework.security:spring-security-bom:4.2.3.RELEASE(default) has no transitive incoming edges. ignoring outgoing edges.
13:07:24.381 [DEBUG] [org.gradle.api.internal.artifacts.ivyservice.resolveengine.oldresult.TransientConfigurationResultsBuilder] Flushing resolved configuration data in Binary store in /private/var/folders/ql/766g4tnx5mgbtm0tr10fxhyc0000gn/T/gradle17660509840828398561.bin. Wrote root 2.
13:07:24.381 [DEBUG] [org.gradle.internal.operations.DefaultBuildOperationExecutor] Completing Build operation 'Resolve dependencies of :detachedConfiguration17'
13:07:24.381 [DEBUG] [org.gradle.internal.operations.DefaultBuildOperationExecutor] Build operation 'Resolve dependencies of :detachedConfiguration17' completed
13:07:24.381 [DEBUG] [org.gradle.internal.component.model.ComponentAttributeMatcher] Selected match org.springframework.security:spring-security-bom:4.2.3.RELEASE from candidates [org.springframework.security:spring-security-bom:4.2.3.RELEASE] for {}
13:07:24.381 [DEBUG] [org.gradle.internal.operations.DefaultBuildOperationExecutor] Build operation 'Resolve files of :detachedConfiguration17' started
13:07:24.381 [DEBUG] [org.gradle.internal.work.DefaultWorkerLeaseService] Worker lease root.1.9.38.39 started (1 worker(s) in use).
13:07:24.381 [DEBUG] [org.gradle.internal.resources.AbstractTrackedResourceLock] Task worker for ':': acquired lock on root.1.9.38.39
13:07:24.381 [DEBUG] [org.gradle.internal.operations.DefaultBuildOperationExecutor] Build operation 'Resolve spring-security-bom.pom (org.springframework.security:spring-security-bom:4.2.3.RELEASE)' started
13:07:24.381 [DEBUG] [org.gradle.api.internal.artifacts.ivyservice.ivyresolve.CachingModuleComponentRepository] Found artifact 'spring-security-bom.pom (org.springframework.security:spring-security-bom:4.2.3.RELEASE)' in resolver cache: /Users/bconnors/.gradle/caches/modules-2/files-2.1/org.springframework.security/spring-security-bom/4.2.3.RELEASE/8d59cdb02126f4e0591a792a08e643eab6289352/spring-security-bom-4.2.3.RELEASE.pom
13:07:24.381 [DEBUG] [org.gradle.internal.operations.DefaultBuildOperationExecutor] Completing Build operation 'Resolve spring-security-bom.pom (org.springframework.security:spring-security-bom:4.2.3.RELEASE)'
13:07:24.381 [DEBUG] [org.gradle.internal.operations.DefaultBuildOperationExecutor] Build operation 'Resolve spring-security-bom.pom (org.springframework.security:spring-security-bom:4.2.3.RELEASE)' completed
13:07:24.381 [DEBUG] [org.gradle.internal.work.DefaultWorkerLeaseService] Worker lease root.1.9.38.39 completed (1 worker(s) in use)
13:07:24.381 [DEBUG] [org.gradle.internal.resources.AbstractTrackedResourceLock] Task worker for ':': released lock on root.1.9.38.39
13:07:24.382 [DEBUG] [org.gradle.internal.operations.DefaultBuildOperationExecutor] Completing Build operation 'Resolve files of :detachedConfiguration17'
13:07:24.382 [DEBUG] [org.gradle.internal.operations.DefaultBuildOperationExecutor] Build operation 'Resolve files of :detachedConfiguration17' completed
13:07:24.384 [DEBUG] [io.spring.gradle.dependencymanagement.internal.DependencyManagementContainer] Found managed version '1.5.4.RELEASE' for dependency 'org.springframework.boot:spring-boot-starter-web' in global dependency management
13:07:24.384 [DEBUG] [io.spring.gradle.dependencymanagement.internal.VersionConfiguringAction] Using version '1.5.4.RELEASE' for dependency 'org.springframework.boot:spring-boot-starter-web:'
13:07:24.384 [DEBUG] [io.spring.gradle.dependencymanagement.internal.VersionConfiguringAction] Processing dependency 'org.springframework.boot:spring-boot-starter-data-mongodb:'
13:07:24.384 [DEBUG] [io.spring.gradle.dependencymanagement.internal.DependencyManagementContainer] Found managed version '1.5.4.RELEASE' for dependency 'org.springframework.boot:spring-boot-starter-data-mongodb' in global dependency management
13:07:24.384 [DEBUG] [io.spring.gradle.dependencymanagement.internal.VersionConfiguringAction] Using version '1.5.4.RELEASE' for dependency 'org.springframework.boot:spring-boot-starter-data-mongodb:'
13:07:24.384 [DEBUG] [io.spring.gradle.dependencymanagement.internal.VersionConfiguringAction] Processing dependency 'com.github.fakemongo:fongo:2.1.1'
13:07:24.384 [DEBUG] [io.spring.gradle.dependencymanagement.internal.DependencyManagementContainer] Found managed version '2.1.1' for dependency 'com.github.fakemongo:fongo' in dependency management for configuration 'compileClasspath'
13:07:24.384 [DEBUG] [io.spring.gradle.dependencymanagement.internal.VersionConfiguringAction] Using version '2.1.1' for dependency 'com.github.fakemongo:fongo:2.1.1'
13:07:24.384 [DEBUG] [org.gradle.api.internal.artifacts.ivyservice.ivyresolve.RepositoryChainComponentMetaDataResolver] Attempting to resolve component for org.springframework.boot:spring-boot-starter-web:1.5.4.RELEASE using repositories [MavenRepo]
13:07:24.384 [DEBUG] [org.gradle.api.internal.artifacts.ivyservice.ivyresolve.CachingModuleComponentRepository] Using cached module metadata for module 'org.springframework.boot:spring-boot-starter-web:1.5.4.RELEASE' in 'MavenRepo'
13:07:24.385 [DEBUG] [org.gradle.api.internal.artifacts.ivyservice.ivyresolve.RepositoryChainComponentMetaDataResolver] Using org.springframework.boot:spring-boot-starter-web:1.5.4.RELEASE from Maven repository 'MavenRepo'
13:07:24.385 [DEBUG] [org.gradle.api.internal.artifacts.ivyservice.ivyresolve.RepositoryChainComponentMetaDataResolver] Attempting to resolve component for org.springframework.boot:spring-boot-starter-data-mongodb:1.5.4.RELEASE using repositories [MavenRepo]
13:07:24.385 [DEBUG] [org.gradle.api.internal.artifacts.ivyservice.ivyresolve.CachingModuleComponentRepository] Using cached module metadata for module 'org.springframework.boot:spring-boot-starter-data-mongodb:1.5.4.RELEASE' in 'MavenRepo'
13:07:24.385 [DEBUG] [org.gradle.api.internal.artifacts.ivyservice.ivyresolve.RepositoryChainComponentMetaDataResolver] Using org.springframework.boot:spring-boot-starter-data-mongodb:1.5.4.RELEASE from Maven repository 'MavenRepo'
13:07:24.385 [DEBUG] [org.gradle.api.internal.artifacts.ivyservice.ivyresolve.RepositoryChainComponentMetaDataResolver] Attempting to resolve component for com.github.fakemongo:fongo:2.1.1 using repositories [MavenRepo]
13:07:24.385 [DEBUG] [org.gradle.api.internal.artifacts.ivyservice.ivyresolve.CachingModuleComponentRepository] Using cached module metadata for module 'com.github.fakemongo:fongo:2.1.1' in 'MavenRepo'
13:07:24.385 [DEBUG] [org.gradle.api.internal.artifacts.ivyservice.ivyresolve.RepositoryChainComponentMetaDataResolver] Using com.github.fakemongo:fongo:2.1.1 from Maven repository 'MavenRepo'
13:07:24.385 [DEBUG] [org.gradle.api.internal.artifacts.ivyservice.resolveengine.graph.builder.DependencyGraphBuilder] Visiting configuration org.springframework.boot:spring-boot-starter-web:1.5.4.RELEASE(default).
13:07:24.385 [DEBUG] [io.spring.gradle.dependencymanagement.internal.VersionConfiguringAction] Processing dependency 'org.springframework.boot:spring-boot-starter:1.5.4.RELEASE'
13:07:24.385 [DEBUG] [io.spring.gradle.dependencymanagement.internal.DependencyManagementContainer] Found managed version '1.5.4.RELEASE' for dependency 'org.springframework.boot:spring-boot-starter' in global dependency management
13:07:24.385 [DEBUG] [io.spring.gradle.dependencymanagement.internal.VersionConfiguringAction] Using version '1.5.4.RELEASE' for dependency 'org.springframework.boot:spring-boot-starter:1.5.4.RELEASE'
13:07:24.385 [DEBUG] [io.spring.gradle.dependencymanagement.internal.VersionConfiguringAction] Processing dependency 'org.springframework.boot:spring-boot-starter-tomcat:1.5.4.RELEASE'
13:07:24.385 [DEBUG] [io.spring.gradle.dependencymanagement.internal.DependencyManagementContainer] Found managed version '1.5.4.RELEASE' for dependency 'org.springframework.boot:spring-boot-starter-tomcat' in global dependency management
13:07:24.385 [DEBUG] [io.spring.gradle.dependencymanagement.internal.VersionConfiguringAction] Using version '1.5.4.RELEASE' for dependency 'org.springframework.boot:spring-boot-starter-tomcat:1.5.4.RELEASE'
13:07:24.385 [DEBUG] [io.spring.gradle.dependencymanagement.internal.VersionConfiguringAction] Processing dependency 'org.hibernate:hibernate-validator:5.3.5.Final'
13:07:24.385 [DEBUG] [io.spring.gradle.dependencymanagement.internal.DependencyManagementContainer] Found managed version '5.3.5.Final' for dependency 'org.hibernate:hibernate-validator' in global dependency management
13:07:24.385 [DEBUG] [io.spring.gradle.dependencymanagement.internal.VersionConfiguringAction] Using version '5.3.5.Final' for dependency 'org.hibernate:hibernate-validator:5.3.5.Final'
13:07:24.385 [DEBUG] [io.spring.gradle.dependencymanagement.internal.VersionConfiguringAction] Processing dependency 'com.fasterxml.jackson.core:jackson-databind:2.8.8'
13:07:24.385 [DEBUG] [io.spring.gradle.dependencymanagement.internal.DependencyManagementContainer] Found managed version '2.8.8' for dependency 'com.fasterxml.jackson.core:jackson-databind' in global dependency management
13:07:24.385 [DEBUG] [io.spring.gradle.dependencymanagement.internal.VersionConfiguringAction] Using version '2.8.8' for dependency 'com.fasterxml.jackson.core:jackson-databind:2.8.8'
13:07:24.385 [DEBUG] [io.spring.gradle.dependencymanagement.internal.VersionConfiguringAction] Processing dependency 'org.springframework:spring-web:4.3.9.RELEASE'
13:07:24.385 [DEBUG] [io.spring.gradle.dependencymanagement.internal.DependencyManagementContainer] Found managed version '4.3.9.RELEASE' for dependency 'org.springframework:spring-web' in global dependency management
13:07:24.385 [DEBUG] [io.spring.gradle.dependencymanagement.internal.VersionConfiguringAction] Using version '4.3.9.RELEASE' for dependency 'org.springframework:spring-web:4.3.9.RELEASE'
13:07:24.385 [DEBUG] [io.spring.gradle.dependencymanagement.internal.VersionConfiguringAction] Processing dependency 'org.springframework:spring-webmvc:4.3.9.RELEASE'
13:07:24.385 [DEBUG] [io.spring.gradle.dependencymanagement.internal.DependencyManagementContainer] Found managed version '4.3.9.RELEASE' for dependency 'org.springframework:spring-webmvc' in global dependency management
13:07:24.385 [DEBUG] [io.spring.gradle.dependencymanagement.internal.VersionConfiguringAction] Using version '4.3.9.RELEASE' for dependency 'org.springframework:spring-webmvc:4.3.9.RELEASE'
13:07:24.386 [DEBUG] [org.gradle.api.internal.artifacts.ivyservice.ivyresolve.RepositoryChainComponentMetaDataResolver] Attempting to resolve component for org.springframework.boot:spring-boot-starter:1.5.4.RELEASE using repositories [MavenRepo]
13:07:24.386 [DEBUG] [org.gradle.api.internal.artifacts.ivyservice.ivyresolve.CachingModuleComponentRepository] Using cached module metadata for module 'org.springframework.boot:spring-boot-starter:1.5.4.RELEASE' in 'MavenRepo'
13:07:24.386 [DEBUG] [org.gradle.api.internal.artifacts.ivyservice.ivyresolve.RepositoryChainComponentMetaDataResolver] Using org.springframework.boot:spring-boot-starter:1.5.4.RELEASE from Maven repository 'MavenRepo'
13:07:24.386 [DEBUG] [org.gradle.api.internal.artifacts.ivyservice.ivyresolve.RepositoryChainComponentMetaDataResolver] Attempting to resolve component for org.springframework.boot:spring-boot-starter-tomcat:1.5.4.RELEASE using repositories [MavenRepo]
13:07:24.386 [DEBUG] [org.gradle.api.internal.artifacts.ivyservice.ivyresolve.CachingModuleComponentRepository] Using cached module metadata for module 'org.springframework.boot:spring-boot-starter-tomcat:1.5.4.RELEASE' in 'MavenRepo'
13:07:24.386 [DEBUG] [org.gradle.api.internal.artifacts.ivyservice.ivyresolve.RepositoryChainComponentMetaDataResolver] Using org.springframework.boot:spring-boot-starter-tomcat:1.5.4.RELEASE from Maven repository 'MavenRepo'
13:07:24.386 [DEBUG] [org.gradle.api.internal.artifacts.ivyservice.ivyresolve.RepositoryChainComponentMetaDataResolver] Attempting to resolve component for org.hibernate:hibernate-validator:5.3.5.Final using repositories [MavenRepo]
13:07:24.386 [DEBUG] [org.gradle.api.internal.artifacts.ivyservice.ivyresolve.CachingModuleComponentRepository] Using cached module metadata for module 'org.hibernate:hibernate-validator:5.3.5.Final' in 'MavenRepo'
13:07:24.386 [DEBUG] [org.gradle.api.internal.artifacts.ivyservice.ivyresolve.RepositoryChainComponentMetaDataResolver] Using org.hibernate:hibernate-validator:5.3.5.Final from Maven repository 'MavenRepo'
13:07:24.386 [DEBUG] [org.gradle.api.internal.artifacts.ivyservice.ivyresolve.RepositoryChainComponentMetaDataResolver] Attempting to resolve component for com.fasterxml.jackson.core:jackson-databind:2.8.8 using repositories [MavenRepo]
13:07:24.386 [DEBUG] [org.gradle.api.internal.artifacts.ivyservice.ivyresolve.CachingModuleComponentRepository] Using cached module metadata for module 'com.fasterxml.jackson.core:jackson-databind:2.8.8' in 'MavenRepo'
13:07:24.386 [DEBUG] [org.gradle.api.internal.artifacts.ivyservice.ivyresolve.RepositoryChainComponentMetaDataResolver] Using com.fasterxml.jackson.core:jackson-databind:2.8.8 from Maven repository 'MavenRepo'
13:07:24.387 [DEBUG] [org.gradle.api.internal.artifacts.ivyservice.ivyresolve.RepositoryChainComponentMetaDataResolver] Attempting to resolve component for org.springframework:spring-web:4.3.9.RELEASE using repositories [MavenRepo]
13:07:24.387 [DEBUG] [org.gradle.api.internal.artifacts.ivyservice.ivyresolve.CachingModuleComponentRepository] Using cached module metadata for module 'org.springframework:spring-web:4.3.9.RELEASE' in 'MavenRepo'
13:07:24.387 [DEBUG] [org.gradle.api.internal.artifacts.ivyservice.ivyresolve.RepositoryChainComponentMetaDataResolver] Using org.springframework:spring-web:4.3.9.RELEASE from Maven repository 'MavenRepo'
13:07:24.387 [DEBUG] [org.gradle.api.internal.artifacts.ivyservice.ivyresolve.RepositoryChainComponentMetaDataResolver] Attempting to resolve component for org.springframework:spring-webmvc:4.3.9.RELEASE using repositories [MavenRepo]
13:07:24.387 [DEBUG] [org.gradle.api.internal.artifacts.ivyservice.ivyresolve.CachingModuleComponentRepository] Using cached module metadata for module 'org.springframework:spring-webmvc:4.3.9.RELEASE' in 'MavenRepo'
13:07:24.387 [DEBUG] [org.gradle.api.internal.artifacts.ivyservice.ivyresolve.RepositoryChainComponentMetaDataResolver] Using org.springframework:spring-webmvc:4.3.9.RELEASE from Maven repository 'MavenRepo'
13:07:24.387 [DEBUG] [org.gradle.api.internal.artifacts.ivyservice.resolveengine.graph.builder.DependencyGraphBuilder] Visiting configuration org.springframework.boot:spring-boot-starter-data-mongodb:1.5.4.RELEASE(default).
13:07:24.387 [DEBUG] [io.spring.gradle.dependencymanagement.internal.VersionConfiguringAction] Processing dependency 'org.mongodb:mongodb-driver:3.4.2'
13:07:24.387 [DEBUG] [io.spring.gradle.dependencymanagement.internal.DependencyManagementContainer] Found managed version '3.4.2' for dependency 'org.mongodb:mongodb-driver' in global dependency management
13:07:24.387 [DEBUG] [io.spring.gradle.dependencymanagement.internal.VersionConfiguringAction] Using version '3.4.2' for dependency 'org.mongodb:mongodb-driver:3.4.2'
13:07:24.387 [DEBUG] [io.spring.gradle.dependencymanagement.internal.VersionConfiguringAction] Processing dependency 'org.springframework.data:spring-data-mongodb:1.10.4.RELEASE'
13:07:24.387 [DEBUG] [io.spring.gradle.dependencymanagement.internal.DependencyManagementContainer] Found managed version '1.10.4.RELEASE' for dependency 'org.springframework.data:spring-data-mongodb' in global dependency management
13:07:24.387 [DEBUG] [io.spring.gradle.dependencymanagement.internal.VersionConfiguringAction] Using version '1.10.4.RELEASE' for dependency 'org.springframework.data:spring-data-mongodb:1.10.4.RELEASE'
13:07:24.388 [DEBUG] [org.gradle.api.internal.artifacts.ivyservice.ivyresolve.RepositoryChainComponentMetaDataResolver] Attempting to resolve component for org.mongodb:mongodb-driver:3.4.2 using repositories [MavenRepo]
13:07:24.388 [DEBUG] [org.gradle.api.internal.artifacts.ivyservice.ivyresolve.CachingModuleComponentRepository] Using cached module metadata for module 'org.mongodb:mongodb-driver:3.4.2' in 'MavenRepo'
13:07:24.388 [DEBUG] [org.gradle.api.internal.artifacts.ivyservice.ivyresolve.RepositoryChainComponentMetaDataResolver] Using org.mongodb:mongodb-driver:3.4.2 from Maven repository 'MavenRepo'
13:07:24.388 [DEBUG] [org.gradle.api.internal.artifacts.ivyservice.ivyresolve.RepositoryChainComponentMetaDataResolver] Attempting to resolve component for org.springframework.data:spring-data-mongodb:1.10.4.RELEASE using repositories [MavenRepo]
13:07:24.388 [DEBUG] [org.gradle.api.internal.artifacts.ivyservice.ivyresolve.CachingModuleComponentRepository] Using cached module metadata for module 'org.springframework.data:spring-data-mongodb:1.10.4.RELEASE' in 'MavenRepo'
13:07:24.388 [DEBUG] [org.gradle.api.internal.artifacts.ivyservice.ivyresolve.RepositoryChainComponentMetaDataResolver] Using org.springframework.data:spring-data-mongodb:1.10.4.RELEASE from Maven repository 'MavenRepo'
13:07:24.388 [DEBUG] [org.gradle.api.internal.artifacts.ivyservice.resolveengine.graph.builder.DependencyGraphBuilder] Visiting configuration com.github.fakemongo:fongo:2.1.1(default).
13:07:24.388 [DEBUG] [io.spring.gradle.dependencymanagement.internal.VersionConfiguringAction] Processing dependency 'org.mozilla:rhino:1.7.7.1'
13:07:24.388 [DEBUG] [io.spring.gradle.dependencymanagement.internal.VersionConfiguringAction] No dependency management for dependency 'org.mozilla:rhino:1.7.7.1'
13:07:24.388 [DEBUG] [io.spring.gradle.dependencymanagement.internal.VersionConfiguringAction] Processing dependency 'com.vividsolutions:jts:1.13'
13:07:24.388 [DEBUG] [io.spring.gradle.dependencymanagement.internal.VersionConfiguringAction] No dependency management for dependency 'com.vividsolutions:jts:1.13'
13:07:24.388 [DEBUG] [io.spring.gradle.dependencymanagement.internal.VersionConfiguringAction] Processing dependency 'de.grundid.opendatalab:geojson-jackson:1.2'
13:07:24.388 [DEBUG] [io.spring.gradle.dependencymanagement.internal.VersionConfiguringAction] No dependency management for dependency 'de.grundid.opendatalab:geojson-jackson:1.2'
13:07:24.389 [DEBUG] [org.gradle.api.internal.artifacts.ivyservice.ivyresolve.RepositoryChainComponentMetaDataResolver] Attempting to resolve component for org.mozilla:rhino:1.7.7.1 using repositories [MavenRepo]
13:07:24.389 [DEBUG] [org.gradle.api.internal.artifacts.ivyservice.ivyresolve.CachingModuleComponentRepository] Using cached module metadata for module 'org.mozilla:rhino:1.7.7.1' in 'MavenRepo'
13:07:24.389 [DEBUG] [org.gradle.api.internal.artifacts.ivyservice.ivyresolve.RepositoryChainComponentMetaDataResolver] Using org.mozilla:rhino:1.7.7.1 from Maven repository 'MavenRepo'
13:07:24.389 [DEBUG] [org.gradle.api.internal.artifacts.ivyservice.ivyresolve.RepositoryChainComponentMetaDataResolver] Attempting to resolve component for com.vividsolutions:jts:1.13 using repositories [MavenRepo]
13:07:24.389 [DEBUG] [org.gradle.api.internal.artifacts.ivyservice.ivyresolve.CachingModuleComponentRepository] Using cached module metadata for module 'com.vividsolutions:jts:1.13' in 'MavenRepo'
13:07:24.389 [DEBUG] [org.gradle.api.internal.artifacts.ivyservice.ivyresolve.RepositoryChainComponentMetaDataResolver] Using com.vividsolutions:jts:1.13 from Maven repository 'MavenRepo'
13:07:24.389 [DEBUG] [org.gradle.api.internal.artifacts.ivyservice.ivyresolve.RepositoryChainComponentMetaDataResolver] Attempting to resolve component for de.grundid.opendatalab:geojson-jackson:1.2 using repositories [MavenRepo]
13:07:24.389 [DEBUG] [org.gradle.api.internal.artifacts.ivyservice.ivyresolve.CachingModuleComponentRepository] Using cached module metadata for module 'de.grundid.opendatalab:geojson-jackson:1.2' in 'MavenRepo'
13:07:24.389 [DEBUG] [org.gradle.api.internal.artifacts.ivyservice.ivyresolve.RepositoryChainComponentMetaDataResolver] Using de.grundid.opendatalab:geojson-jackson:1.2 from Maven repository 'MavenRepo'
13:07:24.389 [DEBUG] [org.gradle.api.internal.artifacts.ivyservice.resolveengine.graph.builder.DependencyGraphBuilder] Visiting configuration org.springframework.boot:spring-boot-starter:1.5.4.RELEASE(runtime).
13:07:24.389 [DEBUG] [io.spring.gradle.dependencymanagement.internal.VersionConfiguringAction] Processing dependency 'org.springframework.boot:spring-boot:1.5.4.RELEASE'
13:07:24.389 [DEBUG] [io.spring.gradle.dependencymanagement.internal.DependencyManagementContainer] Found managed version '1.5.4.RELEASE' for dependency 'org.springframework.boot:spring-boot' in global dependency management
13:07:24.389 [DEBUG] [io.spring.gradle.dependencymanagement.internal.VersionConfiguringAction] Using version '1.5.4.RELEASE' for dependency 'org.springframework.boot:spring-boot:1.5.4.RELEASE'
13:07:24.389 [DEBUG] [io.spring.gradle.dependencymanagement.internal.VersionConfiguringAction] Processing dependency 'org.springframework.boot:spring-boot-autoconfigure:1.5.4.RELEASE'
13:07:24.389 [DEBUG] [io.spring.gradle.dependencymanagement.internal.DependencyManagementContainer] Found managed version '1.5.4.RELEASE' for dependency 'org.springframework.boot:spring-boot-autoconfigure' in global dependency management
13:07:24.390 [DEBUG] [io.spring.gradle.dependencymanagement.internal.VersionConfiguringAction] Using version '1.5.4.RELEASE' for dependency 'org.springframework.boot:spring-boot-autoconfigure:1.5.4.RELEASE'
13:07:24.390 [DEBUG] [io.spring.gradle.dependencymanagement.internal.VersionConfiguringAction] Processing dependency 'org.springframework.boot:spring-boot-starter-logging:1.5.4.RELEASE'
13:07:24.390 [DEBUG] [io.spring.gradle.dependencymanagement.internal.DependencyManagementContainer] Found managed version '1.5.4.RELEASE' for dependency 'org.springframework.boot:spring-boot-starter-logging' in global dependency management
13:07:24.390 [DEBUG] [io.spring.gradle.dependencymanagement.internal.VersionConfiguringAction] Using version '1.5.4.RELEASE' for dependency 'org.springframework.boot:spring-boot-starter-logging:1.5.4.RELEASE'
13:07:24.390 [DEBUG] [io.spring.gradle.dependencymanagement.internal.VersionConfiguringAction] Processing dependency 'org.springframework:spring-core:4.3.9.RELEASE'
13:07:24.390 [DEBUG] [io.spring.gradle.dependencymanagement.internal.DependencyManagementContainer] Found managed version '4.3.9.RELEASE' for dependency 'org.springframework:spring-core' in global dependency management
13:07:24.390 [DEBUG] [io.spring.gradle.dependencymanagement.internal.VersionConfiguringAction] Using version '4.3.9.RELEASE' for dependency 'org.springframework:spring-core:4.3.9.RELEASE'
13:07:24.390 [DEBUG] [io.spring.gradle.dependencymanagement.internal.VersionConfiguringAction] Processing dependency 'org.yaml:snakeyaml:1.17'
13:07:24.390 [DEBUG] [io.spring.gradle.dependencymanagement.internal.DependencyManagementContainer] Found managed version '1.17' for dependency 'org.yaml:snakeyaml' in global dependency management
13:07:24.390 [DEBUG] [io.spring.gradle.dependencymanagement.internal.VersionConfiguringAction] Using version '1.17' for dependency 'org.yaml:snakeyaml:1.17'
13:07:24.390 [DEBUG] [org.gradle.api.internal.artifacts.ivyservice.ivyresolve.RepositoryChainComponentMetaDataResolver] Attempting to resolve component for org.springframework.boot:spring-boot:1.5.4.RELEASE using repositories [MavenRepo]
13:07:24.390 [DEBUG] [org.gradle.api.internal.artifacts.ivyservice.ivyresolve.CachingModuleComponentRepository] Using cached module metadata for module 'org.springframework.boot:spring-boot:1.5.4.RELEASE' in 'MavenRepo'
13:07:24.390 [DEBUG] [org.gradle.api.internal.artifacts.ivyservice.ivyresolve.RepositoryChainComponentMetaDataResolver] Using org.springframework.boot:spring-boot:1.5.4.RELEASE from Maven repository 'MavenRepo'
13:07:24.390 [DEBUG] [org.gradle.api.internal.artifacts.ivyservice.ivyresolve.RepositoryChainComponentMetaDataResolver] Attempting to resolve component for org.springframework.boot:spring-boot-autoconfigure:1.5.4.RELEASE using repositories [MavenRepo]
13:07:24.390 [DEBUG] [org.gradle.api.internal.artifacts.ivyservice.ivyresolve.CachingModuleComponentRepository] Using cached module metadata for module 'org.springframework.boot:spring-boot-autoconfigure:1.5.4.RELEASE' in 'MavenRepo'
13:07:24.391 [DEBUG] [org.gradle.api.internal.artifacts.ivyservice.ivyresolve.RepositoryChainComponentMetaDataResolver] Using org.springframework.boot:spring-boot-autoconfigure:1.5.4.RELEASE from Maven repository 'MavenRepo'
13:07:24.391 [DEBUG] [org.gradle.api.internal.artifacts.ivyservice.ivyresolve.RepositoryChainComponentMetaDataResolver] Attempting to resolve component for org.springframework.boot:spring-boot-starter-logging:1.5.4.RELEASE using repositories [MavenRepo]
13:07:24.391 [DEBUG] [org.gradle.api.internal.artifacts.ivyservice.ivyresolve.CachingModuleComponentRepository] Using cached module metadata for module 'org.springframework.boot:spring-boot-starter-logging:1.5.4.RELEASE' in 'MavenRepo'
13:07:24.391 [DEBUG] [org.gradle.api.internal.artifacts.ivyservice.ivyresolve.RepositoryChainComponentMetaDataResolver] Using org.springframework.boot:spring-boot-starter-logging:1.5.4.RELEASE from Maven repository 'MavenRepo'
13:07:24.391 [DEBUG] [org.gradle.api.internal.artifacts.ivyservice.ivyresolve.RepositoryChainComponentMetaDataResolver] Attempting to resolve component for org.springframework:spring-core:4.3.9.RELEASE using repositories [MavenRepo]
13:07:24.391 [DEBUG] [org.gradle.api.internal.artifacts.ivyservice.ivyresolve.CachingModuleComponentRepository] Using cached module metadata for module 'org.springframework:spring-core:4.3.9.RELEASE' in 'MavenRepo'
13:07:24.391 [DEBUG] [org.gradle.api.internal.artifacts.ivyservice.ivyresolve.RepositoryChainComponentMetaDataResolver] Using org.springframework:spring-core:4.3.9.RELEASE from Maven repository 'MavenRepo'
13:07:24.391 [DEBUG] [org.gradle.api.internal.artifacts.ivyservice.ivyresolve.RepositoryChainComponentMetaDataResolver] Attempting to resolve component for org.yaml:snakeyaml:1.17 using repositories [MavenRepo]
13:07:24.391 [DEBUG] [org.gradle.api.internal.artifacts.ivyservice.ivyresolve.CachingModuleComponentRepository] Using cached module metadata for module 'org.yaml:snakeyaml:1.17' in 'MavenRepo'
13:07:24.391 [DEBUG] [org.gradle.api.internal.artifacts.ivyservice.ivyresolve.RepositoryChainComponentMetaDataResolver] Using org.yaml:snakeyaml:1.17 from Maven repository 'MavenRepo'
13:07:24.391 [DEBUG] [org.gradle.api.internal.artifacts.ivyservice.resolveengine.graph.builder.DependencyGraphBuilder] Visiting configuration org.springframework.boot:spring-boot-starter-tomcat:1.5.4.RELEASE(runtime).
13:07:24.391 [DEBUG] [io.spring.gradle.dependencymanagement.internal.VersionConfiguringAction] Processing dependency 'org.apache.tomcat.embed:tomcat-embed-core:8.5.15'
13:07:24.391 [DEBUG] [io.spring.gradle.dependencymanagement.internal.DependencyManagementContainer] Found managed version '8.5.15' for dependency 'org.apache.tomcat.embed:tomcat-embed-core' in global dependency management
13:07:24.391 [DEBUG] [io.spring.gradle.dependencymanagement.internal.VersionConfiguringAction] Using version '8.5.15' for dependency 'org.apache.tomcat.embed:tomcat-embed-core:8.5.15'
13:07:24.391 [DEBUG] [io.spring.gradle.dependencymanagement.internal.VersionConfiguringAction] Processing dependency 'org.apache.tomcat.embed:tomcat-embed-el:8.5.15'
13:07:24.391 [DEBUG] [io.spring.gradle.dependencymanagement.internal.DependencyManagementContainer] Found managed version '8.5.15' for dependency 'org.apache.tomcat.embed:tomcat-embed-el' in global dependency management
13:07:24.391 [DEBUG] [io.spring.gradle.dependencymanagement.internal.VersionConfiguringAction] Using version '8.5.15' for dependency 'org.apache.tomcat.embed:tomcat-embed-el:8.5.15'
13:07:24.391 [DEBUG] [io.spring.gradle.dependencymanagement.internal.VersionConfiguringAction] Processing dependency 'org.apache.tomcat.embed:tomcat-embed-websocket:8.5.15'
13:07:24.391 [DEBUG] [io.spring.gradle.dependencymanagement.internal.DependencyManagementContainer] Found managed version '8.5.15' for dependency 'org.apache.tomcat.embed:tomcat-embed-websocket' in global dependency management
13:07:24.391 [DEBUG] [io.spring.gradle.dependencymanagement.internal.VersionConfiguringAction] Using version '8.5.15' for dependency 'org.apache.tomcat.embed:tomcat-embed-websocket:8.5.15'
13:07:24.391 [DEBUG] [org.gradle.api.internal.artifacts.ivyservice.ivyresolve.RepositoryChainComponentMetaDataResolver] Attempting to resolve component for org.apache.tomcat.embed:tomcat-embed-core:8.5.15 using repositories [MavenRepo]
13:07:24.392 [DEBUG] [org.gradle.api.internal.artifacts.ivyservice.ivyresolve.CachingModuleComponentRepository] Using cached module metadata for module 'org.apache.tomcat.embed:tomcat-embed-core:8.5.15' in 'MavenRepo'
13:07:24.392 [DEBUG] [org.gradle.api.internal.artifacts.ivyservice.ivyresolve.RepositoryChainComponentMetaDataResolver] Using org.apache.tomcat.embed:tomcat-embed-core:8.5.15 from Maven repository 'MavenRepo'
13:07:24.392 [DEBUG] [org.gradle.api.internal.artifacts.ivyservice.ivyresolve.RepositoryChainComponentMetaDataResolver] Attempting to resolve component for org.apache.tomcat.embed:tomcat-embed-el:8.5.15 using repositories [MavenRepo]
13:07:24.392 [DEBUG] [org.gradle.api.internal.artifacts.ivyservice.ivyresolve.CachingModuleComponentRepository] Using cached module metadata for module 'org.apache.tomcat.embed:tomcat-embed-el:8.5.15' in 'MavenRepo'
13:07:24.392 [DEBUG] [org.gradle.api.internal.artifacts.ivyservice.ivyresolve.RepositoryChainComponentMetaDataResolver] Using org.apache.tomcat.embed:tomcat-embed-el:8.5.15 from Maven repository 'MavenRepo'
13:07:24.392 [DEBUG] [org.gradle.api.internal.artifacts.ivyservice.ivyresolve.RepositoryChainComponentMetaDataResolver] Attempting to resolve component for org.apache.tomcat.embed:tomcat-embed-websocket:8.5.15 using repositories [MavenRepo]
13:07:24.392 [DEBUG] [org.gradle.api.internal.artifacts.ivyservice.ivyresolve.CachingModuleComponentRepository] Using cached module metadata for module 'org.apache.tomcat.embed:tomcat-embed-websocket:8.5.15' in 'MavenRepo'
13:07:24.392 [DEBUG] [org.gradle.api.internal.artifacts.ivyservice.ivyresolve.RepositoryChainComponentMetaDataResolver] Using org.apache.tomcat.embed:tomcat-embed-websocket:8.5.15 from Maven repository 'MavenRepo'
13:07:24.392 [DEBUG] [org.gradle.api.internal.artifacts.ivyservice.resolveengine.graph.builder.DependencyGraphBuilder] Visiting configuration org.hibernate:hibernate-validator:5.3.5.Final(runtime).
13:07:24.392 [DEBUG] [io.spring.gradle.dependencymanagement.internal.VersionConfiguringAction] Processing dependency 'javax.validation:validation-api:1.1.0.Final'
13:07:24.392 [DEBUG] [io.spring.gradle.dependencymanagement.internal.DependencyManagementContainer] Found managed version '1.1.0.Final' for dependency 'javax.validation:validation-api' in global dependency management
13:07:24.392 [DEBUG] [io.spring.gradle.dependencymanagement.internal.VersionConfiguringAction] Using version '1.1.0.Final' for dependency 'javax.validation:validation-api:1.1.0.Final'
13:07:24.392 [DEBUG] [io.spring.gradle.dependencymanagement.internal.VersionConfiguringAction] Processing dependency 'org.jboss.logging:jboss-logging:3.3.0.Final'
13:07:24.392 [DEBUG] [io.spring.gradle.dependencymanagement.internal.DependencyManagementContainer] Found managed version '3.3.1.Final' for dependency 'org.jboss.logging:jboss-logging' in global dependency management
13:07:24.392 [DEBUG] [io.spring.gradle.dependencymanagement.internal.VersionConfiguringAction] Using version '3.3.1.Final' for dependency 'org.jboss.logging:jboss-logging:3.3.0.Final'
13:07:24.392 [DEBUG] [io.spring.gradle.dependencymanagement.internal.VersionConfiguringAction] Processing dependency 'com.fasterxml:classmate:1.3.1'
13:07:24.392 [DEBUG] [io.spring.gradle.dependencymanagement.internal.DependencyManagementContainer] Found managed version '1.3.3' for dependency 'com.fasterxml:classmate' in global dependency management
13:07:24.392 [DEBUG] [io.spring.gradle.dependencymanagement.internal.VersionConfiguringAction] Using version '1.3.3' for dependency 'com.fasterxml:classmate:1.3.1'
13:07:24.392 [DEBUG] [org.gradle.api.internal.artifacts.ivyservice.ivyresolve.RepositoryChainComponentMetaDataResolver] Attempting to resolve component for javax.validation:validation-api:1.1.0.Final using repositories [MavenRepo]
13:07:24.392 [DEBUG] [org.gradle.api.internal.artifacts.ivyservice.ivyresolve.CachingModuleComponentRepository] Using cached module metadata for module 'javax.validation:validation-api:1.1.0.Final' in 'MavenRepo'
13:07:24.393 [DEBUG] [org.gradle.api.internal.artifacts.ivyservice.ivyresolve.RepositoryChainComponentMetaDataResolver] Using javax.validation:validation-api:1.1.0.Final from Maven repository 'MavenRepo'
13:07:24.393 [DEBUG] [org.gradle.api.internal.artifacts.ivyservice.ivyresolve.RepositoryChainComponentMetaDataResolver] Attempting to resolve component for org.jboss.logging:jboss-logging:3.3.1.Final using repositories [MavenRepo]
13:07:24.393 [DEBUG] [org.gradle.api.internal.artifacts.ivyservice.ivyresolve.CachingModuleComponentRepository] Using cached module metadata for module 'org.jboss.logging:jboss-logging:3.3.1.Final' in 'MavenRepo'
13:07:24.393 [DEBUG] [org.gradle.api.internal.artifacts.ivyservice.ivyresolve.RepositoryChainComponentMetaDataResolver] Using org.jboss.logging:jboss-logging:3.3.1.Final from Maven repository 'MavenRepo'
13:07:24.393 [DEBUG] [org.gradle.api.internal.artifacts.ivyservice.ivyresolve.RepositoryChainComponentMetaDataResolver] Attempting to resolve component for com.fasterxml:classmate:1.3.3 using repositories [MavenRepo]
13:07:24.393 [DEBUG] [org.gradle.api.internal.artifacts.ivyservice.ivyresolve.CachingModuleComponentRepository] Using cached module metadata for module 'com.fasterxml:classmate:1.3.3' in 'MavenRepo'
13:07:24.393 [DEBUG] [org.gradle.api.internal.artifacts.ivyservice.ivyresolve.RepositoryChainComponentMetaDataResolver] Using com.fasterxml:classmate:1.3.3 from Maven repository 'MavenRepo'
13:07:24.393 [DEBUG] [org.gradle.api.internal.artifacts.ivyservice.resolveengine.graph.builder.DependencyGraphBuilder] Visiting configuration com.fasterxml.jackson.core:jackson-databind:2.8.8(runtime).
13:07:24.393 [DEBUG] [io.spring.gradle.dependencymanagement.internal.VersionConfiguringAction] Processing dependency 'com.fasterxml.jackson.core:jackson-annotations:2.8.0'
13:07:24.393 [DEBUG] [io.spring.gradle.dependencymanagement.internal.DependencyManagementContainer] Found managed version '2.8.0' for dependency 'com.fasterxml.jackson.core:jackson-annotations' in global dependency management
13:07:24.393 [DEBUG] [io.spring.gradle.dependencymanagement.internal.VersionConfiguringAction] Using version '2.8.0' for dependency 'com.fasterxml.jackson.core:jackson-annotations:2.8.0'
13:07:24.393 [DEBUG] [io.spring.gradle.dependencymanagement.internal.VersionConfiguringAction] Processing dependency 'com.fasterxml.jackson.core:jackson-core:2.8.8'
13:07:24.393 [DEBUG] [io.spring.gradle.dependencymanagement.internal.DependencyManagementContainer] Found managed version '2.8.8' for dependency 'com.fasterxml.jackson.core:jackson-core' in global dependency management
13:07:24.393 [DEBUG] [io.spring.gradle.dependencymanagement.internal.VersionConfiguringAction] Using version '2.8.8' for dependency 'com.fasterxml.jackson.core:jackson-core:2.8.8'
13:07:24.393 [DEBUG] [org.gradle.api.internal.artifacts.ivyservice.ivyresolve.RepositoryChainComponentMetaDataResolver] Attempting to resolve component for com.fasterxml.jackson.core:jackson-annotations:2.8.0 using repositories [MavenRepo]
13:07:24.393 [DEBUG] [org.gradle.api.internal.artifacts.ivyservice.ivyresolve.CachingModuleComponentRepository] Using cached module metadata for module 'com.fasterxml.jackson.core:jackson-annotations:2.8.0' in 'MavenRepo'
13:07:24.393 [DEBUG] [org.gradle.api.internal.artifacts.ivyservice.ivyresolve.RepositoryChainComponentMetaDataResolver] Using com.fasterxml.jackson.core:jackson-annotations:2.8.0 from Maven repository 'MavenRepo'
13:07:24.393 [DEBUG] [org.gradle.api.internal.artifacts.ivyservice.ivyresolve.RepositoryChainComponentMetaDataResolver] Attempting to resolve component for com.fasterxml.jackson.core:jackson-core:2.8.8 using repositories [MavenRepo]
13:07:24.393 [DEBUG] [org.gradle.api.internal.artifacts.ivyservice.ivyresolve.CachingModuleComponentRepository] Using cached module metadata for module 'com.fasterxml.jackson.core:jackson-core:2.8.8' in 'MavenRepo'
13:07:24.393 [DEBUG] [org.gradle.api.internal.artifacts.ivyservice.ivyresolve.RepositoryChainComponentMetaDataResolver] Using com.fasterxml.jackson.core:jackson-core:2.8.8 from Maven repository 'MavenRepo'
13:07:24.393 [DEBUG] [org.gradle.api.internal.artifacts.ivyservice.resolveengine.graph.builder.DependencyGraphBuilder] Visiting configuration org.springframework:spring-web:4.3.9.RELEASE(runtime).
13:07:24.393 [DEBUG] [io.spring.gradle.dependencymanagement.internal.VersionConfiguringAction] Processing dependency 'org.springframework:spring-aop:4.3.9.RELEASE'
13:07:24.394 [DEBUG] [io.spring.gradle.dependencymanagement.internal.DependencyManagementContainer] Found managed version '4.3.9.RELEASE' for dependency 'org.springframework:spring-aop' in global dependency management
13:07:24.394 [DEBUG] [io.spring.gradle.dependencymanagement.internal.VersionConfiguringAction] Using version '4.3.9.RELEASE' for dependency 'org.springframework:spring-aop:4.3.9.RELEASE'
13:07:24.394 [DEBUG] [io.spring.gradle.dependencymanagement.internal.VersionConfiguringAction] Processing dependency 'org.springframework:spring-beans:4.3.9.RELEASE'
13:07:24.394 [DEBUG] [io.spring.gradle.dependencymanagement.internal.DependencyManagementContainer] Found managed version '4.3.9.RELEASE' for dependency 'org.springframework:spring-beans' in global dependency management
13:07:24.394 [DEBUG] [io.spring.gradle.dependencymanagement.internal.VersionConfiguringAction] Using version '4.3.9.RELEASE' for dependency 'org.springframework:spring-beans:4.3.9.RELEASE'
13:07:24.394 [DEBUG] [io.spring.gradle.dependencymanagement.internal.VersionConfiguringAction] Processing dependency 'org.springframework:spring-context:4.3.9.RELEASE'
13:07:24.394 [DEBUG] [io.spring.gradle.dependencymanagement.internal.DependencyManagementContainer] Found managed version '4.3.9.RELEASE' for dependency 'org.springframework:spring-context' in global dependency management
13:07:24.394 [DEBUG] [io.spring.gradle.dependencymanagement.internal.VersionConfiguringAction] Using version '4.3.9.RELEASE' for dependency 'org.springframework:spring-context:4.3.9.RELEASE'
13:07:24.394 [DEBUG] [org.gradle.api.internal.artifacts.ivyservice.ivyresolve.RepositoryChainComponentMetaDataResolver] Attempting to resolve component for org.springframework:spring-aop:4.3.9.RELEASE using repositories [MavenRepo]
13:07:24.394 [DEBUG] [org.gradle.api.internal.artifacts.ivyservice.ivyresolve.CachingModuleComponentRepository] Using cached module metadata for module 'org.springframework:spring-aop:4.3.9.RELEASE' in 'MavenRepo'
13:07:24.394 [DEBUG] [org.gradle.api.internal.artifacts.ivyservice.ivyresolve.RepositoryChainComponentMetaDataResolver] Using org.springframework:spring-aop:4.3.9.RELEASE from Maven repository 'MavenRepo'
13:07:24.394 [DEBUG] [org.gradle.api.internal.artifacts.ivyservice.ivyresolve.RepositoryChainComponentMetaDataResolver] Attempting to resolve component for org.springframework:spring-beans:4.3.9.RELEASE using repositories [MavenRepo]
13:07:24.394 [DEBUG] [org.gradle.api.internal.artifacts.ivyservice.ivyresolve.CachingModuleComponentRepository] Using cached module metadata for module 'org.springframework:spring-beans:4.3.9.RELEASE' in 'MavenRepo'
13:07:24.394 [DEBUG] [org.gradle.api.internal.artifacts.ivyservice.ivyresolve.RepositoryChainComponentMetaDataResolver] Using org.springframework:spring-beans:4.3.9.RELEASE from Maven repository 'MavenRepo'
13:07:24.394 [DEBUG] [org.gradle.api.internal.artifacts.ivyservice.ivyresolve.RepositoryChainComponentMetaDataResolver] Attempting to resolve component for org.springframework:spring-context:4.3.9.RELEASE using repositories [MavenRepo]
13:07:24.394 [DEBUG] [org.gradle.api.internal.artifacts.ivyservice.ivyresolve.CachingModuleComponentRepository] Using cached module metadata for module 'org.springframework:spring-context:4.3.9.RELEASE' in 'MavenRepo'
13:07:24.394 [DEBUG] [org.gradle.api.internal.artifacts.ivyservice.ivyresolve.RepositoryChainComponentMetaDataResolver] Using org.springframework:spring-context:4.3.9.RELEASE from Maven repository 'MavenRepo'
13:07:24.394 [DEBUG] [org.gradle.api.internal.artifacts.ivyservice.resolveengine.graph.builder.DependencyGraphBuilder] Visiting configuration org.springframework:spring-webmvc:4.3.9.RELEASE(runtime).
13:07:24.394 [DEBUG] [io.spring.gradle.dependencymanagement.internal.VersionConfiguringAction] Processing dependency 'org.springframework:spring-expression:4.3.9.RELEASE'
13:07:24.394 [DEBUG] [io.spring.gradle.dependencymanagement.internal.DependencyManagementContainer] Found managed version '4.3.9.RELEASE' for dependency 'org.springframework:spring-expression' in global dependency management
13:07:24.394 [DEBUG] [io.spring.gradle.dependencymanagement.internal.VersionConfiguringAction] Using version '4.3.9.RELEASE' for dependency 'org.springframework:spring-expression:4.3.9.RELEASE'
13:07:24.395 [DEBUG] [org.gradle.api.internal.artifacts.ivyservice.ivyresolve.RepositoryChainComponentMetaDataResolver] Attempting to resolve component for org.springframework:spring-expression:4.3.9.RELEASE using repositories [MavenRepo]
13:07:24.395 [DEBUG] [org.gradle.api.internal.artifacts.ivyservice.ivyresolve.CachingModuleComponentRepository] Using cached module metadata for module 'org.springframework:spring-expression:4.3.9.RELEASE' in 'MavenRepo'
13:07:24.395 [DEBUG] [org.gradle.api.internal.artifacts.ivyservice.ivyresolve.RepositoryChainComponentMetaDataResolver] Using org.springframework:spring-expression:4.3.9.RELEASE from Maven repository 'MavenRepo'
13:07:24.395 [DEBUG] [org.gradle.api.internal.artifacts.ivyservice.resolveengine.graph.builder.DependencyGraphBuilder] Visiting configuration org.mongodb:mongodb-driver:3.4.2(runtime).
13:07:24.395 [DEBUG] [io.spring.gradle.dependencymanagement.internal.VersionConfiguringAction] Processing dependency 'org.mongodb:bson:3.4.2'
13:07:24.395 [DEBUG] [io.spring.gradle.dependencymanagement.internal.VersionConfiguringAction] No dependency management for dependency 'org.mongodb:bson:3.4.2'
13:07:24.395 [DEBUG] [io.spring.gradle.dependencymanagement.internal.VersionConfiguringAction] Processing dependency 'org.mongodb:mongodb-driver-core:3.4.2'
13:07:24.395 [DEBUG] [io.spring.gradle.dependencymanagement.internal.VersionConfiguringAction] No dependency management for dependency 'org.mongodb:mongodb-driver-core:3.4.2'
13:07:24.395 [DEBUG] [org.gradle.api.internal.artifacts.ivyservice.ivyresolve.RepositoryChainComponentMetaDataResolver] Attempting to resolve component for org.mongodb:bson:3.4.2 using repositories [MavenRepo]
13:07:24.395 [DEBUG] [org.gradle.api.internal.artifacts.ivyservice.ivyresolve.CachingModuleComponentRepository] Using cached module metadata for module 'org.mongodb:bson:3.4.2' in 'MavenRepo'
13:07:24.395 [DEBUG] [org.gradle.api.internal.artifacts.ivyservice.ivyresolve.RepositoryChainComponentMetaDataResolver] Using org.mongodb:bson:3.4.2 from Maven repository 'MavenRepo'
13:07:24.395 [DEBUG] [org.gradle.api.internal.artifacts.ivyservice.ivyresolve.RepositoryChainComponentMetaDataResolver] Attempting to resolve component for org.mongodb:mongodb-driver-core:3.4.2 using repositories [MavenRepo]
13:07:24.395 [DEBUG] [org.gradle.api.internal.artifacts.ivyservice.ivyresolve.CachingModuleComponentRepository] Using cached module metadata for module 'org.mongodb:mongodb-driver-core:3.4.2' in 'MavenRepo'
13:07:24.395 [DEBUG] [org.gradle.api.internal.artifacts.ivyservice.ivyresolve.RepositoryChainComponentMetaDataResolver] Using org.mongodb:mongodb-driver-core:3.4.2 from Maven repository 'MavenRepo'
13:07:24.395 [DEBUG] [org.gradle.api.internal.artifacts.ivyservice.resolveengine.graph.builder.DependencyGraphBuilder] Visiting configuration org.springframework.data:spring-data-mongodb:1.10.4.RELEASE(runtime).
13:07:24.395 [DEBUG] [io.spring.gradle.dependencymanagement.internal.VersionConfiguringAction] Processing dependency 'org.springframework:spring-tx:4.3.9.RELEASE'
13:07:24.395 [DEBUG] [io.spring.gradle.dependencymanagement.internal.DependencyManagementContainer] Found managed version '4.3.9.RELEASE' for dependency 'org.springframework:spring-tx' in global dependency management
13:07:24.395 [DEBUG] [io.spring.gradle.dependencymanagement.internal.VersionConfiguringAction] Using version '4.3.9.RELEASE' for dependency 'org.springframework:spring-tx:4.3.9.RELEASE'
13:07:24.395 [DEBUG] [io.spring.gradle.dependencymanagement.internal.VersionConfiguringAction] Processing dependency 'org.springframework.data:spring-data-commons:1.13.4.RELEASE'
13:07:24.396 [DEBUG] [io.spring.gradle.dependencymanagement.internal.DependencyManagementContainer] Found managed version '1.13.4.RELEASE' for dependency 'org.springframework.data:spring-data-commons' in global dependency management
13:07:24.396 [DEBUG] [io.spring.gradle.dependencymanagement.internal.VersionConfiguringAction] Using version '1.13.4.RELEASE' for dependency 'org.springframework.data:spring-data-commons:1.13.4.RELEASE'
13:07:24.396 [DEBUG] [org.gradle.api.internal.artifacts.ivyservice.resolveengine.graph.builder.DependencyGraphBuilder] org.mongodb:mongo-java-driver is excluded from org.springframework.data:spring-data-mongodb:1.10.4.RELEASE(runtime).
13:07:24.396 [DEBUG] [io.spring.gradle.dependencymanagement.internal.VersionConfiguringAction] Processing dependency 'org.slf4j:slf4j-api:1.7.25'
13:07:24.396 [DEBUG] [io.spring.gradle.dependencymanagement.internal.DependencyManagementContainer] Found managed version '1.7.25' for dependency 'org.slf4j:slf4j-api' in global dependency management
13:07:24.396 [DEBUG] [io.spring.gradle.dependencymanagement.internal.VersionConfiguringAction] Using version '1.7.25' for dependency 'org.slf4j:slf4j-api:1.7.25'
13:07:24.396 [DEBUG] [io.spring.gradle.dependencymanagement.internal.VersionConfiguringAction] Processing dependency 'org.slf4j:jcl-over-slf4j:1.7.25'
13:07:24.396 [DEBUG] [io.spring.gradle.dependencymanagement.internal.DependencyManagementContainer] Found managed version '1.7.25' for dependency 'org.slf4j:jcl-over-slf4j' in global dependency management
13:07:24.396 [DEBUG] [io.spring.gradle.dependencymanagement.internal.VersionConfiguringAction] Using version '1.7.25' for dependency 'org.slf4j:jcl-over-slf4j:1.7.25'
13:07:24.396 [DEBUG] [org.gradle.api.internal.artifacts.ivyservice.ivyresolve.RepositoryChainComponentMetaDataResolver] Attempting to resolve component for org.springframework:spring-tx:4.3.9.RELEASE using repositories [MavenRepo]
13:07:24.396 [DEBUG] [org.gradle.api.internal.artifacts.ivyservice.ivyresolve.CachingModuleComponentRepository] Using cached module metadata for module 'org.springframework:spring-tx:4.3.9.RELEASE' in 'MavenRepo'
13:07:24.396 [DEBUG] [org.gradle.api.internal.artifacts.ivyservice.ivyresolve.RepositoryChainComponentMetaDataResolver] Using org.springframework:spring-tx:4.3.9.RELEASE from Maven repository 'MavenRepo'
13:07:24.396 [DEBUG] [org.gradle.api.internal.artifacts.ivyservice.ivyresolve.RepositoryChainComponentMetaDataResolver] Attempting to resolve component for org.springframework.data:spring-data-commons:1.13.4.RELEASE using repositories [MavenRepo]
13:07:24.396 [DEBUG] [org.gradle.api.internal.artifacts.ivyservice.ivyresolve.CachingModuleComponentRepository] Using cached module metadata for module 'org.springframework.data:spring-data-commons:1.13.4.RELEASE' in 'MavenRepo'
13:07:24.396 [DEBUG] [org.gradle.api.internal.artifacts.ivyservice.ivyresolve.RepositoryChainComponentMetaDataResolver] Using org.springframework.data:spring-data-commons:1.13.4.RELEASE from Maven repository 'MavenRepo'
13:07:24.396 [DEBUG] [org.gradle.api.internal.artifacts.ivyservice.ivyresolve.RepositoryChainComponentMetaDataResolver] Attempting to resolve component for org.slf4j:slf4j-api:1.7.25 using repositories [MavenRepo]
13:07:24.396 [DEBUG] [org.gradle.api.internal.artifacts.ivyservice.ivyresolve.CachingModuleComponentRepository] Using cached module metadata for module 'org.slf4j:slf4j-api:1.7.25' in 'MavenRepo'
13:07:24.396 [DEBUG] [org.gradle.api.internal.artifacts.ivyservice.ivyresolve.RepositoryChainComponentMetaDataResolver] Using org.slf4j:slf4j-api:1.7.25 from Maven repository 'MavenRepo'
13:07:24.396 [DEBUG] [org.gradle.api.internal.artifacts.ivyservice.ivyresolve.RepositoryChainComponentMetaDataResolver] Attempting to resolve component for org.slf4j:jcl-over-slf4j:1.7.25 using repositories [MavenRepo]
13:07:24.397 [DEBUG] [org.gradle.api.internal.artifacts.ivyservice.ivyresolve.CachingModuleComponentRepository] Using cached module metadata for module 'org.slf4j:jcl-over-slf4j:1.7.25' in 'MavenRepo'
13:07:24.397 [DEBUG] [org.gradle.api.internal.artifacts.ivyservice.ivyresolve.RepositoryChainComponentMetaDataResolver] Using org.slf4j:jcl-over-slf4j:1.7.25 from Maven repository 'MavenRepo'
13:07:24.397 [DEBUG] [org.gradle.api.internal.artifacts.ivyservice.resolveengine.graph.builder.DependencyGraphBuilder] Visiting configuration org.mozilla:rhino:1.7.7.1(runtime).
13:07:24.397 [DEBUG] [org.gradle.api.internal.artifacts.ivyservice.resolveengine.graph.builder.DependencyGraphBuilder] Visiting configuration com.vividsolutions:jts:1.13(runtime).
13:07:24.397 [DEBUG] [org.gradle.api.internal.artifacts.ivyservice.resolveengine.graph.builder.DependencyGraphBuilder] Visiting configuration de.grundid.opendatalab:geojson-jackson:1.2(runtime).
13:07:24.397 [DEBUG] [io.spring.gradle.dependencymanagement.internal.VersionConfiguringAction] Processing dependency 'com.fasterxml.jackson.core:jackson-core:2.2.2'
13:07:24.397 [DEBUG] [io.spring.gradle.dependencymanagement.internal.DependencyManagementContainer] Found managed version '2.8.8' for dependency 'com.fasterxml.jackson.core:jackson-core' in global dependency management
13:07:24.397 [DEBUG] [io.spring.gradle.dependencymanagement.internal.VersionConfiguringAction] Using version '2.8.8' for dependency 'com.fasterxml.jackson.core:jackson-core:2.2.2'
13:07:24.397 [DEBUG] [io.spring.gradle.dependencymanagement.internal.VersionConfiguringAction] Processing dependency 'com.fasterxml.jackson.core:jackson-databind:2.2.2'
13:07:24.397 [DEBUG] [io.spring.gradle.dependencymanagement.internal.DependencyManagementContainer] Found managed version '2.8.8' for dependency 'com.fasterxml.jackson.core:jackson-databind' in global dependency management
13:07:24.397 [DEBUG] [io.spring.gradle.dependencymanagement.internal.VersionConfiguringAction] Using version '2.8.8' for dependency 'com.fasterxml.jackson.core:jackson-databind:2.2.2'
13:07:24.397 [DEBUG] [org.gradle.api.internal.artifacts.ivyservice.resolveengine.graph.builder.DependencyGraphBuilder] Visiting configuration org.springframework.boot:spring-boot:1.5.4.RELEASE(runtime).
13:07:24.397 [DEBUG] [org.gradle.api.internal.artifacts.ivyservice.resolveengine.graph.builder.DependencyGraphBuilder] Visiting configuration org.springframework.boot:spring-boot-autoconfigure:1.5.4.RELEASE(runtime).
13:07:24.397 [DEBUG] [org.gradle.api.internal.artifacts.ivyservice.resolveengine.graph.builder.DependencyGraphBuilder] Visiting configuration org.springframework.boot:spring-boot-starter-logging:1.5.4.RELEASE(runtime).
13:07:24.397 [DEBUG] [io.spring.gradle.dependencymanagement.internal.VersionConfiguringAction] Processing dependency 'ch.qos.logback:logback-classic:1.1.11'
13:07:24.397 [DEBUG] [io.spring.gradle.dependencymanagement.internal.DependencyManagementContainer] Found managed version '1.1.11' for dependency 'ch.qos.logback:logback-classic' in global dependency management
13:07:24.397 [DEBUG] [io.spring.gradle.dependencymanagement.internal.VersionConfiguringAction] Using version '1.1.11' for dependency 'ch.qos.logback:logback-classic:1.1.11'
13:07:24.397 [DEBUG] [io.spring.gradle.dependencymanagement.internal.VersionConfiguringAction] Processing dependency 'org.slf4j:jul-to-slf4j:1.7.25'
13:07:24.397 [DEBUG] [io.spring.gradle.dependencymanagement.internal.DependencyManagementContainer] Found managed version '1.7.25' for dependency 'org.slf4j:jul-to-slf4j' in global dependency management
13:07:24.397 [DEBUG] [io.spring.gradle.dependencymanagement.internal.VersionConfiguringAction] Using version '1.7.25' for dependency 'org.slf4j:jul-to-slf4j:1.7.25'
13:07:24.397 [DEBUG] [io.spring.gradle.dependencymanagement.internal.VersionConfiguringAction] Processing dependency 'org.slf4j:log4j-over-slf4j:1.7.25'
13:07:24.397 [DEBUG] [io.spring.gradle.dependencymanagement.internal.DependencyManagementContainer] Found managed version '1.7.25' for dependency 'org.slf4j:log4j-over-slf4j' in global dependency management
13:07:24.397 [DEBUG] [io.spring.gradle.dependencymanagement.internal.VersionConfiguringAction] Using version '1.7.25' for dependency 'org.slf4j:log4j-over-slf4j:1.7.25'
13:07:24.398 [DEBUG] [org.gradle.api.internal.artifacts.ivyservice.ivyresolve.RepositoryChainComponentMetaDataResolver] Attempting to resolve component for ch.qos.logback:logback-classic:1.1.11 using repositories [MavenRepo]
13:07:24.398 [DEBUG] [org.gradle.api.internal.artifacts.ivyservice.ivyresolve.CachingModuleComponentRepository] Using cached module metadata for module 'ch.qos.logback:logback-classic:1.1.11' in 'MavenRepo'
13:07:24.398 [DEBUG] [org.gradle.api.internal.artifacts.ivyservice.ivyresolve.RepositoryChainComponentMetaDataResolver] Using ch.qos.logback:logback-classic:1.1.11 from Maven repository 'MavenRepo'
13:07:24.398 [DEBUG] [org.gradle.api.internal.artifacts.ivyservice.ivyresolve.RepositoryChainComponentMetaDataResolver] Attempting to resolve component for org.slf4j:jul-to-slf4j:1.7.25 using repositories [MavenRepo]
13:07:24.398 [DEBUG] [org.gradle.api.internal.artifacts.ivyservice.ivyresolve.CachingModuleComponentRepository] Using cached module metadata for module 'org.slf4j:jul-to-slf4j:1.7.25' in 'MavenRepo'
13:07:24.398 [DEBUG] [org.gradle.api.internal.artifacts.ivyservice.ivyresolve.RepositoryChainComponentMetaDataResolver] Using org.slf4j:jul-to-slf4j:1.7.25 from Maven repository 'MavenRepo'
13:07:24.398 [DEBUG] [org.gradle.api.internal.artifacts.ivyservice.ivyresolve.RepositoryChainComponentMetaDataResolver] Attempting to resolve component for org.slf4j:log4j-over-slf4j:1.7.25 using repositories [MavenRepo]
13:07:24.398 [DEBUG] [org.gradle.api.internal.artifacts.ivyservice.ivyresolve.CachingModuleComponentRepository] Using cached module metadata for module 'org.slf4j:log4j-over-slf4j:1.7.25' in 'MavenRepo'
13:07:24.398 [DEBUG] [org.gradle.api.internal.artifacts.ivyservice.ivyresolve.RepositoryChainComponentMetaDataResolver] Using org.slf4j:log4j-over-slf4j:1.7.25 from Maven repository 'MavenRepo'
13:07:24.398 [DEBUG] [org.gradle.api.internal.artifacts.ivyservice.resolveengine.graph.builder.DependencyGraphBuilder] Visiting configuration org.springframework:spring-core:4.3.9.RELEASE(runtime).
13:07:24.398 [DEBUG] [io.spring.gradle.dependencymanagement.internal.VersionConfiguringAction] Processing dependency 'commons-logging:commons-logging:1.2'
13:07:24.398 [DEBUG] [io.spring.gradle.dependencymanagement.internal.VersionConfiguringAction] No dependency management for dependency 'commons-logging:commons-logging:1.2'
13:07:24.398 [DEBUG] [org.gradle.api.internal.artifacts.ivyservice.ivyresolve.RepositoryChainComponentMetaDataResolver] Attempting to resolve component for commons-logging:commons-logging:1.2 using repositories [MavenRepo]
13:07:24.398 [DEBUG] [org.gradle.api.internal.artifacts.ivyservice.ivyresolve.CachingModuleComponentRepository] Using cached module metadata for module 'commons-logging:commons-logging:1.2' in 'MavenRepo'
13:07:24.398 [DEBUG] [org.gradle.api.internal.artifacts.ivyservice.ivyresolve.RepositoryChainComponentMetaDataResolver] Using commons-logging:commons-logging:1.2 from Maven repository 'MavenRepo'
13:07:24.398 [DEBUG] [org.gradle.api.internal.artifacts.ivyservice.resolveengine.graph.builder.DependencyGraphBuilder] Visiting configuration org.yaml:snakeyaml:1.17(runtime).
13:07:24.398 [DEBUG] [org.gradle.api.internal.artifacts.ivyservice.resolveengine.graph.builder.DependencyGraphBuilder] Visiting configuration org.apache.tomcat.embed:tomcat-embed-core:8.5.15(runtime).
13:07:24.398 [DEBUG] [org.gradle.api.internal.artifacts.ivyservice.resolveengine.graph.builder.DependencyGraphBuilder] Visiting configuration org.apache.tomcat.embed:tomcat-embed-el:8.5.15(runtime).
13:07:24.398 [DEBUG] [org.gradle.api.internal.artifacts.ivyservice.resolveengine.graph.builder.DependencyGraphBuilder] Visiting configuration org.apache.tomcat.embed:tomcat-embed-websocket:8.5.15(runtime).
13:07:24.398 [DEBUG] [org.gradle.api.internal.artifacts.ivyservice.resolveengine.graph.builder.DependencyGraphBuilder] Visiting configuration javax.validation:validation-api:1.1.0.Final(runtime).
13:07:24.398 [DEBUG] [org.gradle.api.internal.artifacts.ivyservice.resolveengine.graph.builder.DependencyGraphBuilder] Visiting configuration org.jboss.logging:jboss-logging:3.3.1.Final(runtime).
13:07:24.399 [DEBUG] [org.gradle.api.internal.artifacts.ivyservice.resolveengine.graph.builder.DependencyGraphBuilder] Visiting configuration com.fasterxml:classmate:1.3.3(runtime).
13:07:24.399 [DEBUG] [org.gradle.api.internal.artifacts.ivyservice.resolveengine.graph.builder.DependencyGraphBuilder] Visiting configuration com.fasterxml.jackson.core:jackson-annotations:2.8.0(runtime).
13:07:24.399 [DEBUG] [org.gradle.api.internal.artifacts.ivyservice.resolveengine.graph.builder.DependencyGraphBuilder] Visiting configuration com.fasterxml.jackson.core:jackson-core:2.8.8(runtime).
13:07:24.399 [DEBUG] [org.gradle.api.internal.artifacts.ivyservice.resolveengine.graph.builder.DependencyGraphBuilder] Visiting configuration org.springframework:spring-aop:4.3.9.RELEASE(runtime).
13:07:24.399 [DEBUG] [org.gradle.api.internal.artifacts.ivyservice.resolveengine.graph.builder.DependencyGraphBuilder] Visiting configuration org.springframework:spring-beans:4.3.9.RELEASE(runtime).
13:07:24.399 [DEBUG] [org.gradle.api.internal.artifacts.ivyservice.resolveengine.graph.builder.DependencyGraphBuilder] Visiting configuration org.springframework:spring-context:4.3.9.RELEASE(runtime).
13:07:24.399 [DEBUG] [org.gradle.api.internal.artifacts.ivyservice.resolveengine.graph.builder.DependencyGraphBuilder] Visiting configuration org.springframework:spring-expression:4.3.9.RELEASE(runtime).
13:07:24.399 [DEBUG] [org.gradle.api.internal.artifacts.ivyservice.resolveengine.graph.builder.DependencyGraphBuilder] Visiting configuration org.springframework:spring-web:4.3.9.RELEASE(runtime).
13:07:24.399 [DEBUG] [org.gradle.api.internal.artifacts.ivyservice.resolveengine.graph.builder.DependencyGraphBuilder] Changed edges for org.springframework:spring-web:4.3.9.RELEASE(runtime) selects same versions as previous traversal. ignoring
13:07:24.399 [DEBUG] [org.gradle.api.internal.artifacts.ivyservice.resolveengine.graph.builder.DependencyGraphBuilder] Visiting configuration org.mongodb:bson:3.4.2(runtime).
13:07:24.399 [DEBUG] [org.gradle.api.internal.artifacts.ivyservice.resolveengine.graph.builder.DependencyGraphBuilder] Visiting configuration org.mongodb:mongodb-driver-core:3.4.2(runtime).
13:07:24.399 [DEBUG] [org.gradle.api.internal.artifacts.ivyservice.resolveengine.graph.builder.DependencyGraphBuilder] Visiting configuration org.springframework:spring-tx:4.3.9.RELEASE(runtime).
13:07:24.399 [DEBUG] [org.gradle.api.internal.artifacts.ivyservice.resolveengine.graph.builder.DependencyGraphBuilder] Visiting configuration org.springframework.data:spring-data-commons:1.13.4.RELEASE(runtime).
13:07:24.399 [DEBUG] [org.gradle.api.internal.artifacts.ivyservice.resolveengine.graph.builder.DependencyGraphBuilder] Visiting configuration org.slf4j:slf4j-api:1.7.25(runtime).
13:07:24.399 [DEBUG] [org.gradle.api.internal.artifacts.ivyservice.resolveengine.graph.builder.DependencyGraphBuilder] Visiting configuration org.slf4j:jcl-over-slf4j:1.7.25(runtime).
13:07:24.399 [DEBUG] [org.gradle.api.internal.artifacts.ivyservice.resolveengine.graph.builder.DependencyGraphBuilder] Visiting configuration com.fasterxml.jackson.core:jackson-databind:2.8.8(runtime).
13:07:24.399 [DEBUG] [org.gradle.api.internal.artifacts.ivyservice.resolveengine.graph.builder.DependencyGraphBuilder] Changed edges for com.fasterxml.jackson.core:jackson-databind:2.8.8(runtime) selects same versions as previous traversal. ignoring
13:07:24.399 [DEBUG] [org.gradle.api.internal.artifacts.ivyservice.resolveengine.graph.builder.DependencyGraphBuilder] Visiting configuration org.springframework.boot:spring-boot:1.5.4.RELEASE(runtime).
13:07:24.399 [DEBUG] [org.gradle.api.internal.artifacts.ivyservice.resolveengine.graph.builder.DependencyGraphBuilder] Changed edges for org.springframework.boot:spring-boot:1.5.4.RELEASE(runtime) selects same versions as previous traversal. ignoring
13:07:24.399 [DEBUG] [org.gradle.api.internal.artifacts.ivyservice.resolveengine.graph.builder.DependencyGraphBuilder] Visiting configuration ch.qos.logback:logback-classic:1.1.11(runtime).
13:07:24.399 [DEBUG] [io.spring.gradle.dependencymanagement.internal.VersionConfiguringAction] Processing dependency 'ch.qos.logback:logback-core:1.1.11'
13:07:24.399 [DEBUG] [io.spring.gradle.dependencymanagement.internal.DependencyManagementContainer] Found managed version '1.1.11' for dependency 'ch.qos.logback:logback-core' in global dependency management
13:07:24.399 [DEBUG] [io.spring.gradle.dependencymanagement.internal.VersionConfiguringAction] Using version '1.1.11' for dependency 'ch.qos.logback:logback-core:1.1.11'
13:07:24.399 [DEBUG] [io.spring.gradle.dependencymanagement.internal.VersionConfiguringAction] Processing dependency 'org.slf4j:slf4j-api:1.7.22'
13:07:24.399 [DEBUG] [io.spring.gradle.dependencymanagement.internal.DependencyManagementContainer] Found managed version '1.7.25' for dependency 'org.slf4j:slf4j-api' in global dependency management
13:07:24.400 [DEBUG] [io.spring.gradle.dependencymanagement.internal.VersionConfiguringAction] Using version '1.7.25' for dependency 'org.slf4j:slf4j-api:1.7.22'
13:07:24.400 [DEBUG] [org.gradle.api.internal.artifacts.ivyservice.ivyresolve.RepositoryChainComponentMetaDataResolver] Attempting to resolve component for ch.qos.logback:logback-core:1.1.11 using repositories [MavenRepo]
13:07:24.400 [DEBUG] [org.gradle.api.internal.artifacts.ivyservice.ivyresolve.CachingModuleComponentRepository] Using cached module metadata for module 'ch.qos.logback:logback-core:1.1.11' in 'MavenRepo'
13:07:24.400 [DEBUG] [org.gradle.api.internal.artifacts.ivyservice.ivyresolve.RepositoryChainComponentMetaDataResolver] Using ch.qos.logback:logback-core:1.1.11 from Maven repository 'MavenRepo'
13:07:24.400 [DEBUG] [org.gradle.api.internal.artifacts.ivyservice.resolveengine.graph.builder.DependencyGraphBuilder] Visiting configuration org.slf4j:jul-to-slf4j:1.7.25(runtime).
13:07:24.400 [DEBUG] [org.gradle.api.internal.artifacts.ivyservice.resolveengine.graph.builder.DependencyGraphBuilder] Visiting configuration org.slf4j:log4j-over-slf4j:1.7.25(runtime).
13:07:24.400 [DEBUG] [org.gradle.api.internal.artifacts.ivyservice.resolveengine.graph.builder.DependencyGraphBuilder] Visiting configuration commons-logging:commons-logging:1.2(runtime).
13:07:24.400 [DEBUG] [org.gradle.api.internal.artifacts.ivyservice.resolveengine.graph.builder.DependencyGraphBuilder] Visiting configuration org.apache.tomcat.embed:tomcat-embed-core:8.5.15(runtime).
13:07:24.400 [DEBUG] [org.gradle.api.internal.artifacts.ivyservice.resolveengine.graph.builder.DependencyGraphBuilder] Changed edges for org.apache.tomcat.embed:tomcat-embed-core:8.5.15(runtime) selects same versions as previous traversal. ignoring
13:07:24.400 [DEBUG] [org.gradle.api.internal.artifacts.ivyservice.resolveengine.graph.builder.DependencyGraphBuilder] Visiting configuration org.springframework:spring-core:4.3.9.RELEASE(runtime).
13:07:24.400 [DEBUG] [org.gradle.api.internal.artifacts.ivyservice.resolveengine.graph.builder.DependencyGraphBuilder] Changed edges for org.springframework:spring-core:4.3.9.RELEASE(runtime) selects same versions as previous traversal. ignoring
13:07:24.400 [DEBUG] [org.gradle.api.internal.artifacts.ivyservice.resolveengine.graph.builder.DependencyGraphBuilder] Visiting configuration org.springframework:spring-aop:4.3.9.RELEASE(runtime).
13:07:24.400 [DEBUG] [org.gradle.api.internal.artifacts.ivyservice.resolveengine.graph.builder.DependencyGraphBuilder] Changed edges for org.springframework:spring-aop:4.3.9.RELEASE(runtime) selects same versions as previous traversal. ignoring
13:07:24.400 [DEBUG] [org.gradle.api.internal.artifacts.ivyservice.resolveengine.graph.builder.DependencyGraphBuilder] Visiting configuration org.springframework:spring-beans:4.3.9.RELEASE(runtime).
13:07:24.401 [DEBUG] [org.gradle.api.internal.artifacts.ivyservice.resolveengine.graph.builder.DependencyGraphBuilder] Changed edges for org.springframework:spring-beans:4.3.9.RELEASE(runtime) selects same versions as previous traversal. ignoring
13:07:24.401 [DEBUG] [org.gradle.api.internal.artifacts.ivyservice.resolveengine.graph.builder.DependencyGraphBuilder] Visiting configuration org.mongodb:bson:3.4.2(runtime).
13:07:24.401 [DEBUG] [org.gradle.api.internal.artifacts.ivyservice.resolveengine.graph.builder.DependencyGraphBuilder] Changed edges for org.mongodb:bson:3.4.2(runtime) selects same versions as previous traversal. ignoring
13:07:24.401 [DEBUG] [org.gradle.api.internal.artifacts.ivyservice.resolveengine.graph.builder.DependencyGraphBuilder] Visiting configuration org.slf4j:slf4j-api:1.7.25(runtime).
13:07:24.401 [DEBUG] [org.gradle.api.internal.artifacts.ivyservice.resolveengine.graph.builder.DependencyGraphBuilder] Visiting configuration ch.qos.logback:logback-core:1.1.11(runtime).
13:07:24.402 [DEBUG] [org.gradle.api.internal.artifacts.ivyservice.resolveengine.oldresult.TransientConfigurationResultsBuilder] Flushing resolved configuration data in Binary store in /private/var/folders/ql/766g4tnx5mgbtm0tr10fxhyc0000gn/T/gradle17660509840828398561.bin. Wrote root 2.
13:07:24.402 [DEBUG] [org.gradle.internal.operations.DefaultBuildOperationExecutor] Completing Build operation 'Resolve dependencies of :detachedConfiguration1'
13:07:24.402 [DEBUG] [org.gradle.internal.operations.DefaultBuildOperationExecutor] Build operation 'Resolve dependencies of :detachedConfiguration1' completed
13:07:24.402 [DEBUG] [org.gradle.api.internal.artifacts.ivyservice.resolveengine.result.StreamingResolutionResultBuilder$RootFactory] Loaded resolution results (0.0 secs) from Binary store in /private/var/folders/ql/766g4tnx5mgbtm0tr10fxhyc0000gn/T/gradle18265393444597724600.bin (exist: true)
13:07:24.403 [DEBUG] [org.gradle.internal.operations.DefaultBuildOperationExecutor] Build operation 'Resolve dependencies of :detachedConfiguration18' started
13:07:24.403 [DEBUG] [org.gradle.api.internal.artifacts.ivyservice.resolveengine.DefaultArtifactDependencyResolver] Resolving configuration ':detachedConfiguration18'
13:07:24.403 [DEBUG] [org.gradle.api.internal.artifacts.ivyservice.modulecache.ResolvedArtifactCaches] Reusing in-memory cache for repo 'MavenRepo' [f8e6315c37eb56998f7a5ba08e30db71].
13:07:24.403 [DEBUG] [org.gradle.api.internal.artifacts.ivyservice.resolveengine.graph.builder.DependencyGraphBuilder] Visiting configuration com.mindex:senior-code-challenge:0.0.1-SNAPSHOT(detachedConfiguration18).
13:07:24.403 [DEBUG] [org.gradle.api.internal.artifacts.ivyservice.ivyresolve.RepositoryChainComponentMetaDataResolver] Attempting to resolve component for org.springframework.boot:spring-boot-starter-web:1.5.4.RELEASE using repositories [MavenRepo]
13:07:24.403 [DEBUG] [org.gradle.api.internal.artifacts.ivyservice.ivyresolve.CachingModuleComponentRepository] Using cached module metadata for module 'org.springframework.boot:spring-boot-starter-web:1.5.4.RELEASE' in 'MavenRepo'
13:07:24.403 [DEBUG] [org.gradle.api.internal.artifacts.ivyservice.ivyresolve.RepositoryChainComponentMetaDataResolver] Using org.springframework.boot:spring-boot-starter-web:1.5.4.RELEASE from Maven repository 'MavenRepo'
13:07:24.403 [DEBUG] [org.gradle.api.internal.artifacts.ivyservice.ivyresolve.RepositoryChainComponentMetaDataResolver] Attempting to resolve component for org.springframework.boot:spring-boot-starter:1.5.4.RELEASE using repositories [MavenRepo]
13:07:24.403 [DEBUG] [org.gradle.api.internal.artifacts.ivyservice.ivyresolve.CachingModuleComponentRepository] Using cached module metadata for module 'org.springframework.boot:spring-boot-starter:1.5.4.RELEASE' in 'MavenRepo'
13:07:24.403 [DEBUG] [org.gradle.api.internal.artifacts.ivyservice.ivyresolve.RepositoryChainComponentMetaDataResolver] Using org.springframework.boot:spring-boot-starter:1.5.4.RELEASE from Maven repository 'MavenRepo'
13:07:24.403 [DEBUG] [org.gradle.api.internal.artifacts.ivyservice.ivyresolve.RepositoryChainComponentMetaDataResolver] Attempting to resolve component for org.springframework.boot:spring-boot:1.5.4.RELEASE using repositories [MavenRepo]
13:07:24.403 [DEBUG] [org.gradle.api.internal.artifacts.ivyservice.ivyresolve.CachingModuleComponentRepository] Using cached module metadata for module 'org.springframework.boot:spring-boot:1.5.4.RELEASE' in 'MavenRepo'
13:07:24.403 [DEBUG] [org.gradle.api.internal.artifacts.ivyservice.ivyresolve.RepositoryChainComponentMetaDataResolver] Using org.springframework.boot:spring-boot:1.5.4.RELEASE from Maven repository 'MavenRepo'
13:07:24.403 [DEBUG] [org.gradle.api.internal.artifacts.ivyservice.ivyresolve.RepositoryChainComponentMetaDataResolver] Attempting to resolve component for org.springframework:spring-core:4.3.9.RELEASE using repositories [MavenRepo]
13:07:24.404 [DEBUG] [org.gradle.api.internal.artifacts.ivyservice.ivyresolve.CachingModuleComponentRepository] Using cached module metadata for module 'org.springframework:spring-core:4.3.9.RELEASE' in 'MavenRepo'
13:07:24.404 [DEBUG] [org.gradle.api.internal.artifacts.ivyservice.ivyresolve.RepositoryChainComponentMetaDataResolver] Using org.springframework:spring-core:4.3.9.RELEASE from Maven repository 'MavenRepo'
13:07:24.404 [DEBUG] [org.gradle.api.internal.artifacts.ivyservice.ivyresolve.RepositoryChainComponentMetaDataResolver] Attempting to resolve component for commons-logging:commons-logging:1.2 using repositories [MavenRepo]
13:07:24.404 [DEBUG] [org.gradle.api.internal.artifacts.ivyservice.ivyresolve.CachingModuleComponentRepository] Using cached module metadata for module 'commons-logging:commons-logging:1.2' in 'MavenRepo'
13:07:24.404 [DEBUG] [org.gradle.api.internal.artifacts.ivyservice.ivyresolve.RepositoryChainComponentMetaDataResolver] Using commons-logging:commons-logging:1.2 from Maven repository 'MavenRepo'
13:07:24.404 [DEBUG] [org.gradle.api.internal.artifacts.ivyservice.ivyresolve.RepositoryChainComponentMetaDataResolver] Attempting to resolve component for org.springframework:spring-context:4.3.9.RELEASE using repositories [MavenRepo]
13:07:24.404 [DEBUG] [org.gradle.api.internal.artifacts.ivyservice.ivyresolve.CachingModuleComponentRepository] Using cached module metadata for module 'org.springframework:spring-context:4.3.9.RELEASE' in 'MavenRepo'
13:07:24.404 [DEBUG] [org.gradle.api.internal.artifacts.ivyservice.ivyresolve.RepositoryChainComponentMetaDataResolver] Using org.springframework:spring-context:4.3.9.RELEASE from Maven repository 'MavenRepo'
13:07:24.404 [DEBUG] [org.gradle.api.internal.artifacts.ivyservice.ivyresolve.RepositoryChainComponentMetaDataResolver] Attempting to resolve component for org.springframework:spring-aop:4.3.9.RELEASE using repositories [MavenRepo]
13:07:24.404 [DEBUG] [org.gradle.api.internal.artifacts.ivyservice.ivyresolve.CachingModuleComponentRepository] Using cached module metadata for module 'org.springframework:spring-aop:4.3.9.RELEASE' in 'MavenRepo'
13:07:24.404 [DEBUG] [org.gradle.api.internal.artifacts.ivyservice.ivyresolve.RepositoryChainComponentMetaDataResolver] Using org.springframework:spring-aop:4.3.9.RELEASE from Maven repository 'MavenRepo'
13:07:24.404 [DEBUG] [org.gradle.api.internal.artifacts.ivyservice.ivyresolve.RepositoryChainComponentMetaDataResolver] Attempting to resolve component for org.springframework:spring-beans:4.3.9.RELEASE using repositories [MavenRepo]
13:07:24.404 [DEBUG] [org.gradle.api.internal.artifacts.ivyservice.ivyresolve.CachingModuleComponentRepository] Using cached module metadata for module 'org.springframework:spring-beans:4.3.9.RELEASE' in 'MavenRepo'
13:07:24.404 [DEBUG] [org.gradle.api.internal.artifacts.ivyservice.ivyresolve.RepositoryChainComponentMetaDataResolver] Using org.springframework:spring-beans:4.3.9.RELEASE from Maven repository 'MavenRepo'
13:07:24.404 [DEBUG] [org.gradle.api.internal.artifacts.ivyservice.ivyresolve.RepositoryChainComponentMetaDataResolver] Attempting to resolve component for org.springframework:spring-expression:4.3.9.RELEASE using repositories [MavenRepo]
13:07:24.404 [DEBUG] [org.gradle.api.internal.artifacts.ivyservice.ivyresolve.CachingModuleComponentRepository] Using cached module metadata for module 'org.springframework:spring-expression:4.3.9.RELEASE' in 'MavenRepo'
13:07:24.404 [DEBUG] [org.gradle.api.internal.artifacts.ivyservice.ivyresolve.RepositoryChainComponentMetaDataResolver] Using org.springframework:spring-expression:4.3.9.RELEASE from Maven repository 'MavenRepo'
13:07:24.404 [DEBUG] [org.gradle.api.internal.artifacts.ivyservice.ivyresolve.RepositoryChainComponentMetaDataResolver] Attempting to resolve component for org.springframework.boot:spring-boot-autoconfigure:1.5.4.RELEASE using repositories [MavenRepo]
13:07:24.404 [DEBUG] [org.gradle.api.internal.artifacts.ivyservice.ivyresolve.CachingModuleComponentRepository] Using cached module metadata for module 'org.springframework.boot:spring-boot-autoconfigure:1.5.4.RELEASE' in 'MavenRepo'
13:07:24.404 [DEBUG] [org.gradle.api.internal.artifacts.ivyservice.ivyresolve.RepositoryChainComponentMetaDataResolver] Using org.springframework.boot:spring-boot-autoconfigure:1.5.4.RELEASE from Maven repository 'MavenRepo'
13:07:24.404 [DEBUG] [org.gradle.api.internal.artifacts.ivyservice.ivyresolve.RepositoryChainComponentMetaDataResolver] Attempting to resolve component for org.springframework.boot:spring-boot-starter-logging:1.5.4.RELEASE using repositories [MavenRepo]
13:07:24.404 [DEBUG] [org.gradle.api.internal.artifacts.ivyservice.ivyresolve.CachingModuleComponentRepository] Using cached module metadata for module 'org.springframework.boot:spring-boot-starter-logging:1.5.4.RELEASE' in 'MavenRepo'
13:07:24.404 [DEBUG] [org.gradle.api.internal.artifacts.ivyservice.ivyresolve.RepositoryChainComponentMetaDataResolver] Using org.springframework.boot:spring-boot-starter-logging:1.5.4.RELEASE from Maven repository 'MavenRepo'
13:07:24.404 [DEBUG] [org.gradle.api.internal.artifacts.ivyservice.ivyresolve.RepositoryChainComponentMetaDataResolver] Attempting to resolve component for ch.qos.logback:logback-classic:1.1.11 using repositories [MavenRepo]
13:07:24.404 [DEBUG] [org.gradle.api.internal.artifacts.ivyservice.ivyresolve.CachingModuleComponentRepository] Using cached module metadata for module 'ch.qos.logback:logback-classic:1.1.11' in 'MavenRepo'
13:07:24.404 [DEBUG] [org.gradle.api.internal.artifacts.ivyservice.ivyresolve.RepositoryChainComponentMetaDataResolver] Using ch.qos.logback:logback-classic:1.1.11 from Maven repository 'MavenRepo'
13:07:24.404 [DEBUG] [org.gradle.api.internal.artifacts.ivyservice.ivyresolve.RepositoryChainComponentMetaDataResolver] Attempting to resolve component for ch.qos.logback:logback-core:1.1.11 using repositories [MavenRepo]
13:07:24.404 [DEBUG] [org.gradle.api.internal.artifacts.ivyservice.ivyresolve.CachingModuleComponentRepository] Using cached module metadata for module 'ch.qos.logback:logback-core:1.1.11' in 'MavenRepo'
13:07:24.404 [DEBUG] [org.gradle.api.internal.artifacts.ivyservice.ivyresolve.RepositoryChainComponentMetaDataResolver] Using ch.qos.logback:logback-core:1.1.11 from Maven repository 'MavenRepo'
13:07:24.404 [DEBUG] [org.gradle.api.internal.artifacts.ivyservice.ivyresolve.RepositoryChainComponentMetaDataResolver] Attempting to resolve component for org.slf4j:slf4j-api:1.7.25 using repositories [MavenRepo]
13:07:24.405 [DEBUG] [org.gradle.api.internal.artifacts.ivyservice.ivyresolve.CachingModuleComponentRepository] Using cached module metadata for module 'org.slf4j:slf4j-api:1.7.25' in 'MavenRepo'
13:07:24.405 [DEBUG] [org.gradle.api.internal.artifacts.ivyservice.ivyresolve.RepositoryChainComponentMetaDataResolver] Using org.slf4j:slf4j-api:1.7.25 from Maven repository 'MavenRepo'
13:07:24.405 [DEBUG] [org.gradle.api.internal.artifacts.ivyservice.ivyresolve.RepositoryChainComponentMetaDataResolver] Attempting to resolve component for org.slf4j:jcl-over-slf4j:1.7.25 using repositories [MavenRepo]
13:07:24.405 [DEBUG] [org.gradle.api.internal.artifacts.ivyservice.ivyresolve.CachingModuleComponentRepository] Using cached module metadata for module 'org.slf4j:jcl-over-slf4j:1.7.25' in 'MavenRepo'
13:07:24.405 [DEBUG] [org.gradle.api.internal.artifacts.ivyservice.ivyresolve.RepositoryChainComponentMetaDataResolver] Using org.slf4j:jcl-over-slf4j:1.7.25 from Maven repository 'MavenRepo'
13:07:24.405 [DEBUG] [org.gradle.api.internal.artifacts.ivyservice.ivyresolve.RepositoryChainComponentMetaDataResolver] Attempting to resolve component for org.slf4j:jul-to-slf4j:1.7.25 using repositories [MavenRepo]
13:07:24.405 [DEBUG] [org.gradle.api.internal.artifacts.ivyservice.ivyresolve.CachingModuleComponentRepository] Using cached module metadata for module 'org.slf4j:jul-to-slf4j:1.7.25' in 'MavenRepo'
13:07:24.405 [DEBUG] [org.gradle.api.internal.artifacts.ivyservice.ivyresolve.RepositoryChainComponentMetaDataResolver] Using org.slf4j:jul-to-slf4j:1.7.25 from Maven repository 'MavenRepo'
13:07:24.405 [DEBUG] [org.gradle.api.internal.artifacts.ivyservice.ivyresolve.RepositoryChainComponentMetaDataResolver] Attempting to resolve component for org.slf4j:log4j-over-slf4j:1.7.25 using repositories [MavenRepo]
13:07:24.405 [DEBUG] [org.gradle.api.internal.artifacts.ivyservice.ivyresolve.CachingModuleComponentRepository] Using cached module metadata for module 'org.slf4j:log4j-over-slf4j:1.7.25' in 'MavenRepo'
13:07:24.405 [DEBUG] [org.gradle.api.internal.artifacts.ivyservice.ivyresolve.RepositoryChainComponentMetaDataResolver] Using org.slf4j:log4j-over-slf4j:1.7.25 from Maven repository 'MavenRepo'
13:07:24.405 [DEBUG] [org.gradle.api.internal.artifacts.ivyservice.ivyresolve.RepositoryChainComponentMetaDataResolver] Attempting to resolve component for org.yaml:snakeyaml:1.17 using repositories [MavenRepo]
13:07:24.405 [DEBUG] [org.gradle.api.internal.artifacts.ivyservice.ivyresolve.CachingModuleComponentRepository] Using cached module metadata for module 'org.yaml:snakeyaml:1.17' in 'MavenRepo'
13:07:24.405 [DEBUG] [org.gradle.api.internal.artifacts.ivyservice.ivyresolve.RepositoryChainComponentMetaDataResolver] Using org.yaml:snakeyaml:1.17 from Maven repository 'MavenRepo'
13:07:24.405 [DEBUG] [org.gradle.api.internal.artifacts.ivyservice.ivyresolve.RepositoryChainComponentMetaDataResolver] Attempting to resolve component for org.springframework.boot:spring-boot-starter-tomcat:1.5.4.RELEASE using repositories [MavenRepo]
13:07:24.405 [DEBUG] [org.gradle.api.internal.artifacts.ivyservice.ivyresolve.CachingModuleComponentRepository] Using cached module metadata for module 'org.springframework.boot:spring-boot-starter-tomcat:1.5.4.RELEASE' in 'MavenRepo'
13:07:24.405 [DEBUG] [org.gradle.api.internal.artifacts.ivyservice.ivyresolve.RepositoryChainComponentMetaDataResolver] Using org.springframework.boot:spring-boot-starter-tomcat:1.5.4.RELEASE from Maven repository 'MavenRepo'
13:07:24.405 [DEBUG] [org.gradle.api.internal.artifacts.ivyservice.ivyresolve.RepositoryChainComponentMetaDataResolver] Attempting to resolve component for org.apache.tomcat.embed:tomcat-embed-core:8.5.15 using repositories [MavenRepo]
13:07:24.405 [DEBUG] [org.gradle.api.internal.artifacts.ivyservice.ivyresolve.CachingModuleComponentRepository] Using cached module metadata for module 'org.apache.tomcat.embed:tomcat-embed-core:8.5.15' in 'MavenRepo'
13:07:24.405 [DEBUG] [org.gradle.api.internal.artifacts.ivyservice.ivyresolve.RepositoryChainComponentMetaDataResolver] Using org.apache.tomcat.embed:tomcat-embed-core:8.5.15 from Maven repository 'MavenRepo'
13:07:24.405 [DEBUG] [org.gradle.api.internal.artifacts.ivyservice.ivyresolve.RepositoryChainComponentMetaDataResolver] Attempting to resolve component for org.apache.tomcat.embed:tomcat-embed-el:8.5.15 using repositories [MavenRepo]
13:07:24.405 [DEBUG] [org.gradle.api.internal.artifacts.ivyservice.ivyresolve.CachingModuleComponentRepository] Using cached module metadata for module 'org.apache.tomcat.embed:tomcat-embed-el:8.5.15' in 'MavenRepo'
13:07:24.405 [DEBUG] [org.gradle.api.internal.artifacts.ivyservice.ivyresolve.RepositoryChainComponentMetaDataResolver] Using org.apache.tomcat.embed:tomcat-embed-el:8.5.15 from Maven repository 'MavenRepo'
13:07:24.405 [DEBUG] [org.gradle.api.internal.artifacts.ivyservice.ivyresolve.RepositoryChainComponentMetaDataResolver] Attempting to resolve component for org.apache.tomcat.embed:tomcat-embed-websocket:8.5.15 using repositories [MavenRepo]
13:07:24.405 [DEBUG] [org.gradle.api.internal.artifacts.ivyservice.ivyresolve.CachingModuleComponentRepository] Using cached module metadata for module 'org.apache.tomcat.embed:tomcat-embed-websocket:8.5.15' in 'MavenRepo'
13:07:24.405 [DEBUG] [org.gradle.api.internal.artifacts.ivyservice.ivyresolve.RepositoryChainComponentMetaDataResolver] Using org.apache.tomcat.embed:tomcat-embed-websocket:8.5.15 from Maven repository 'MavenRepo'
13:07:24.405 [DEBUG] [org.gradle.api.internal.artifacts.ivyservice.ivyresolve.RepositoryChainComponentMetaDataResolver] Attempting to resolve component for org.hibernate:hibernate-validator:5.3.5.Final using repositories [MavenRepo]
13:07:24.405 [DEBUG] [org.gradle.api.internal.artifacts.ivyservice.ivyresolve.CachingModuleComponentRepository] Using cached module metadata for module 'org.hibernate:hibernate-validator:5.3.5.Final' in 'MavenRepo'
13:07:24.405 [DEBUG] [org.gradle.api.internal.artifacts.ivyservice.ivyresolve.RepositoryChainComponentMetaDataResolver] Using org.hibernate:hibernate-validator:5.3.5.Final from Maven repository 'MavenRepo'
13:07:24.406 [DEBUG] [org.gradle.api.internal.artifacts.ivyservice.ivyresolve.RepositoryChainComponentMetaDataResolver] Attempting to resolve component for javax.validation:validation-api:1.1.0.Final using repositories [MavenRepo]
13:07:24.406 [DEBUG] [org.gradle.api.internal.artifacts.ivyservice.ivyresolve.CachingModuleComponentRepository] Using cached module metadata for module 'javax.validation:validation-api:1.1.0.Final' in 'MavenRepo'
13:07:24.406 [DEBUG] [org.gradle.api.internal.artifacts.ivyservice.ivyresolve.RepositoryChainComponentMetaDataResolver] Using javax.validation:validation-api:1.1.0.Final from Maven repository 'MavenRepo'
13:07:24.406 [DEBUG] [org.gradle.api.internal.artifacts.ivyservice.ivyresolve.RepositoryChainComponentMetaDataResolver] Attempting to resolve component for org.jboss.logging:jboss-logging:3.3.1.Final using repositories [MavenRepo]
13:07:24.406 [DEBUG] [org.gradle.api.internal.artifacts.ivyservice.ivyresolve.CachingModuleComponentRepository] Using cached module metadata for module 'org.jboss.logging:jboss-logging:3.3.1.Final' in 'MavenRepo'
13:07:24.406 [DEBUG] [org.gradle.api.internal.artifacts.ivyservice.ivyresolve.RepositoryChainComponentMetaDataResolver] Using org.jboss.logging:jboss-logging:3.3.1.Final from Maven repository 'MavenRepo'
13:07:24.406 [DEBUG] [org.gradle.api.internal.artifacts.ivyservice.ivyresolve.RepositoryChainComponentMetaDataResolver] Attempting to resolve component for com.fasterxml:classmate:1.3.3 using repositories [MavenRepo]
13:07:24.406 [DEBUG] [org.gradle.api.internal.artifacts.ivyservice.ivyresolve.CachingModuleComponentRepository] Using cached module metadata for module 'com.fasterxml:classmate:1.3.3' in 'MavenRepo'
13:07:24.406 [DEBUG] [org.gradle.api.internal.artifacts.ivyservice.ivyresolve.RepositoryChainComponentMetaDataResolver] Using com.fasterxml:classmate:1.3.3 from Maven repository 'MavenRepo'
13:07:24.406 [DEBUG] [org.gradle.api.internal.artifacts.ivyservice.ivyresolve.RepositoryChainComponentMetaDataResolver] Attempting to resolve component for com.fasterxml.jackson.core:jackson-databind:2.8.8 using repositories [MavenRepo]
13:07:24.406 [DEBUG] [org.gradle.api.internal.artifacts.ivyservice.ivyresolve.CachingModuleComponentRepository] Using cached module metadata for module 'com.fasterxml.jackson.core:jackson-databind:2.8.8' in 'MavenRepo'
13:07:24.406 [DEBUG] [org.gradle.api.internal.artifacts.ivyservice.ivyresolve.RepositoryChainComponentMetaDataResolver] Using com.fasterxml.jackson.core:jackson-databind:2.8.8 from Maven repository 'MavenRepo'
13:07:24.406 [DEBUG] [org.gradle.api.internal.artifacts.ivyservice.ivyresolve.RepositoryChainComponentMetaDataResolver] Attempting to resolve component for com.fasterxml.jackson.core:jackson-annotations:2.8.0 using repositories [MavenRepo]
13:07:24.406 [DEBUG] [org.gradle.api.internal.artifacts.ivyservice.ivyresolve.CachingModuleComponentRepository] Using cached module metadata for module 'com.fasterxml.jackson.core:jackson-annotations:2.8.0' in 'MavenRepo'
13:07:24.406 [DEBUG] [org.gradle.api.internal.artifacts.ivyservice.ivyresolve.RepositoryChainComponentMetaDataResolver] Using com.fasterxml.jackson.core:jackson-annotations:2.8.0 from Maven repository 'MavenRepo'
13:07:24.406 [DEBUG] [org.gradle.api.internal.artifacts.ivyservice.ivyresolve.RepositoryChainComponentMetaDataResolver] Attempting to resolve component for com.fasterxml.jackson.core:jackson-core:2.8.8 using repositories [MavenRepo]
13:07:24.406 [DEBUG] [org.gradle.api.internal.artifacts.ivyservice.ivyresolve.CachingModuleComponentRepository] Using cached module metadata for module 'com.fasterxml.jackson.core:jackson-core:2.8.8' in 'MavenRepo'
13:07:24.406 [DEBUG] [org.gradle.api.internal.artifacts.ivyservice.ivyresolve.RepositoryChainComponentMetaDataResolver] Using com.fasterxml.jackson.core:jackson-core:2.8.8 from Maven repository 'MavenRepo'
13:07:24.406 [DEBUG] [org.gradle.api.internal.artifacts.ivyservice.ivyresolve.RepositoryChainComponentMetaDataResolver] Attempting to resolve component for org.springframework:spring-web:4.3.9.RELEASE using repositories [MavenRepo]
13:07:24.406 [DEBUG] [org.gradle.api.internal.artifacts.ivyservice.ivyresolve.CachingModuleComponentRepository] Using cached module metadata for module 'org.springframework:spring-web:4.3.9.RELEASE' in 'MavenRepo'
13:07:24.406 [DEBUG] [org.gradle.api.internal.artifacts.ivyservice.ivyresolve.RepositoryChainComponentMetaDataResolver] Using org.springframework:spring-web:4.3.9.RELEASE from Maven repository 'MavenRepo'
13:07:24.406 [DEBUG] [org.gradle.api.internal.artifacts.ivyservice.ivyresolve.RepositoryChainComponentMetaDataResolver] Attempting to resolve component for org.springframework:spring-webmvc:4.3.9.RELEASE using repositories [MavenRepo]
13:07:24.406 [DEBUG] [org.gradle.api.internal.artifacts.ivyservice.ivyresolve.CachingModuleComponentRepository] Using cached module metadata for module 'org.springframework:spring-webmvc:4.3.9.RELEASE' in 'MavenRepo'
13:07:24.406 [DEBUG] [org.gradle.api.internal.artifacts.ivyservice.ivyresolve.RepositoryChainComponentMetaDataResolver] Using org.springframework:spring-webmvc:4.3.9.RELEASE from Maven repository 'MavenRepo'
13:07:24.406 [DEBUG] [org.gradle.api.internal.artifacts.ivyservice.ivyresolve.RepositoryChainComponentMetaDataResolver] Attempting to resolve component for org.springframework.boot:spring-boot-starter-data-mongodb:1.5.4.RELEASE using repositories [MavenRepo]
13:07:24.406 [DEBUG] [org.gradle.api.internal.artifacts.ivyservice.ivyresolve.CachingModuleComponentRepository] Using cached module metadata for module 'org.springframework.boot:spring-boot-starter-data-mongodb:1.5.4.RELEASE' in 'MavenRepo'
13:07:24.406 [DEBUG] [org.gradle.api.internal.artifacts.ivyservice.ivyresolve.RepositoryChainComponentMetaDataResolver] Using org.springframework.boot:spring-boot-starter-data-mongodb:1.5.4.RELEASE from Maven repository 'MavenRepo'
13:07:24.406 [DEBUG] [org.gradle.api.internal.artifacts.ivyservice.ivyresolve.RepositoryChainComponentMetaDataResolver] Attempting to resolve component for org.mongodb:mongodb-driver:3.4.2 using repositories [MavenRepo]
13:07:24.406 [DEBUG] [org.gradle.api.internal.artifacts.ivyservice.ivyresolve.CachingModuleComponentRepository] Using cached module metadata for module 'org.mongodb:mongodb-driver:3.4.2' in 'MavenRepo'
13:07:24.407 [DEBUG] [org.gradle.api.internal.artifacts.ivyservice.ivyresolve.RepositoryChainComponentMetaDataResolver] Using org.mongodb:mongodb-driver:3.4.2 from Maven repository 'MavenRepo'
13:07:24.407 [DEBUG] [org.gradle.api.internal.artifacts.ivyservice.ivyresolve.RepositoryChainComponentMetaDataResolver] Attempting to resolve component for org.mongodb:bson:3.4.2 using repositories [MavenRepo]
13:07:24.407 [DEBUG] [org.gradle.api.internal.artifacts.ivyservice.ivyresolve.CachingModuleComponentRepository] Using cached module metadata for module 'org.mongodb:bson:3.4.2' in 'MavenRepo'
13:07:24.407 [DEBUG] [org.gradle.api.internal.artifacts.ivyservice.ivyresolve.RepositoryChainComponentMetaDataResolver] Using org.mongodb:bson:3.4.2 from Maven repository 'MavenRepo'
13:07:24.407 [DEBUG] [org.gradle.api.internal.artifacts.ivyservice.ivyresolve.RepositoryChainComponentMetaDataResolver] Attempting to resolve component for org.mongodb:mongodb-driver-core:3.4.2 using repositories [MavenRepo]
13:07:24.407 [DEBUG] [org.gradle.api.internal.artifacts.ivyservice.ivyresolve.CachingModuleComponentRepository] Using cached module metadata for module 'org.mongodb:mongodb-driver-core:3.4.2' in 'MavenRepo'
13:07:24.407 [DEBUG] [org.gradle.api.internal.artifacts.ivyservice.ivyresolve.RepositoryChainComponentMetaDataResolver] Using org.mongodb:mongodb-driver-core:3.4.2 from Maven repository 'MavenRepo'
13:07:24.407 [DEBUG] [org.gradle.api.internal.artifacts.ivyservice.ivyresolve.RepositoryChainComponentMetaDataResolver] Attempting to resolve component for org.springframework.data:spring-data-mongodb:1.10.4.RELEASE using repositories [MavenRepo]
13:07:24.407 [DEBUG] [org.gradle.api.internal.artifacts.ivyservice.ivyresolve.CachingModuleComponentRepository] Using cached module metadata for module 'org.springframework.data:spring-data-mongodb:1.10.4.RELEASE' in 'MavenRepo'
13:07:24.407 [DEBUG] [org.gradle.api.internal.artifacts.ivyservice.ivyresolve.RepositoryChainComponentMetaDataResolver] Using org.springframework.data:spring-data-mongodb:1.10.4.RELEASE from Maven repository 'MavenRepo'
13:07:24.407 [DEBUG] [org.gradle.api.internal.artifacts.ivyservice.ivyresolve.RepositoryChainComponentMetaDataResolver] Attempting to resolve component for org.springframework:spring-tx:4.3.9.RELEASE using repositories [MavenRepo]
13:07:24.407 [DEBUG] [org.gradle.api.internal.artifacts.ivyservice.ivyresolve.CachingModuleComponentRepository] Using cached module metadata for module 'org.springframework:spring-tx:4.3.9.RELEASE' in 'MavenRepo'
13:07:24.407 [DEBUG] [org.gradle.api.internal.artifacts.ivyservice.ivyresolve.RepositoryChainComponentMetaDataResolver] Using org.springframework:spring-tx:4.3.9.RELEASE from Maven repository 'MavenRepo'
13:07:24.407 [DEBUG] [org.gradle.api.internal.artifacts.ivyservice.ivyresolve.RepositoryChainComponentMetaDataResolver] Attempting to resolve component for org.springframework.data:spring-data-commons:1.13.4.RELEASE using repositories [MavenRepo]
13:07:24.407 [DEBUG] [org.gradle.api.internal.artifacts.ivyservice.ivyresolve.CachingModuleComponentRepository] Using cached module metadata for module 'org.springframework.data:spring-data-commons:1.13.4.RELEASE' in 'MavenRepo'
13:07:24.407 [DEBUG] [org.gradle.api.internal.artifacts.ivyservice.ivyresolve.RepositoryChainComponentMetaDataResolver] Using org.springframework.data:spring-data-commons:1.13.4.RELEASE from Maven repository 'MavenRepo'
13:07:24.407 [DEBUG] [org.gradle.api.internal.artifacts.ivyservice.ivyresolve.RepositoryChainComponentMetaDataResolver] Attempting to resolve component for com.github.fakemongo:fongo:2.1.1 using repositories [MavenRepo]
13:07:24.407 [DEBUG] [org.gradle.api.internal.artifacts.ivyservice.ivyresolve.CachingModuleComponentRepository] Using cached module metadata for module 'com.github.fakemongo:fongo:2.1.1' in 'MavenRepo'
13:07:24.407 [DEBUG] [org.gradle.api.internal.artifacts.ivyservice.ivyresolve.RepositoryChainComponentMetaDataResolver] Using com.github.fakemongo:fongo:2.1.1 from Maven repository 'MavenRepo'
13:07:24.407 [DEBUG] [org.gradle.api.internal.artifacts.ivyservice.ivyresolve.RepositoryChainComponentMetaDataResolver] Attempting to resolve component for org.mozilla:rhino:1.7.7.1 using repositories [MavenRepo]
13:07:24.407 [DEBUG] [org.gradle.api.internal.artifacts.ivyservice.ivyresolve.CachingModuleComponentRepository] Using cached module metadata for module 'org.mozilla:rhino:1.7.7.1' in 'MavenRepo'
13:07:24.407 [DEBUG] [org.gradle.api.internal.artifacts.ivyservice.ivyresolve.RepositoryChainComponentMetaDataResolver] Using org.mozilla:rhino:1.7.7.1 from Maven repository 'MavenRepo'
13:07:24.407 [DEBUG] [org.gradle.api.internal.artifacts.ivyservice.ivyresolve.RepositoryChainComponentMetaDataResolver] Attempting to resolve component for com.vividsolutions:jts:1.13 using repositories [MavenRepo]
13:07:24.407 [DEBUG] [org.gradle.api.internal.artifacts.ivyservice.ivyresolve.CachingModuleComponentRepository] Using cached module metadata for module 'com.vividsolutions:jts:1.13' in 'MavenRepo'
13:07:24.407 [DEBUG] [org.gradle.api.internal.artifacts.ivyservice.ivyresolve.RepositoryChainComponentMetaDataResolver] Using com.vividsolutions:jts:1.13 from Maven repository 'MavenRepo'
13:07:24.407 [DEBUG] [org.gradle.api.internal.artifacts.ivyservice.ivyresolve.RepositoryChainComponentMetaDataResolver] Attempting to resolve component for de.grundid.opendatalab:geojson-jackson:1.2 using repositories [MavenRepo]
13:07:24.407 [DEBUG] [org.gradle.api.internal.artifacts.ivyservice.ivyresolve.CachingModuleComponentRepository] Using cached module metadata for module 'de.grundid.opendatalab:geojson-jackson:1.2' in 'MavenRepo'
13:07:24.407 [DEBUG] [org.gradle.api.internal.artifacts.ivyservice.ivyresolve.RepositoryChainComponentMetaDataResolver] Using de.grundid.opendatalab:geojson-jackson:1.2 from Maven repository 'MavenRepo'
13:07:24.407 [DEBUG] [org.gradle.api.internal.artifacts.ivyservice.resolveengine.graph.builder.DependencyGraphBuilder] Visiting configuration org.springframework.boot:spring-boot-starter-web:1.5.4.RELEASE(default).
13:07:24.408 [DEBUG] [org.gradle.api.internal.artifacts.ivyservice.resolveengine.graph.builder.DependencyGraphBuilder] org.springframework.boot:spring-boot-starter-web:1.5.4.RELEASE(default) has no transitive incoming edges. ignoring outgoing edges.
13:07:24.408 [DEBUG] [org.gradle.api.internal.artifacts.ivyservice.resolveengine.graph.builder.DependencyGraphBuilder] Visiting configuration org.springframework.boot:spring-boot-starter:1.5.4.RELEASE(default).
13:07:24.408 [DEBUG] [org.gradle.api.internal.artifacts.ivyservice.resolveengine.graph.builder.DependencyGraphBuilder] org.springframework.boot:spring-boot-starter:1.5.4.RELEASE(default) has no transitive incoming edges. ignoring outgoing edges.
13:07:24.408 [DEBUG] [org.gradle.api.internal.artifacts.ivyservice.resolveengine.graph.builder.DependencyGraphBuilder] Visiting configuration org.springframework.boot:spring-boot:1.5.4.RELEASE(default).
13:07:24.408 [DEBUG] [org.gradle.api.internal.artifacts.ivyservice.resolveengine.graph.builder.DependencyGraphBuilder] org.springframework.boot:spring-boot:1.5.4.RELEASE(default) has no transitive incoming edges. ignoring outgoing edges.
13:07:24.408 [DEBUG] [org.gradle.api.internal.artifacts.ivyservice.resolveengine.graph.builder.DependencyGraphBuilder] Visiting configuration org.springframework:spring-core:4.3.9.RELEASE(default).
13:07:24.408 [DEBUG] [org.gradle.api.internal.artifacts.ivyservice.resolveengine.graph.builder.DependencyGraphBuilder] org.springframework:spring-core:4.3.9.RELEASE(default) has no transitive incoming edges. ignoring outgoing edges.
13:07:24.408 [DEBUG] [org.gradle.api.internal.artifacts.ivyservice.resolveengine.graph.builder.DependencyGraphBuilder] Visiting configuration commons-logging:commons-logging:1.2(default).
13:07:24.408 [DEBUG] [org.gradle.api.internal.artifacts.ivyservice.resolveengine.graph.builder.DependencyGraphBuilder] commons-logging:commons-logging:1.2(default) has no transitive incoming edges. ignoring outgoing edges.
13:07:24.408 [DEBUG] [org.gradle.api.internal.artifacts.ivyservice.resolveengine.graph.builder.DependencyGraphBuilder] Visiting configuration org.springframework:spring-context:4.3.9.RELEASE(default).
13:07:24.408 [DEBUG] [org.gradle.api.internal.artifacts.ivyservice.resolveengine.graph.builder.DependencyGraphBuilder] org.springframework:spring-context:4.3.9.RELEASE(default) has no transitive incoming edges. ignoring outgoing edges.
13:07:24.408 [DEBUG] [org.gradle.api.internal.artifacts.ivyservice.resolveengine.graph.builder.DependencyGraphBuilder] Visiting configuration org.springframework:spring-aop:4.3.9.RELEASE(default).
13:07:24.408 [DEBUG] [org.gradle.api.internal.artifacts.ivyservice.resolveengine.graph.builder.DependencyGraphBuilder] org.springframework:spring-aop:4.3.9.RELEASE(default) has no transitive incoming edges. ignoring outgoing edges.
13:07:24.408 [DEBUG] [org.gradle.api.internal.artifacts.ivyservice.resolveengine.graph.builder.DependencyGraphBuilder] Visiting configuration org.springframework:spring-beans:4.3.9.RELEASE(default).
13:07:24.408 [DEBUG] [org.gradle.api.internal.artifacts.ivyservice.resolveengine.graph.builder.DependencyGraphBuilder] org.springframework:spring-beans:4.3.9.RELEASE(default) has no transitive incoming edges. ignoring outgoing edges.
13:07:24.408 [DEBUG] [org.gradle.api.internal.artifacts.ivyservice.resolveengine.graph.builder.DependencyGraphBuilder] Visiting configuration org.springframework:spring-expression:4.3.9.RELEASE(default).
13:07:24.408 [DEBUG] [org.gradle.api.internal.artifacts.ivyservice.resolveengine.graph.builder.DependencyGraphBuilder] org.springframework:spring-expression:4.3.9.RELEASE(default) has no transitive incoming edges. ignoring outgoing edges.
13:07:24.408 [DEBUG] [org.gradle.api.internal.artifacts.ivyservice.resolveengine.graph.builder.DependencyGraphBuilder] Visiting configuration org.springframework.boot:spring-boot-autoconfigure:1.5.4.RELEASE(default).
13:07:24.408 [DEBUG] [org.gradle.api.internal.artifacts.ivyservice.resolveengine.graph.builder.DependencyGraphBuilder] org.springframework.boot:spring-boot-autoconfigure:1.5.4.RELEASE(default) has no transitive incoming edges. ignoring outgoing edges.
13:07:24.408 [DEBUG] [org.gradle.api.internal.artifacts.ivyservice.resolveengine.graph.builder.DependencyGraphBuilder] Visiting configuration org.springframework.boot:spring-boot-starter-logging:1.5.4.RELEASE(default).
13:07:24.408 [DEBUG] [org.gradle.api.internal.artifacts.ivyservice.resolveengine.graph.builder.DependencyGraphBuilder] org.springframework.boot:spring-boot-starter-logging:1.5.4.RELEASE(default) has no transitive incoming edges. ignoring outgoing edges.
13:07:24.408 [DEBUG] [org.gradle.api.internal.artifacts.ivyservice.resolveengine.graph.builder.DependencyGraphBuilder] Visiting configuration ch.qos.logback:logback-classic:1.1.11(default).
13:07:24.408 [DEBUG] [org.gradle.api.internal.artifacts.ivyservice.resolveengine.graph.builder.DependencyGraphBuilder] ch.qos.logback:logback-classic:1.1.11(default) has no transitive incoming edges. ignoring outgoing edges.
13:07:24.408 [DEBUG] [org.gradle.api.internal.artifacts.ivyservice.resolveengine.graph.builder.DependencyGraphBuilder] Visiting configuration ch.qos.logback:logback-core:1.1.11(default).
13:07:24.408 [DEBUG] [org.gradle.api.internal.artifacts.ivyservice.resolveengine.graph.builder.DependencyGraphBuilder] ch.qos.logback:logback-core:1.1.11(default) has no transitive incoming edges. ignoring outgoing edges.
13:07:24.408 [DEBUG] [org.gradle.api.internal.artifacts.ivyservice.resolveengine.graph.builder.DependencyGraphBuilder] Visiting configuration org.slf4j:slf4j-api:1.7.25(default).
13:07:24.408 [DEBUG] [org.gradle.api.internal.artifacts.ivyservice.resolveengine.graph.builder.DependencyGraphBuilder] org.slf4j:slf4j-api:1.7.25(default) has no transitive incoming edges. ignoring outgoing edges.
13:07:24.408 [DEBUG] [org.gradle.api.internal.artifacts.ivyservice.resolveengine.graph.builder.DependencyGraphBuilder] Visiting configuration org.slf4j:jcl-over-slf4j:1.7.25(default).
13:07:24.408 [DEBUG] [org.gradle.api.internal.artifacts.ivyservice.resolveengine.graph.builder.DependencyGraphBuilder] org.slf4j:jcl-over-slf4j:1.7.25(default) has no transitive incoming edges. ignoring outgoing edges.
13:07:24.408 [DEBUG] [org.gradle.api.internal.artifacts.ivyservice.resolveengine.graph.builder.DependencyGraphBuilder] Visiting configuration org.slf4j:jul-to-slf4j:1.7.25(default).
13:07:24.408 [DEBUG] [org.gradle.api.internal.artifacts.ivyservice.resolveengine.graph.builder.DependencyGraphBuilder] org.slf4j:jul-to-slf4j:1.7.25(default) has no transitive incoming edges. ignoring outgoing edges.
13:07:24.409 [DEBUG] [org.gradle.api.internal.artifacts.ivyservice.resolveengine.graph.builder.DependencyGraphBuilder] Visiting configuration org.slf4j:log4j-over-slf4j:1.7.25(default).
13:07:24.409 [DEBUG] [org.gradle.api.internal.artifacts.ivyservice.resolveengine.graph.builder.DependencyGraphBuilder] org.slf4j:log4j-over-slf4j:1.7.25(default) has no transitive incoming edges. ignoring outgoing edges.
13:07:24.409 [DEBUG] [org.gradle.api.internal.artifacts.ivyservice.resolveengine.graph.builder.DependencyGraphBuilder] Visiting configuration org.yaml:snakeyaml:1.17(default).
13:07:24.409 [DEBUG] [org.gradle.api.internal.artifacts.ivyservice.resolveengine.graph.builder.DependencyGraphBuilder] org.yaml:snakeyaml:1.17(default) has no transitive incoming edges. ignoring outgoing edges.
13:07:24.409 [DEBUG] [org.gradle.api.internal.artifacts.ivyservice.resolveengine.graph.builder.DependencyGraphBuilder] Visiting configuration org.springframework.boot:spring-boot-starter-tomcat:1.5.4.RELEASE(default).
13:07:24.409 [DEBUG] [org.gradle.api.internal.artifacts.ivyservice.resolveengine.graph.builder.DependencyGraphBuilder] org.springframework.boot:spring-boot-starter-tomcat:1.5.4.RELEASE(default) has no transitive incoming edges. ignoring outgoing edges.
13:07:24.409 [DEBUG] [org.gradle.api.internal.artifacts.ivyservice.resolveengine.graph.builder.DependencyGraphBuilder] Visiting configuration org.apache.tomcat.embed:tomcat-embed-core:8.5.15(default).
13:07:24.409 [DEBUG] [org.gradle.api.internal.artifacts.ivyservice.resolveengine.graph.builder.DependencyGraphBuilder] org.apache.tomcat.embed:tomcat-embed-core:8.5.15(default) has no transitive incoming edges. ignoring outgoing edges.
13:07:24.409 [DEBUG] [org.gradle.api.internal.artifacts.ivyservice.resolveengine.graph.builder.DependencyGraphBuilder] Visiting configuration org.apache.tomcat.embed:tomcat-embed-el:8.5.15(default).
13:07:24.409 [DEBUG] [org.gradle.api.internal.artifacts.ivyservice.resolveengine.graph.builder.DependencyGraphBuilder] org.apache.tomcat.embed:tomcat-embed-el:8.5.15(default) has no transitive incoming edges. ignoring outgoing edges.
13:07:24.409 [DEBUG] [org.gradle.api.internal.artifacts.ivyservice.resolveengine.graph.builder.DependencyGraphBuilder] Visiting configuration org.apache.tomcat.embed:tomcat-embed-websocket:8.5.15(default).
13:07:24.409 [DEBUG] [org.gradle.api.internal.artifacts.ivyservice.resolveengine.graph.builder.DependencyGraphBuilder] org.apache.tomcat.embed:tomcat-embed-websocket:8.5.15(default) has no transitive incoming edges. ignoring outgoing edges.
13:07:24.409 [DEBUG] [org.gradle.api.internal.artifacts.ivyservice.resolveengine.graph.builder.DependencyGraphBuilder] Visiting configuration org.hibernate:hibernate-validator:5.3.5.Final(default).
13:07:24.409 [DEBUG] [org.gradle.api.internal.artifacts.ivyservice.resolveengine.graph.builder.DependencyGraphBuilder] org.hibernate:hibernate-validator:5.3.5.Final(default) has no transitive incoming edges. ignoring outgoing edges.
13:07:24.409 [DEBUG] [org.gradle.api.internal.artifacts.ivyservice.resolveengine.graph.builder.DependencyGraphBuilder] Visiting configuration javax.validation:validation-api:1.1.0.Final(default).
13:07:24.409 [DEBUG] [org.gradle.api.internal.artifacts.ivyservice.resolveengine.graph.builder.DependencyGraphBuilder] javax.validation:validation-api:1.1.0.Final(default) has no transitive incoming edges. ignoring outgoing edges.
13:07:24.409 [DEBUG] [org.gradle.api.internal.artifacts.ivyservice.resolveengine.graph.builder.DependencyGraphBuilder] Visiting configuration org.jboss.logging:jboss-logging:3.3.1.Final(default).
13:07:24.409 [DEBUG] [org.gradle.api.internal.artifacts.ivyservice.resolveengine.graph.builder.DependencyGraphBuilder] org.jboss.logging:jboss-logging:3.3.1.Final(default) has no transitive incoming edges. ignoring outgoing edges.
13:07:24.409 [DEBUG] [org.gradle.api.internal.artifacts.ivyservice.resolveengine.graph.builder.DependencyGraphBuilder] Visiting configuration com.fasterxml:classmate:1.3.3(default).
13:07:24.409 [DEBUG] [org.gradle.api.internal.artifacts.ivyservice.resolveengine.graph.builder.DependencyGraphBuilder] com.fasterxml:classmate:1.3.3(default) has no transitive incoming edges. ignoring outgoing edges.
13:07:24.409 [DEBUG] [org.gradle.api.internal.artifacts.ivyservice.resolveengine.graph.builder.DependencyGraphBuilder] Visiting configuration com.fasterxml.jackson.core:jackson-databind:2.8.8(default).
13:07:24.409 [DEBUG] [org.gradle.api.internal.artifacts.ivyservice.resolveengine.graph.builder.DependencyGraphBuilder] com.fasterxml.jackson.core:jackson-databind:2.8.8(default) has no transitive incoming edges. ignoring outgoing edges.
13:07:24.409 [DEBUG] [org.gradle.api.internal.artifacts.ivyservice.resolveengine.graph.builder.DependencyGraphBuilder] Visiting configuration com.fasterxml.jackson.core:jackson-annotations:2.8.0(default).
13:07:24.410 [DEBUG] [org.gradle.api.internal.artifacts.ivyservice.resolveengine.graph.builder.DependencyGraphBuilder] com.fasterxml.jackson.core:jackson-annotations:2.8.0(default) has no transitive incoming edges. ignoring outgoing edges.
13:07:24.410 [DEBUG] [org.gradle.api.internal.artifacts.ivyservice.resolveengine.graph.builder.DependencyGraphBuilder] Visiting configuration com.fasterxml.jackson.core:jackson-core:2.8.8(default).
13:07:24.410 [DEBUG] [org.gradle.api.internal.artifacts.ivyservice.resolveengine.graph.builder.DependencyGraphBuilder] com.fasterxml.jackson.core:jackson-core:2.8.8(default) has no transitive incoming edges. ignoring outgoing edges.
13:07:24.410 [DEBUG] [org.gradle.api.internal.artifacts.ivyservice.resolveengine.graph.builder.DependencyGraphBuilder] Visiting configuration org.springframework:spring-web:4.3.9.RELEASE(default).
13:07:24.410 [DEBUG] [org.gradle.api.internal.artifacts.ivyservice.resolveengine.graph.builder.DependencyGraphBuilder] org.springframework:spring-web:4.3.9.RELEASE(default) has no transitive incoming edges. ignoring outgoing edges.
13:07:24.410 [DEBUG] [org.gradle.api.internal.artifacts.ivyservice.resolveengine.graph.builder.DependencyGraphBuilder] Visiting configuration org.springframework:spring-webmvc:4.3.9.RELEASE(default).
13:07:24.410 [DEBUG] [org.gradle.api.internal.artifacts.ivyservice.resolveengine.graph.builder.DependencyGraphBuilder] org.springframework:spring-webmvc:4.3.9.RELEASE(default) has no transitive incoming edges. ignoring outgoing edges.
13:07:24.410 [DEBUG] [org.gradle.api.internal.artifacts.ivyservice.resolveengine.graph.builder.DependencyGraphBuilder] Visiting configuration org.springframework.boot:spring-boot-starter-data-mongodb:1.5.4.RELEASE(default).
13:07:24.410 [DEBUG] [org.gradle.api.internal.artifacts.ivyservice.resolveengine.graph.builder.DependencyGraphBuilder] org.springframework.boot:spring-boot-starter-data-mongodb:1.5.4.RELEASE(default) has no transitive incoming edges. ignoring outgoing edges.
13:07:24.410 [DEBUG] [org.gradle.api.internal.artifacts.ivyservice.resolveengine.graph.builder.DependencyGraphBuilder] Visiting configuration org.mongodb:mongodb-driver:3.4.2(default).
13:07:24.410 [DEBUG] [org.gradle.api.internal.artifacts.ivyservice.resolveengine.graph.builder.DependencyGraphBuilder] org.mongodb:mongodb-driver:3.4.2(default) has no transitive incoming edges. ignoring outgoing edges.
13:07:24.410 [DEBUG] [org.gradle.api.internal.artifacts.ivyservice.resolveengine.graph.builder.DependencyGraphBuilder] Visiting configuration org.mongodb:bson:3.4.2(default).
13:07:24.410 [DEBUG] [org.gradle.api.internal.artifacts.ivyservice.resolveengine.graph.builder.DependencyGraphBuilder] org.mongodb:bson:3.4.2(default) has no transitive incoming edges. ignoring outgoing edges.
13:07:24.410 [DEBUG] [org.gradle.api.internal.artifacts.ivyservice.resolveengine.graph.builder.DependencyGraphBuilder] Visiting configuration org.mongodb:mongodb-driver-core:3.4.2(default).
13:07:24.410 [DEBUG] [org.gradle.api.internal.artifacts.ivyservice.resolveengine.graph.builder.DependencyGraphBuilder] org.mongodb:mongodb-driver-core:3.4.2(default) has no transitive incoming edges. ignoring outgoing edges.
13:07:24.410 [DEBUG] [org.gradle.api.internal.artifacts.ivyservice.resolveengine.graph.builder.DependencyGraphBuilder] Visiting configuration org.springframework.data:spring-data-mongodb:1.10.4.RELEASE(default).
13:07:24.410 [DEBUG] [org.gradle.api.internal.artifacts.ivyservice.resolveengine.graph.builder.DependencyGraphBuilder] org.springframework.data:spring-data-mongodb:1.10.4.RELEASE(default) has no transitive incoming edges. ignoring outgoing edges.
13:07:24.410 [DEBUG] [org.gradle.api.internal.artifacts.ivyservice.resolveengine.graph.builder.DependencyGraphBuilder] Visiting configuration org.springframework:spring-tx:4.3.9.RELEASE(default).
13:07:24.411 [DEBUG] [org.gradle.api.internal.artifacts.ivyservice.resolveengine.graph.builder.DependencyGraphBuilder] org.springframework:spring-tx:4.3.9.RELEASE(default) has no transitive incoming edges. ignoring outgoing edges.
13:07:24.411 [DEBUG] [org.gradle.api.internal.artifacts.ivyservice.resolveengine.graph.builder.DependencyGraphBuilder] Visiting configuration org.springframework.data:spring-data-commons:1.13.4.RELEASE(default).
13:07:24.411 [DEBUG] [org.gradle.api.internal.artifacts.ivyservice.resolveengine.graph.builder.DependencyGraphBuilder] org.springframework.data:spring-data-commons:1.13.4.RELEASE(default) has no transitive incoming edges. ignoring outgoing edges.
13:07:24.411 [DEBUG] [org.gradle.api.internal.artifacts.ivyservice.resolveengine.graph.builder.DependencyGraphBuilder] Visiting configuration com.github.fakemongo:fongo:2.1.1(default).
13:07:24.411 [DEBUG] [org.gradle.api.internal.artifacts.ivyservice.resolveengine.graph.builder.DependencyGraphBuilder] com.github.fakemongo:fongo:2.1.1(default) has no transitive incoming edges. ignoring outgoing edges.
13:07:24.411 [DEBUG] [org.gradle.api.internal.artifacts.ivyservice.resolveengine.graph.builder.DependencyGraphBuilder] Visiting configuration org.mozilla:rhino:1.7.7.1(default).
13:07:24.411 [DEBUG] [org.gradle.api.internal.artifacts.ivyservice.resolveengine.graph.builder.DependencyGraphBuilder] org.mozilla:rhino:1.7.7.1(default) has no transitive incoming edges. ignoring outgoing edges.
13:07:24.411 [DEBUG] [org.gradle.api.internal.artifacts.ivyservice.resolveengine.graph.builder.DependencyGraphBuilder] Visiting configuration com.vividsolutions:jts:1.13(default).
13:07:24.411 [DEBUG] [org.gradle.api.internal.artifacts.ivyservice.resolveengine.graph.builder.DependencyGraphBuilder] com.vividsolutions:jts:1.13(default) has no transitive incoming edges. ignoring outgoing edges.
13:07:24.411 [DEBUG] [org.gradle.api.internal.artifacts.ivyservice.resolveengine.graph.builder.DependencyGraphBuilder] Visiting configuration de.grundid.opendatalab:geojson-jackson:1.2(default).
13:07:24.411 [DEBUG] [org.gradle.api.internal.artifacts.ivyservice.resolveengine.graph.builder.DependencyGraphBuilder] de.grundid.opendatalab:geojson-jackson:1.2(default) has no transitive incoming edges. ignoring outgoing edges.
13:07:24.412 [DEBUG] [org.gradle.api.internal.artifacts.ivyservice.resolveengine.oldresult.TransientConfigurationResultsBuilder] Flushing resolved configuration data in Binary store in /private/var/folders/ql/766g4tnx5mgbtm0tr10fxhyc0000gn/T/gradle17660509840828398561.bin. Wrote root 2.
13:07:24.412 [DEBUG] [org.gradle.internal.operations.DefaultBuildOperationExecutor] Completing Build operation 'Resolve dependencies of :detachedConfiguration18'
13:07:24.412 [DEBUG] [org.gradle.internal.operations.DefaultBuildOperationExecutor] Build operation 'Resolve dependencies of :detachedConfiguration18' completed
13:07:24.412 [DEBUG] [org.gradle.internal.component.model.ComponentAttributeMatcher] Selected match org.springframework.boot:spring-boot-starter-web:1.5.4.RELEASE from candidates [org.springframework.boot:spring-boot-starter-web:1.5.4.RELEASE] for {}
13:07:24.412 [DEBUG] [org.gradle.internal.component.model.ComponentAttributeMatcher] Selected match org.springframework.boot:spring-boot-starter:1.5.4.RELEASE from candidates [org.springframework.boot:spring-boot-starter:1.5.4.RELEASE] for {}
13:07:24.412 [DEBUG] [org.gradle.internal.component.model.ComponentAttributeMatcher] Selected match org.springframework.boot:spring-boot:1.5.4.RELEASE from candidates [org.springframework.boot:spring-boot:1.5.4.RELEASE] for {}
13:07:24.412 [DEBUG] [org.gradle.internal.component.model.ComponentAttributeMatcher] Selected match org.springframework:spring-core:4.3.9.RELEASE from candidates [org.springframework:spring-core:4.3.9.RELEASE] for {}
13:07:24.412 [DEBUG] [org.gradle.internal.component.model.ComponentAttributeMatcher] Selected match commons-logging:commons-logging:1.2 from candidates [commons-logging:commons-logging:1.2] for {}
13:07:24.412 [DEBUG] [org.gradle.internal.component.model.ComponentAttributeMatcher] Selected match org.springframework:spring-context:4.3.9.RELEASE from candidates [org.springframework:spring-context:4.3.9.RELEASE] for {}
13:07:24.412 [DEBUG] [org.gradle.internal.component.model.ComponentAttributeMatcher] Selected match org.springframework:spring-aop:4.3.9.RELEASE from candidates [org.springframework:spring-aop:4.3.9.RELEASE] for {}
13:07:24.412 [DEBUG] [org.gradle.internal.component.model.ComponentAttributeMatcher] Selected match org.springframework:spring-beans:4.3.9.RELEASE from candidates [org.springframework:spring-beans:4.3.9.RELEASE] for {}
13:07:24.412 [DEBUG] [org.gradle.internal.component.model.ComponentAttributeMatcher] Selected match org.springframework:spring-expression:4.3.9.RELEASE from candidates [org.springframework:spring-expression:4.3.9.RELEASE] for {}
13:07:24.412 [DEBUG] [org.gradle.internal.component.model.ComponentAttributeMatcher] Selected match org.springframework.boot:spring-boot-autoconfigure:1.5.4.RELEASE from candidates [org.springframework.boot:spring-boot-autoconfigure:1.5.4.RELEASE] for {}
13:07:24.412 [DEBUG] [org.gradle.internal.component.model.ComponentAttributeMatcher] Selected match org.springframework.boot:spring-boot-starter-logging:1.5.4.RELEASE from candidates [org.springframework.boot:spring-boot-starter-logging:1.5.4.RELEASE] for {}
13:07:24.413 [DEBUG] [org.gradle.internal.component.model.ComponentAttributeMatcher] Selected match ch.qos.logback:logback-classic:1.1.11 from candidates [ch.qos.logback:logback-classic:1.1.11] for {}
13:07:24.413 [DEBUG] [org.gradle.internal.component.model.ComponentAttributeMatcher] Selected match ch.qos.logback:logback-core:1.1.11 from candidates [ch.qos.logback:logback-core:1.1.11] for {}
13:07:24.413 [DEBUG] [org.gradle.internal.component.model.ComponentAttributeMatcher] Selected match org.slf4j:slf4j-api:1.7.25 from candidates [org.slf4j:slf4j-api:1.7.25] for {}
13:07:24.413 [DEBUG] [org.gradle.internal.component.model.ComponentAttributeMatcher] Selected match org.slf4j:jcl-over-slf4j:1.7.25 from candidates [org.slf4j:jcl-over-slf4j:1.7.25] for {}
13:07:24.413 [DEBUG] [org.gradle.internal.component.model.ComponentAttributeMatcher] Selected match org.slf4j:jul-to-slf4j:1.7.25 from candidates [org.slf4j:jul-to-slf4j:1.7.25] for {}
13:07:24.413 [DEBUG] [org.gradle.internal.component.model.ComponentAttributeMatcher] Selected match org.slf4j:log4j-over-slf4j:1.7.25 from candidates [org.slf4j:log4j-over-slf4j:1.7.25] for {}
13:07:24.413 [DEBUG] [org.gradle.internal.component.model.ComponentAttributeMatcher] Selected match org.yaml:snakeyaml:1.17 from candidates [org.yaml:snakeyaml:1.17] for {}
13:07:24.413 [DEBUG] [org.gradle.internal.component.model.ComponentAttributeMatcher] Selected match org.springframework.boot:spring-boot-starter-tomcat:1.5.4.RELEASE from candidates [org.springframework.boot:spring-boot-starter-tomcat:1.5.4.RELEASE] for {}
13:07:24.413 [DEBUG] [org.gradle.internal.component.model.ComponentAttributeMatcher] Selected match org.apache.tomcat.embed:tomcat-embed-core:8.5.15 from candidates [org.apache.tomcat.embed:tomcat-embed-core:8.5.15] for {}
13:07:24.413 [DEBUG] [org.gradle.internal.component.model.ComponentAttributeMatcher] Selected match org.apache.tomcat.embed:tomcat-embed-el:8.5.15 from candidates [org.apache.tomcat.embed:tomcat-embed-el:8.5.15] for {}
13:07:24.413 [DEBUG] [org.gradle.internal.component.model.ComponentAttributeMatcher] Selected match org.apache.tomcat.embed:tomcat-embed-websocket:8.5.15 from candidates [org.apache.tomcat.embed:tomcat-embed-websocket:8.5.15] for {}
13:07:24.413 [DEBUG] [org.gradle.internal.component.model.ComponentAttributeMatcher] Selected match org.hibernate:hibernate-validator:5.3.5.Final from candidates [org.hibernate:hibernate-validator:5.3.5.Final] for {}
13:07:24.413 [DEBUG] [org.gradle.internal.component.model.ComponentAttributeMatcher] Selected match javax.validation:validation-api:1.1.0.Final from candidates [javax.validation:validation-api:1.1.0.Final] for {}
13:07:24.413 [DEBUG] [org.gradle.internal.component.model.ComponentAttributeMatcher] Selected match org.jboss.logging:jboss-logging:3.3.1.Final from candidates [org.jboss.logging:jboss-logging:3.3.1.Final] for {}
13:07:24.413 [DEBUG] [org.gradle.internal.component.model.ComponentAttributeMatcher] Selected match com.fasterxml:classmate:1.3.3 from candidates [com.fasterxml:classmate:1.3.3] for {}
13:07:24.413 [DEBUG] [org.gradle.internal.component.model.ComponentAttributeMatcher] Selected match com.fasterxml.jackson.core:jackson-databind:2.8.8 from candidates [com.fasterxml.jackson.core:jackson-databind:2.8.8] for {}
13:07:24.413 [DEBUG] [org.gradle.internal.component.model.ComponentAttributeMatcher] Selected match com.fasterxml.jackson.core:jackson-annotations:2.8.0 from candidates [com.fasterxml.jackson.core:jackson-annotations:2.8.0] for {}
13:07:24.413 [DEBUG] [org.gradle.internal.component.model.ComponentAttributeMatcher] Selected match com.fasterxml.jackson.core:jackson-core:2.8.8 from candidates [com.fasterxml.jackson.core:jackson-core:2.8.8] for {}
13:07:24.413 [DEBUG] [org.gradle.internal.component.model.ComponentAttributeMatcher] Selected match org.springframework:spring-web:4.3.9.RELEASE from candidates [org.springframework:spring-web:4.3.9.RELEASE] for {}
13:07:24.414 [DEBUG] [org.gradle.internal.component.model.ComponentAttributeMatcher] Selected match org.springframework:spring-webmvc:4.3.9.RELEASE from candidates [org.springframework:spring-webmvc:4.3.9.RELEASE] for {}
13:07:24.414 [DEBUG] [org.gradle.internal.component.model.ComponentAttributeMatcher] Selected match org.springframework.boot:spring-boot-starter-data-mongodb:1.5.4.RELEASE from candidates [org.springframework.boot:spring-boot-starter-data-mongodb:1.5.4.RELEASE] for {}
13:07:24.414 [DEBUG] [org.gradle.internal.component.model.ComponentAttributeMatcher] Selected match org.mongodb:mongodb-driver:3.4.2 from candidates [org.mongodb:mongodb-driver:3.4.2] for {}
13:07:24.414 [DEBUG] [org.gradle.internal.component.model.ComponentAttributeMatcher] Selected match org.mongodb:bson:3.4.2 from candidates [org.mongodb:bson:3.4.2] for {}
13:07:24.414 [DEBUG] [org.gradle.internal.component.model.ComponentAttributeMatcher] Selected match org.mongodb:mongodb-driver-core:3.4.2 from candidates [org.mongodb:mongodb-driver-core:3.4.2] for {}
13:07:24.414 [DEBUG] [org.gradle.internal.component.model.ComponentAttributeMatcher] Selected match org.springframework.data:spring-data-mongodb:1.10.4.RELEASE from candidates [org.springframework.data:spring-data-mongodb:1.10.4.RELEASE] for {}
13:07:24.414 [DEBUG] [org.gradle.internal.component.model.ComponentAttributeMatcher] Selected match org.springframework:spring-tx:4.3.9.RELEASE from candidates [org.springframework:spring-tx:4.3.9.RELEASE] for {}
13:07:24.414 [DEBUG] [org.gradle.internal.component.model.ComponentAttributeMatcher] Selected match org.springframework.data:spring-data-commons:1.13.4.RELEASE from candidates [org.springframework.data:spring-data-commons:1.13.4.RELEASE] for {}
13:07:24.414 [DEBUG] [org.gradle.internal.component.model.ComponentAttributeMatcher] Selected match com.github.fakemongo:fongo:2.1.1 from candidates [com.github.fakemongo:fongo:2.1.1] for {}
13:07:24.414 [DEBUG] [org.gradle.internal.component.model.ComponentAttributeMatcher] Selected match org.mozilla:rhino:1.7.7.1 from candidates [org.mozilla:rhino:1.7.7.1] for {}
13:07:24.414 [DEBUG] [org.gradle.internal.component.model.ComponentAttributeMatcher] Selected match com.vividsolutions:jts:1.13 from candidates [com.vividsolutions:jts:1.13] for {}
13:07:24.414 [DEBUG] [org.gradle.internal.component.model.ComponentAttributeMatcher] Selected match de.grundid.opendatalab:geojson-jackson:1.2 from candidates [de.grundid.opendatalab:geojson-jackson:1.2] for {}
13:07:24.414 [DEBUG] [org.gradle.internal.operations.DefaultBuildOperationExecutor] Build operation 'Resolve files of :detachedConfiguration18' started
13:07:24.414 [DEBUG] [org.gradle.api.internal.artifacts.ivyservice.ivyresolve.CachingModuleComponentRepository] Found artifact 'spring-boot-starter-web.pom (org.springframework.boot:spring-boot-starter-web:1.5.4.RELEASE)' in resolver cache: /Users/bconnors/.gradle/caches/modules-2/files-2.1/org.springframework.boot/spring-boot-starter-web/1.5.4.RELEASE/e3d63d617754cdea7148d9a56d16f0cc11f49381/spring-boot-starter-web-1.5.4.RELEASE.pom
13:07:24.414 [DEBUG] [org.gradle.api.internal.artifacts.ivyservice.ivyresolve.CachingModuleComponentRepository] Found artifact 'spring-boot-starter.pom (org.springframework.boot:spring-boot-starter:1.5.4.RELEASE)' in resolver cache: /Users/bconnors/.gradle/caches/modules-2/files-2.1/org.springframework.boot/spring-boot-starter/1.5.4.RELEASE/a16a285701cb802c3319f160d32d8c3d188c76eb/spring-boot-starter-1.5.4.RELEASE.pom
13:07:24.415 [DEBUG] [org.gradle.api.internal.artifacts.ivyservice.ivyresolve.CachingModuleComponentRepository] Found artifact 'spring-boot.pom (org.springframework.boot:spring-boot:1.5.4.RELEASE)' in resolver cache: /Users/bconnors/.gradle/caches/modules-2/files-2.1/org.springframework.boot/spring-boot/1.5.4.RELEASE/506b20d2190160d4cf1a567508282195737856a3/spring-boot-1.5.4.RELEASE.pom
13:07:24.415 [DEBUG] [org.gradle.api.internal.artifacts.ivyservice.ivyresolve.CachingModuleComponentRepository] Found artifact 'spring-core.pom (org.springframework:spring-core:4.3.9.RELEASE)' in resolver cache: /Users/bconnors/.gradle/caches/modules-2/files-2.1/org.springframework/spring-core/4.3.9.RELEASE/153a275bd4e03f1b71af3c6a9a304ce0d727b258/spring-core-4.3.9.RELEASE.pom
13:07:24.415 [DEBUG] [org.gradle.api.internal.artifacts.ivyservice.ivyresolve.CachingModuleComponentRepository] Found artifact 'commons-logging.pom (commons-logging:commons-logging:1.2)' in resolver cache: /Users/bconnors/.gradle/caches/modules-2/files-2.1/commons-logging/commons-logging/1.2/75c03ba4b01932842a996ef8d3fc1ab61ddeac2/commons-logging-1.2.pom
13:07:24.415 [DEBUG] [org.gradle.api.internal.artifacts.ivyservice.ivyresolve.CachingModuleComponentRepository] Found artifact 'spring-context.pom (org.springframework:spring-context:4.3.9.RELEASE)' in resolver cache: /Users/bconnors/.gradle/caches/modules-2/files-2.1/org.springframework/spring-context/4.3.9.RELEASE/b13dbc019668c3cd51a8e140a826240a67167c04/spring-context-4.3.9.RELEASE.pom
13:07:24.415 [DEBUG] [org.gradle.api.internal.artifacts.ivyservice.ivyresolve.CachingModuleComponentRepository] Found artifact 'spring-aop.pom (org.springframework:spring-aop:4.3.9.RELEASE)' in resolver cache: /Users/bconnors/.gradle/caches/modules-2/files-2.1/org.springframework/spring-aop/4.3.9.RELEASE/67b435c2f228ccff6fc647030f839f557f0f70ea/spring-aop-4.3.9.RELEASE.pom
13:07:24.415 [DEBUG] [org.gradle.api.internal.artifacts.ivyservice.ivyresolve.CachingModuleComponentRepository] Found artifact 'spring-beans.pom (org.springframework:spring-beans:4.3.9.RELEASE)' in resolver cache: /Users/bconnors/.gradle/caches/modules-2/files-2.1/org.springframework/spring-beans/4.3.9.RELEASE/4783ebf5ab9eb97e89b465f36291199c9610ff61/spring-beans-4.3.9.RELEASE.pom
13:07:24.415 [DEBUG] [org.gradle.api.internal.artifacts.ivyservice.ivyresolve.CachingModuleComponentRepository] Found artifact 'spring-expression.pom (org.springframework:spring-expression:4.3.9.RELEASE)' in resolver cache: /Users/bconnors/.gradle/caches/modules-2/files-2.1/org.springframework/spring-expression/4.3.9.RELEASE/bacd661e2fe4434e3faa0c302ddd2ac6b1043f39/spring-expression-4.3.9.RELEASE.pom
13:07:24.415 [DEBUG] [org.gradle.api.internal.artifacts.ivyservice.ivyresolve.CachingModuleComponentRepository] Found artifact 'spring-boot-autoconfigure.pom (org.springframework.boot:spring-boot-autoconfigure:1.5.4.RELEASE)' in resolver cache: /Users/bconnors/.gradle/caches/modules-2/files-2.1/org.springframework.boot/spring-boot-autoconfigure/1.5.4.RELEASE/2f8ed52612f2d305b88ce9c4e0099ad23792b42e/spring-boot-autoconfigure-1.5.4.RELEASE.pom
13:07:24.416 [DEBUG] [org.gradle.api.internal.artifacts.ivyservice.ivyresolve.CachingModuleComponentRepository] Found artifact 'spring-boot-starter-logging.pom (org.springframework.boot:spring-boot-starter-logging:1.5.4.RELEASE)' in resolver cache: /Users/bconnors/.gradle/caches/modules-2/files-2.1/org.springframework.boot/spring-boot-starter-logging/1.5.4.RELEASE/96492fb0c71a311889585d6e9f328aae8d0b02cb/spring-boot-starter-logging-1.5.4.RELEASE.pom
13:07:24.416 [DEBUG] [org.gradle.api.internal.artifacts.ivyservice.ivyresolve.CachingModuleComponentRepository] Found artifact 'logback-classic.pom (ch.qos.logback:logback-classic:1.1.11)' in resolver cache: /Users/bconnors/.gradle/caches/modules-2/files-2.1/ch.qos.logback/logback-classic/1.1.11/f253f9e57aeae9d99b7482d010382f2f2a8a315c/logback-classic-1.1.11.pom
13:07:24.416 [DEBUG] [org.gradle.api.internal.artifacts.ivyservice.ivyresolve.CachingModuleComponentRepository] Found artifact 'logback-core.pom (ch.qos.logback:logback-core:1.1.11)' in resolver cache: /Users/bconnors/.gradle/caches/modules-2/files-2.1/ch.qos.logback/logback-core/1.1.11/ee5b86ecaeaa1d007ffa5ea6bb6a672dd7cc2f54/logback-core-1.1.11.pom
13:07:24.416 [DEBUG] [org.gradle.api.internal.artifacts.ivyservice.ivyresolve.CachingModuleComponentRepository] Found artifact 'slf4j-api.pom (org.slf4j:slf4j-api:1.7.25)' in resolver cache: /Users/bconnors/.gradle/caches/modules-2/files-2.1/org.slf4j/slf4j-api/1.7.25/df51c4a85dd6acf8b6cdc9323596766b3d577c28/slf4j-api-1.7.25.pom
13:07:24.416 [DEBUG] [org.gradle.api.internal.artifacts.ivyservice.ivyresolve.CachingModuleComponentRepository] Found artifact 'jcl-over-slf4j.pom (org.slf4j:jcl-over-slf4j:1.7.25)' in resolver cache: /Users/bconnors/.gradle/caches/modules-2/files-2.1/org.slf4j/jcl-over-slf4j/1.7.25/7d600fcbc5fec890d33f4ca3e99bc3f664d0051a/jcl-over-slf4j-1.7.25.pom
13:07:24.416 [DEBUG] [org.gradle.api.internal.artifacts.ivyservice.ivyresolve.CachingModuleComponentRepository] Found artifact 'jul-to-slf4j.pom (org.slf4j:jul-to-slf4j:1.7.25)' in resolver cache: /Users/bconnors/.gradle/caches/modules-2/files-2.1/org.slf4j/jul-to-slf4j/1.7.25/16087adff3efe354a294183376599d95a2cb0e13/jul-to-slf4j-1.7.25.pom
13:07:24.416 [DEBUG] [org.gradle.api.internal.artifacts.ivyservice.ivyresolve.CachingModuleComponentRepository] Found artifact 'log4j-over-slf4j.pom (org.slf4j:log4j-over-slf4j:1.7.25)' in resolver cache: /Users/bconnors/.gradle/caches/modules-2/files-2.1/org.slf4j/log4j-over-slf4j/1.7.25/65f15359166e4000dca03127b4a322b3339ebb8c/log4j-over-slf4j-1.7.25.pom
13:07:24.416 [DEBUG] [org.gradle.api.internal.artifacts.ivyservice.ivyresolve.CachingModuleComponentRepository] Found artifact 'snakeyaml.pom (org.yaml:snakeyaml:1.17)' in resolver cache: /Users/bconnors/.gradle/caches/modules-2/files-2.1/org.yaml/snakeyaml/1.17/93e6d192f94124d739a3a6ef9d184e0d599758a1/snakeyaml-1.17.pom
13:07:24.417 [DEBUG] [org.gradle.api.internal.artifacts.ivyservice.ivyresolve.CachingModuleComponentRepository] Found artifact 'spring-boot-starter-tomcat.pom (org.springframework.boot:spring-boot-starter-tomcat:1.5.4.RELEASE)' in resolver cache: /Users/bconnors/.gradle/caches/modules-2/files-2.1/org.springframework.boot/spring-boot-starter-tomcat/1.5.4.RELEASE/2166b033b8f976efb5a014d473c69e7a6656540d/spring-boot-starter-tomcat-1.5.4.RELEASE.pom
13:07:24.417 [DEBUG] [org.gradle.api.internal.artifacts.ivyservice.ivyresolve.CachingModuleComponentRepository] Found artifact 'tomcat-embed-core.pom (org.apache.tomcat.embed:tomcat-embed-core:8.5.15)' in resolver cache: /Users/bconnors/.gradle/caches/modules-2/files-2.1/org.apache.tomcat.embed/tomcat-embed-core/8.5.15/60d1335a0ee64ea1ffaece057e29b478bee94510/tomcat-embed-core-8.5.15.pom
13:07:24.417 [DEBUG] [org.gradle.api.internal.artifacts.ivyservice.ivyresolve.CachingModuleComponentRepository] Found artifact 'tomcat-embed-el.pom (org.apache.tomcat.embed:tomcat-embed-el:8.5.15)' in resolver cache: /Users/bconnors/.gradle/caches/modules-2/files-2.1/org.apache.tomcat.embed/tomcat-embed-el/8.5.15/28348cbbcd9acf9293e9faf6c4bfdc2da4e0c759/tomcat-embed-el-8.5.15.pom
13:07:24.417 [DEBUG] [org.gradle.api.internal.artifacts.ivyservice.ivyresolve.CachingModuleComponentRepository] Found artifact 'tomcat-embed-websocket.pom (org.apache.tomcat.embed:tomcat-embed-websocket:8.5.15)' in resolver cache: /Users/bconnors/.gradle/caches/modules-2/files-2.1/org.apache.tomcat.embed/tomcat-embed-websocket/8.5.15/423e886afd0deefacf09d87becc34e0a3964ef49/tomcat-embed-websocket-8.5.15.pom
13:07:24.417 [DEBUG] [org.gradle.api.internal.artifacts.ivyservice.ivyresolve.CachingModuleComponentRepository] Found artifact 'hibernate-validator.pom (org.hibernate:hibernate-validator:5.3.5.Final)' in resolver cache: /Users/bconnors/.gradle/caches/modules-2/files-2.1/org.hibernate/hibernate-validator/5.3.5.Final/d87c4f98c20a88ab2b5d742c84a0718b6a5ea26b/hibernate-validator-5.3.5.Final.pom
13:07:24.417 [DEBUG] [org.gradle.api.internal.artifacts.ivyservice.ivyresolve.CachingModuleComponentRepository] Found artifact 'validation-api.pom (javax.validation:validation-api:1.1.0.Final)' in resolver cache: /Users/bconnors/.gradle/caches/modules-2/files-2.1/javax.validation/validation-api/1.1.0.Final/d2ad4d1498d1048abc6c6948fd3f835d8fdafb0/validation-api-1.1.0.Final.pom
13:07:24.417 [DEBUG] [org.gradle.api.internal.artifacts.ivyservice.ivyresolve.CachingModuleComponentRepository] Found artifact 'jboss-logging.pom (org.jboss.logging:jboss-logging:3.3.1.Final)' in resolver cache: /Users/bconnors/.gradle/caches/modules-2/files-2.1/org.jboss.logging/jboss-logging/3.3.1.Final/eab58561072aac9ef8020229642c331ac551411e/jboss-logging-3.3.1.Final.pom
13:07:24.418 [DEBUG] [org.gradle.api.internal.artifacts.ivyservice.ivyresolve.CachingModuleComponentRepository] Found artifact 'classmate.pom (com.fasterxml:classmate:1.3.3)' in resolver cache: /Users/bconnors/.gradle/caches/modules-2/files-2.1/com.fasterxml/classmate/1.3.3/2e1eecc3ef31c5000b7327fe47c8ec16c14d1161/classmate-1.3.3.pom
13:07:24.418 [DEBUG] [org.gradle.api.internal.artifacts.ivyservice.ivyresolve.CachingModuleComponentRepository] Found artifact 'jackson-databind.pom (com.fasterxml.jackson.core:jackson-databind:2.8.8)' in resolver cache: /Users/bconnors/.gradle/caches/modules-2/files-2.1/com.fasterxml.jackson.core/jackson-databind/2.8.8/42ae6b7c5bad6d234044b3d3c07f2374fc2cbf6d/jackson-databind-2.8.8.pom
13:07:24.418 [DEBUG] [org.gradle.api.internal.artifacts.ivyservice.ivyresolve.CachingModuleComponentRepository] Found artifact 'jackson-annotations.pom (com.fasterxml.jackson.core:jackson-annotations:2.8.0)' in resolver cache: /Users/bconnors/.gradle/caches/modules-2/files-2.1/com.fasterxml.jackson.core/jackson-annotations/2.8.0/4356979ca8e5f93f069f350870ac476acf106eaa/jackson-annotations-2.8.0.pom
13:07:24.418 [DEBUG] [org.gradle.api.internal.artifacts.ivyservice.ivyresolve.CachingModuleComponentRepository] Found artifact 'jackson-core.pom (com.fasterxml.jackson.core:jackson-core:2.8.8)' in resolver cache: /Users/bconnors/.gradle/caches/modules-2/files-2.1/com.fasterxml.jackson.core/jackson-core/2.8.8/39fc72c2d4b4370bda4767d66dfe5ce82cffdb79/jackson-core-2.8.8.pom
13:07:24.418 [DEBUG] [org.gradle.api.internal.artifacts.ivyservice.ivyresolve.CachingModuleComponentRepository] Found artifact 'spring-web.pom (org.springframework:spring-web:4.3.9.RELEASE)' in resolver cache: /Users/bconnors/.gradle/caches/modules-2/files-2.1/org.springframework/spring-web/4.3.9.RELEASE/60acf33a3cac75b4d2f10b03bd1d18d55f0c4218/spring-web-4.3.9.RELEASE.pom
13:07:24.419 [DEBUG] [org.gradle.api.internal.artifacts.ivyservice.ivyresolve.CachingModuleComponentRepository] Found artifact 'spring-webmvc.pom (org.springframework:spring-webmvc:4.3.9.RELEASE)' in resolver cache: /Users/bconnors/.gradle/caches/modules-2/files-2.1/org.springframework/spring-webmvc/4.3.9.RELEASE/c6676b7762d0b958abcda4ac95008258adfc5198/spring-webmvc-4.3.9.RELEASE.pom
13:07:24.419 [DEBUG] [org.gradle.api.internal.artifacts.ivyservice.ivyresolve.CachingModuleComponentRepository] Found artifact 'spring-boot-starter-data-mongodb.pom (org.springframework.boot:spring-boot-starter-data-mongodb:1.5.4.RELEASE)' in resolver cache: /Users/bconnors/.gradle/caches/modules-2/files-2.1/org.springframework.boot/spring-boot-starter-data-mongodb/1.5.4.RELEASE/6677847fe8aa70187b845744a5e47abd4b5a1f18/spring-boot-starter-data-mongodb-1.5.4.RELEASE.pom
13:07:24.419 [DEBUG] [org.gradle.api.internal.artifacts.ivyservice.ivyresolve.CachingModuleComponentRepository] Found artifact 'mongodb-driver.pom (org.mongodb:mongodb-driver:3.4.2)' in resolver cache: /Users/bconnors/.gradle/caches/modules-2/files-2.1/org.mongodb/mongodb-driver/3.4.2/ad65a4d4b9b80bed5266d6988a3f1c71ffd28bfe/mongodb-driver-3.4.2.pom
13:07:24.419 [DEBUG] [org.gradle.api.internal.artifacts.ivyservice.ivyresolve.CachingModuleComponentRepository] Found artifact 'bson.pom (org.mongodb:bson:3.4.2)' in resolver cache: /Users/bconnors/.gradle/caches/modules-2/files-2.1/org.mongodb/bson/3.4.2/d4ac8f10d32a580645e0dacef30a830afcda4733/bson-3.4.2.pom
13:07:24.419 [DEBUG] [org.gradle.api.internal.artifacts.ivyservice.ivyresolve.CachingModuleComponentRepository] Found artifact 'mongodb-driver-core.pom (org.mongodb:mongodb-driver-core:3.4.2)' in resolver cache: /Users/bconnors/.gradle/caches/modules-2/files-2.1/org.mongodb/mongodb-driver-core/3.4.2/488e784919a982cafc1262f67a00d59455e31a5b/mongodb-driver-core-3.4.2.pom
13:07:24.419 [DEBUG] [org.gradle.api.internal.artifacts.ivyservice.ivyresolve.CachingModuleComponentRepository] Found artifact 'spring-data-mongodb.pom (org.springframework.data:spring-data-mongodb:1.10.4.RELEASE)' in resolver cache: /Users/bconnors/.gradle/caches/modules-2/files-2.1/org.springframework.data/spring-data-mongodb/1.10.4.RELEASE/33d022ee0c58a070384bd3b8a03535ef75bcce70/spring-data-mongodb-1.10.4.RELEASE.pom
13:07:24.420 [DEBUG] [org.gradle.api.internal.artifacts.ivyservice.ivyresolve.CachingModuleComponentRepository] Found artifact 'spring-tx.pom (org.springframework:spring-tx:4.3.9.RELEASE)' in resolver cache: /Users/bconnors/.gradle/caches/modules-2/files-2.1/org.springframework/spring-tx/4.3.9.RELEASE/b257222f003da21b955346003b2cd4c41bafbf88/spring-tx-4.3.9.RELEASE.pom
13:07:24.420 [DEBUG] [org.gradle.api.internal.artifacts.ivyservice.ivyresolve.CachingModuleComponentRepository] Found artifact 'spring-data-commons.pom (org.springframework.data:spring-data-commons:1.13.4.RELEASE)' in resolver cache: /Users/bconnors/.gradle/caches/modules-2/files-2.1/org.springframework.data/spring-data-commons/1.13.4.RELEASE/485eeeb423ed2895c9c8631eef49470b148fa294/spring-data-commons-1.13.4.RELEASE.pom
13:07:24.420 [DEBUG] [org.gradle.api.internal.artifacts.ivyservice.ivyresolve.CachingModuleComponentRepository] Found artifact 'fongo.pom (com.github.fakemongo:fongo:2.1.1)' in resolver cache: /Users/bconnors/.gradle/caches/modules-2/files-2.1/com.github.fakemongo/fongo/2.1.1/45942fc91657a3f36079200ba34361eba3c374d0/fongo-2.1.1.pom
13:07:24.420 [DEBUG] [org.gradle.api.internal.artifacts.ivyservice.ivyresolve.CachingModuleComponentRepository] Found artifact 'rhino.pom (org.mozilla:rhino:1.7.7.1)' in resolver cache: /Users/bconnors/.gradle/caches/modules-2/files-2.1/org.mozilla/rhino/1.7.7.1/e29c7eb93d40e27d3812af789458996a9161f0ee/rhino-1.7.7.1.pom
13:07:24.420 [DEBUG] [org.gradle.api.internal.artifacts.ivyservice.ivyresolve.CachingModuleComponentRepository] Found artifact 'jts.pom (com.vividsolutions:jts:1.13)' in resolver cache: /Users/bconnors/.gradle/caches/modules-2/files-2.1/com.vividsolutions/jts/1.13/78158336628deea5cc072507bf3329e7a4957580/jts-1.13.pom
13:07:24.421 [DEBUG] [org.gradle.api.internal.artifacts.ivyservice.ivyresolve.CachingModuleComponentRepository] Found artifact 'geojson-jackson.pom (de.grundid.opendatalab:geojson-jackson:1.2)' in resolver cache: /Users/bconnors/.gradle/caches/modules-2/files-2.1/de.grundid.opendatalab/geojson-jackson/1.2/3380018fcb52938db81547021c5fa1193dee2b1c/geojson-jackson-1.2.pom
13:07:24.421 [DEBUG] [org.gradle.internal.operations.DefaultBuildOperationExecutor] Completing Build operation 'Resolve files of :detachedConfiguration18'
13:07:24.421 [DEBUG] [org.gradle.internal.operations.DefaultBuildOperationExecutor] Build operation 'Resolve files of :detachedConfiguration18' completed
13:07:24.421 [DEBUG] [org.gradle.internal.operations.DefaultBuildOperationExecutor] Build operation 'Resolve dependencies of :detachedConfiguration19' started
13:07:24.422 [DEBUG] [org.gradle.api.internal.artifacts.ivyservice.resolveengine.DefaultArtifactDependencyResolver] Resolving configuration ':detachedConfiguration19'
13:07:24.422 [DEBUG] [org.gradle.api.internal.artifacts.ivyservice.modulecache.ResolvedArtifactCaches] Reusing in-memory cache for repo 'MavenRepo' [f8e6315c37eb56998f7a5ba08e30db71].
13:07:24.422 [DEBUG] [org.gradle.api.internal.artifacts.ivyservice.resolveengine.graph.builder.DependencyGraphBuilder] Visiting configuration com.mindex:senior-code-challenge:0.0.1-SNAPSHOT(detachedConfiguration19).
13:07:24.423 [DEBUG] [org.gradle.api.internal.artifacts.ivyservice.ivyresolve.RepositoryChainComponentMetaDataResolver] Attempting to resolve component for org.springframework.boot:spring-boot-starters:1.5.4.RELEASE using repositories [MavenRepo]
13:07:24.423 [DEBUG] [org.gradle.api.internal.artifacts.ivyservice.ivyresolve.CachingModuleComponentRepository] Using cached module metadata for module 'org.springframework.boot:spring-boot-starters:1.5.4.RELEASE' in 'MavenRepo'
13:07:24.423 [DEBUG] [org.gradle.api.internal.artifacts.ivyservice.ivyresolve.RepositoryChainComponentMetaDataResolver] Using org.springframework.boot:spring-boot-starters:1.5.4.RELEASE from Maven repository 'MavenRepo'
13:07:24.423 [DEBUG] [org.gradle.api.internal.artifacts.ivyservice.resolveengine.graph.builder.DependencyGraphBuilder] Visiting configuration org.springframework.boot:spring-boot-starters:1.5.4.RELEASE(default).
13:07:24.423 [DEBUG] [org.gradle.api.internal.artifacts.ivyservice.resolveengine.graph.builder.DependencyGraphBuilder] org.springframework.boot:spring-boot-starters:1.5.4.RELEASE(default) has no transitive incoming edges. ignoring outgoing edges.
13:07:24.423 [DEBUG] [org.gradle.api.internal.artifacts.ivyservice.resolveengine.oldresult.TransientConfigurationResultsBuilder] Flushing resolved configuration data in Binary store in /private/var/folders/ql/766g4tnx5mgbtm0tr10fxhyc0000gn/T/gradle17660509840828398561.bin. Wrote root 2.
13:07:24.423 [DEBUG] [org.gradle.internal.operations.DefaultBuildOperationExecutor] Completing Build operation 'Resolve dependencies of :detachedConfiguration19'
13:07:24.424 [DEBUG] [org.gradle.internal.operations.DefaultBuildOperationExecutor] Build operation 'Resolve dependencies of :detachedConfiguration19' completed
13:07:24.424 [DEBUG] [org.gradle.internal.component.model.ComponentAttributeMatcher] Selected match org.springframework.boot:spring-boot-starters:1.5.4.RELEASE from candidates [org.springframework.boot:spring-boot-starters:1.5.4.RELEASE] for {}
13:07:24.424 [DEBUG] [org.gradle.internal.operations.DefaultBuildOperationExecutor] Build operation 'Resolve files of :detachedConfiguration19' started
13:07:24.424 [DEBUG] [org.gradle.internal.work.DefaultWorkerLeaseService] Worker lease root.1.9.41.42 started (1 worker(s) in use).
13:07:24.424 [DEBUG] [org.gradle.internal.resources.AbstractTrackedResourceLock] Task worker for ':': acquired lock on root.1.9.41.42
13:07:24.424 [DEBUG] [org.gradle.internal.operations.DefaultBuildOperationExecutor] Build operation 'Resolve spring-boot-starters.pom (org.springframework.boot:spring-boot-starters:1.5.4.RELEASE)' started
13:07:24.424 [DEBUG] [org.gradle.api.internal.artifacts.ivyservice.ivyresolve.CachingModuleComponentRepository] Found artifact 'spring-boot-starters.pom (org.springframework.boot:spring-boot-starters:1.5.4.RELEASE)' in resolver cache: /Users/bconnors/.gradle/caches/modules-2/files-2.1/org.springframework.boot/spring-boot-starters/1.5.4.RELEASE/c8d0f399aaca83b3f49d74fb5680b97e8ae50437/spring-boot-starters-1.5.4.RELEASE.pom
13:07:24.424 [DEBUG] [org.gradle.internal.operations.DefaultBuildOperationExecutor] Completing Build operation 'Resolve spring-boot-starters.pom (org.springframework.boot:spring-boot-starters:1.5.4.RELEASE)'
13:07:24.424 [DEBUG] [org.gradle.internal.operations.DefaultBuildOperationExecutor] Build operation 'Resolve spring-boot-starters.pom (org.springframework.boot:spring-boot-starters:1.5.4.RELEASE)' completed
13:07:24.424 [DEBUG] [org.gradle.internal.work.DefaultWorkerLeaseService] Worker lease root.1.9.41.42 completed (1 worker(s) in use)
13:07:24.424 [DEBUG] [org.gradle.internal.resources.AbstractTrackedResourceLock] Task worker for ':': released lock on root.1.9.41.42
13:07:24.424 [DEBUG] [org.gradle.internal.operations.DefaultBuildOperationExecutor] Completing Build operation 'Resolve files of :detachedConfiguration19'
13:07:24.424 [DEBUG] [org.gradle.internal.operations.DefaultBuildOperationExecutor] Build operation 'Resolve files of :detachedConfiguration19' completed
13:07:24.425 [DEBUG] [org.gradle.internal.operations.DefaultBuildOperationExecutor] Build operation 'Resolve dependencies of :detachedConfiguration20' started
13:07:24.425 [DEBUG] [org.gradle.api.internal.artifacts.ivyservice.resolveengine.DefaultArtifactDependencyResolver] Resolving configuration ':detachedConfiguration20'
13:07:24.425 [DEBUG] [org.gradle.api.internal.artifacts.ivyservice.modulecache.ResolvedArtifactCaches] Reusing in-memory cache for repo 'MavenRepo' [f8e6315c37eb56998f7a5ba08e30db71].
13:07:24.425 [DEBUG] [org.gradle.api.internal.artifacts.ivyservice.resolveengine.graph.builder.DependencyGraphBuilder] Visiting configuration com.mindex:senior-code-challenge:0.0.1-SNAPSHOT(detachedConfiguration20).
13:07:24.426 [DEBUG] [org.gradle.api.internal.artifacts.ivyservice.ivyresolve.RepositoryChainComponentMetaDataResolver] Attempting to resolve component for org.springframework.boot:spring-boot-parent:1.5.4.RELEASE using repositories [MavenRepo]
13:07:24.426 [DEBUG] [org.gradle.api.internal.artifacts.ivyservice.ivyresolve.CachingModuleComponentRepository] Using cached module metadata for module 'org.springframework.boot:spring-boot-parent:1.5.4.RELEASE' in 'MavenRepo'
13:07:24.426 [DEBUG] [org.gradle.api.internal.artifacts.ivyservice.ivyresolve.RepositoryChainComponentMetaDataResolver] Using org.springframework.boot:spring-boot-parent:1.5.4.RELEASE from Maven repository 'MavenRepo'
13:07:24.426 [DEBUG] [org.gradle.api.internal.artifacts.ivyservice.resolveengine.graph.builder.DependencyGraphBuilder] Visiting configuration org.springframework.boot:spring-boot-parent:1.5.4.RELEASE(default).
13:07:24.427 [DEBUG] [org.gradle.api.internal.artifacts.ivyservice.resolveengine.graph.builder.DependencyGraphBuilder] org.springframework.boot:spring-boot-parent:1.5.4.RELEASE(default) has no transitive incoming edges. ignoring outgoing edges.
13:07:24.427 [DEBUG] [org.gradle.api.internal.artifacts.ivyservice.resolveengine.oldresult.TransientConfigurationResultsBuilder] Flushing resolved configuration data in Binary store in /private/var/folders/ql/766g4tnx5mgbtm0tr10fxhyc0000gn/T/gradle17660509840828398561.bin. Wrote root 2.
13:07:24.427 [DEBUG] [org.gradle.internal.operations.DefaultBuildOperationExecutor] Completing Build operation 'Resolve dependencies of :detachedConfiguration20'
13:07:24.427 [DEBUG] [org.gradle.internal.operations.DefaultBuildOperationExecutor] Build operation 'Resolve dependencies of :detachedConfiguration20' completed
13:07:24.427 [DEBUG] [org.gradle.internal.component.model.ComponentAttributeMatcher] Selected match org.springframework.boot:spring-boot-parent:1.5.4.RELEASE from candidates [org.springframework.boot:spring-boot-parent:1.5.4.RELEASE] for {}
13:07:24.427 [DEBUG] [org.gradle.internal.operations.DefaultBuildOperationExecutor] Build operation 'Resolve files of :detachedConfiguration20' started
13:07:24.427 [DEBUG] [org.gradle.internal.work.DefaultWorkerLeaseService] Worker lease root.1.9.43.44 started (1 worker(s) in use).
13:07:24.427 [DEBUG] [org.gradle.internal.resources.AbstractTrackedResourceLock] Task worker for ':': acquired lock on root.1.9.43.44
13:07:24.427 [DEBUG] [org.gradle.internal.operations.DefaultBuildOperationExecutor] Build operation 'Resolve spring-boot-parent.pom (org.springframework.boot:spring-boot-parent:1.5.4.RELEASE)' started
13:07:24.427 [DEBUG] [org.gradle.api.internal.artifacts.ivyservice.ivyresolve.CachingModuleComponentRepository] Found artifact 'spring-boot-parent.pom (org.springframework.boot:spring-boot-parent:1.5.4.RELEASE)' in resolver cache: /Users/bconnors/.gradle/caches/modules-2/files-2.1/org.springframework.boot/spring-boot-parent/1.5.4.RELEASE/a98a25297258d2cd0c09f6d1013506f93b6a2421/spring-boot-parent-1.5.4.RELEASE.pom
13:07:24.428 [DEBUG] [org.gradle.internal.operations.DefaultBuildOperationExecutor] Completing Build operation 'Resolve spring-boot-parent.pom (org.springframework.boot:spring-boot-parent:1.5.4.RELEASE)'
13:07:24.428 [DEBUG] [org.gradle.internal.operations.DefaultBuildOperationExecutor] Build operation 'Resolve spring-boot-parent.pom (org.springframework.boot:spring-boot-parent:1.5.4.RELEASE)' completed
13:07:24.428 [DEBUG] [org.gradle.internal.work.DefaultWorkerLeaseService] Worker lease root.1.9.43.44 completed (1 worker(s) in use)
13:07:24.428 [DEBUG] [org.gradle.internal.resources.AbstractTrackedResourceLock] Task worker for ':': released lock on root.1.9.43.44
13:07:24.428 [DEBUG] [org.gradle.internal.operations.DefaultBuildOperationExecutor] Completing Build operation 'Resolve files of :detachedConfiguration20'
13:07:24.428 [DEBUG] [org.gradle.internal.operations.DefaultBuildOperationExecutor] Build operation 'Resolve files of :detachedConfiguration20' completed
13:07:24.484 [DEBUG] [org.gradle.internal.operations.DefaultBuildOperationExecutor] Build operation 'Resolve dependencies of :detachedConfiguration21' started
13:07:24.484 [DEBUG] [org.gradle.api.internal.artifacts.ivyservice.resolveengine.DefaultArtifactDependencyResolver] Resolving configuration ':detachedConfiguration21'
13:07:24.484 [DEBUG] [org.gradle.api.internal.artifacts.ivyservice.modulecache.ResolvedArtifactCaches] Reusing in-memory cache for repo 'MavenRepo' [f8e6315c37eb56998f7a5ba08e30db71].
13:07:24.484 [DEBUG] [org.gradle.api.internal.artifacts.ivyservice.resolveengine.graph.builder.DependencyGraphBuilder] Visiting configuration com.mindex:senior-code-challenge:0.0.1-SNAPSHOT(detachedConfiguration21).
13:07:24.484 [DEBUG] [org.gradle.api.internal.artifacts.ivyservice.ivyresolve.RepositoryChainComponentMetaDataResolver] Attempting to resolve component for org.apache.commons:commons-parent:34 using repositories [MavenRepo]
13:07:24.484 [DEBUG] [org.gradle.api.internal.artifacts.ivyservice.ivyresolve.CachingModuleComponentRepository] Using cached module metadata for module 'org.apache.commons:commons-parent:34' in 'MavenRepo'
13:07:24.484 [DEBUG] [org.gradle.api.internal.artifacts.ivyservice.ivyresolve.RepositoryChainComponentMetaDataResolver] Using org.apache.commons:commons-parent:34 from Maven repository 'MavenRepo'
13:07:24.484 [DEBUG] [org.gradle.api.internal.artifacts.ivyservice.resolveengine.graph.builder.DependencyGraphBuilder] Visiting configuration org.apache.commons:commons-parent:34(default).
13:07:24.484 [DEBUG] [org.gradle.api.internal.artifacts.ivyservice.resolveengine.graph.builder.DependencyGraphBuilder] org.apache.commons:commons-parent:34(default) has no transitive incoming edges. ignoring outgoing edges.
13:07:24.484 [DEBUG] [org.gradle.api.internal.artifacts.ivyservice.resolveengine.oldresult.TransientConfigurationResultsBuilder] Flushing resolved configuration data in Binary store in /private/var/folders/ql/766g4tnx5mgbtm0tr10fxhyc0000gn/T/gradle17660509840828398561.bin. Wrote root 2.
13:07:24.485 [DEBUG] [org.gradle.internal.operations.DefaultBuildOperationExecutor] Completing Build operation 'Resolve dependencies of :detachedConfiguration21'
13:07:24.485 [DEBUG] [org.gradle.internal.operations.DefaultBuildOperationExecutor] Build operation 'Resolve dependencies of :detachedConfiguration21' completed
13:07:24.485 [DEBUG] [org.gradle.internal.component.model.ComponentAttributeMatcher] Selected match org.apache.commons:commons-parent:34 from candidates [org.apache.commons:commons-parent:34] for {}
13:07:24.485 [DEBUG] [org.gradle.internal.operations.DefaultBuildOperationExecutor] Build operation 'Resolve files of :detachedConfiguration21' started
13:07:24.485 [DEBUG] [org.gradle.internal.work.DefaultWorkerLeaseService] Worker lease root.1.9.45.46 started (1 worker(s) in use).
13:07:24.485 [DEBUG] [org.gradle.internal.resources.AbstractTrackedResourceLock] Task worker for ':': acquired lock on root.1.9.45.46
13:07:24.485 [DEBUG] [org.gradle.internal.operations.DefaultBuildOperationExecutor] Build operation 'Resolve commons-parent.pom (org.apache.commons:commons-parent:34)' started
13:07:24.485 [DEBUG] [org.gradle.api.internal.artifacts.ivyservice.ivyresolve.CachingModuleComponentRepository] Found artifact 'commons-parent.pom (org.apache.commons:commons-parent:34)' in resolver cache: /Users/bconnors/.gradle/caches/modules-2/files-2.1/org.apache.commons/commons-parent/34/1f6be162a806d8343e3cd238dd728558532473a5/commons-parent-34.pom
13:07:24.485 [DEBUG] [org.gradle.internal.operations.DefaultBuildOperationExecutor] Completing Build operation 'Resolve commons-parent.pom (org.apache.commons:commons-parent:34)'
13:07:24.485 [DEBUG] [org.gradle.internal.operations.DefaultBuildOperationExecutor] Build operation 'Resolve commons-parent.pom (org.apache.commons:commons-parent:34)' completed
13:07:24.485 [DEBUG] [org.gradle.internal.work.DefaultWorkerLeaseService] Worker lease root.1.9.45.46 completed (1 worker(s) in use)
13:07:24.485 [DEBUG] [org.gradle.internal.resources.AbstractTrackedResourceLock] Task worker for ':': released lock on root.1.9.45.46
13:07:24.485 [DEBUG] [org.gradle.internal.operations.DefaultBuildOperationExecutor] Completing Build operation 'Resolve files of :detachedConfiguration21'
13:07:24.485 [DEBUG] [org.gradle.internal.operations.DefaultBuildOperationExecutor] Build operation 'Resolve files of :detachedConfiguration21' completed
13:07:24.487 [DEBUG] [org.gradle.internal.operations.DefaultBuildOperationExecutor] Build operation 'Resolve dependencies of :detachedConfiguration22' started
13:07:24.487 [DEBUG] [org.gradle.api.internal.artifacts.ivyservice.resolveengine.DefaultArtifactDependencyResolver] Resolving configuration ':detachedConfiguration22'
13:07:24.487 [DEBUG] [org.gradle.api.internal.artifacts.ivyservice.modulecache.ResolvedArtifactCaches] Reusing in-memory cache for repo 'MavenRepo' [f8e6315c37eb56998f7a5ba08e30db71].
13:07:24.487 [DEBUG] [org.gradle.api.internal.artifacts.ivyservice.resolveengine.graph.builder.DependencyGraphBuilder] Visiting configuration com.mindex:senior-code-challenge:0.0.1-SNAPSHOT(detachedConfiguration22).
13:07:24.488 [DEBUG] [org.gradle.api.internal.artifacts.ivyservice.ivyresolve.RepositoryChainComponentMetaDataResolver] Attempting to resolve component for org.apache:apache:13 using repositories [MavenRepo]
13:07:24.488 [DEBUG] [org.gradle.api.internal.artifacts.ivyservice.ivyresolve.CachingModuleComponentRepository] Using cached module metadata for module 'org.apache:apache:13' in 'MavenRepo'
13:07:24.488 [DEBUG] [org.gradle.api.internal.artifacts.ivyservice.ivyresolve.RepositoryChainComponentMetaDataResolver] Using org.apache:apache:13 from Maven repository 'MavenRepo'
13:07:24.488 [DEBUG] [org.gradle.api.internal.artifacts.ivyservice.resolveengine.graph.builder.DependencyGraphBuilder] Visiting configuration org.apache:apache:13(default).
13:07:24.488 [DEBUG] [org.gradle.api.internal.artifacts.ivyservice.resolveengine.graph.builder.DependencyGraphBuilder] org.apache:apache:13(default) has no transitive incoming edges. ignoring outgoing edges.
13:07:24.488 [DEBUG] [org.gradle.api.internal.artifacts.ivyservice.resolveengine.oldresult.TransientConfigurationResultsBuilder] Flushing resolved configuration data in Binary store in /private/var/folders/ql/766g4tnx5mgbtm0tr10fxhyc0000gn/T/gradle17660509840828398561.bin. Wrote root 2.
13:07:24.488 [DEBUG] [org.gradle.internal.operations.DefaultBuildOperationExecutor] Completing Build operation 'Resolve dependencies of :detachedConfiguration22'
13:07:24.488 [DEBUG] [org.gradle.internal.operations.DefaultBuildOperationExecutor] Build operation 'Resolve dependencies of :detachedConfiguration22' completed
13:07:24.488 [DEBUG] [org.gradle.internal.component.model.ComponentAttributeMatcher] Selected match org.apache:apache:13 from candidates [org.apache:apache:13] for {}
13:07:24.488 [DEBUG] [org.gradle.internal.operations.DefaultBuildOperationExecutor] Build operation 'Resolve files of :detachedConfiguration22' started
13:07:24.488 [DEBUG] [org.gradle.internal.work.DefaultWorkerLeaseService] Worker lease root.1.9.47.48 started (1 worker(s) in use).
13:07:24.488 [DEBUG] [org.gradle.internal.resources.AbstractTrackedResourceLock] Task worker for ':': acquired lock on root.1.9.47.48
13:07:24.488 [DEBUG] [org.gradle.internal.operations.DefaultBuildOperationExecutor] Build operation 'Resolve apache.pom (org.apache:apache:13)' started
13:07:24.489 [DEBUG] [org.gradle.api.internal.artifacts.ivyservice.ivyresolve.CachingModuleComponentRepository] Found artifact 'apache.pom (org.apache:apache:13)' in resolver cache: /Users/bconnors/.gradle/caches/modules-2/files-2.1/org.apache/apache/13/15aff1faaec4963617f07dbe8e603f0adabc3a12/apache-13.pom
13:07:24.489 [DEBUG] [org.gradle.internal.operations.DefaultBuildOperationExecutor] Completing Build operation 'Resolve apache.pom (org.apache:apache:13)'
13:07:24.489 [DEBUG] [org.gradle.internal.operations.DefaultBuildOperationExecutor] Build operation 'Resolve apache.pom (org.apache:apache:13)' completed
13:07:24.489 [DEBUG] [org.gradle.internal.work.DefaultWorkerLeaseService] Worker lease root.1.9.47.48 completed (1 worker(s) in use)
13:07:24.489 [DEBUG] [org.gradle.internal.resources.AbstractTrackedResourceLock] Task worker for ':': released lock on root.1.9.47.48
13:07:24.489 [DEBUG] [org.gradle.internal.operations.DefaultBuildOperationExecutor] Completing Build operation 'Resolve files of :detachedConfiguration22'
13:07:24.489 [DEBUG] [org.gradle.internal.operations.DefaultBuildOperationExecutor] Build operation 'Resolve files of :detachedConfiguration22' completed
13:07:24.521 [DEBUG] [org.gradle.internal.operations.DefaultBuildOperationExecutor] Build operation 'Resolve dependencies of :detachedConfiguration23' started
13:07:24.521 [DEBUG] [org.gradle.api.internal.artifacts.ivyservice.resolveengine.DefaultArtifactDependencyResolver] Resolving configuration ':detachedConfiguration23'
13:07:24.522 [DEBUG] [org.gradle.api.internal.artifacts.ivyservice.modulecache.ResolvedArtifactCaches] Reusing in-memory cache for repo 'MavenRepo' [f8e6315c37eb56998f7a5ba08e30db71].
13:07:24.522 [DEBUG] [org.gradle.api.internal.artifacts.ivyservice.resolveengine.graph.builder.DependencyGraphBuilder] Visiting configuration com.mindex:senior-code-challenge:0.0.1-SNAPSHOT(detachedConfiguration23).
13:07:24.522 [DEBUG] [org.gradle.api.internal.artifacts.ivyservice.ivyresolve.RepositoryChainComponentMetaDataResolver] Attempting to resolve component for ch.qos.logback:logback-parent:1.1.11 using repositories [MavenRepo]
13:07:24.522 [DEBUG] [org.gradle.api.internal.artifacts.ivyservice.ivyresolve.CachingModuleComponentRepository] Using cached module metadata for module 'ch.qos.logback:logback-parent:1.1.11' in 'MavenRepo'
13:07:24.522 [DEBUG] [org.gradle.api.internal.artifacts.ivyservice.ivyresolve.RepositoryChainComponentMetaDataResolver] Using ch.qos.logback:logback-parent:1.1.11 from Maven repository 'MavenRepo'
13:07:24.522 [DEBUG] [org.gradle.api.internal.artifacts.ivyservice.resolveengine.graph.builder.DependencyGraphBuilder] Visiting configuration ch.qos.logback:logback-parent:1.1.11(default).
13:07:24.522 [DEBUG] [org.gradle.api.internal.artifacts.ivyservice.resolveengine.graph.builder.DependencyGraphBuilder] ch.qos.logback:logback-parent:1.1.11(default) has no transitive incoming edges. ignoring outgoing edges.
13:07:24.522 [DEBUG] [org.gradle.api.internal.artifacts.ivyservice.resolveengine.oldresult.TransientConfigurationResultsBuilder] Flushing resolved configuration data in Binary store in /private/var/folders/ql/766g4tnx5mgbtm0tr10fxhyc0000gn/T/gradle17660509840828398561.bin. Wrote root 2.
13:07:24.522 [DEBUG] [org.gradle.internal.operations.DefaultBuildOperationExecutor] Completing Build operation 'Resolve dependencies of :detachedConfiguration23'
13:07:24.522 [DEBUG] [org.gradle.internal.operations.DefaultBuildOperationExecutor] Build operation 'Resolve dependencies of :detachedConfiguration23' completed
13:07:24.523 [DEBUG] [org.gradle.internal.component.model.ComponentAttributeMatcher] Selected match ch.qos.logback:logback-parent:1.1.11 from candidates [ch.qos.logback:logback-parent:1.1.11] for {}
13:07:24.523 [DEBUG] [org.gradle.internal.operations.DefaultBuildOperationExecutor] Build operation 'Resolve files of :detachedConfiguration23' started
13:07:24.523 [DEBUG] [org.gradle.internal.work.DefaultWorkerLeaseService] Worker lease root.1.9.49.50 started (1 worker(s) in use).
13:07:24.523 [DEBUG] [org.gradle.internal.resources.AbstractTrackedResourceLock] Task worker for ':': acquired lock on root.1.9.49.50
13:07:24.523 [DEBUG] [org.gradle.internal.operations.DefaultBuildOperationExecutor] Build operation 'Resolve logback-parent.pom (ch.qos.logback:logback-parent:1.1.11)' started
13:07:24.523 [DEBUG] [org.gradle.api.internal.artifacts.ivyservice.ivyresolve.CachingModuleComponentRepository] Found artifact 'logback-parent.pom (ch.qos.logback:logback-parent:1.1.11)' in resolver cache: /Users/bconnors/.gradle/caches/modules-2/files-2.1/ch.qos.logback/logback-parent/1.1.11/f0f0629ad8dc9d9db458e5cc968bf9045887bd52/logback-parent-1.1.11.pom
13:07:24.523 [DEBUG] [org.gradle.internal.operations.DefaultBuildOperationExecutor] Completing Build operation 'Resolve logback-parent.pom (ch.qos.logback:logback-parent:1.1.11)'
13:07:24.523 [DEBUG] [org.gradle.internal.operations.DefaultBuildOperationExecutor] Build operation 'Resolve logback-parent.pom (ch.qos.logback:logback-parent:1.1.11)' completed
13:07:24.523 [DEBUG] [org.gradle.internal.work.DefaultWorkerLeaseService] Worker lease root.1.9.49.50 completed (1 worker(s) in use)
13:07:24.523 [DEBUG] [org.gradle.internal.resources.AbstractTrackedResourceLock] Task worker for ':': released lock on root.1.9.49.50
13:07:24.523 [DEBUG] [org.gradle.internal.operations.DefaultBuildOperationExecutor] Completing Build operation 'Resolve files of :detachedConfiguration23'
13:07:24.523 [DEBUG] [org.gradle.internal.operations.DefaultBuildOperationExecutor] Build operation 'Resolve files of :detachedConfiguration23' completed
13:07:24.528 [DEBUG] [org.gradle.internal.operations.DefaultBuildOperationExecutor] Build operation 'Resolve dependencies of :detachedConfiguration24' started
13:07:24.528 [DEBUG] [org.gradle.api.internal.artifacts.ivyservice.resolveengine.DefaultArtifactDependencyResolver] Resolving configuration ':detachedConfiguration24'
13:07:24.528 [DEBUG] [org.gradle.api.internal.artifacts.ivyservice.modulecache.ResolvedArtifactCaches] Reusing in-memory cache for repo 'MavenRepo' [f8e6315c37eb56998f7a5ba08e30db71].
13:07:24.528 [DEBUG] [org.gradle.api.internal.artifacts.ivyservice.resolveengine.graph.builder.DependencyGraphBuilder] Visiting configuration com.mindex:senior-code-challenge:0.0.1-SNAPSHOT(detachedConfiguration24).
13:07:24.528 [DEBUG] [org.gradle.api.internal.artifacts.ivyservice.ivyresolve.RepositoryChainComponentMetaDataResolver] Attempting to resolve component for org.slf4j:slf4j-parent:1.7.25 using repositories [MavenRepo]
13:07:24.528 [DEBUG] [org.gradle.api.internal.artifacts.ivyservice.ivyresolve.CachingModuleComponentRepository] Using cached module metadata for module 'org.slf4j:slf4j-parent:1.7.25' in 'MavenRepo'
13:07:24.528 [DEBUG] [org.gradle.api.internal.artifacts.ivyservice.ivyresolve.RepositoryChainComponentMetaDataResolver] Using org.slf4j:slf4j-parent:1.7.25 from Maven repository 'MavenRepo'
13:07:24.528 [DEBUG] [org.gradle.api.internal.artifacts.ivyservice.resolveengine.graph.builder.DependencyGraphBuilder] Visiting configuration org.slf4j:slf4j-parent:1.7.25(default).
13:07:24.528 [DEBUG] [org.gradle.api.internal.artifacts.ivyservice.resolveengine.graph.builder.DependencyGraphBuilder] org.slf4j:slf4j-parent:1.7.25(default) has no transitive incoming edges. ignoring outgoing edges.
13:07:24.528 [DEBUG] [org.gradle.api.internal.artifacts.ivyservice.resolveengine.oldresult.TransientConfigurationResultsBuilder] Flushing resolved configuration data in Binary store in /private/var/folders/ql/766g4tnx5mgbtm0tr10fxhyc0000gn/T/gradle17660509840828398561.bin. Wrote root 2.
13:07:24.529 [DEBUG] [org.gradle.internal.operations.DefaultBuildOperationExecutor] Completing Build operation 'Resolve dependencies of :detachedConfiguration24'
13:07:24.529 [DEBUG] [org.gradle.internal.operations.DefaultBuildOperationExecutor] Build operation 'Resolve dependencies of :detachedConfiguration24' completed
13:07:24.529 [DEBUG] [org.gradle.internal.component.model.ComponentAttributeMatcher] Selected match org.slf4j:slf4j-parent:1.7.25 from candidates [org.slf4j:slf4j-parent:1.7.25] for {}
13:07:24.529 [DEBUG] [org.gradle.internal.operations.DefaultBuildOperationExecutor] Build operation 'Resolve files of :detachedConfiguration24' started
13:07:24.529 [DEBUG] [org.gradle.internal.work.DefaultWorkerLeaseService] Worker lease root.1.9.51.52 started (1 worker(s) in use).
13:07:24.529 [DEBUG] [org.gradle.internal.resources.AbstractTrackedResourceLock] Task worker for ':': acquired lock on root.1.9.51.52
13:07:24.529 [DEBUG] [org.gradle.internal.operations.DefaultBuildOperationExecutor] Build operation 'Resolve slf4j-parent.pom (org.slf4j:slf4j-parent:1.7.25)' started
13:07:24.529 [DEBUG] [org.gradle.api.internal.artifacts.ivyservice.ivyresolve.CachingModuleComponentRepository] Found artifact 'slf4j-parent.pom (org.slf4j:slf4j-parent:1.7.25)' in resolver cache: /Users/bconnors/.gradle/caches/modules-2/files-2.1/org.slf4j/slf4j-parent/1.7.25/8521938f0f43c60b79f9f73a9409d10e4bac649a/slf4j-parent-1.7.25.pom
13:07:24.529 [DEBUG] [org.gradle.internal.operations.DefaultBuildOperationExecutor] Completing Build operation 'Resolve slf4j-parent.pom (org.slf4j:slf4j-parent:1.7.25)'
13:07:24.529 [DEBUG] [org.gradle.internal.operations.DefaultBuildOperationExecutor] Build operation 'Resolve slf4j-parent.pom (org.slf4j:slf4j-parent:1.7.25)' completed
13:07:24.529 [DEBUG] [org.gradle.internal.work.DefaultWorkerLeaseService] Worker lease root.1.9.51.52 completed (1 worker(s) in use)
13:07:24.529 [DEBUG] [org.gradle.internal.resources.AbstractTrackedResourceLock] Task worker for ':': released lock on root.1.9.51.52
13:07:24.529 [DEBUG] [org.gradle.internal.operations.DefaultBuildOperationExecutor] Completing Build operation 'Resolve files of :detachedConfiguration24'
13:07:24.529 [DEBUG] [org.gradle.internal.operations.DefaultBuildOperationExecutor] Build operation 'Resolve files of :detachedConfiguration24' completed
13:07:24.552 [DEBUG] [org.gradle.internal.operations.DefaultBuildOperationExecutor] Build operation 'Resolve dependencies of :detachedConfiguration25' started
13:07:24.552 [DEBUG] [org.gradle.api.internal.artifacts.ivyservice.resolveengine.DefaultArtifactDependencyResolver] Resolving configuration ':detachedConfiguration25'
13:07:24.552 [DEBUG] [org.gradle.api.internal.artifacts.ivyservice.modulecache.ResolvedArtifactCaches] Reusing in-memory cache for repo 'MavenRepo' [f8e6315c37eb56998f7a5ba08e30db71].
13:07:24.552 [DEBUG] [org.gradle.api.internal.artifacts.ivyservice.resolveengine.graph.builder.DependencyGraphBuilder] Visiting configuration com.mindex:senior-code-challenge:0.0.1-SNAPSHOT(detachedConfiguration25).
13:07:24.553 [DEBUG] [org.gradle.api.internal.artifacts.ivyservice.ivyresolve.RepositoryChainComponentMetaDataResolver] Attempting to resolve component for org.hibernate:hibernate-validator-parent:5.3.5.Final using repositories [MavenRepo]
13:07:24.553 [DEBUG] [org.gradle.api.internal.artifacts.ivyservice.ivyresolve.CachingModuleComponentRepository] Using cached module metadata for module 'org.hibernate:hibernate-validator-parent:5.3.5.Final' in 'MavenRepo'
13:07:24.553 [DEBUG] [org.gradle.api.internal.artifacts.ivyservice.ivyresolve.RepositoryChainComponentMetaDataResolver] Using org.hibernate:hibernate-validator-parent:5.3.5.Final from Maven repository 'MavenRepo'
13:07:24.553 [DEBUG] [org.gradle.api.internal.artifacts.ivyservice.resolveengine.graph.builder.DependencyGraphBuilder] Visiting configuration org.hibernate:hibernate-validator-parent:5.3.5.Final(default).
13:07:24.553 [DEBUG] [org.gradle.api.internal.artifacts.ivyservice.resolveengine.graph.builder.DependencyGraphBuilder] org.hibernate:hibernate-validator-parent:5.3.5.Final(default) has no transitive incoming edges. ignoring outgoing edges.
13:07:24.553 [DEBUG] [org.gradle.api.internal.artifacts.ivyservice.resolveengine.oldresult.TransientConfigurationResultsBuilder] Flushing resolved configuration data in Binary store in /private/var/folders/ql/766g4tnx5mgbtm0tr10fxhyc0000gn/T/gradle17660509840828398561.bin. Wrote root 2.
13:07:24.553 [DEBUG] [org.gradle.internal.operations.DefaultBuildOperationExecutor] Completing Build operation 'Resolve dependencies of :detachedConfiguration25'
13:07:24.553 [DEBUG] [org.gradle.internal.operations.DefaultBuildOperationExecutor] Build operation 'Resolve dependencies of :detachedConfiguration25' completed
13:07:24.553 [DEBUG] [org.gradle.internal.component.model.ComponentAttributeMatcher] Selected match org.hibernate:hibernate-validator-parent:5.3.5.Final from candidates [org.hibernate:hibernate-validator-parent:5.3.5.Final] for {}
13:07:24.553 [DEBUG] [org.gradle.internal.operations.DefaultBuildOperationExecutor] Build operation 'Resolve files of :detachedConfiguration25' started
13:07:24.553 [DEBUG] [org.gradle.internal.work.DefaultWorkerLeaseService] Worker lease root.1.9.53.54 started (1 worker(s) in use).
13:07:24.553 [DEBUG] [org.gradle.internal.resources.AbstractTrackedResourceLock] Task worker for ':': acquired lock on root.1.9.53.54
13:07:24.554 [DEBUG] [org.gradle.internal.operations.DefaultBuildOperationExecutor] Build operation 'Resolve hibernate-validator-parent.pom (org.hibernate:hibernate-validator-parent:5.3.5.Final)' started
13:07:24.554 [DEBUG] [org.gradle.api.internal.artifacts.ivyservice.ivyresolve.CachingModuleComponentRepository] Found artifact 'hibernate-validator-parent.pom (org.hibernate:hibernate-validator-parent:5.3.5.Final)' in resolver cache: /Users/bconnors/.gradle/caches/modules-2/files-2.1/org.hibernate/hibernate-validator-parent/5.3.5.Final/b3df30d516332d8d0d80398c972fb49242e74e5/hibernate-validator-parent-5.3.5.Final.pom
13:07:24.554 [DEBUG] [org.gradle.internal.operations.DefaultBuildOperationExecutor] Completing Build operation 'Resolve hibernate-validator-parent.pom (org.hibernate:hibernate-validator-parent:5.3.5.Final)'
13:07:24.554 [DEBUG] [org.gradle.internal.operations.DefaultBuildOperationExecutor] Build operation 'Resolve hibernate-validator-parent.pom (org.hibernate:hibernate-validator-parent:5.3.5.Final)' completed
13:07:24.554 [DEBUG] [org.gradle.internal.work.DefaultWorkerLeaseService] Worker lease root.1.9.53.54 completed (1 worker(s) in use)
13:07:24.554 [DEBUG] [org.gradle.internal.resources.AbstractTrackedResourceLock] Task worker for ':': released lock on root.1.9.53.54
13:07:24.554 [DEBUG] [org.gradle.internal.operations.DefaultBuildOperationExecutor] Completing Build operation 'Resolve files of :detachedConfiguration25'
13:07:24.554 [DEBUG] [org.gradle.internal.operations.DefaultBuildOperationExecutor] Build operation 'Resolve files of :detachedConfiguration25' completed
13:07:24.556 [DEBUG] [org.gradle.internal.operations.DefaultBuildOperationExecutor] Build operation 'Resolve dependencies of :detachedConfiguration26' started
13:07:24.556 [DEBUG] [org.gradle.api.internal.artifacts.ivyservice.resolveengine.DefaultArtifactDependencyResolver] Resolving configuration ':detachedConfiguration26'
13:07:24.556 [DEBUG] [org.gradle.api.internal.artifacts.ivyservice.modulecache.ResolvedArtifactCaches] Reusing in-memory cache for repo 'MavenRepo' [f8e6315c37eb56998f7a5ba08e30db71].
13:07:24.557 [DEBUG] [org.gradle.api.internal.artifacts.ivyservice.resolveengine.graph.builder.DependencyGraphBuilder] Visiting configuration com.mindex:senior-code-challenge:0.0.1-SNAPSHOT(detachedConfiguration26).
13:07:24.557 [DEBUG] [org.gradle.api.internal.artifacts.ivyservice.ivyresolve.RepositoryChainComponentMetaDataResolver] Attempting to resolve component for org.jboss.arquillian:arquillian-bom:1.1.11.Final using repositories [MavenRepo]
13:07:24.557 [DEBUG] [org.gradle.api.internal.artifacts.ivyservice.ivyresolve.CachingModuleComponentRepository] Using cached module metadata for module 'org.jboss.arquillian:arquillian-bom:1.1.11.Final' in 'MavenRepo'
13:07:24.557 [DEBUG] [org.gradle.api.internal.artifacts.ivyservice.ivyresolve.RepositoryChainComponentMetaDataResolver] Using org.jboss.arquillian:arquillian-bom:1.1.11.Final from Maven repository 'MavenRepo'
13:07:24.557 [DEBUG] [org.gradle.api.internal.artifacts.ivyservice.resolveengine.graph.builder.DependencyGraphBuilder] Visiting configuration org.jboss.arquillian:arquillian-bom:1.1.11.Final(default).
13:07:24.557 [DEBUG] [org.gradle.api.internal.artifacts.ivyservice.resolveengine.graph.builder.DependencyGraphBuilder] org.jboss.arquillian:arquillian-bom:1.1.11.Final(default) has no transitive incoming edges. ignoring outgoing edges.
13:07:24.557 [DEBUG] [org.gradle.api.internal.artifacts.ivyservice.resolveengine.oldresult.TransientConfigurationResultsBuilder] Flushing resolved configuration data in Binary store in /private/var/folders/ql/766g4tnx5mgbtm0tr10fxhyc0000gn/T/gradle17660509840828398561.bin. Wrote root 2.
13:07:24.557 [DEBUG] [org.gradle.internal.operations.DefaultBuildOperationExecutor] Completing Build operation 'Resolve dependencies of :detachedConfiguration26'
13:07:24.557 [DEBUG] [org.gradle.internal.operations.DefaultBuildOperationExecutor] Build operation 'Resolve dependencies of :detachedConfiguration26' completed
13:07:24.557 [DEBUG] [org.gradle.internal.component.model.ComponentAttributeMatcher] Selected match org.jboss.arquillian:arquillian-bom:1.1.11.Final from candidates [org.jboss.arquillian:arquillian-bom:1.1.11.Final] for {}
13:07:24.557 [DEBUG] [org.gradle.internal.operations.DefaultBuildOperationExecutor] Build operation 'Resolve files of :detachedConfiguration26' started
13:07:24.557 [DEBUG] [org.gradle.internal.work.DefaultWorkerLeaseService] Worker lease root.1.9.55.56 started (1 worker(s) in use).
13:07:24.557 [DEBUG] [org.gradle.internal.resources.AbstractTrackedResourceLock] Task worker for ':': acquired lock on root.1.9.55.56
13:07:24.558 [DEBUG] [org.gradle.internal.operations.DefaultBuildOperationExecutor] Build operation 'Resolve arquillian-bom.pom (org.jboss.arquillian:arquillian-bom:1.1.11.Final)' started
13:07:24.558 [DEBUG] [org.gradle.api.internal.artifacts.ivyservice.ivyresolve.CachingModuleComponentRepository] Found artifact 'arquillian-bom.pom (org.jboss.arquillian:arquillian-bom:1.1.11.Final)' in resolver cache: /Users/bconnors/.gradle/caches/modules-2/files-2.1/org.jboss.arquillian/arquillian-bom/1.1.11.Final/aa3eef774e9edc576231c294400c4d524bf4022f/arquillian-bom-1.1.11.Final.pom
13:07:24.558 [DEBUG] [org.gradle.internal.operations.DefaultBuildOperationExecutor] Completing Build operation 'Resolve arquillian-bom.pom (org.jboss.arquillian:arquillian-bom:1.1.11.Final)'
13:07:24.558 [DEBUG] [org.gradle.internal.operations.DefaultBuildOperationExecutor] Build operation 'Resolve arquillian-bom.pom (org.jboss.arquillian:arquillian-bom:1.1.11.Final)' completed
13:07:24.558 [DEBUG] [org.gradle.internal.work.DefaultWorkerLeaseService] Worker lease root.1.9.55.56 completed (1 worker(s) in use)
13:07:24.558 [DEBUG] [org.gradle.internal.resources.AbstractTrackedResourceLock] Task worker for ':': released lock on root.1.9.55.56
13:07:24.558 [DEBUG] [org.gradle.internal.operations.DefaultBuildOperationExecutor] Completing Build operation 'Resolve files of :detachedConfiguration26'
13:07:24.558 [DEBUG] [org.gradle.internal.operations.DefaultBuildOperationExecutor] Build operation 'Resolve files of :detachedConfiguration26' completed
13:07:24.558 [DEBUG] [org.gradle.internal.operations.DefaultBuildOperationExecutor] Build operation 'Resolve dependencies of :detachedConfiguration27' started
13:07:24.559 [DEBUG] [org.gradle.api.internal.artifacts.ivyservice.resolveengine.DefaultArtifactDependencyResolver] Resolving configuration ':detachedConfiguration27'
13:07:24.559 [DEBUG] [org.gradle.api.internal.artifacts.ivyservice.modulecache.ResolvedArtifactCaches] Reusing in-memory cache for repo 'MavenRepo' [f8e6315c37eb56998f7a5ba08e30db71].
13:07:24.559 [DEBUG] [org.gradle.api.internal.artifacts.ivyservice.resolveengine.graph.builder.DependencyGraphBuilder] Visiting configuration com.mindex:senior-code-challenge:0.0.1-SNAPSHOT(detachedConfiguration27).
13:07:24.559 [DEBUG] [org.gradle.api.internal.artifacts.ivyservice.ivyresolve.RepositoryChainComponentMetaDataResolver] Attempting to resolve component for org.jboss.shrinkwrap:shrinkwrap-bom:1.2.3 using repositories [MavenRepo]
13:07:24.559 [DEBUG] [org.gradle.api.internal.artifacts.ivyservice.ivyresolve.CachingModuleComponentRepository] Using cached module metadata for module 'org.jboss.shrinkwrap:shrinkwrap-bom:1.2.3' in 'MavenRepo'
13:07:24.559 [DEBUG] [org.gradle.api.internal.artifacts.ivyservice.ivyresolve.RepositoryChainComponentMetaDataResolver] Using org.jboss.shrinkwrap:shrinkwrap-bom:1.2.3 from Maven repository 'MavenRepo'
13:07:24.559 [DEBUG] [org.gradle.api.internal.artifacts.ivyservice.resolveengine.graph.builder.DependencyGraphBuilder] Visiting configuration org.jboss.shrinkwrap:shrinkwrap-bom:1.2.3(default).
13:07:24.559 [DEBUG] [org.gradle.api.internal.artifacts.ivyservice.resolveengine.graph.builder.DependencyGraphBuilder] org.jboss.shrinkwrap:shrinkwrap-bom:1.2.3(default) has no transitive incoming edges. ignoring outgoing edges.
13:07:24.559 [DEBUG] [org.gradle.api.internal.artifacts.ivyservice.resolveengine.oldresult.TransientConfigurationResultsBuilder] Flushing resolved configuration data in Binary store in /private/var/folders/ql/766g4tnx5mgbtm0tr10fxhyc0000gn/T/gradle17660509840828398561.bin. Wrote root 2.
13:07:24.559 [DEBUG] [org.gradle.internal.operations.DefaultBuildOperationExecutor] Completing Build operation 'Resolve dependencies of :detachedConfiguration27'
13:07:24.559 [DEBUG] [org.gradle.internal.operations.DefaultBuildOperationExecutor] Build operation 'Resolve dependencies of :detachedConfiguration27' completed
13:07:24.559 [DEBUG] [org.gradle.internal.component.model.ComponentAttributeMatcher] Selected match org.jboss.shrinkwrap:shrinkwrap-bom:1.2.3 from candidates [org.jboss.shrinkwrap:shrinkwrap-bom:1.2.3] for {}
13:07:24.559 [DEBUG] [org.gradle.internal.operations.DefaultBuildOperationExecutor] Build operation 'Resolve files of :detachedConfiguration27' started
13:07:24.559 [DEBUG] [org.gradle.internal.work.DefaultWorkerLeaseService] Worker lease root.1.9.57.58 started (1 worker(s) in use).
13:07:24.559 [DEBUG] [org.gradle.internal.resources.AbstractTrackedResourceLock] Task worker for ':': acquired lock on root.1.9.57.58
13:07:24.559 [DEBUG] [org.gradle.internal.operations.DefaultBuildOperationExecutor] Build operation 'Resolve shrinkwrap-bom.pom (org.jboss.shrinkwrap:shrinkwrap-bom:1.2.3)' started
13:07:24.560 [DEBUG] [org.gradle.api.internal.artifacts.ivyservice.ivyresolve.CachingModuleComponentRepository] Found artifact 'shrinkwrap-bom.pom (org.jboss.shrinkwrap:shrinkwrap-bom:1.2.3)' in resolver cache: /Users/bconnors/.gradle/caches/modules-2/files-2.1/org.jboss.shrinkwrap/shrinkwrap-bom/1.2.3/a22be58388597414dc0b46beacc81b11d0b6fb43/shrinkwrap-bom-1.2.3.pom
13:07:24.560 [DEBUG] [org.gradle.internal.operations.DefaultBuildOperationExecutor] Completing Build operation 'Resolve shrinkwrap-bom.pom (org.jboss.shrinkwrap:shrinkwrap-bom:1.2.3)'
13:07:24.560 [DEBUG] [org.gradle.internal.operations.DefaultBuildOperationExecutor] Build operation 'Resolve shrinkwrap-bom.pom (org.jboss.shrinkwrap:shrinkwrap-bom:1.2.3)' completed
13:07:24.560 [DEBUG] [org.gradle.internal.work.DefaultWorkerLeaseService] Worker lease root.1.9.57.58 completed (1 worker(s) in use)
13:07:24.560 [DEBUG] [org.gradle.internal.resources.AbstractTrackedResourceLock] Task worker for ':': released lock on root.1.9.57.58
13:07:24.560 [DEBUG] [org.gradle.internal.operations.DefaultBuildOperationExecutor] Completing Build operation 'Resolve files of :detachedConfiguration27'
13:07:24.560 [DEBUG] [org.gradle.internal.operations.DefaultBuildOperationExecutor] Build operation 'Resolve files of :detachedConfiguration27' completed
13:07:24.560 [DEBUG] [org.gradle.internal.operations.DefaultBuildOperationExecutor] Build operation 'Resolve dependencies of :detachedConfiguration28' started
13:07:24.560 [DEBUG] [org.gradle.api.internal.artifacts.ivyservice.resolveengine.DefaultArtifactDependencyResolver] Resolving configuration ':detachedConfiguration28'
13:07:24.560 [DEBUG] [org.gradle.api.internal.artifacts.ivyservice.modulecache.ResolvedArtifactCaches] Reusing in-memory cache for repo 'MavenRepo' [f8e6315c37eb56998f7a5ba08e30db71].
13:07:24.561 [DEBUG] [org.gradle.api.internal.artifacts.ivyservice.resolveengine.graph.builder.DependencyGraphBuilder] Visiting configuration com.mindex:senior-code-challenge:0.0.1-SNAPSHOT(detachedConfiguration28).
13:07:24.561 [DEBUG] [org.gradle.api.internal.artifacts.ivyservice.ivyresolve.RepositoryChainComponentMetaDataResolver] Attempting to resolve component for org.jboss.shrinkwrap.resolver:shrinkwrap-resolver-bom:2.2.0 using repositories [MavenRepo]
13:07:24.561 [DEBUG] [org.gradle.api.internal.artifacts.ivyservice.ivyresolve.CachingModuleComponentRepository] Using cached module metadata for module 'org.jboss.shrinkwrap.resolver:shrinkwrap-resolver-bom:2.2.0' in 'MavenRepo'
13:07:24.561 [DEBUG] [org.gradle.api.internal.artifacts.ivyservice.ivyresolve.RepositoryChainComponentMetaDataResolver] Using org.jboss.shrinkwrap.resolver:shrinkwrap-resolver-bom:2.2.0 from Maven repository 'MavenRepo'
13:07:24.561 [DEBUG] [org.gradle.api.internal.artifacts.ivyservice.resolveengine.graph.builder.DependencyGraphBuilder] Visiting configuration org.jboss.shrinkwrap.resolver:shrinkwrap-resolver-bom:2.2.0(default).
13:07:24.561 [DEBUG] [org.gradle.api.internal.artifacts.ivyservice.resolveengine.graph.builder.DependencyGraphBuilder] org.jboss.shrinkwrap.resolver:shrinkwrap-resolver-bom:2.2.0(default) has no transitive incoming edges. ignoring outgoing edges.
13:07:24.561 [DEBUG] [org.gradle.api.internal.artifacts.ivyservice.resolveengine.oldresult.TransientConfigurationResultsBuilder] Flushing resolved configuration data in Binary store in /private/var/folders/ql/766g4tnx5mgbtm0tr10fxhyc0000gn/T/gradle17660509840828398561.bin. Wrote root 2.
13:07:24.561 [DEBUG] [org.gradle.internal.operations.DefaultBuildOperationExecutor] Completing Build operation 'Resolve dependencies of :detachedConfiguration28'
13:07:24.561 [DEBUG] [org.gradle.internal.operations.DefaultBuildOperationExecutor] Build operation 'Resolve dependencies of :detachedConfiguration28' completed
13:07:24.561 [DEBUG] [org.gradle.internal.component.model.ComponentAttributeMatcher] Selected match org.jboss.shrinkwrap.resolver:shrinkwrap-resolver-bom:2.2.0 from candidates [org.jboss.shrinkwrap.resolver:shrinkwrap-resolver-bom:2.2.0] for {}
13:07:24.561 [DEBUG] [org.gradle.internal.operations.DefaultBuildOperationExecutor] Build operation 'Resolve files of :detachedConfiguration28' started
13:07:24.561 [DEBUG] [org.gradle.internal.work.DefaultWorkerLeaseService] Worker lease root.1.9.59.60 started (1 worker(s) in use).
13:07:24.561 [DEBUG] [org.gradle.internal.resources.AbstractTrackedResourceLock] Task worker for ':': acquired lock on root.1.9.59.60
13:07:24.561 [DEBUG] [org.gradle.internal.operations.DefaultBuildOperationExecutor] Build operation 'Resolve shrinkwrap-resolver-bom.pom (org.jboss.shrinkwrap.resolver:shrinkwrap-resolver-bom:2.2.0)' started
13:07:24.561 [DEBUG] [org.gradle.api.internal.artifacts.ivyservice.ivyresolve.CachingModuleComponentRepository] Found artifact 'shrinkwrap-resolver-bom.pom (org.jboss.shrinkwrap.resolver:shrinkwrap-resolver-bom:2.2.0)' in resolver cache: /Users/bconnors/.gradle/caches/modules-2/files-2.1/org.jboss.shrinkwrap.resolver/shrinkwrap-resolver-bom/2.2.0/43ec33eac9ca838cb31059b1fe48b1cca80edbe7/shrinkwrap-resolver-bom-2.2.0.pom
13:07:24.561 [DEBUG] [org.gradle.internal.operations.DefaultBuildOperationExecutor] Completing Build operation 'Resolve shrinkwrap-resolver-bom.pom (org.jboss.shrinkwrap.resolver:shrinkwrap-resolver-bom:2.2.0)'
13:07:24.562 [DEBUG] [org.gradle.internal.operations.DefaultBuildOperationExecutor] Build operation 'Resolve shrinkwrap-resolver-bom.pom (org.jboss.shrinkwrap.resolver:shrinkwrap-resolver-bom:2.2.0)' completed
13:07:24.562 [DEBUG] [org.gradle.internal.work.DefaultWorkerLeaseService] Worker lease root.1.9.59.60 completed (1 worker(s) in use)
13:07:24.562 [DEBUG] [org.gradle.internal.resources.AbstractTrackedResourceLock] Task worker for ':': released lock on root.1.9.59.60
13:07:24.562 [DEBUG] [org.gradle.internal.operations.DefaultBuildOperationExecutor] Completing Build operation 'Resolve files of :detachedConfiguration28'
13:07:24.562 [DEBUG] [org.gradle.internal.operations.DefaultBuildOperationExecutor] Build operation 'Resolve files of :detachedConfiguration28' completed
13:07:24.562 [DEBUG] [org.gradle.internal.operations.DefaultBuildOperationExecutor] Build operation 'Resolve dependencies of :detachedConfiguration29' started
13:07:24.562 [DEBUG] [org.gradle.api.internal.artifacts.ivyservice.resolveengine.DefaultArtifactDependencyResolver] Resolving configuration ':detachedConfiguration29'
13:07:24.562 [DEBUG] [org.gradle.api.internal.artifacts.ivyservice.modulecache.ResolvedArtifactCaches] Reusing in-memory cache for repo 'MavenRepo' [f8e6315c37eb56998f7a5ba08e30db71].
13:07:24.562 [DEBUG] [org.gradle.api.internal.artifacts.ivyservice.resolveengine.graph.builder.DependencyGraphBuilder] Visiting configuration com.mindex:senior-code-challenge:0.0.1-SNAPSHOT(detachedConfiguration29).
13:07:24.563 [DEBUG] [org.gradle.api.internal.artifacts.ivyservice.ivyresolve.RepositoryChainComponentMetaDataResolver] Attempting to resolve component for org.jboss.shrinkwrap.descriptors:shrinkwrap-descriptors-bom:2.0.0-alpha-8 using repositories [MavenRepo]
13:07:24.563 [DEBUG] [org.gradle.api.internal.artifacts.ivyservice.ivyresolve.CachingModuleComponentRepository] Using cached module metadata for module 'org.jboss.shrinkwrap.descriptors:shrinkwrap-descriptors-bom:2.0.0-alpha-8' in 'MavenRepo'
13:07:24.563 [DEBUG] [org.gradle.api.internal.artifacts.ivyservice.ivyresolve.RepositoryChainComponentMetaDataResolver] Using org.jboss.shrinkwrap.descriptors:shrinkwrap-descriptors-bom:2.0.0-alpha-8 from Maven repository 'MavenRepo'
13:07:24.563 [DEBUG] [org.gradle.api.internal.artifacts.ivyservice.resolveengine.graph.builder.DependencyGraphBuilder] Visiting configuration org.jboss.shrinkwrap.descriptors:shrinkwrap-descriptors-bom:2.0.0-alpha-8(default).
13:07:24.563 [DEBUG] [org.gradle.api.internal.artifacts.ivyservice.resolveengine.graph.builder.DependencyGraphBuilder] org.jboss.shrinkwrap.descriptors:shrinkwrap-descriptors-bom:2.0.0-alpha-8(default) has no transitive incoming edges. ignoring outgoing edges.
13:07:24.563 [DEBUG] [org.gradle.api.internal.artifacts.ivyservice.resolveengine.oldresult.TransientConfigurationResultsBuilder] Flushing resolved configuration data in Binary store in /private/var/folders/ql/766g4tnx5mgbtm0tr10fxhyc0000gn/T/gradle17660509840828398561.bin. Wrote root 2.
13:07:24.563 [DEBUG] [org.gradle.internal.operations.DefaultBuildOperationExecutor] Completing Build operation 'Resolve dependencies of :detachedConfiguration29'
13:07:24.563 [DEBUG] [org.gradle.internal.operations.DefaultBuildOperationExecutor] Build operation 'Resolve dependencies of :detachedConfiguration29' completed
13:07:24.563 [DEBUG] [org.gradle.internal.component.model.ComponentAttributeMatcher] Selected match org.jboss.shrinkwrap.descriptors:shrinkwrap-descriptors-bom:2.0.0-alpha-8 from candidates [org.jboss.shrinkwrap.descriptors:shrinkwrap-descriptors-bom:2.0.0-alpha-8] for {}
13:07:24.563 [DEBUG] [org.gradle.internal.operations.DefaultBuildOperationExecutor] Build operation 'Resolve files of :detachedConfiguration29' started
13:07:24.563 [DEBUG] [org.gradle.internal.work.DefaultWorkerLeaseService] Worker lease root.1.9.61.62 started (1 worker(s) in use).
13:07:24.563 [DEBUG] [org.gradle.internal.resources.AbstractTrackedResourceLock] Task worker for ':': acquired lock on root.1.9.61.62
13:07:24.563 [DEBUG] [org.gradle.internal.operations.DefaultBuildOperationExecutor] Build operation 'Resolve shrinkwrap-descriptors-bom.pom (org.jboss.shrinkwrap.descriptors:shrinkwrap-descriptors-bom:2.0.0-alpha-8)' started
13:07:24.563 [DEBUG] [org.gradle.api.internal.artifacts.ivyservice.ivyresolve.CachingModuleComponentRepository] Found artifact 'shrinkwrap-descriptors-bom.pom (org.jboss.shrinkwrap.descriptors:shrinkwrap-descriptors-bom:2.0.0-alpha-8)' in resolver cache: /Users/bconnors/.gradle/caches/modules-2/files-2.1/org.jboss.shrinkwrap.descriptors/shrinkwrap-descriptors-bom/2.0.0-alpha-8/406a55c268791650b8b1c031c35d1948bb3167b6/shrinkwrap-descriptors-bom-2.0.0-alpha-8.pom
13:07:24.563 [DEBUG] [org.gradle.internal.operations.DefaultBuildOperationExecutor] Completing Build operation 'Resolve shrinkwrap-descriptors-bom.pom (org.jboss.shrinkwrap.descriptors:shrinkwrap-descriptors-bom:2.0.0-alpha-8)'
13:07:24.563 [DEBUG] [org.gradle.internal.operations.DefaultBuildOperationExecutor] Build operation 'Resolve shrinkwrap-descriptors-bom.pom (org.jboss.shrinkwrap.descriptors:shrinkwrap-descriptors-bom:2.0.0-alpha-8)' completed
13:07:24.563 [DEBUG] [org.gradle.internal.work.DefaultWorkerLeaseService] Worker lease root.1.9.61.62 completed (1 worker(s) in use)
13:07:24.564 [DEBUG] [org.gradle.internal.resources.AbstractTrackedResourceLock] Task worker for ':': released lock on root.1.9.61.62
13:07:24.564 [DEBUG] [org.gradle.internal.operations.DefaultBuildOperationExecutor] Completing Build operation 'Resolve files of :detachedConfiguration29'
13:07:24.564 [DEBUG] [org.gradle.internal.operations.DefaultBuildOperationExecutor] Build operation 'Resolve files of :detachedConfiguration29' completed
13:07:24.566 [DEBUG] [org.gradle.internal.operations.DefaultBuildOperationExecutor] Build operation 'Resolve dependencies of :detachedConfiguration30' started
13:07:24.566 [DEBUG] [org.gradle.api.internal.artifacts.ivyservice.resolveengine.DefaultArtifactDependencyResolver] Resolving configuration ':detachedConfiguration30'
13:07:24.566 [DEBUG] [org.gradle.api.internal.artifacts.ivyservice.modulecache.ResolvedArtifactCaches] Reusing in-memory cache for repo 'MavenRepo' [f8e6315c37eb56998f7a5ba08e30db71].
13:07:24.566 [DEBUG] [org.gradle.api.internal.artifacts.ivyservice.resolveengine.graph.builder.DependencyGraphBuilder] Visiting configuration com.mindex:senior-code-challenge:0.0.1-SNAPSHOT(detachedConfiguration30).
13:07:24.566 [DEBUG] [org.gradle.api.internal.artifacts.ivyservice.ivyresolve.RepositoryChainComponentMetaDataResolver] Attempting to resolve component for org.jboss:jboss-parent:15 using repositories [MavenRepo]
13:07:24.566 [DEBUG] [org.gradle.api.internal.artifacts.ivyservice.ivyresolve.CachingModuleComponentRepository] Using cached module metadata for module 'org.jboss:jboss-parent:15' in 'MavenRepo'
13:07:24.566 [DEBUG] [org.gradle.api.internal.artifacts.ivyservice.ivyresolve.RepositoryChainComponentMetaDataResolver] Using org.jboss:jboss-parent:15 from Maven repository 'MavenRepo'
13:07:24.566 [DEBUG] [org.gradle.api.internal.artifacts.ivyservice.resolveengine.graph.builder.DependencyGraphBuilder] Visiting configuration org.jboss:jboss-parent:15(default).
13:07:24.566 [DEBUG] [org.gradle.api.internal.artifacts.ivyservice.resolveengine.graph.builder.DependencyGraphBuilder] org.jboss:jboss-parent:15(default) has no transitive incoming edges. ignoring outgoing edges.
13:07:24.566 [DEBUG] [org.gradle.api.internal.artifacts.ivyservice.resolveengine.oldresult.TransientConfigurationResultsBuilder] Flushing resolved configuration data in Binary store in /private/var/folders/ql/766g4tnx5mgbtm0tr10fxhyc0000gn/T/gradle17660509840828398561.bin. Wrote root 2.
13:07:24.566 [DEBUG] [org.gradle.internal.operations.DefaultBuildOperationExecutor] Completing Build operation 'Resolve dependencies of :detachedConfiguration30'
13:07:24.566 [DEBUG] [org.gradle.internal.operations.DefaultBuildOperationExecutor] Build operation 'Resolve dependencies of :detachedConfiguration30' completed
13:07:24.566 [DEBUG] [org.gradle.internal.component.model.ComponentAttributeMatcher] Selected match org.jboss:jboss-parent:15 from candidates [org.jboss:jboss-parent:15] for {}
13:07:24.566 [DEBUG] [org.gradle.internal.operations.DefaultBuildOperationExecutor] Build operation 'Resolve files of :detachedConfiguration30' started
13:07:24.567 [DEBUG] [org.gradle.internal.work.DefaultWorkerLeaseService] Worker lease root.1.9.63.64 started (1 worker(s) in use).
13:07:24.567 [DEBUG] [org.gradle.internal.resources.AbstractTrackedResourceLock] Task worker for ':': acquired lock on root.1.9.63.64
13:07:24.567 [DEBUG] [org.gradle.internal.operations.DefaultBuildOperationExecutor] Build operation 'Resolve jboss-parent.pom (org.jboss:jboss-parent:15)' started
13:07:24.567 [DEBUG] [org.gradle.api.internal.artifacts.ivyservice.ivyresolve.CachingModuleComponentRepository] Found artifact 'jboss-parent.pom (org.jboss:jboss-parent:15)' in resolver cache: /Users/bconnors/.gradle/caches/modules-2/files-2.1/org.jboss/jboss-parent/15/76262a90da39e0eecdac4606691ded8a743d752b/jboss-parent-15.pom
13:07:24.567 [DEBUG] [org.gradle.internal.operations.DefaultBuildOperationExecutor] Completing Build operation 'Resolve jboss-parent.pom (org.jboss:jboss-parent:15)'
13:07:24.567 [DEBUG] [org.gradle.internal.operations.DefaultBuildOperationExecutor] Build operation 'Resolve jboss-parent.pom (org.jboss:jboss-parent:15)' completed
13:07:24.567 [DEBUG] [org.gradle.internal.work.DefaultWorkerLeaseService] Worker lease root.1.9.63.64 completed (1 worker(s) in use)
13:07:24.567 [DEBUG] [org.gradle.internal.resources.AbstractTrackedResourceLock] Task worker for ':': released lock on root.1.9.63.64
13:07:24.567 [DEBUG] [org.gradle.internal.operations.DefaultBuildOperationExecutor] Completing Build operation 'Resolve files of :detachedConfiguration30'
13:07:24.567 [DEBUG] [org.gradle.internal.operations.DefaultBuildOperationExecutor] Build operation 'Resolve files of :detachedConfiguration30' completed
13:07:24.570 [DEBUG] [org.gradle.internal.operations.DefaultBuildOperationExecutor] Build operation 'Resolve dependencies of :detachedConfiguration31' started
13:07:24.570 [DEBUG] [org.gradle.api.internal.artifacts.ivyservice.resolveengine.DefaultArtifactDependencyResolver] Resolving configuration ':detachedConfiguration31'
13:07:24.570 [DEBUG] [org.gradle.api.internal.artifacts.ivyservice.modulecache.ResolvedArtifactCaches] Reusing in-memory cache for repo 'MavenRepo' [f8e6315c37eb56998f7a5ba08e30db71].
13:07:24.570 [DEBUG] [org.gradle.api.internal.artifacts.ivyservice.resolveengine.graph.builder.DependencyGraphBuilder] Visiting configuration com.mindex:senior-code-challenge:0.0.1-SNAPSHOT(detachedConfiguration31).
13:07:24.570 [DEBUG] [org.gradle.api.internal.artifacts.ivyservice.ivyresolve.RepositoryChainComponentMetaDataResolver] Attempting to resolve component for com.fasterxml:oss-parent:24 using repositories [MavenRepo]
13:07:24.570 [DEBUG] [org.gradle.api.internal.artifacts.ivyservice.ivyresolve.CachingModuleComponentRepository] Using cached module metadata for module 'com.fasterxml:oss-parent:24' in 'MavenRepo'
13:07:24.570 [DEBUG] [org.gradle.api.internal.artifacts.ivyservice.ivyresolve.RepositoryChainComponentMetaDataResolver] Using com.fasterxml:oss-parent:24 from Maven repository 'MavenRepo'
13:07:24.570 [DEBUG] [org.gradle.api.internal.artifacts.ivyservice.resolveengine.graph.builder.DependencyGraphBuilder] Visiting configuration com.fasterxml:oss-parent:24(default).
13:07:24.570 [DEBUG] [org.gradle.api.internal.artifacts.ivyservice.resolveengine.graph.builder.DependencyGraphBuilder] com.fasterxml:oss-parent:24(default) has no transitive incoming edges. ignoring outgoing edges.
13:07:24.571 [DEBUG] [org.gradle.api.internal.artifacts.ivyservice.resolveengine.oldresult.TransientConfigurationResultsBuilder] Flushing resolved configuration data in Binary store in /private/var/folders/ql/766g4tnx5mgbtm0tr10fxhyc0000gn/T/gradle17660509840828398561.bin. Wrote root 2.
13:07:24.571 [DEBUG] [org.gradle.internal.operations.DefaultBuildOperationExecutor] Completing Build operation 'Resolve dependencies of :detachedConfiguration31'
13:07:24.571 [DEBUG] [org.gradle.internal.operations.DefaultBuildOperationExecutor] Build operation 'Resolve dependencies of :detachedConfiguration31' completed
13:07:24.571 [DEBUG] [org.gradle.internal.component.model.ComponentAttributeMatcher] Selected match com.fasterxml:oss-parent:24 from candidates [com.fasterxml:oss-parent:24] for {}
13:07:24.571 [DEBUG] [org.gradle.internal.operations.DefaultBuildOperationExecutor] Build operation 'Resolve files of :detachedConfiguration31' started
13:07:24.571 [DEBUG] [org.gradle.internal.work.DefaultWorkerLeaseService] Worker lease root.1.9.65.66 started (1 worker(s) in use).
13:07:24.571 [DEBUG] [org.gradle.internal.resources.AbstractTrackedResourceLock] Task worker for ':': acquired lock on root.1.9.65.66
13:07:24.571 [DEBUG] [org.gradle.internal.operations.DefaultBuildOperationExecutor] Build operation 'Resolve oss-parent.pom (com.fasterxml:oss-parent:24)' started
13:07:24.571 [DEBUG] [org.gradle.api.internal.artifacts.ivyservice.ivyresolve.CachingModuleComponentRepository] Found artifact 'oss-parent.pom (com.fasterxml:oss-parent:24)' in resolver cache: /Users/bconnors/.gradle/caches/modules-2/files-2.1/com.fasterxml/oss-parent/24/f4fbf349d22ab6a355ebecdb8a2886dd790b4877/oss-parent-24.pom
13:07:24.571 [DEBUG] [org.gradle.internal.operations.DefaultBuildOperationExecutor] Completing Build operation 'Resolve oss-parent.pom (com.fasterxml:oss-parent:24)'
13:07:24.571 [DEBUG] [org.gradle.internal.operations.DefaultBuildOperationExecutor] Build operation 'Resolve oss-parent.pom (com.fasterxml:oss-parent:24)' completed
13:07:24.571 [DEBUG] [org.gradle.internal.work.DefaultWorkerLeaseService] Worker lease root.1.9.65.66 completed (1 worker(s) in use)
13:07:24.572 [DEBUG] [org.gradle.internal.resources.AbstractTrackedResourceLock] Task worker for ':': released lock on root.1.9.65.66
13:07:24.572 [DEBUG] [org.gradle.internal.operations.DefaultBuildOperationExecutor] Completing Build operation 'Resolve files of :detachedConfiguration31'
13:07:24.572 [DEBUG] [org.gradle.internal.operations.DefaultBuildOperationExecutor] Build operation 'Resolve files of :detachedConfiguration31' completed
13:07:24.594 [DEBUG] [org.gradle.internal.operations.DefaultBuildOperationExecutor] Build operation 'Resolve dependencies of :detachedConfiguration32' started
13:07:24.594 [DEBUG] [org.gradle.api.internal.artifacts.ivyservice.resolveengine.DefaultArtifactDependencyResolver] Resolving configuration ':detachedConfiguration32'
13:07:24.594 [DEBUG] [org.gradle.api.internal.artifacts.ivyservice.modulecache.ResolvedArtifactCaches] Reusing in-memory cache for repo 'MavenRepo' [f8e6315c37eb56998f7a5ba08e30db71].
13:07:24.594 [DEBUG] [org.gradle.api.internal.artifacts.ivyservice.resolveengine.graph.builder.DependencyGraphBuilder] Visiting configuration com.mindex:senior-code-challenge:0.0.1-SNAPSHOT(detachedConfiguration32).
13:07:24.594 [DEBUG] [org.gradle.api.internal.artifacts.ivyservice.ivyresolve.RepositoryChainComponentMetaDataResolver] Attempting to resolve component for org.springframework.data:spring-data-mongodb-parent:1.10.4.RELEASE using repositories [MavenRepo]
13:07:24.594 [DEBUG] [org.gradle.api.internal.artifacts.ivyservice.ivyresolve.CachingModuleComponentRepository] Using cached module metadata for module 'org.springframework.data:spring-data-mongodb-parent:1.10.4.RELEASE' in 'MavenRepo'
13:07:24.594 [DEBUG] [org.gradle.api.internal.artifacts.ivyservice.ivyresolve.RepositoryChainComponentMetaDataResolver] Using org.springframework.data:spring-data-mongodb-parent:1.10.4.RELEASE from Maven repository 'MavenRepo'
13:07:24.595 [DEBUG] [org.gradle.api.internal.artifacts.ivyservice.resolveengine.graph.builder.DependencyGraphBuilder] Visiting configuration org.springframework.data:spring-data-mongodb-parent:1.10.4.RELEASE(default).
13:07:24.595 [DEBUG] [org.gradle.api.internal.artifacts.ivyservice.resolveengine.graph.builder.DependencyGraphBuilder] org.springframework.data:spring-data-mongodb-parent:1.10.4.RELEASE(default) has no transitive incoming edges. ignoring outgoing edges.
13:07:24.595 [DEBUG] [org.gradle.api.internal.artifacts.ivyservice.resolveengine.oldresult.TransientConfigurationResultsBuilder] Flushing resolved configuration data in Binary store in /private/var/folders/ql/766g4tnx5mgbtm0tr10fxhyc0000gn/T/gradle17660509840828398561.bin. Wrote root 2.
13:07:24.595 [DEBUG] [org.gradle.internal.operations.DefaultBuildOperationExecutor] Completing Build operation 'Resolve dependencies of :detachedConfiguration32'
13:07:24.595 [DEBUG] [org.gradle.internal.operations.DefaultBuildOperationExecutor] Build operation 'Resolve dependencies of :detachedConfiguration32' completed
13:07:24.595 [DEBUG] [org.gradle.internal.component.model.ComponentAttributeMatcher] Selected match org.springframework.data:spring-data-mongodb-parent:1.10.4.RELEASE from candidates [org.springframework.data:spring-data-mongodb-parent:1.10.4.RELEASE] for {}
13:07:24.595 [DEBUG] [org.gradle.internal.operations.DefaultBuildOperationExecutor] Build operation 'Resolve files of :detachedConfiguration32' started
13:07:24.595 [DEBUG] [org.gradle.internal.work.DefaultWorkerLeaseService] Worker lease root.1.9.67.68 started (1 worker(s) in use).
13:07:24.595 [DEBUG] [org.gradle.internal.resources.AbstractTrackedResourceLock] Task worker for ':': acquired lock on root.1.9.67.68
13:07:24.595 [DEBUG] [org.gradle.internal.operations.DefaultBuildOperationExecutor] Build operation 'Resolve spring-data-mongodb-parent.pom (org.springframework.data:spring-data-mongodb-parent:1.10.4.RELEASE)' started
13:07:24.595 [DEBUG] [org.gradle.api.internal.artifacts.ivyservice.ivyresolve.CachingModuleComponentRepository] Found artifact 'spring-data-mongodb-parent.pom (org.springframework.data:spring-data-mongodb-parent:1.10.4.RELEASE)' in resolver cache: /Users/bconnors/.gradle/caches/modules-2/files-2.1/org.springframework.data/spring-data-mongodb-parent/1.10.4.RELEASE/a49640b0ae30e216372555cdb33a7324ef2577b3/spring-data-mongodb-parent-1.10.4.RELEASE.pom
13:07:24.595 [DEBUG] [org.gradle.internal.operations.DefaultBuildOperationExecutor] Completing Build operation 'Resolve spring-data-mongodb-parent.pom (org.springframework.data:spring-data-mongodb-parent:1.10.4.RELEASE)'
13:07:24.595 [DEBUG] [org.gradle.internal.operations.DefaultBuildOperationExecutor] Build operation 'Resolve spring-data-mongodb-parent.pom (org.springframework.data:spring-data-mongodb-parent:1.10.4.RELEASE)' completed
13:07:24.595 [DEBUG] [org.gradle.internal.work.DefaultWorkerLeaseService] Worker lease root.1.9.67.68 completed (1 worker(s) in use)
13:07:24.596 [DEBUG] [org.gradle.internal.resources.AbstractTrackedResourceLock] Task worker for ':': released lock on root.1.9.67.68
13:07:24.596 [DEBUG] [org.gradle.internal.operations.DefaultBuildOperationExecutor] Completing Build operation 'Resolve files of :detachedConfiguration32'
13:07:24.596 [DEBUG] [org.gradle.internal.operations.DefaultBuildOperationExecutor] Build operation 'Resolve files of :detachedConfiguration32' completed
13:07:24.596 [DEBUG] [org.gradle.internal.operations.DefaultBuildOperationExecutor] Build operation 'Resolve dependencies of :detachedConfiguration33' started
13:07:24.596 [DEBUG] [org.gradle.api.internal.artifacts.ivyservice.resolveengine.DefaultArtifactDependencyResolver] Resolving configuration ':detachedConfiguration33'
13:07:24.596 [DEBUG] [org.gradle.api.internal.artifacts.ivyservice.modulecache.ResolvedArtifactCaches] Reusing in-memory cache for repo 'MavenRepo' [f8e6315c37eb56998f7a5ba08e30db71].
13:07:24.596 [DEBUG] [org.gradle.api.internal.artifacts.ivyservice.resolveengine.graph.builder.DependencyGraphBuilder] Visiting configuration com.mindex:senior-code-challenge:0.0.1-SNAPSHOT(detachedConfiguration33).
13:07:24.596 [DEBUG] [org.gradle.api.internal.artifacts.ivyservice.ivyresolve.RepositoryChainComponentMetaDataResolver] Attempting to resolve component for org.springframework.data.build:spring-data-parent:1.9.4.RELEASE using repositories [MavenRepo]
13:07:24.597 [DEBUG] [org.gradle.api.internal.artifacts.ivyservice.ivyresolve.CachingModuleComponentRepository] Using cached module metadata for module 'org.springframework.data.build:spring-data-parent:1.9.4.RELEASE' in 'MavenRepo'
13:07:24.597 [DEBUG] [org.gradle.api.internal.artifacts.ivyservice.ivyresolve.RepositoryChainComponentMetaDataResolver] Using org.springframework.data.build:spring-data-parent:1.9.4.RELEASE from Maven repository 'MavenRepo'
13:07:24.597 [DEBUG] [org.gradle.api.internal.artifacts.ivyservice.resolveengine.graph.builder.DependencyGraphBuilder] Visiting configuration org.springframework.data.build:spring-data-parent:1.9.4.RELEASE(default).
13:07:24.597 [DEBUG] [org.gradle.api.internal.artifacts.ivyservice.resolveengine.graph.builder.DependencyGraphBuilder] org.springframework.data.build:spring-data-parent:1.9.4.RELEASE(default) has no transitive incoming edges. ignoring outgoing edges.
13:07:24.597 [DEBUG] [org.gradle.api.internal.artifacts.ivyservice.resolveengine.oldresult.TransientConfigurationResultsBuilder] Flushing resolved configuration data in Binary store in /private/var/folders/ql/766g4tnx5mgbtm0tr10fxhyc0000gn/T/gradle17660509840828398561.bin. Wrote root 2.
13:07:24.597 [DEBUG] [org.gradle.internal.operations.DefaultBuildOperationExecutor] Completing Build operation 'Resolve dependencies of :detachedConfiguration33'
13:07:24.597 [DEBUG] [org.gradle.internal.operations.DefaultBuildOperationExecutor] Build operation 'Resolve dependencies of :detachedConfiguration33' completed
13:07:24.597 [DEBUG] [org.gradle.internal.component.model.ComponentAttributeMatcher] Selected match org.springframework.data.build:spring-data-parent:1.9.4.RELEASE from candidates [org.springframework.data.build:spring-data-parent:1.9.4.RELEASE] for {}
13:07:24.597 [DEBUG] [org.gradle.internal.operations.DefaultBuildOperationExecutor] Build operation 'Resolve files of :detachedConfiguration33' started
13:07:24.597 [DEBUG] [org.gradle.internal.work.DefaultWorkerLeaseService] Worker lease root.1.9.69.70 started (1 worker(s) in use).
13:07:24.597 [DEBUG] [org.gradle.internal.resources.AbstractTrackedResourceLock] Task worker for ':': acquired lock on root.1.9.69.70
13:07:24.597 [DEBUG] [org.gradle.internal.operations.DefaultBuildOperationExecutor] Build operation 'Resolve spring-data-parent.pom (org.springframework.data.build:spring-data-parent:1.9.4.RELEASE)' started
13:07:24.597 [DEBUG] [org.gradle.api.internal.artifacts.ivyservice.ivyresolve.CachingModuleComponentRepository] Found artifact 'spring-data-parent.pom (org.springframework.data.build:spring-data-parent:1.9.4.RELEASE)' in resolver cache: /Users/bconnors/.gradle/caches/modules-2/files-2.1/org.springframework.data.build/spring-data-parent/1.9.4.RELEASE/bdc35a0768a0efb29c1f3f4bae65848e40716bbd/spring-data-parent-1.9.4.RELEASE.pom
13:07:24.597 [DEBUG] [org.gradle.internal.operations.DefaultBuildOperationExecutor] Completing Build operation 'Resolve spring-data-parent.pom (org.springframework.data.build:spring-data-parent:1.9.4.RELEASE)'
13:07:24.597 [DEBUG] [org.gradle.internal.operations.DefaultBuildOperationExecutor] Build operation 'Resolve spring-data-parent.pom (org.springframework.data.build:spring-data-parent:1.9.4.RELEASE)' completed
13:07:24.597 [DEBUG] [org.gradle.internal.work.DefaultWorkerLeaseService] Worker lease root.1.9.69.70 completed (1 worker(s) in use)
13:07:24.597 [DEBUG] [org.gradle.internal.resources.AbstractTrackedResourceLock] Task worker for ':': released lock on root.1.9.69.70
13:07:24.597 [DEBUG] [org.gradle.internal.operations.DefaultBuildOperationExecutor] Completing Build operation 'Resolve files of :detachedConfiguration33'
13:07:24.597 [DEBUG] [org.gradle.internal.operations.DefaultBuildOperationExecutor] Build operation 'Resolve files of :detachedConfiguration33' completed
13:07:24.602 [DEBUG] [org.gradle.internal.operations.DefaultBuildOperationExecutor] Build operation 'Resolve dependencies of :detachedConfiguration34' started
13:07:24.602 [DEBUG] [org.gradle.api.internal.artifacts.ivyservice.resolveengine.DefaultArtifactDependencyResolver] Resolving configuration ':detachedConfiguration34'
13:07:24.603 [DEBUG] [org.gradle.api.internal.artifacts.ivyservice.modulecache.ResolvedArtifactCaches] Reusing in-memory cache for repo 'MavenRepo' [f8e6315c37eb56998f7a5ba08e30db71].
13:07:24.603 [DEBUG] [org.gradle.api.internal.artifacts.ivyservice.resolveengine.graph.builder.DependencyGraphBuilder] Visiting configuration com.mindex:senior-code-challenge:0.0.1-SNAPSHOT(detachedConfiguration34).
13:07:24.603 [DEBUG] [org.gradle.api.internal.artifacts.ivyservice.ivyresolve.RepositoryChainComponentMetaDataResolver] Attempting to resolve component for org.sonatype.oss:oss-parent:9 using repositories [MavenRepo]
13:07:24.603 [DEBUG] [org.gradle.api.internal.artifacts.ivyservice.ivyresolve.CachingModuleComponentRepository] Using cached module metadata for module 'org.sonatype.oss:oss-parent:9' in 'MavenRepo'
13:07:24.603 [DEBUG] [org.gradle.api.internal.artifacts.ivyservice.ivyresolve.RepositoryChainComponentMetaDataResolver] Using org.sonatype.oss:oss-parent:9 from Maven repository 'MavenRepo'
13:07:24.603 [DEBUG] [org.gradle.api.internal.artifacts.ivyservice.resolveengine.graph.builder.DependencyGraphBuilder] Visiting configuration org.sonatype.oss:oss-parent:9(default).
13:07:24.603 [DEBUG] [org.gradle.api.internal.artifacts.ivyservice.resolveengine.graph.builder.DependencyGraphBuilder] org.sonatype.oss:oss-parent:9(default) has no transitive incoming edges. ignoring outgoing edges.
13:07:24.603 [DEBUG] [org.gradle.api.internal.artifacts.ivyservice.resolveengine.oldresult.TransientConfigurationResultsBuilder] Flushing resolved configuration data in Binary store in /private/var/folders/ql/766g4tnx5mgbtm0tr10fxhyc0000gn/T/gradle17660509840828398561.bin. Wrote root 2.
13:07:24.603 [DEBUG] [org.gradle.internal.operations.DefaultBuildOperationExecutor] Completing Build operation 'Resolve dependencies of :detachedConfiguration34'
13:07:24.603 [DEBUG] [org.gradle.internal.operations.DefaultBuildOperationExecutor] Build operation 'Resolve dependencies of :detachedConfiguration34' completed
13:07:24.603 [DEBUG] [org.gradle.internal.component.model.ComponentAttributeMatcher] Selected match org.sonatype.oss:oss-parent:9 from candidates [org.sonatype.oss:oss-parent:9] for {}
13:07:24.603 [DEBUG] [org.gradle.internal.operations.DefaultBuildOperationExecutor] Build operation 'Resolve files of :detachedConfiguration34' started
13:07:24.603 [DEBUG] [org.gradle.internal.work.DefaultWorkerLeaseService] Worker lease root.1.9.71.72 started (1 worker(s) in use).
13:07:24.603 [DEBUG] [org.gradle.internal.resources.AbstractTrackedResourceLock] Task worker for ':': acquired lock on root.1.9.71.72
13:07:24.603 [DEBUG] [org.gradle.internal.operations.DefaultBuildOperationExecutor] Build operation 'Resolve oss-parent.pom (org.sonatype.oss:oss-parent:9)' started
13:07:24.604 [DEBUG] [org.gradle.api.internal.artifacts.ivyservice.ivyresolve.CachingModuleComponentRepository] Found artifact 'oss-parent.pom (org.sonatype.oss:oss-parent:9)' in resolver cache: /Users/bconnors/.gradle/caches/modules-2/files-2.1/org.sonatype.oss/oss-parent/9/e5cdc4d23b86d79c436f16fed20853284e868f65/oss-parent-9.pom
13:07:24.604 [DEBUG] [org.gradle.internal.operations.DefaultBuildOperationExecutor] Completing Build operation 'Resolve oss-parent.pom (org.sonatype.oss:oss-parent:9)'
13:07:24.604 [DEBUG] [org.gradle.internal.operations.DefaultBuildOperationExecutor] Build operation 'Resolve oss-parent.pom (org.sonatype.oss:oss-parent:9)' completed
13:07:24.604 [DEBUG] [org.gradle.internal.work.DefaultWorkerLeaseService] Worker lease root.1.9.71.72 completed (1 worker(s) in use)
13:07:24.604 [DEBUG] [org.gradle.internal.resources.AbstractTrackedResourceLock] Task worker for ':': released lock on root.1.9.71.72
13:07:24.604 [DEBUG] [org.gradle.internal.operations.DefaultBuildOperationExecutor] Completing Build operation 'Resolve files of :detachedConfiguration34'
13:07:24.604 [DEBUG] [org.gradle.internal.operations.DefaultBuildOperationExecutor] Build operation 'Resolve files of :detachedConfiguration34' completed
13:07:24.605 [DEBUG] [org.gradle.internal.operations.DefaultBuildOperationExecutor] Build operation 'Resolve dependencies of :detachedConfiguration35' started
13:07:24.605 [DEBUG] [org.gradle.api.internal.artifacts.ivyservice.resolveengine.DefaultArtifactDependencyResolver] Resolving configuration ':detachedConfiguration35'
13:07:24.605 [DEBUG] [org.gradle.api.internal.artifacts.ivyservice.modulecache.ResolvedArtifactCaches] Reusing in-memory cache for repo 'MavenRepo' [f8e6315c37eb56998f7a5ba08e30db71].
13:07:24.606 [DEBUG] [org.gradle.api.internal.artifacts.ivyservice.resolveengine.graph.builder.DependencyGraphBuilder] Visiting configuration com.mindex:senior-code-challenge:0.0.1-SNAPSHOT(detachedConfiguration35).
13:07:24.606 [DEBUG] [org.gradle.api.internal.artifacts.ivyservice.ivyresolve.RepositoryChainComponentMetaDataResolver] Attempting to resolve component for org.sonatype.oss:oss-parent:7 using repositories [MavenRepo]
13:07:24.606 [DEBUG] [org.gradle.api.internal.artifacts.ivyservice.ivyresolve.CachingModuleComponentRepository] Using cached module metadata for module 'org.sonatype.oss:oss-parent:7' in 'MavenRepo'
13:07:24.606 [DEBUG] [org.gradle.api.internal.artifacts.ivyservice.ivyresolve.RepositoryChainComponentMetaDataResolver] Using org.sonatype.oss:oss-parent:7 from Maven repository 'MavenRepo'
13:07:24.606 [DEBUG] [org.gradle.api.internal.artifacts.ivyservice.resolveengine.graph.builder.DependencyGraphBuilder] Visiting configuration org.sonatype.oss:oss-parent:7(default).
13:07:24.606 [DEBUG] [org.gradle.api.internal.artifacts.ivyservice.resolveengine.graph.builder.DependencyGraphBuilder] org.sonatype.oss:oss-parent:7(default) has no transitive incoming edges. ignoring outgoing edges.
13:07:24.606 [DEBUG] [org.gradle.api.internal.artifacts.ivyservice.resolveengine.oldresult.TransientConfigurationResultsBuilder] Flushing resolved configuration data in Binary store in /private/var/folders/ql/766g4tnx5mgbtm0tr10fxhyc0000gn/T/gradle17660509840828398561.bin. Wrote root 2.
13:07:24.606 [DEBUG] [org.gradle.internal.operations.DefaultBuildOperationExecutor] Completing Build operation 'Resolve dependencies of :detachedConfiguration35'
13:07:24.607 [DEBUG] [org.gradle.internal.operations.DefaultBuildOperationExecutor] Build operation 'Resolve dependencies of :detachedConfiguration35' completed
13:07:24.607 [DEBUG] [org.gradle.internal.component.model.ComponentAttributeMatcher] Selected match org.sonatype.oss:oss-parent:7 from candidates [org.sonatype.oss:oss-parent:7] for {}
13:07:24.607 [DEBUG] [org.gradle.internal.operations.DefaultBuildOperationExecutor] Build operation 'Resolve files of :detachedConfiguration35' started
13:07:24.607 [DEBUG] [org.gradle.internal.work.DefaultWorkerLeaseService] Worker lease root.1.9.73.74 started (1 worker(s) in use).
13:07:24.607 [DEBUG] [org.gradle.internal.resources.AbstractTrackedResourceLock] Task worker for ':': acquired lock on root.1.9.73.74
13:07:24.607 [DEBUG] [org.gradle.internal.operations.DefaultBuildOperationExecutor] Build operation 'Resolve oss-parent.pom (org.sonatype.oss:oss-parent:7)' started
13:07:24.607 [DEBUG] [org.gradle.api.internal.artifacts.ivyservice.ivyresolve.CachingModuleComponentRepository] Found artifact 'oss-parent.pom (org.sonatype.oss:oss-parent:7)' in resolver cache: /Users/bconnors/.gradle/caches/modules-2/files-2.1/org.sonatype.oss/oss-parent/7/46b8a785b60a2767095b8611613b58577e96d4c9/oss-parent-7.pom
13:07:24.607 [DEBUG] [org.gradle.internal.operations.DefaultBuildOperationExecutor] Completing Build operation 'Resolve oss-parent.pom (org.sonatype.oss:oss-parent:7)'
13:07:24.607 [DEBUG] [org.gradle.internal.operations.DefaultBuildOperationExecutor] Build operation 'Resolve oss-parent.pom (org.sonatype.oss:oss-parent:7)' completed
13:07:24.607 [DEBUG] [org.gradle.internal.work.DefaultWorkerLeaseService] Worker lease root.1.9.73.74 completed (1 worker(s) in use)
13:07:24.607 [DEBUG] [org.gradle.internal.resources.AbstractTrackedResourceLock] Task worker for ':': released lock on root.1.9.73.74
13:07:24.607 [DEBUG] [org.gradle.internal.operations.DefaultBuildOperationExecutor] Completing Build operation 'Resolve files of :detachedConfiguration35'
13:07:24.607 [DEBUG] [org.gradle.internal.operations.DefaultBuildOperationExecutor] Build operation 'Resolve files of :detachedConfiguration35' completed
13:07:24.614 [INFO] [io.spring.gradle.dependencymanagement.internal.ExclusionConfiguringAction] Excluding [commons-logging:commons-logging]
13:07:24.614 [DEBUG] [org.gradle.api.internal.artifacts.ivyservice.resolveengine.DefaultArtifactDependencyResolver] Resolving configuration ':compileClasspath'
13:07:24.614 [DEBUG] [org.gradle.api.internal.artifacts.ivyservice.modulecache.ResolvedArtifactCaches] Reusing in-memory cache for repo 'MavenRepo' [f8e6315c37eb56998f7a5ba08e30db71].
13:07:24.615 [DEBUG] [org.gradle.api.internal.artifacts.ivyservice.resolveengine.graph.builder.DependencyGraphBuilder] Visiting configuration com.mindex:senior-code-challenge:0.0.1-SNAPSHOT(compileClasspath).
13:07:24.615 [DEBUG] [io.spring.gradle.dependencymanagement.internal.VersionConfiguringAction] Processing dependency 'org.springframework.boot:spring-boot-starter-web:'
13:07:24.615 [DEBUG] [io.spring.gradle.dependencymanagement.internal.DependencyManagementContainer] Found managed version '1.5.4.RELEASE' for dependency 'org.springframework.boot:spring-boot-starter-web' in global dependency management
13:07:24.615 [DEBUG] [io.spring.gradle.dependencymanagement.internal.VersionConfiguringAction] Using version '1.5.4.RELEASE' for dependency 'org.springframework.boot:spring-boot-starter-web:'
13:07:24.615 [DEBUG] [io.spring.gradle.dependencymanagement.internal.VersionConfiguringAction] Processing dependency 'org.springframework.boot:spring-boot-starter-data-mongodb:'
13:07:24.615 [DEBUG] [io.spring.gradle.dependencymanagement.internal.DependencyManagementContainer] Found managed version '1.5.4.RELEASE' for dependency 'org.springframework.boot:spring-boot-starter-data-mongodb' in global dependency management
13:07:24.615 [DEBUG] [io.spring.gradle.dependencymanagement.internal.VersionConfiguringAction] Using version '1.5.4.RELEASE' for dependency 'org.springframework.boot:spring-boot-starter-data-mongodb:'
13:07:24.615 [DEBUG] [io.spring.gradle.dependencymanagement.internal.VersionConfiguringAction] Processing dependency 'com.github.fakemongo:fongo:2.1.1'
13:07:24.615 [DEBUG] [io.spring.gradle.dependencymanagement.internal.DependencyManagementContainer] Found managed version '2.1.1' for dependency 'com.github.fakemongo:fongo' in dependency management for configuration 'compileClasspath'
13:07:24.616 [DEBUG] [io.spring.gradle.dependencymanagement.internal.VersionConfiguringAction] Using version '2.1.1' for dependency 'com.github.fakemongo:fongo:2.1.1'
13:07:24.616 [DEBUG] [org.gradle.api.internal.artifacts.ivyservice.ivyresolve.RepositoryChainComponentMetaDataResolver] Attempting to resolve component for org.springframework.boot:spring-boot-starter-web:1.5.4.RELEASE using repositories [MavenRepo]
13:07:24.616 [DEBUG] [org.gradle.api.internal.artifacts.ivyservice.ivyresolve.CachingModuleComponentRepository] Using cached module metadata for module 'org.springframework.boot:spring-boot-starter-web:1.5.4.RELEASE' in 'MavenRepo'
13:07:24.616 [DEBUG] [org.gradle.api.internal.artifacts.ivyservice.ivyresolve.RepositoryChainComponentMetaDataResolver] Using org.springframework.boot:spring-boot-starter-web:1.5.4.RELEASE from Maven repository 'MavenRepo'
13:07:24.616 [DEBUG] [org.gradle.internal.component.model.ComponentAttributeMatcher] No candidates for {org.gradle.usage=java-api}, selected matching fallback org.springframework.boot:spring-boot-starter-web:1.5.4.RELEASE configuration default
13:07:24.616 [DEBUG] [org.gradle.api.internal.artifacts.ivyservice.ivyresolve.RepositoryChainComponentMetaDataResolver] Attempting to resolve component for org.springframework.boot:spring-boot-starter-data-mongodb:1.5.4.RELEASE using repositories [MavenRepo]
13:07:24.616 [DEBUG] [org.gradle.api.internal.artifacts.ivyservice.ivyresolve.CachingModuleComponentRepository] Using cached module metadata for module 'org.springframework.boot:spring-boot-starter-data-mongodb:1.5.4.RELEASE' in 'MavenRepo'
13:07:24.616 [DEBUG] [org.gradle.api.internal.artifacts.ivyservice.ivyresolve.RepositoryChainComponentMetaDataResolver] Using org.springframework.boot:spring-boot-starter-data-mongodb:1.5.4.RELEASE from Maven repository 'MavenRepo'
13:07:24.616 [DEBUG] [org.gradle.internal.component.model.ComponentAttributeMatcher] No candidates for {org.gradle.usage=java-api}, selected matching fallback org.springframework.boot:spring-boot-starter-data-mongodb:1.5.4.RELEASE configuration default
13:07:24.616 [DEBUG] [org.gradle.api.internal.artifacts.ivyservice.ivyresolve.RepositoryChainComponentMetaDataResolver] Attempting to resolve component for com.github.fakemongo:fongo:2.1.1 using repositories [MavenRepo]
13:07:24.616 [DEBUG] [org.gradle.api.internal.artifacts.ivyservice.ivyresolve.CachingModuleComponentRepository] Using cached module metadata for module 'com.github.fakemongo:fongo:2.1.1' in 'MavenRepo'
13:07:24.616 [DEBUG] [org.gradle.api.internal.artifacts.ivyservice.ivyresolve.RepositoryChainComponentMetaDataResolver] Using com.github.fakemongo:fongo:2.1.1 from Maven repository 'MavenRepo'
13:07:24.616 [DEBUG] [org.gradle.internal.component.model.ComponentAttributeMatcher] No candidates for {org.gradle.usage=java-api}, selected matching fallback com.github.fakemongo:fongo:2.1.1 configuration default
13:07:24.616 [DEBUG] [org.gradle.api.internal.artifacts.ivyservice.resolveengine.graph.builder.DependencyGraphBuilder] Visiting configuration org.springframework.boot:spring-boot-starter-web:1.5.4.RELEASE(default).
13:07:24.617 [DEBUG] [io.spring.gradle.dependencymanagement.internal.VersionConfiguringAction] Processing dependency 'org.springframework.boot:spring-boot-starter:1.5.4.RELEASE'
13:07:24.617 [DEBUG] [io.spring.gradle.dependencymanagement.internal.DependencyManagementContainer] Found managed version '1.5.4.RELEASE' for dependency 'org.springframework.boot:spring-boot-starter' in global dependency management
13:07:24.617 [DEBUG] [io.spring.gradle.dependencymanagement.internal.VersionConfiguringAction] Using version '1.5.4.RELEASE' for dependency 'org.springframework.boot:spring-boot-starter:1.5.4.RELEASE'
13:07:24.617 [DEBUG] [io.spring.gradle.dependencymanagement.internal.VersionConfiguringAction] Processing dependency 'org.springframework.boot:spring-boot-starter-tomcat:1.5.4.RELEASE'
13:07:24.617 [DEBUG] [io.spring.gradle.dependencymanagement.internal.DependencyManagementContainer] Found managed version '1.5.4.RELEASE' for dependency 'org.springframework.boot:spring-boot-starter-tomcat' in global dependency management
13:07:24.617 [DEBUG] [io.spring.gradle.dependencymanagement.internal.VersionConfiguringAction] Using version '1.5.4.RELEASE' for dependency 'org.springframework.boot:spring-boot-starter-tomcat:1.5.4.RELEASE'
13:07:24.617 [DEBUG] [io.spring.gradle.dependencymanagement.internal.VersionConfiguringAction] Processing dependency 'org.hibernate:hibernate-validator:5.3.5.Final'
13:07:24.617 [DEBUG] [io.spring.gradle.dependencymanagement.internal.DependencyManagementContainer] Found managed version '5.3.5.Final' for dependency 'org.hibernate:hibernate-validator' in global dependency management
13:07:24.617 [DEBUG] [io.spring.gradle.dependencymanagement.internal.VersionConfiguringAction] Using version '5.3.5.Final' for dependency 'org.hibernate:hibernate-validator:5.3.5.Final'
13:07:24.617 [DEBUG] [io.spring.gradle.dependencymanagement.internal.VersionConfiguringAction] Processing dependency 'com.fasterxml.jackson.core:jackson-databind:2.8.8'
13:07:24.617 [DEBUG] [io.spring.gradle.dependencymanagement.internal.DependencyManagementContainer] Found managed version '2.8.8' for dependency 'com.fasterxml.jackson.core:jackson-databind' in global dependency management
13:07:24.617 [DEBUG] [io.spring.gradle.dependencymanagement.internal.VersionConfiguringAction] Using version '2.8.8' for dependency 'com.fasterxml.jackson.core:jackson-databind:2.8.8'
13:07:24.617 [DEBUG] [io.spring.gradle.dependencymanagement.internal.VersionConfiguringAction] Processing dependency 'org.springframework:spring-web:4.3.9.RELEASE'
13:07:24.617 [DEBUG] [io.spring.gradle.dependencymanagement.internal.DependencyManagementContainer] Found managed version '4.3.9.RELEASE' for dependency 'org.springframework:spring-web' in global dependency management
13:07:24.617 [DEBUG] [io.spring.gradle.dependencymanagement.internal.VersionConfiguringAction] Using version '4.3.9.RELEASE' for dependency 'org.springframework:spring-web:4.3.9.RELEASE'
13:07:24.617 [DEBUG] [io.spring.gradle.dependencymanagement.internal.VersionConfiguringAction] Processing dependency 'org.springframework:spring-webmvc:4.3.9.RELEASE'
13:07:24.617 [DEBUG] [io.spring.gradle.dependencymanagement.internal.DependencyManagementContainer] Found managed version '4.3.9.RELEASE' for dependency 'org.springframework:spring-webmvc' in global dependency management
13:07:24.617 [DEBUG] [io.spring.gradle.dependencymanagement.internal.VersionConfiguringAction] Using version '4.3.9.RELEASE' for dependency 'org.springframework:spring-webmvc:4.3.9.RELEASE'
13:07:24.617 [DEBUG] [org.gradle.api.internal.artifacts.ivyservice.ivyresolve.RepositoryChainComponentMetaDataResolver] Attempting to resolve component for org.springframework.boot:spring-boot-starter:1.5.4.RELEASE using repositories [MavenRepo]
13:07:24.617 [DEBUG] [org.gradle.api.internal.artifacts.ivyservice.ivyresolve.CachingModuleComponentRepository] Using cached module metadata for module 'org.springframework.boot:spring-boot-starter:1.5.4.RELEASE' in 'MavenRepo'
13:07:24.617 [DEBUG] [org.gradle.api.internal.artifacts.ivyservice.ivyresolve.RepositoryChainComponentMetaDataResolver] Using org.springframework.boot:spring-boot-starter:1.5.4.RELEASE from Maven repository 'MavenRepo'
13:07:24.617 [DEBUG] [org.gradle.api.internal.artifacts.ivyservice.ivyresolve.RepositoryChainComponentMetaDataResolver] Attempting to resolve component for org.springframework.boot:spring-boot-starter-tomcat:1.5.4.RELEASE using repositories [MavenRepo]
13:07:24.617 [DEBUG] [org.gradle.api.internal.artifacts.ivyservice.ivyresolve.CachingModuleComponentRepository] Using cached module metadata for module 'org.springframework.boot:spring-boot-starter-tomcat:1.5.4.RELEASE' in 'MavenRepo'
13:07:24.617 [DEBUG] [org.gradle.api.internal.artifacts.ivyservice.ivyresolve.RepositoryChainComponentMetaDataResolver] Using org.springframework.boot:spring-boot-starter-tomcat:1.5.4.RELEASE from Maven repository 'MavenRepo'
13:07:24.618 [DEBUG] [org.gradle.api.internal.artifacts.ivyservice.ivyresolve.RepositoryChainComponentMetaDataResolver] Attempting to resolve component for org.hibernate:hibernate-validator:5.3.5.Final using repositories [MavenRepo]
13:07:24.618 [DEBUG] [org.gradle.api.internal.artifacts.ivyservice.ivyresolve.CachingModuleComponentRepository] Using cached module metadata for module 'org.hibernate:hibernate-validator:5.3.5.Final' in 'MavenRepo'
13:07:24.618 [DEBUG] [org.gradle.api.internal.artifacts.ivyservice.ivyresolve.RepositoryChainComponentMetaDataResolver] Using org.hibernate:hibernate-validator:5.3.5.Final from Maven repository 'MavenRepo'
13:07:24.618 [DEBUG] [org.gradle.api.internal.artifacts.ivyservice.ivyresolve.RepositoryChainComponentMetaDataResolver] Attempting to resolve component for com.fasterxml.jackson.core:jackson-databind:2.8.8 using repositories [MavenRepo]
13:07:24.618 [DEBUG] [org.gradle.api.internal.artifacts.ivyservice.ivyresolve.CachingModuleComponentRepository] Using cached module metadata for module 'com.fasterxml.jackson.core:jackson-databind:2.8.8' in 'MavenRepo'
13:07:24.618 [DEBUG] [org.gradle.api.internal.artifacts.ivyservice.ivyresolve.RepositoryChainComponentMetaDataResolver] Using com.fasterxml.jackson.core:jackson-databind:2.8.8 from Maven repository 'MavenRepo'
13:07:24.618 [DEBUG] [org.gradle.api.internal.artifacts.ivyservice.ivyresolve.RepositoryChainComponentMetaDataResolver] Attempting to resolve component for org.springframework:spring-web:4.3.9.RELEASE using repositories [MavenRepo]
13:07:24.618 [DEBUG] [org.gradle.api.internal.artifacts.ivyservice.ivyresolve.CachingModuleComponentRepository] Using cached module metadata for module 'org.springframework:spring-web:4.3.9.RELEASE' in 'MavenRepo'
13:07:24.618 [DEBUG] [org.gradle.api.internal.artifacts.ivyservice.ivyresolve.RepositoryChainComponentMetaDataResolver] Using org.springframework:spring-web:4.3.9.RELEASE from Maven repository 'MavenRepo'
13:07:24.618 [DEBUG] [org.gradle.api.internal.artifacts.ivyservice.ivyresolve.RepositoryChainComponentMetaDataResolver] Attempting to resolve component for org.springframework:spring-webmvc:4.3.9.RELEASE using repositories [MavenRepo]
13:07:24.618 [DEBUG] [org.gradle.api.internal.artifacts.ivyservice.ivyresolve.CachingModuleComponentRepository] Using cached module metadata for module 'org.springframework:spring-webmvc:4.3.9.RELEASE' in 'MavenRepo'
13:07:24.618 [DEBUG] [org.gradle.api.internal.artifacts.ivyservice.ivyresolve.RepositoryChainComponentMetaDataResolver] Using org.springframework:spring-webmvc:4.3.9.RELEASE from Maven repository 'MavenRepo'
13:07:24.618 [DEBUG] [org.gradle.api.internal.artifacts.ivyservice.resolveengine.graph.builder.DependencyGraphBuilder] Visiting configuration org.springframework.boot:spring-boot-starter-data-mongodb:1.5.4.RELEASE(default).
13:07:24.618 [DEBUG] [io.spring.gradle.dependencymanagement.internal.VersionConfiguringAction] Processing dependency 'org.mongodb:mongodb-driver:3.4.2'
13:07:24.618 [DEBUG] [io.spring.gradle.dependencymanagement.internal.DependencyManagementContainer] Found managed version '3.4.2' for dependency 'org.mongodb:mongodb-driver' in global dependency management
13:07:24.618 [DEBUG] [io.spring.gradle.dependencymanagement.internal.VersionConfiguringAction] Using version '3.4.2' for dependency 'org.mongodb:mongodb-driver:3.4.2'
13:07:24.618 [DEBUG] [io.spring.gradle.dependencymanagement.internal.VersionConfiguringAction] Processing dependency 'org.springframework.data:spring-data-mongodb:1.10.4.RELEASE'
13:07:24.618 [DEBUG] [io.spring.gradle.dependencymanagement.internal.DependencyManagementContainer] Found managed version '1.10.4.RELEASE' for dependency 'org.springframework.data:spring-data-mongodb' in global dependency management
13:07:24.618 [DEBUG] [io.spring.gradle.dependencymanagement.internal.VersionConfiguringAction] Using version '1.10.4.RELEASE' for dependency 'org.springframework.data:spring-data-mongodb:1.10.4.RELEASE'
13:07:24.618 [DEBUG] [org.gradle.api.internal.artifacts.ivyservice.ivyresolve.RepositoryChainComponentMetaDataResolver] Attempting to resolve component for org.mongodb:mongodb-driver:3.4.2 using repositories [MavenRepo]
13:07:24.618 [DEBUG] [org.gradle.api.internal.artifacts.ivyservice.ivyresolve.CachingModuleComponentRepository] Using cached module metadata for module 'org.mongodb:mongodb-driver:3.4.2' in 'MavenRepo'
13:07:24.618 [DEBUG] [org.gradle.api.internal.artifacts.ivyservice.ivyresolve.RepositoryChainComponentMetaDataResolver] Using org.mongodb:mongodb-driver:3.4.2 from Maven repository 'MavenRepo'
13:07:24.618 [DEBUG] [org.gradle.api.internal.artifacts.ivyservice.ivyresolve.RepositoryChainComponentMetaDataResolver] Attempting to resolve component for org.springframework.data:spring-data-mongodb:1.10.4.RELEASE using repositories [MavenRepo]
13:07:24.618 [DEBUG] [org.gradle.api.internal.artifacts.ivyservice.ivyresolve.CachingModuleComponentRepository] Using cached module metadata for module 'org.springframework.data:spring-data-mongodb:1.10.4.RELEASE' in 'MavenRepo'
13:07:24.618 [DEBUG] [org.gradle.api.internal.artifacts.ivyservice.ivyresolve.RepositoryChainComponentMetaDataResolver] Using org.springframework.data:spring-data-mongodb:1.10.4.RELEASE from Maven repository 'MavenRepo'
13:07:24.618 [DEBUG] [org.gradle.api.internal.artifacts.ivyservice.resolveengine.graph.builder.DependencyGraphBuilder] Visiting configuration com.github.fakemongo:fongo:2.1.1(default).
13:07:24.619 [DEBUG] [io.spring.gradle.dependencymanagement.internal.VersionConfiguringAction] Processing dependency 'org.mozilla:rhino:1.7.7.1'
13:07:24.619 [DEBUG] [io.spring.gradle.dependencymanagement.internal.VersionConfiguringAction] No dependency management for dependency 'org.mozilla:rhino:1.7.7.1'
13:07:24.619 [DEBUG] [io.spring.gradle.dependencymanagement.internal.VersionConfiguringAction] Processing dependency 'com.vividsolutions:jts:1.13'
13:07:24.619 [DEBUG] [io.spring.gradle.dependencymanagement.internal.VersionConfiguringAction] No dependency management for dependency 'com.vividsolutions:jts:1.13'
13:07:24.619 [DEBUG] [io.spring.gradle.dependencymanagement.internal.VersionConfiguringAction] Processing dependency 'de.grundid.opendatalab:geojson-jackson:1.2'
13:07:24.619 [DEBUG] [io.spring.gradle.dependencymanagement.internal.VersionConfiguringAction] No dependency management for dependency 'de.grundid.opendatalab:geojson-jackson:1.2'
13:07:24.619 [DEBUG] [org.gradle.api.internal.artifacts.ivyservice.ivyresolve.RepositoryChainComponentMetaDataResolver] Attempting to resolve component for org.mozilla:rhino:1.7.7.1 using repositories [MavenRepo]
13:07:24.619 [DEBUG] [org.gradle.api.internal.artifacts.ivyservice.ivyresolve.CachingModuleComponentRepository] Using cached module metadata for module 'org.mozilla:rhino:1.7.7.1' in 'MavenRepo'
13:07:24.619 [DEBUG] [org.gradle.api.internal.artifacts.ivyservice.ivyresolve.RepositoryChainComponentMetaDataResolver] Using org.mozilla:rhino:1.7.7.1 from Maven repository 'MavenRepo'
13:07:24.619 [DEBUG] [org.gradle.api.internal.artifacts.ivyservice.ivyresolve.RepositoryChainComponentMetaDataResolver] Attempting to resolve component for com.vividsolutions:jts:1.13 using repositories [MavenRepo]
13:07:24.619 [DEBUG] [org.gradle.api.internal.artifacts.ivyservice.ivyresolve.CachingModuleComponentRepository] Using cached module metadata for module 'com.vividsolutions:jts:1.13' in 'MavenRepo'
13:07:24.619 [DEBUG] [org.gradle.api.internal.artifacts.ivyservice.ivyresolve.RepositoryChainComponentMetaDataResolver] Using com.vividsolutions:jts:1.13 from Maven repository 'MavenRepo'
13:07:24.619 [DEBUG] [org.gradle.api.internal.artifacts.ivyservice.ivyresolve.RepositoryChainComponentMetaDataResolver] Attempting to resolve component for de.grundid.opendatalab:geojson-jackson:1.2 using repositories [MavenRepo]
13:07:24.619 [DEBUG] [org.gradle.api.internal.artifacts.ivyservice.ivyresolve.CachingModuleComponentRepository] Using cached module metadata for module 'de.grundid.opendatalab:geojson-jackson:1.2' in 'MavenRepo'
13:07:24.619 [DEBUG] [org.gradle.api.internal.artifacts.ivyservice.ivyresolve.RepositoryChainComponentMetaDataResolver] Using de.grundid.opendatalab:geojson-jackson:1.2 from Maven repository 'MavenRepo'
13:07:24.619 [DEBUG] [org.gradle.api.internal.artifacts.ivyservice.resolveengine.graph.builder.DependencyGraphBuilder] Visiting configuration org.springframework.boot:spring-boot-starter:1.5.4.RELEASE(runtime).
13:07:24.619 [DEBUG] [io.spring.gradle.dependencymanagement.internal.VersionConfiguringAction] Processing dependency 'org.springframework.boot:spring-boot:1.5.4.RELEASE'
13:07:24.619 [DEBUG] [io.spring.gradle.dependencymanagement.internal.DependencyManagementContainer] Found managed version '1.5.4.RELEASE' for dependency 'org.springframework.boot:spring-boot' in global dependency management
13:07:24.619 [DEBUG] [io.spring.gradle.dependencymanagement.internal.VersionConfiguringAction] Using version '1.5.4.RELEASE' for dependency 'org.springframework.boot:spring-boot:1.5.4.RELEASE'
13:07:24.619 [DEBUG] [io.spring.gradle.dependencymanagement.internal.VersionConfiguringAction] Processing dependency 'org.springframework.boot:spring-boot-autoconfigure:1.5.4.RELEASE'
13:07:24.619 [DEBUG] [io.spring.gradle.dependencymanagement.internal.DependencyManagementContainer] Found managed version '1.5.4.RELEASE' for dependency 'org.springframework.boot:spring-boot-autoconfigure' in global dependency management
13:07:24.619 [DEBUG] [io.spring.gradle.dependencymanagement.internal.VersionConfiguringAction] Using version '1.5.4.RELEASE' for dependency 'org.springframework.boot:spring-boot-autoconfigure:1.5.4.RELEASE'
13:07:24.620 [DEBUG] [io.spring.gradle.dependencymanagement.internal.VersionConfiguringAction] Processing dependency 'org.springframework.boot:spring-boot-starter-logging:1.5.4.RELEASE'
13:07:24.620 [DEBUG] [io.spring.gradle.dependencymanagement.internal.DependencyManagementContainer] Found managed version '1.5.4.RELEASE' for dependency 'org.springframework.boot:spring-boot-starter-logging' in global dependency management
13:07:24.620 [DEBUG] [io.spring.gradle.dependencymanagement.internal.VersionConfiguringAction] Using version '1.5.4.RELEASE' for dependency 'org.springframework.boot:spring-boot-starter-logging:1.5.4.RELEASE'
13:07:24.620 [DEBUG] [io.spring.gradle.dependencymanagement.internal.VersionConfiguringAction] Processing dependency 'org.springframework:spring-core:4.3.9.RELEASE'
13:07:24.620 [DEBUG] [io.spring.gradle.dependencymanagement.internal.DependencyManagementContainer] Found managed version '4.3.9.RELEASE' for dependency 'org.springframework:spring-core' in global dependency management
13:07:24.620 [DEBUG] [io.spring.gradle.dependencymanagement.internal.VersionConfiguringAction] Using version '4.3.9.RELEASE' for dependency 'org.springframework:spring-core:4.3.9.RELEASE'
13:07:24.620 [DEBUG] [io.spring.gradle.dependencymanagement.internal.VersionConfiguringAction] Processing dependency 'org.yaml:snakeyaml:1.17'
13:07:24.620 [DEBUG] [io.spring.gradle.dependencymanagement.internal.DependencyManagementContainer] Found managed version '1.17' for dependency 'org.yaml:snakeyaml' in global dependency management
13:07:24.620 [DEBUG] [io.spring.gradle.dependencymanagement.internal.VersionConfiguringAction] Using version '1.17' for dependency 'org.yaml:snakeyaml:1.17'
13:07:24.620 [DEBUG] [org.gradle.api.internal.artifacts.ivyservice.ivyresolve.RepositoryChainComponentMetaDataResolver] Attempting to resolve component for org.springframework.boot:spring-boot:1.5.4.RELEASE using repositories [MavenRepo]
13:07:24.620 [DEBUG] [org.gradle.api.internal.artifacts.ivyservice.ivyresolve.CachingModuleComponentRepository] Using cached module metadata for module 'org.springframework.boot:spring-boot:1.5.4.RELEASE' in 'MavenRepo'
13:07:24.620 [DEBUG] [org.gradle.api.internal.artifacts.ivyservice.ivyresolve.RepositoryChainComponentMetaDataResolver] Using org.springframework.boot:spring-boot:1.5.4.RELEASE from Maven repository 'MavenRepo'
13:07:24.620 [DEBUG] [org.gradle.api.internal.artifacts.ivyservice.ivyresolve.RepositoryChainComponentMetaDataResolver] Attempting to resolve component for org.springframework.boot:spring-boot-autoconfigure:1.5.4.RELEASE using repositories [MavenRepo]
13:07:24.620 [DEBUG] [org.gradle.api.internal.artifacts.ivyservice.ivyresolve.CachingModuleComponentRepository] Using cached module metadata for module 'org.springframework.boot:spring-boot-autoconfigure:1.5.4.RELEASE' in 'MavenRepo'
13:07:24.620 [DEBUG] [org.gradle.api.internal.artifacts.ivyservice.ivyresolve.RepositoryChainComponentMetaDataResolver] Using org.springframework.boot:spring-boot-autoconfigure:1.5.4.RELEASE from Maven repository 'MavenRepo'
13:07:24.621 [DEBUG] [org.gradle.api.internal.artifacts.ivyservice.ivyresolve.RepositoryChainComponentMetaDataResolver] Attempting to resolve component for org.springframework.boot:spring-boot-starter-logging:1.5.4.RELEASE using repositories [MavenRepo]
13:07:24.621 [DEBUG] [org.gradle.api.internal.artifacts.ivyservice.ivyresolve.CachingModuleComponentRepository] Using cached module metadata for module 'org.springframework.boot:spring-boot-starter-logging:1.5.4.RELEASE' in 'MavenRepo'
13:07:24.621 [DEBUG] [org.gradle.api.internal.artifacts.ivyservice.ivyresolve.RepositoryChainComponentMetaDataResolver] Using org.springframework.boot:spring-boot-starter-logging:1.5.4.RELEASE from Maven repository 'MavenRepo'
13:07:24.621 [DEBUG] [org.gradle.api.internal.artifacts.ivyservice.ivyresolve.RepositoryChainComponentMetaDataResolver] Attempting to resolve component for org.springframework:spring-core:4.3.9.RELEASE using repositories [MavenRepo]
13:07:24.621 [DEBUG] [org.gradle.api.internal.artifacts.ivyservice.ivyresolve.CachingModuleComponentRepository] Using cached module metadata for module 'org.springframework:spring-core:4.3.9.RELEASE' in 'MavenRepo'
13:07:24.621 [DEBUG] [org.gradle.api.internal.artifacts.ivyservice.ivyresolve.RepositoryChainComponentMetaDataResolver] Using org.springframework:spring-core:4.3.9.RELEASE from Maven repository 'MavenRepo'
13:07:24.621 [DEBUG] [org.gradle.api.internal.artifacts.ivyservice.ivyresolve.RepositoryChainComponentMetaDataResolver] Attempting to resolve component for org.yaml:snakeyaml:1.17 using repositories [MavenRepo]
13:07:24.621 [DEBUG] [org.gradle.api.internal.artifacts.ivyservice.ivyresolve.CachingModuleComponentRepository] Using cached module metadata for module 'org.yaml:snakeyaml:1.17' in 'MavenRepo'
13:07:24.621 [DEBUG] [org.gradle.api.internal.artifacts.ivyservice.ivyresolve.RepositoryChainComponentMetaDataResolver] Using org.yaml:snakeyaml:1.17 from Maven repository 'MavenRepo'
13:07:24.621 [DEBUG] [org.gradle.api.internal.artifacts.ivyservice.resolveengine.graph.builder.DependencyGraphBuilder] Visiting configuration org.springframework.boot:spring-boot-starter-tomcat:1.5.4.RELEASE(runtime).
13:07:24.621 [DEBUG] [io.spring.gradle.dependencymanagement.internal.VersionConfiguringAction] Processing dependency 'org.apache.tomcat.embed:tomcat-embed-core:8.5.15'
13:07:24.621 [DEBUG] [io.spring.gradle.dependencymanagement.internal.DependencyManagementContainer] Found managed version '8.5.15' for dependency 'org.apache.tomcat.embed:tomcat-embed-core' in global dependency management
13:07:24.621 [DEBUG] [io.spring.gradle.dependencymanagement.internal.VersionConfiguringAction] Using version '8.5.15' for dependency 'org.apache.tomcat.embed:tomcat-embed-core:8.5.15'
13:07:24.621 [DEBUG] [io.spring.gradle.dependencymanagement.internal.VersionConfiguringAction] Processing dependency 'org.apache.tomcat.embed:tomcat-embed-el:8.5.15'
13:07:24.621 [DEBUG] [io.spring.gradle.dependencymanagement.internal.DependencyManagementContainer] Found managed version '8.5.15' for dependency 'org.apache.tomcat.embed:tomcat-embed-el' in global dependency management
13:07:24.621 [DEBUG] [io.spring.gradle.dependencymanagement.internal.VersionConfiguringAction] Using version '8.5.15' for dependency 'org.apache.tomcat.embed:tomcat-embed-el:8.5.15'
13:07:24.621 [DEBUG] [io.spring.gradle.dependencymanagement.internal.VersionConfiguringAction] Processing dependency 'org.apache.tomcat.embed:tomcat-embed-websocket:8.5.15'
13:07:24.622 [DEBUG] [io.spring.gradle.dependencymanagement.internal.DependencyManagementContainer] Found managed version '8.5.15' for dependency 'org.apache.tomcat.embed:tomcat-embed-websocket' in global dependency management
13:07:24.622 [DEBUG] [io.spring.gradle.dependencymanagement.internal.VersionConfiguringAction] Using version '8.5.15' for dependency 'org.apache.tomcat.embed:tomcat-embed-websocket:8.5.15'
13:07:24.622 [DEBUG] [org.gradle.api.internal.artifacts.ivyservice.ivyresolve.RepositoryChainComponentMetaDataResolver] Attempting to resolve component for org.apache.tomcat.embed:tomcat-embed-core:8.5.15 using repositories [MavenRepo]
13:07:24.622 [DEBUG] [org.gradle.api.internal.artifacts.ivyservice.ivyresolve.CachingModuleComponentRepository] Using cached module metadata for module 'org.apache.tomcat.embed:tomcat-embed-core:8.5.15' in 'MavenRepo'
13:07:24.622 [DEBUG] [org.gradle.api.internal.artifacts.ivyservice.ivyresolve.RepositoryChainComponentMetaDataResolver] Using org.apache.tomcat.embed:tomcat-embed-core:8.5.15 from Maven repository 'MavenRepo'
13:07:24.622 [DEBUG] [org.gradle.api.internal.artifacts.ivyservice.ivyresolve.RepositoryChainComponentMetaDataResolver] Attempting to resolve component for org.apache.tomcat.embed:tomcat-embed-el:8.5.15 using repositories [MavenRepo]
13:07:24.622 [DEBUG] [org.gradle.api.internal.artifacts.ivyservice.ivyresolve.CachingModuleComponentRepository] Using cached module metadata for module 'org.apache.tomcat.embed:tomcat-embed-el:8.5.15' in 'MavenRepo'
13:07:24.622 [DEBUG] [org.gradle.api.internal.artifacts.ivyservice.ivyresolve.RepositoryChainComponentMetaDataResolver] Using org.apache.tomcat.embed:tomcat-embed-el:8.5.15 from Maven repository 'MavenRepo'
13:07:24.622 [DEBUG] [org.gradle.api.internal.artifacts.ivyservice.ivyresolve.RepositoryChainComponentMetaDataResolver] Attempting to resolve component for org.apache.tomcat.embed:tomcat-embed-websocket:8.5.15 using repositories [MavenRepo]
13:07:24.622 [DEBUG] [org.gradle.api.internal.artifacts.ivyservice.ivyresolve.CachingModuleComponentRepository] Using cached module metadata for module 'org.apache.tomcat.embed:tomcat-embed-websocket:8.5.15' in 'MavenRepo'
13:07:24.622 [DEBUG] [org.gradle.api.internal.artifacts.ivyservice.ivyresolve.RepositoryChainComponentMetaDataResolver] Using org.apache.tomcat.embed:tomcat-embed-websocket:8.5.15 from Maven repository 'MavenRepo'
13:07:24.622 [DEBUG] [org.gradle.api.internal.artifacts.ivyservice.resolveengine.graph.builder.DependencyGraphBuilder] Visiting configuration org.hibernate:hibernate-validator:5.3.5.Final(runtime).
13:07:24.622 [DEBUG] [io.spring.gradle.dependencymanagement.internal.VersionConfiguringAction] Processing dependency 'javax.validation:validation-api:1.1.0.Final'
13:07:24.622 [DEBUG] [io.spring.gradle.dependencymanagement.internal.DependencyManagementContainer] Found managed version '1.1.0.Final' for dependency 'javax.validation:validation-api' in global dependency management
13:07:24.622 [DEBUG] [io.spring.gradle.dependencymanagement.internal.VersionConfiguringAction] Using version '1.1.0.Final' for dependency 'javax.validation:validation-api:1.1.0.Final'
13:07:24.622 [DEBUG] [io.spring.gradle.dependencymanagement.internal.VersionConfiguringAction] Processing dependency 'org.jboss.logging:jboss-logging:3.3.0.Final'
13:07:24.622 [DEBUG] [io.spring.gradle.dependencymanagement.internal.DependencyManagementContainer] Found managed version '3.3.1.Final' for dependency 'org.jboss.logging:jboss-logging' in global dependency management
13:07:24.623 [DEBUG] [io.spring.gradle.dependencymanagement.internal.VersionConfiguringAction] Using version '3.3.1.Final' for dependency 'org.jboss.logging:jboss-logging:3.3.0.Final'
13:07:24.623 [DEBUG] [io.spring.gradle.dependencymanagement.internal.VersionConfiguringAction] Processing dependency 'com.fasterxml:classmate:1.3.1'
13:07:24.623 [DEBUG] [io.spring.gradle.dependencymanagement.internal.DependencyManagementContainer] Found managed version '1.3.3' for dependency 'com.fasterxml:classmate' in global dependency management
13:07:24.623 [DEBUG] [io.spring.gradle.dependencymanagement.internal.VersionConfiguringAction] Using version '1.3.3' for dependency 'com.fasterxml:classmate:1.3.1'
13:07:24.623 [DEBUG] [org.gradle.api.internal.artifacts.ivyservice.ivyresolve.RepositoryChainComponentMetaDataResolver] Attempting to resolve component for javax.validation:validation-api:1.1.0.Final using repositories [MavenRepo]
13:07:24.623 [DEBUG] [org.gradle.api.internal.artifacts.ivyservice.ivyresolve.CachingModuleComponentRepository] Using cached module metadata for module 'javax.validation:validation-api:1.1.0.Final' in 'MavenRepo'
13:07:24.623 [DEBUG] [org.gradle.api.internal.artifacts.ivyservice.ivyresolve.RepositoryChainComponentMetaDataResolver] Using javax.validation:validation-api:1.1.0.Final from Maven repository 'MavenRepo'
13:07:24.623 [DEBUG] [org.gradle.api.internal.artifacts.ivyservice.ivyresolve.RepositoryChainComponentMetaDataResolver] Attempting to resolve component for org.jboss.logging:jboss-logging:3.3.1.Final using repositories [MavenRepo]
13:07:24.623 [DEBUG] [org.gradle.api.internal.artifacts.ivyservice.ivyresolve.CachingModuleComponentRepository] Using cached module metadata for module 'org.jboss.logging:jboss-logging:3.3.1.Final' in 'MavenRepo'
13:07:24.623 [DEBUG] [org.gradle.api.internal.artifacts.ivyservice.ivyresolve.RepositoryChainComponentMetaDataResolver] Using org.jboss.logging:jboss-logging:3.3.1.Final from Maven repository 'MavenRepo'
13:07:24.623 [DEBUG] [org.gradle.api.internal.artifacts.ivyservice.ivyresolve.RepositoryChainComponentMetaDataResolver] Attempting to resolve component for com.fasterxml:classmate:1.3.3 using repositories [MavenRepo]
13:07:24.623 [DEBUG] [org.gradle.api.internal.artifacts.ivyservice.ivyresolve.CachingModuleComponentRepository] Using cached module metadata for module 'com.fasterxml:classmate:1.3.3' in 'MavenRepo'
13:07:24.623 [DEBUG] [org.gradle.api.internal.artifacts.ivyservice.ivyresolve.RepositoryChainComponentMetaDataResolver] Using com.fasterxml:classmate:1.3.3 from Maven repository 'MavenRepo'
13:07:24.623 [DEBUG] [org.gradle.api.internal.artifacts.ivyservice.resolveengine.graph.builder.DependencyGraphBuilder] Visiting configuration com.fasterxml.jackson.core:jackson-databind:2.8.8(runtime).
13:07:24.623 [DEBUG] [io.spring.gradle.dependencymanagement.internal.VersionConfiguringAction] Processing dependency 'com.fasterxml.jackson.core:jackson-annotations:2.8.0'
13:07:24.623 [DEBUG] [io.spring.gradle.dependencymanagement.internal.DependencyManagementContainer] Found managed version '2.8.0' for dependency 'com.fasterxml.jackson.core:jackson-annotations' in global dependency management
13:07:24.623 [DEBUG] [io.spring.gradle.dependencymanagement.internal.VersionConfiguringAction] Using version '2.8.0' for dependency 'com.fasterxml.jackson.core:jackson-annotations:2.8.0'
13:07:24.624 [DEBUG] [io.spring.gradle.dependencymanagement.internal.VersionConfiguringAction] Processing dependency 'com.fasterxml.jackson.core:jackson-core:2.8.8'
13:07:24.624 [DEBUG] [io.spring.gradle.dependencymanagement.internal.DependencyManagementContainer] Found managed version '2.8.8' for dependency 'com.fasterxml.jackson.core:jackson-core' in global dependency management
13:07:24.624 [DEBUG] [io.spring.gradle.dependencymanagement.internal.VersionConfiguringAction] Using version '2.8.8' for dependency 'com.fasterxml.jackson.core:jackson-core:2.8.8'
13:07:24.624 [DEBUG] [org.gradle.api.internal.artifacts.ivyservice.ivyresolve.RepositoryChainComponentMetaDataResolver] Attempting to resolve component for com.fasterxml.jackson.core:jackson-annotations:2.8.0 using repositories [MavenRepo]
13:07:24.624 [DEBUG] [org.gradle.api.internal.artifacts.ivyservice.ivyresolve.CachingModuleComponentRepository] Using cached module metadata for module 'com.fasterxml.jackson.core:jackson-annotations:2.8.0' in 'MavenRepo'
13:07:24.624 [DEBUG] [org.gradle.api.internal.artifacts.ivyservice.ivyresolve.RepositoryChainComponentMetaDataResolver] Using com.fasterxml.jackson.core:jackson-annotations:2.8.0 from Maven repository 'MavenRepo'
13:07:24.624 [DEBUG] [org.gradle.api.internal.artifacts.ivyservice.ivyresolve.RepositoryChainComponentMetaDataResolver] Attempting to resolve component for com.fasterxml.jackson.core:jackson-core:2.8.8 using repositories [MavenRepo]
13:07:24.624 [DEBUG] [org.gradle.api.internal.artifacts.ivyservice.ivyresolve.CachingModuleComponentRepository] Using cached module metadata for module 'com.fasterxml.jackson.core:jackson-core:2.8.8' in 'MavenRepo'
13:07:24.624 [DEBUG] [org.gradle.api.internal.artifacts.ivyservice.ivyresolve.RepositoryChainComponentMetaDataResolver] Using com.fasterxml.jackson.core:jackson-core:2.8.8 from Maven repository 'MavenRepo'
13:07:24.624 [DEBUG] [org.gradle.api.internal.artifacts.ivyservice.resolveengine.graph.builder.DependencyGraphBuilder] Visiting configuration org.springframework:spring-web:4.3.9.RELEASE(runtime).
13:07:24.624 [DEBUG] [io.spring.gradle.dependencymanagement.internal.VersionConfiguringAction] Processing dependency 'org.springframework:spring-aop:4.3.9.RELEASE'
13:07:24.624 [DEBUG] [io.spring.gradle.dependencymanagement.internal.DependencyManagementContainer] Found managed version '4.3.9.RELEASE' for dependency 'org.springframework:spring-aop' in global dependency management
13:07:24.624 [DEBUG] [io.spring.gradle.dependencymanagement.internal.VersionConfiguringAction] Using version '4.3.9.RELEASE' for dependency 'org.springframework:spring-aop:4.3.9.RELEASE'
13:07:24.624 [DEBUG] [io.spring.gradle.dependencymanagement.internal.VersionConfiguringAction] Processing dependency 'org.springframework:spring-beans:4.3.9.RELEASE'
13:07:24.624 [DEBUG] [io.spring.gradle.dependencymanagement.internal.DependencyManagementContainer] Found managed version '4.3.9.RELEASE' for dependency 'org.springframework:spring-beans' in global dependency management
13:07:24.624 [DEBUG] [io.spring.gradle.dependencymanagement.internal.VersionConfiguringAction] Using version '4.3.9.RELEASE' for dependency 'org.springframework:spring-beans:4.3.9.RELEASE'
13:07:24.624 [DEBUG] [io.spring.gradle.dependencymanagement.internal.VersionConfiguringAction] Processing dependency 'org.springframework:spring-context:4.3.9.RELEASE'
13:07:24.624 [DEBUG] [io.spring.gradle.dependencymanagement.internal.DependencyManagementContainer] Found managed version '4.3.9.RELEASE' for dependency 'org.springframework:spring-context' in global dependency management
13:07:24.625 [DEBUG] [io.spring.gradle.dependencymanagement.internal.VersionConfiguringAction] Using version '4.3.9.RELEASE' for dependency 'org.springframework:spring-context:4.3.9.RELEASE'
13:07:24.625 [DEBUG] [org.gradle.api.internal.artifacts.ivyservice.ivyresolve.RepositoryChainComponentMetaDataResolver] Attempting to resolve component for org.springframework:spring-aop:4.3.9.RELEASE using repositories [MavenRepo]
13:07:24.625 [DEBUG] [org.gradle.api.internal.artifacts.ivyservice.ivyresolve.CachingModuleComponentRepository] Using cached module metadata for module 'org.springframework:spring-aop:4.3.9.RELEASE' in 'MavenRepo'
13:07:24.625 [DEBUG] [org.gradle.api.internal.artifacts.ivyservice.ivyresolve.RepositoryChainComponentMetaDataResolver] Using org.springframework:spring-aop:4.3.9.RELEASE from Maven repository 'MavenRepo'
13:07:24.625 [DEBUG] [org.gradle.api.internal.artifacts.ivyservice.ivyresolve.RepositoryChainComponentMetaDataResolver] Attempting to resolve component for org.springframework:spring-beans:4.3.9.RELEASE using repositories [MavenRepo]
13:07:24.625 [DEBUG] [org.gradle.api.internal.artifacts.ivyservice.ivyresolve.CachingModuleComponentRepository] Using cached module metadata for module 'org.springframework:spring-beans:4.3.9.RELEASE' in 'MavenRepo'
13:07:24.625 [DEBUG] [org.gradle.api.internal.artifacts.ivyservice.ivyresolve.RepositoryChainComponentMetaDataResolver] Using org.springframework:spring-beans:4.3.9.RELEASE from Maven repository 'MavenRepo'
13:07:24.625 [DEBUG] [org.gradle.api.internal.artifacts.ivyservice.ivyresolve.RepositoryChainComponentMetaDataResolver] Attempting to resolve component for org.springframework:spring-context:4.3.9.RELEASE using repositories [MavenRepo]
13:07:24.625 [DEBUG] [org.gradle.api.internal.artifacts.ivyservice.ivyresolve.CachingModuleComponentRepository] Using cached module metadata for module 'org.springframework:spring-context:4.3.9.RELEASE' in 'MavenRepo'
13:07:24.625 [DEBUG] [org.gradle.api.internal.artifacts.ivyservice.ivyresolve.RepositoryChainComponentMetaDataResolver] Using org.springframework:spring-context:4.3.9.RELEASE from Maven repository 'MavenRepo'
13:07:24.625 [DEBUG] [org.gradle.api.internal.artifacts.ivyservice.resolveengine.graph.builder.DependencyGraphBuilder] Visiting configuration org.springframework:spring-webmvc:4.3.9.RELEASE(runtime).
13:07:24.625 [DEBUG] [io.spring.gradle.dependencymanagement.internal.VersionConfiguringAction] Processing dependency 'org.springframework:spring-expression:4.3.9.RELEASE'
13:07:24.625 [DEBUG] [io.spring.gradle.dependencymanagement.internal.DependencyManagementContainer] Found managed version '4.3.9.RELEASE' for dependency 'org.springframework:spring-expression' in global dependency management
13:07:24.625 [DEBUG] [io.spring.gradle.dependencymanagement.internal.VersionConfiguringAction] Using version '4.3.9.RELEASE' for dependency 'org.springframework:spring-expression:4.3.9.RELEASE'
13:07:24.625 [DEBUG] [org.gradle.api.internal.artifacts.ivyservice.ivyresolve.RepositoryChainComponentMetaDataResolver] Attempting to resolve component for org.springframework:spring-expression:4.3.9.RELEASE using repositories [MavenRepo]
13:07:24.625 [DEBUG] [org.gradle.api.internal.artifacts.ivyservice.ivyresolve.CachingModuleComponentRepository] Using cached module metadata for module 'org.springframework:spring-expression:4.3.9.RELEASE' in 'MavenRepo'
13:07:24.626 [DEBUG] [org.gradle.api.internal.artifacts.ivyservice.ivyresolve.RepositoryChainComponentMetaDataResolver] Using org.springframework:spring-expression:4.3.9.RELEASE from Maven repository 'MavenRepo'
13:07:24.626 [DEBUG] [org.gradle.api.internal.artifacts.ivyservice.resolveengine.graph.builder.DependencyGraphBuilder] Visiting configuration org.mongodb:mongodb-driver:3.4.2(runtime).
13:07:24.626 [DEBUG] [io.spring.gradle.dependencymanagement.internal.VersionConfiguringAction] Processing dependency 'org.mongodb:bson:3.4.2'
13:07:24.626 [DEBUG] [io.spring.gradle.dependencymanagement.internal.VersionConfiguringAction] No dependency management for dependency 'org.mongodb:bson:3.4.2'
13:07:24.626 [DEBUG] [io.spring.gradle.dependencymanagement.internal.VersionConfiguringAction] Processing dependency 'org.mongodb:mongodb-driver-core:3.4.2'
13:07:24.626 [DEBUG] [io.spring.gradle.dependencymanagement.internal.VersionConfiguringAction] No dependency management for dependency 'org.mongodb:mongodb-driver-core:3.4.2'
13:07:24.626 [DEBUG] [org.gradle.api.internal.artifacts.ivyservice.ivyresolve.RepositoryChainComponentMetaDataResolver] Attempting to resolve component for org.mongodb:bson:3.4.2 using repositories [MavenRepo]
13:07:24.626 [DEBUG] [org.gradle.api.internal.artifacts.ivyservice.ivyresolve.CachingModuleComponentRepository] Using cached module metadata for module 'org.mongodb:bson:3.4.2' in 'MavenRepo'
13:07:24.626 [DEBUG] [org.gradle.api.internal.artifacts.ivyservice.ivyresolve.RepositoryChainComponentMetaDataResolver] Using org.mongodb:bson:3.4.2 from Maven repository 'MavenRepo'
13:07:24.626 [DEBUG] [org.gradle.api.internal.artifacts.ivyservice.ivyresolve.RepositoryChainComponentMetaDataResolver] Attempting to resolve component for org.mongodb:mongodb-driver-core:3.4.2 using repositories [MavenRepo]
13:07:24.626 [DEBUG] [org.gradle.api.internal.artifacts.ivyservice.ivyresolve.CachingModuleComponentRepository] Using cached module metadata for module 'org.mongodb:mongodb-driver-core:3.4.2' in 'MavenRepo'
13:07:24.626 [DEBUG] [org.gradle.api.internal.artifacts.ivyservice.ivyresolve.RepositoryChainComponentMetaDataResolver] Using org.mongodb:mongodb-driver-core:3.4.2 from Maven repository 'MavenRepo'
13:07:24.626 [DEBUG] [org.gradle.api.internal.artifacts.ivyservice.resolveengine.graph.builder.DependencyGraphBuilder] Visiting configuration org.springframework.data:spring-data-mongodb:1.10.4.RELEASE(runtime).
13:07:24.626 [DEBUG] [io.spring.gradle.dependencymanagement.internal.VersionConfiguringAction] Processing dependency 'org.springframework:spring-tx:4.3.9.RELEASE'
13:07:24.626 [DEBUG] [io.spring.gradle.dependencymanagement.internal.DependencyManagementContainer] Found managed version '4.3.9.RELEASE' for dependency 'org.springframework:spring-tx' in global dependency management
13:07:24.626 [DEBUG] [io.spring.gradle.dependencymanagement.internal.VersionConfiguringAction] Using version '4.3.9.RELEASE' for dependency 'org.springframework:spring-tx:4.3.9.RELEASE'
13:07:24.626 [DEBUG] [io.spring.gradle.dependencymanagement.internal.VersionConfiguringAction] Processing dependency 'org.springframework.data:spring-data-commons:1.13.4.RELEASE'
13:07:24.626 [DEBUG] [io.spring.gradle.dependencymanagement.internal.DependencyManagementContainer] Found managed version '1.13.4.RELEASE' for dependency 'org.springframework.data:spring-data-commons' in global dependency management
13:07:24.626 [DEBUG] [io.spring.gradle.dependencymanagement.internal.VersionConfiguringAction] Using version '1.13.4.RELEASE' for dependency 'org.springframework.data:spring-data-commons:1.13.4.RELEASE'
13:07:24.626 [DEBUG] [org.gradle.api.internal.artifacts.ivyservice.resolveengine.graph.builder.DependencyGraphBuilder] org.mongodb:mongo-java-driver is excluded from org.springframework.data:spring-data-mongodb:1.10.4.RELEASE(runtime).
13:07:24.626 [DEBUG] [io.spring.gradle.dependencymanagement.internal.VersionConfiguringAction] Processing dependency 'org.slf4j:slf4j-api:1.7.25'
13:07:24.627 [DEBUG] [io.spring.gradle.dependencymanagement.internal.DependencyManagementContainer] Found managed version '1.7.25' for dependency 'org.slf4j:slf4j-api' in global dependency management
13:07:24.627 [DEBUG] [io.spring.gradle.dependencymanagement.internal.VersionConfiguringAction] Using version '1.7.25' for dependency 'org.slf4j:slf4j-api:1.7.25'
13:07:24.627 [DEBUG] [io.spring.gradle.dependencymanagement.internal.VersionConfiguringAction] Processing dependency 'org.slf4j:jcl-over-slf4j:1.7.25'
13:07:24.627 [DEBUG] [io.spring.gradle.dependencymanagement.internal.DependencyManagementContainer] Found managed version '1.7.25' for dependency 'org.slf4j:jcl-over-slf4j' in global dependency management
13:07:24.627 [DEBUG] [io.spring.gradle.dependencymanagement.internal.VersionConfiguringAction] Using version '1.7.25' for dependency 'org.slf4j:jcl-over-slf4j:1.7.25'
13:07:24.627 [DEBUG] [org.gradle.api.internal.artifacts.ivyservice.ivyresolve.RepositoryChainComponentMetaDataResolver] Attempting to resolve component for org.springframework:spring-tx:4.3.9.RELEASE using repositories [MavenRepo]
13:07:24.627 [DEBUG] [org.gradle.api.internal.artifacts.ivyservice.ivyresolve.CachingModuleComponentRepository] Using cached module metadata for module 'org.springframework:spring-tx:4.3.9.RELEASE' in 'MavenRepo'
13:07:24.627 [DEBUG] [org.gradle.api.internal.artifacts.ivyservice.ivyresolve.RepositoryChainComponentMetaDataResolver] Using org.springframework:spring-tx:4.3.9.RELEASE from Maven repository 'MavenRepo'
13:07:24.627 [DEBUG] [org.gradle.api.internal.artifacts.ivyservice.ivyresolve.RepositoryChainComponentMetaDataResolver] Attempting to resolve component for org.springframework.data:spring-data-commons:1.13.4.RELEASE using repositories [MavenRepo]
13:07:24.627 [DEBUG] [org.gradle.api.internal.artifacts.ivyservice.ivyresolve.CachingModuleComponentRepository] Using cached module metadata for module 'org.springframework.data:spring-data-commons:1.13.4.RELEASE' in 'MavenRepo'
13:07:24.627 [DEBUG] [org.gradle.api.internal.artifacts.ivyservice.ivyresolve.RepositoryChainComponentMetaDataResolver] Using org.springframework.data:spring-data-commons:1.13.4.RELEASE from Maven repository 'MavenRepo'
13:07:24.627 [DEBUG] [org.gradle.api.internal.artifacts.ivyservice.ivyresolve.RepositoryChainComponentMetaDataResolver] Attempting to resolve component for org.slf4j:slf4j-api:1.7.25 using repositories [MavenRepo]
13:07:24.627 [DEBUG] [org.gradle.api.internal.artifacts.ivyservice.ivyresolve.CachingModuleComponentRepository] Using cached module metadata for module 'org.slf4j:slf4j-api:1.7.25' in 'MavenRepo'
13:07:24.627 [DEBUG] [org.gradle.api.internal.artifacts.ivyservice.ivyresolve.RepositoryChainComponentMetaDataResolver] Using org.slf4j:slf4j-api:1.7.25 from Maven repository 'MavenRepo'
13:07:24.627 [DEBUG] [org.gradle.api.internal.artifacts.ivyservice.ivyresolve.RepositoryChainComponentMetaDataResolver] Attempting to resolve component for org.slf4j:jcl-over-slf4j:1.7.25 using repositories [MavenRepo]
13:07:24.627 [DEBUG] [org.gradle.api.internal.artifacts.ivyservice.ivyresolve.CachingModuleComponentRepository] Using cached module metadata for module 'org.slf4j:jcl-over-slf4j:1.7.25' in 'MavenRepo'
13:07:24.627 [DEBUG] [org.gradle.api.internal.artifacts.ivyservice.ivyresolve.RepositoryChainComponentMetaDataResolver] Using org.slf4j:jcl-over-slf4j:1.7.25 from Maven repository 'MavenRepo'
13:07:24.627 [DEBUG] [org.gradle.api.internal.artifacts.ivyservice.resolveengine.graph.builder.DependencyGraphBuilder] Visiting configuration org.mozilla:rhino:1.7.7.1(runtime).
13:07:24.627 [DEBUG] [org.gradle.api.internal.artifacts.ivyservice.resolveengine.graph.builder.DependencyGraphBuilder] Visiting configuration com.vividsolutions:jts:1.13(runtime).
13:07:24.627 [DEBUG] [org.gradle.api.internal.artifacts.ivyservice.resolveengine.graph.builder.DependencyGraphBuilder] Visiting configuration de.grundid.opendatalab:geojson-jackson:1.2(runtime).
13:07:24.627 [DEBUG] [io.spring.gradle.dependencymanagement.internal.VersionConfiguringAction] Processing dependency 'com.fasterxml.jackson.core:jackson-core:2.2.2'
13:07:24.627 [DEBUG] [io.spring.gradle.dependencymanagement.internal.DependencyManagementContainer] Found managed version '2.8.8' for dependency 'com.fasterxml.jackson.core:jackson-core' in global dependency management
13:07:24.627 [DEBUG] [io.spring.gradle.dependencymanagement.internal.VersionConfiguringAction] Using version '2.8.8' for dependency 'com.fasterxml.jackson.core:jackson-core:2.2.2'
13:07:24.627 [DEBUG] [io.spring.gradle.dependencymanagement.internal.VersionConfiguringAction] Processing dependency 'com.fasterxml.jackson.core:jackson-databind:2.2.2'
13:07:24.627 [DEBUG] [io.spring.gradle.dependencymanagement.internal.DependencyManagementContainer] Found managed version '2.8.8' for dependency 'com.fasterxml.jackson.core:jackson-databind' in global dependency management
13:07:24.627 [DEBUG] [io.spring.gradle.dependencymanagement.internal.VersionConfiguringAction] Using version '2.8.8' for dependency 'com.fasterxml.jackson.core:jackson-databind:2.2.2'
13:07:24.628 [DEBUG] [org.gradle.api.internal.artifacts.ivyservice.resolveengine.graph.builder.DependencyGraphBuilder] Visiting configuration org.springframework.boot:spring-boot:1.5.4.RELEASE(runtime).
13:07:24.628 [DEBUG] [org.gradle.api.internal.artifacts.ivyservice.resolveengine.graph.builder.DependencyGraphBuilder] Visiting configuration org.springframework.boot:spring-boot-autoconfigure:1.5.4.RELEASE(runtime).
13:07:24.628 [DEBUG] [org.gradle.api.internal.artifacts.ivyservice.resolveengine.graph.builder.DependencyGraphBuilder] Visiting configuration org.springframework.boot:spring-boot-starter-logging:1.5.4.RELEASE(runtime).
13:07:24.628 [DEBUG] [io.spring.gradle.dependencymanagement.internal.VersionConfiguringAction] Processing dependency 'ch.qos.logback:logback-classic:1.1.11'
13:07:24.628 [DEBUG] [io.spring.gradle.dependencymanagement.internal.DependencyManagementContainer] Found managed version '1.1.11' for dependency 'ch.qos.logback:logback-classic' in global dependency management
13:07:24.628 [DEBUG] [io.spring.gradle.dependencymanagement.internal.VersionConfiguringAction] Using version '1.1.11' for dependency 'ch.qos.logback:logback-classic:1.1.11'
13:07:24.628 [DEBUG] [io.spring.gradle.dependencymanagement.internal.VersionConfiguringAction] Processing dependency 'org.slf4j:jul-to-slf4j:1.7.25'
13:07:24.628 [DEBUG] [io.spring.gradle.dependencymanagement.internal.DependencyManagementContainer] Found managed version '1.7.25' for dependency 'org.slf4j:jul-to-slf4j' in global dependency management
13:07:24.628 [DEBUG] [io.spring.gradle.dependencymanagement.internal.VersionConfiguringAction] Using version '1.7.25' for dependency 'org.slf4j:jul-to-slf4j:1.7.25'
13:07:24.628 [DEBUG] [io.spring.gradle.dependencymanagement.internal.VersionConfiguringAction] Processing dependency 'org.slf4j:log4j-over-slf4j:1.7.25'
13:07:24.628 [DEBUG] [io.spring.gradle.dependencymanagement.internal.DependencyManagementContainer] Found managed version '1.7.25' for dependency 'org.slf4j:log4j-over-slf4j' in global dependency management
13:07:24.628 [DEBUG] [io.spring.gradle.dependencymanagement.internal.VersionConfiguringAction] Using version '1.7.25' for dependency 'org.slf4j:log4j-over-slf4j:1.7.25'
13:07:24.628 [DEBUG] [org.gradle.api.internal.artifacts.ivyservice.ivyresolve.RepositoryChainComponentMetaDataResolver] Attempting to resolve component for ch.qos.logback:logback-classic:1.1.11 using repositories [MavenRepo]
13:07:24.628 [DEBUG] [org.gradle.api.internal.artifacts.ivyservice.ivyresolve.CachingModuleComponentRepository] Using cached module metadata for module 'ch.qos.logback:logback-classic:1.1.11' in 'MavenRepo'
13:07:24.628 [DEBUG] [org.gradle.api.internal.artifacts.ivyservice.ivyresolve.RepositoryChainComponentMetaDataResolver] Using ch.qos.logback:logback-classic:1.1.11 from Maven repository 'MavenRepo'
13:07:24.628 [DEBUG] [org.gradle.api.internal.artifacts.ivyservice.ivyresolve.RepositoryChainComponentMetaDataResolver] Attempting to resolve component for org.slf4j:jul-to-slf4j:1.7.25 using repositories [MavenRepo]
13:07:24.628 [DEBUG] [org.gradle.api.internal.artifacts.ivyservice.ivyresolve.CachingModuleComponentRepository] Using cached module metadata for module 'org.slf4j:jul-to-slf4j:1.7.25' in 'MavenRepo'
13:07:24.628 [DEBUG] [org.gradle.api.internal.artifacts.ivyservice.ivyresolve.RepositoryChainComponentMetaDataResolver] Using org.slf4j:jul-to-slf4j:1.7.25 from Maven repository 'MavenRepo'
13:07:24.628 [DEBUG] [org.gradle.api.internal.artifacts.ivyservice.ivyresolve.RepositoryChainComponentMetaDataResolver] Attempting to resolve component for org.slf4j:log4j-over-slf4j:1.7.25 using repositories [MavenRepo]
13:07:24.628 [DEBUG] [org.gradle.api.internal.artifacts.ivyservice.ivyresolve.CachingModuleComponentRepository] Using cached module metadata for module 'org.slf4j:log4j-over-slf4j:1.7.25' in 'MavenRepo'
13:07:24.628 [DEBUG] [org.gradle.api.internal.artifacts.ivyservice.ivyresolve.RepositoryChainComponentMetaDataResolver] Using org.slf4j:log4j-over-slf4j:1.7.25 from Maven repository 'MavenRepo'
13:07:24.628 [DEBUG] [org.gradle.api.internal.artifacts.ivyservice.resolveengine.graph.builder.DependencyGraphBuilder] Visiting configuration org.springframework:spring-core:4.3.9.RELEASE(runtime).
13:07:24.628 [DEBUG] [org.gradle.api.internal.artifacts.ivyservice.resolveengine.graph.builder.DependencyGraphBuilder] commons-logging:commons-logging is excluded from org.springframework:spring-core:4.3.9.RELEASE(runtime).
13:07:24.628 [DEBUG] [org.gradle.api.internal.artifacts.ivyservice.resolveengine.graph.builder.DependencyGraphBuilder] Visiting configuration org.yaml:snakeyaml:1.17(runtime).
13:07:24.628 [DEBUG] [org.gradle.api.internal.artifacts.ivyservice.resolveengine.graph.builder.DependencyGraphBuilder] Visiting configuration org.apache.tomcat.embed:tomcat-embed-core:8.5.15(runtime).
13:07:24.629 [DEBUG] [org.gradle.api.internal.artifacts.ivyservice.resolveengine.graph.builder.DependencyGraphBuilder] Visiting configuration org.apache.tomcat.embed:tomcat-embed-el:8.5.15(runtime).
13:07:24.629 [DEBUG] [org.gradle.api.internal.artifacts.ivyservice.resolveengine.graph.builder.DependencyGraphBuilder] Visiting configuration org.apache.tomcat.embed:tomcat-embed-websocket:8.5.15(runtime).
13:07:24.629 [DEBUG] [org.gradle.api.internal.artifacts.ivyservice.resolveengine.graph.builder.DependencyGraphBuilder] Visiting configuration javax.validation:validation-api:1.1.0.Final(runtime).
13:07:24.629 [DEBUG] [org.gradle.api.internal.artifacts.ivyservice.resolveengine.graph.builder.DependencyGraphBuilder] Visiting configuration org.jboss.logging:jboss-logging:3.3.1.Final(runtime).
13:07:24.629 [DEBUG] [org.gradle.api.internal.artifacts.ivyservice.resolveengine.graph.builder.DependencyGraphBuilder] Visiting configuration com.fasterxml:classmate:1.3.3(runtime).
13:07:24.629 [DEBUG] [org.gradle.api.internal.artifacts.ivyservice.resolveengine.graph.builder.DependencyGraphBuilder] Visiting configuration com.fasterxml.jackson.core:jackson-annotations:2.8.0(runtime).
13:07:24.629 [DEBUG] [org.gradle.api.internal.artifacts.ivyservice.resolveengine.graph.builder.DependencyGraphBuilder] Visiting configuration com.fasterxml.jackson.core:jackson-core:2.8.8(runtime).
13:07:24.629 [DEBUG] [org.gradle.api.internal.artifacts.ivyservice.resolveengine.graph.builder.DependencyGraphBuilder] Visiting configuration org.springframework:spring-aop:4.3.9.RELEASE(runtime).
13:07:24.629 [DEBUG] [org.gradle.api.internal.artifacts.ivyservice.resolveengine.graph.builder.DependencyGraphBuilder] Visiting configuration org.springframework:spring-beans:4.3.9.RELEASE(runtime).
13:07:24.629 [DEBUG] [org.gradle.api.internal.artifacts.ivyservice.resolveengine.graph.builder.DependencyGraphBuilder] Visiting configuration org.springframework:spring-context:4.3.9.RELEASE(runtime).
13:07:24.629 [DEBUG] [org.gradle.api.internal.artifacts.ivyservice.resolveengine.graph.builder.DependencyGraphBuilder] Visiting configuration org.springframework:spring-expression:4.3.9.RELEASE(runtime).
13:07:24.629 [DEBUG] [org.gradle.api.internal.artifacts.ivyservice.resolveengine.graph.builder.DependencyGraphBuilder] Visiting configuration org.springframework:spring-web:4.3.9.RELEASE(runtime).
13:07:24.629 [DEBUG] [org.gradle.api.internal.artifacts.ivyservice.resolveengine.graph.builder.DependencyGraphBuilder] Changed edges for org.springframework:spring-web:4.3.9.RELEASE(runtime) selects same versions as previous traversal. ignoring
13:07:24.629 [DEBUG] [org.gradle.api.internal.artifacts.ivyservice.resolveengine.graph.builder.DependencyGraphBuilder] Visiting configuration org.mongodb:bson:3.4.2(runtime).
13:07:24.629 [DEBUG] [org.gradle.api.internal.artifacts.ivyservice.resolveengine.graph.builder.DependencyGraphBuilder] Visiting configuration org.mongodb:mongodb-driver-core:3.4.2(runtime).
13:07:24.629 [DEBUG] [org.gradle.api.internal.artifacts.ivyservice.resolveengine.graph.builder.DependencyGraphBuilder] Visiting configuration org.springframework:spring-tx:4.3.9.RELEASE(runtime).
13:07:24.629 [DEBUG] [org.gradle.api.internal.artifacts.ivyservice.resolveengine.graph.builder.DependencyGraphBuilder] Visiting configuration org.springframework.data:spring-data-commons:1.13.4.RELEASE(runtime).
13:07:24.629 [DEBUG] [org.gradle.api.internal.artifacts.ivyservice.resolveengine.graph.builder.DependencyGraphBuilder] Visiting configuration org.slf4j:slf4j-api:1.7.25(runtime).
13:07:24.629 [DEBUG] [org.gradle.api.internal.artifacts.ivyservice.resolveengine.graph.builder.DependencyGraphBuilder] Visiting configuration org.slf4j:jcl-over-slf4j:1.7.25(runtime).
13:07:24.629 [DEBUG] [org.gradle.api.internal.artifacts.ivyservice.resolveengine.graph.builder.DependencyGraphBuilder] Visiting configuration com.fasterxml.jackson.core:jackson-databind:2.8.8(runtime).
13:07:24.629 [DEBUG] [org.gradle.api.internal.artifacts.ivyservice.resolveengine.graph.builder.DependencyGraphBuilder] Changed edges for com.fasterxml.jackson.core:jackson-databind:2.8.8(runtime) selects same versions as previous traversal. ignoring
13:07:24.629 [DEBUG] [org.gradle.api.internal.artifacts.ivyservice.resolveengine.graph.builder.DependencyGraphBuilder] Visiting configuration org.springframework.boot:spring-boot:1.5.4.RELEASE(runtime).
13:07:24.629 [DEBUG] [org.gradle.api.internal.artifacts.ivyservice.resolveengine.graph.builder.DependencyGraphBuilder] Changed edges for org.springframework.boot:spring-boot:1.5.4.RELEASE(runtime) selects same versions as previous traversal. ignoring
13:07:24.629 [DEBUG] [org.gradle.api.internal.artifacts.ivyservice.resolveengine.graph.builder.DependencyGraphBuilder] Visiting configuration ch.qos.logback:logback-classic:1.1.11(runtime).
13:07:24.630 [DEBUG] [io.spring.gradle.dependencymanagement.internal.VersionConfiguringAction] Processing dependency 'ch.qos.logback:logback-core:1.1.11'
13:07:24.630 [DEBUG] [io.spring.gradle.dependencymanagement.internal.DependencyManagementContainer] Found managed version '1.1.11' for dependency 'ch.qos.logback:logback-core' in global dependency management
13:07:24.630 [DEBUG] [io.spring.gradle.dependencymanagement.internal.VersionConfiguringAction] Using version '1.1.11' for dependency 'ch.qos.logback:logback-core:1.1.11'
13:07:24.630 [DEBUG] [io.spring.gradle.dependencymanagement.internal.VersionConfiguringAction] Processing dependency 'org.slf4j:slf4j-api:1.7.22'
13:07:24.630 [DEBUG] [io.spring.gradle.dependencymanagement.internal.DependencyManagementContainer] Found managed version '1.7.25' for dependency 'org.slf4j:slf4j-api' in global dependency management
13:07:24.630 [DEBUG] [io.spring.gradle.dependencymanagement.internal.VersionConfiguringAction] Using version '1.7.25' for dependency 'org.slf4j:slf4j-api:1.7.22'
13:07:24.630 [DEBUG] [org.gradle.api.internal.artifacts.ivyservice.ivyresolve.RepositoryChainComponentMetaDataResolver] Attempting to resolve component for ch.qos.logback:logback-core:1.1.11 using repositories [MavenRepo]
13:07:24.630 [DEBUG] [org.gradle.api.internal.artifacts.ivyservice.ivyresolve.CachingModuleComponentRepository] Using cached module metadata for module 'ch.qos.logback:logback-core:1.1.11' in 'MavenRepo'
13:07:24.630 [DEBUG] [org.gradle.api.internal.artifacts.ivyservice.ivyresolve.RepositoryChainComponentMetaDataResolver] Using ch.qos.logback:logback-core:1.1.11 from Maven repository 'MavenRepo'
13:07:24.630 [DEBUG] [org.gradle.api.internal.artifacts.ivyservice.resolveengine.graph.builder.DependencyGraphBuilder] Visiting configuration org.slf4j:jul-to-slf4j:1.7.25(runtime).
13:07:24.630 [DEBUG] [org.gradle.api.internal.artifacts.ivyservice.resolveengine.graph.builder.DependencyGraphBuilder] Visiting configuration org.slf4j:log4j-over-slf4j:1.7.25(runtime).
13:07:24.630 [DEBUG] [org.gradle.api.internal.artifacts.ivyservice.resolveengine.graph.builder.DependencyGraphBuilder] Visiting configuration org.apache.tomcat.embed:tomcat-embed-core:8.5.15(runtime).
13:07:24.630 [DEBUG] [org.gradle.api.internal.artifacts.ivyservice.resolveengine.graph.builder.DependencyGraphBuilder] Changed edges for org.apache.tomcat.embed:tomcat-embed-core:8.5.15(runtime) selects same versions as previous traversal. ignoring
13:07:24.630 [DEBUG] [org.gradle.api.internal.artifacts.ivyservice.resolveengine.graph.builder.DependencyGraphBuilder] Visiting configuration org.springframework:spring-core:4.3.9.RELEASE(runtime).
13:07:24.630 [DEBUG] [org.gradle.api.internal.artifacts.ivyservice.resolveengine.graph.builder.DependencyGraphBuilder] Changed edges for org.springframework:spring-core:4.3.9.RELEASE(runtime) selects same versions as previous traversal. ignoring
13:07:24.630 [DEBUG] [org.gradle.api.internal.artifacts.ivyservice.resolveengine.graph.builder.DependencyGraphBuilder] Visiting configuration org.springframework:spring-aop:4.3.9.RELEASE(runtime).
13:07:24.630 [DEBUG] [org.gradle.api.internal.artifacts.ivyservice.resolveengine.graph.builder.DependencyGraphBuilder] Changed edges for org.springframework:spring-aop:4.3.9.RELEASE(runtime) selects same versions as previous traversal. ignoring
13:07:24.630 [DEBUG] [org.gradle.api.internal.artifacts.ivyservice.resolveengine.graph.builder.DependencyGraphBuilder] Visiting configuration org.springframework:spring-beans:4.3.9.RELEASE(runtime).
13:07:24.630 [DEBUG] [org.gradle.api.internal.artifacts.ivyservice.resolveengine.graph.builder.DependencyGraphBuilder] Changed edges for org.springframework:spring-beans:4.3.9.RELEASE(runtime) selects same versions as previous traversal. ignoring
13:07:24.630 [DEBUG] [org.gradle.api.internal.artifacts.ivyservice.resolveengine.graph.builder.DependencyGraphBuilder] Visiting configuration org.mongodb:bson:3.4.2(runtime).
13:07:24.630 [DEBUG] [org.gradle.api.internal.artifacts.ivyservice.resolveengine.graph.builder.DependencyGraphBuilder] Changed edges for org.mongodb:bson:3.4.2(runtime) selects same versions as previous traversal. ignoring
13:07:24.630 [DEBUG] [org.gradle.api.internal.artifacts.ivyservice.resolveengine.graph.builder.DependencyGraphBuilder] Visiting configuration org.slf4j:slf4j-api:1.7.25(runtime).
13:07:24.630 [DEBUG] [org.gradle.api.internal.artifacts.ivyservice.resolveengine.graph.builder.DependencyGraphBuilder] Visiting configuration ch.qos.logback:logback-core:1.1.11(runtime).
13:07:24.631 [DEBUG] [org.gradle.api.internal.artifacts.ivyservice.resolveengine.oldresult.TransientConfigurationResultsBuilder] Flushing resolved configuration data in Binary store in /private/var/folders/ql/766g4tnx5mgbtm0tr10fxhyc0000gn/T/gradle17660509840828398561.bin. Wrote root 2.
13:07:24.631 [DEBUG] [org.gradle.internal.operations.DefaultBuildOperationExecutor] Completing Build operation 'Resolve dependencies of :compileClasspath'
13:07:24.631 [DEBUG] [org.gradle.internal.operations.DefaultBuildOperationExecutor] Build operation 'Resolve dependencies of :compileClasspath' completed
13:07:24.631 [DEBUG] [org.gradle.internal.component.model.ComponentAttributeMatcher] Selected match org.springframework.boot:spring-boot-starter-web:1.5.4.RELEASE configuration default from candidates [org.springframework.boot:spring-boot-starter-web:1.5.4.RELEASE configuration default] for {org.gradle.usage=java-api}
13:07:24.631 [DEBUG] [org.gradle.internal.component.model.ComponentAttributeMatcher] Selected match org.springframework.boot:spring-boot-starter-data-mongodb:1.5.4.RELEASE configuration default from candidates [org.springframework.boot:spring-boot-starter-data-mongodb:1.5.4.RELEASE configuration default] for {org.gradle.usage=java-api}
13:07:24.631 [DEBUG] [org.gradle.internal.component.model.ComponentAttributeMatcher] Selected match com.github.fakemongo:fongo:2.1.1 configuration default from candidates [com.github.fakemongo:fongo:2.1.1 configuration default] for {org.gradle.usage=java-api}
13:07:24.631 [DEBUG] [org.gradle.internal.component.model.ComponentAttributeMatcher] Selected match org.springframework.boot:spring-boot-starter:1.5.4.RELEASE configuration runtime from candidates [org.springframework.boot:spring-boot-starter:1.5.4.RELEASE configuration runtime] for {org.gradle.usage=java-api}
13:07:24.631 [DEBUG] [org.gradle.internal.component.model.ComponentAttributeMatcher] Selected match org.springframework.boot:spring-boot-starter-tomcat:1.5.4.RELEASE configuration runtime from candidates [org.springframework.boot:spring-boot-starter-tomcat:1.5.4.RELEASE configuration runtime] for {org.gradle.usage=java-api}
13:07:24.631 [DEBUG] [org.gradle.internal.component.model.ComponentAttributeMatcher] Selected match org.hibernate:hibernate-validator:5.3.5.Final configuration runtime from candidates [org.hibernate:hibernate-validator:5.3.5.Final configuration runtime] for {org.gradle.usage=java-api}
13:07:24.631 [DEBUG] [org.gradle.internal.component.model.ComponentAttributeMatcher] Selected match de.grundid.opendatalab:geojson-jackson:1.2 configuration runtime from candidates [de.grundid.opendatalab:geojson-jackson:1.2 configuration runtime] for {org.gradle.usage=java-api}
13:07:24.632 [DEBUG] [org.gradle.internal.component.model.ComponentAttributeMatcher] Selected match com.fasterxml.jackson.core:jackson-databind:2.8.8 configuration runtime from candidates [com.fasterxml.jackson.core:jackson-databind:2.8.8 configuration runtime] for {org.gradle.usage=java-api}
13:07:24.632 [DEBUG] [org.gradle.internal.component.model.ComponentAttributeMatcher] Selected match org.springframework:spring-webmvc:4.3.9.RELEASE configuration runtime from candidates [org.springframework:spring-webmvc:4.3.9.RELEASE configuration runtime] for {org.gradle.usage=java-api}
13:07:24.632 [DEBUG] [org.gradle.internal.component.model.ComponentAttributeMatcher] Selected match org.springframework:spring-web:4.3.9.RELEASE configuration runtime from candidates [org.springframework:spring-web:4.3.9.RELEASE configuration runtime] for {org.gradle.usage=java-api}
13:07:24.632 [DEBUG] [org.gradle.internal.component.model.ComponentAttributeMatcher] Selected match org.mongodb:mongodb-driver:3.4.2 configuration runtime from candidates [org.mongodb:mongodb-driver:3.4.2 configuration runtime] for {org.gradle.usage=java-api}
13:07:24.632 [DEBUG] [org.gradle.internal.component.model.ComponentAttributeMatcher] Selected match org.springframework.data:spring-data-mongodb:1.10.4.RELEASE configuration runtime from candidates [org.springframework.data:spring-data-mongodb:1.10.4.RELEASE configuration runtime] for {org.gradle.usage=java-api}
13:07:24.632 [DEBUG] [org.gradle.internal.component.model.ComponentAttributeMatcher] Selected match org.mozilla:rhino:1.7.7.1 configuration runtime from candidates [org.mozilla:rhino:1.7.7.1 configuration runtime] for {org.gradle.usage=java-api}
13:07:24.632 [DEBUG] [org.gradle.internal.component.model.ComponentAttributeMatcher] Selected match com.vividsolutions:jts:1.13 configuration runtime from candidates [com.vividsolutions:jts:1.13 configuration runtime] for {org.gradle.usage=java-api}
13:07:24.632 [DEBUG] [org.gradle.internal.component.model.ComponentAttributeMatcher] Selected match org.springframework.boot:spring-boot-autoconfigure:1.5.4.RELEASE configuration runtime from candidates [org.springframework.boot:spring-boot-autoconfigure:1.5.4.RELEASE configuration runtime] for {org.gradle.usage=java-api}
13:07:24.632 [DEBUG] [org.gradle.internal.component.model.ComponentAttributeMatcher] Selected match org.springframework.boot:spring-boot:1.5.4.RELEASE configuration runtime from candidates [org.springframework.boot:spring-boot:1.5.4.RELEASE configuration runtime] for {org.gradle.usage=java-api}
13:07:24.632 [DEBUG] [org.gradle.internal.component.model.ComponentAttributeMatcher] Selected match org.springframework.boot:spring-boot-starter-logging:1.5.4.RELEASE configuration runtime from candidates [org.springframework.boot:spring-boot-starter-logging:1.5.4.RELEASE configuration runtime] for {org.gradle.usage=java-api}
13:07:24.632 [DEBUG] [org.gradle.internal.component.model.ComponentAttributeMatcher] Selected match org.springframework:spring-context:4.3.9.RELEASE configuration runtime from candidates [org.springframework:spring-context:4.3.9.RELEASE configuration runtime] for {org.gradle.usage=java-api}
13:07:24.632 [DEBUG] [org.gradle.internal.component.model.ComponentAttributeMatcher] Selected match org.springframework:spring-aop:4.3.9.RELEASE configuration runtime from candidates [org.springframework:spring-aop:4.3.9.RELEASE configuration runtime] for {org.gradle.usage=java-api}
13:07:24.632 [DEBUG] [org.gradle.internal.component.model.ComponentAttributeMatcher] Selected match org.springframework:spring-tx:4.3.9.RELEASE configuration runtime from candidates [org.springframework:spring-tx:4.3.9.RELEASE configuration runtime] for {org.gradle.usage=java-api}
13:07:24.632 [DEBUG] [org.gradle.internal.component.model.ComponentAttributeMatcher] Selected match org.springframework.data:spring-data-commons:1.13.4.RELEASE configuration runtime from candidates [org.springframework.data:spring-data-commons:1.13.4.RELEASE configuration runtime] for {org.gradle.usage=java-api}
13:07:24.632 [DEBUG] [org.gradle.internal.component.model.ComponentAttributeMatcher] Selected match org.springframework:spring-beans:4.3.9.RELEASE configuration runtime from candidates [org.springframework:spring-beans:4.3.9.RELEASE configuration runtime] for {org.gradle.usage=java-api}
13:07:24.633 [DEBUG] [org.gradle.internal.component.model.ComponentAttributeMatcher] Selected match org.springframework:spring-expression:4.3.9.RELEASE configuration runtime from candidates [org.springframework:spring-expression:4.3.9.RELEASE configuration runtime] for {org.gradle.usage=java-api}
13:07:24.633 [DEBUG] [org.gradle.internal.component.model.ComponentAttributeMatcher] Selected match org.springframework:spring-core:4.3.9.RELEASE configuration runtime from candidates [org.springframework:spring-core:4.3.9.RELEASE configuration runtime] for {org.gradle.usage=java-api}
13:07:24.633 [DEBUG] [org.gradle.internal.component.model.ComponentAttributeMatcher] Selected match org.yaml:snakeyaml:1.17 configuration runtime from candidates [org.yaml:snakeyaml:1.17 configuration runtime] for {org.gradle.usage=java-api}
13:07:24.633 [DEBUG] [org.gradle.internal.component.model.ComponentAttributeMatcher] Selected match org.apache.tomcat.embed:tomcat-embed-websocket:8.5.15 configuration runtime from candidates [org.apache.tomcat.embed:tomcat-embed-websocket:8.5.15 configuration runtime] for {org.gradle.usage=java-api}
13:07:24.633 [DEBUG] [org.gradle.internal.component.model.ComponentAttributeMatcher] Selected match org.apache.tomcat.embed:tomcat-embed-core:8.5.15 configuration runtime from candidates [org.apache.tomcat.embed:tomcat-embed-core:8.5.15 configuration runtime] for {org.gradle.usage=java-api}
13:07:24.633 [DEBUG] [org.gradle.internal.component.model.ComponentAttributeMatcher] Selected match org.apache.tomcat.embed:tomcat-embed-el:8.5.15 configuration runtime from candidates [org.apache.tomcat.embed:tomcat-embed-el:8.5.15 configuration runtime] for {org.gradle.usage=java-api}
13:07:24.633 [DEBUG] [org.gradle.internal.component.model.ComponentAttributeMatcher] Selected match javax.validation:validation-api:1.1.0.Final configuration runtime from candidates [javax.validation:validation-api:1.1.0.Final configuration runtime] for {org.gradle.usage=java-api}
13:07:24.633 [DEBUG] [org.gradle.internal.component.model.ComponentAttributeMatcher] Selected match org.jboss.logging:jboss-logging:3.3.1.Final configuration runtime from candidates [org.jboss.logging:jboss-logging:3.3.1.Final configuration runtime] for {org.gradle.usage=java-api}
13:07:24.633 [DEBUG] [org.gradle.internal.component.model.ComponentAttributeMatcher] Selected match com.fasterxml:classmate:1.3.3 configuration runtime from candidates [com.fasterxml:classmate:1.3.3 configuration runtime] for {org.gradle.usage=java-api}
13:07:24.633 [DEBUG] [org.gradle.internal.component.model.ComponentAttributeMatcher] Selected match com.fasterxml.jackson.core:jackson-annotations:2.8.0 configuration runtime from candidates [com.fasterxml.jackson.core:jackson-annotations:2.8.0 configuration runtime] for {org.gradle.usage=java-api}
13:07:24.633 [DEBUG] [org.gradle.internal.component.model.ComponentAttributeMatcher] Selected match com.fasterxml.jackson.core:jackson-core:2.8.8 configuration runtime from candidates [com.fasterxml.jackson.core:jackson-core:2.8.8 configuration runtime] for {org.gradle.usage=java-api}
13:07:24.633 [DEBUG] [org.gradle.internal.component.model.ComponentAttributeMatcher] Selected match org.mongodb:mongodb-driver-core:3.4.2 configuration runtime from candidates [org.mongodb:mongodb-driver-core:3.4.2 configuration runtime] for {org.gradle.usage=java-api}
13:07:24.633 [DEBUG] [org.gradle.internal.component.model.ComponentAttributeMatcher] Selected match org.mongodb:bson:3.4.2 configuration runtime from candidates [org.mongodb:bson:3.4.2 configuration runtime] for {org.gradle.usage=java-api}
13:07:24.633 [DEBUG] [org.gradle.internal.component.model.ComponentAttributeMatcher] Selected match org.slf4j:jcl-over-slf4j:1.7.25 configuration runtime from candidates [org.slf4j:jcl-over-slf4j:1.7.25 configuration runtime] for {org.gradle.usage=java-api}
13:07:24.633 [DEBUG] [org.gradle.internal.component.model.ComponentAttributeMatcher] Selected match ch.qos.logback:logback-classic:1.1.11 configuration runtime from candidates [ch.qos.logback:logback-classic:1.1.11 configuration runtime] for {org.gradle.usage=java-api}
13:07:24.633 [DEBUG] [org.gradle.internal.component.model.ComponentAttributeMatcher] Selected match org.slf4j:jul-to-slf4j:1.7.25 configuration runtime from candidates [org.slf4j:jul-to-slf4j:1.7.25 configuration runtime] for {org.gradle.usage=java-api}
13:07:24.633 [DEBUG] [org.gradle.internal.component.model.ComponentAttributeMatcher] Selected match org.slf4j:log4j-over-slf4j:1.7.25 configuration runtime from candidates [org.slf4j:log4j-over-slf4j:1.7.25 configuration runtime] for {org.gradle.usage=java-api}
13:07:24.633 [DEBUG] [org.gradle.internal.component.model.ComponentAttributeMatcher] Selected match org.slf4j:slf4j-api:1.7.25 configuration runtime from candidates [org.slf4j:slf4j-api:1.7.25 configuration runtime] for {org.gradle.usage=java-api}
13:07:24.633 [DEBUG] [org.gradle.internal.component.model.ComponentAttributeMatcher] Selected match ch.qos.logback:logback-core:1.1.11 configuration runtime from candidates [ch.qos.logback:logback-core:1.1.11 configuration runtime] for {org.gradle.usage=java-api}
13:07:24.633 [DEBUG] [org.gradle.internal.operations.DefaultBuildOperationExecutor] Build operation 'Resolve files of :compileClasspath' started
13:07:24.633 [DEBUG] [org.gradle.internal.work.DefaultWorkerLeaseService] Worker lease root.1.9.75.76 started (1 worker(s) in use).
13:07:24.633 [DEBUG] [org.gradle.internal.resources.AbstractTrackedResourceLock] Task worker for ':': acquired lock on root.1.9.75.76
13:07:24.634 [DEBUG] [org.gradle.internal.operations.DefaultBuildOperationExecutor] Build operation 'Resolve spring-boot-starter-web.jar (org.springframework.boot:spring-boot-starter-web:1.5.4.RELEASE)' started
13:07:24.634 [DEBUG] [org.gradle.api.internal.artifacts.ivyservice.ivyresolve.CachingModuleComponentRepository] Found artifact 'spring-boot-starter-web.jar (org.springframework.boot:spring-boot-starter-web:1.5.4.RELEASE)' in resolver cache: /Users/bconnors/.gradle/caches/modules-2/files-2.1/org.springframework.boot/spring-boot-starter-web/1.5.4.RELEASE/5d6c554f34b20dffcbdfc7edf9b80956e2dace/spring-boot-starter-web-1.5.4.RELEASE.jar
13:07:24.634 [DEBUG] [org.gradle.internal.operations.DefaultBuildOperationExecutor] Completing Build operation 'Resolve spring-boot-starter-web.jar (org.springframework.boot:spring-boot-starter-web:1.5.4.RELEASE)'
13:07:24.634 [DEBUG] [org.gradle.internal.operations.DefaultBuildOperationExecutor] Build operation 'Resolve spring-boot-starter-web.jar (org.springframework.boot:spring-boot-starter-web:1.5.4.RELEASE)' completed
13:07:24.634 [DEBUG] [org.gradle.internal.operations.DefaultBuildOperationExecutor] Build operation 'Resolve spring-web.jar (org.springframework:spring-web:4.3.9.RELEASE)' started
13:07:24.634 [DEBUG] [org.gradle.internal.operations.DefaultBuildOperationExecutor] Build operation 'Resolve hibernate-validator.jar (org.hibernate:hibernate-validator:5.3.5.Final)' started
13:07:24.634 [DEBUG] [org.gradle.internal.operations.DefaultBuildOperationExecutor] Build operation 'Resolve spring-boot-starter-tomcat.jar (org.springframework.boot:spring-boot-starter-tomcat:1.5.4.RELEASE)' started
13:07:24.634 [DEBUG] [org.gradle.api.internal.artifacts.ivyservice.ivyresolve.CachingModuleComponentRepository] Found artifact 'hibernate-validator.jar (org.hibernate:hibernate-validator:5.3.5.Final)' in resolver cache: /Users/bconnors/.gradle/caches/modules-2/files-2.1/org.hibernate/hibernate-validator/5.3.5.Final/622a9bcef2eed6d41b5b8e0662c36212009e375/hibernate-validator-5.3.5.Final.jar
13:07:24.634 [DEBUG] [org.gradle.api.internal.artifacts.ivyservice.ivyresolve.CachingModuleComponentRepository] Found artifact 'spring-boot-starter-tomcat.jar (org.springframework.boot:spring-boot-starter-tomcat:1.5.4.RELEASE)' in resolver cache: /Users/bconnors/.gradle/caches/modules-2/files-2.1/org.springframework.boot/spring-boot-starter-tomcat/1.5.4.RELEASE/d7e26f1d0e594bd1aab7da227649fc12c1958416/spring-boot-starter-tomcat-1.5.4.RELEASE.jar
13:07:24.634 [DEBUG] [org.gradle.internal.operations.DefaultBuildOperationExecutor] Completing Build operation 'Resolve spring-boot-starter-tomcat.jar (org.springframework.boot:spring-boot-starter-tomcat:1.5.4.RELEASE)'
13:07:24.634 [DEBUG] [org.gradle.api.internal.artifacts.ivyservice.ivyresolve.CachingModuleComponentRepository] Found artifact 'spring-web.jar (org.springframework:spring-web:4.3.9.RELEASE)' in resolver cache: /Users/bconnors/.gradle/caches/modules-2/files-2.1/org.springframework/spring-web/4.3.9.RELEASE/91dae64c4280093ad5fb4736a10913c9233479c1/spring-web-4.3.9.RELEASE.jar
13:07:24.635 [DEBUG] [org.gradle.internal.operations.DefaultBuildOperationExecutor] Completing Build operation 'Resolve spring-web.jar (org.springframework:spring-web:4.3.9.RELEASE)'
13:07:24.634 [DEBUG] [org.gradle.internal.operations.DefaultBuildOperationExecutor] Completing Build operation 'Resolve hibernate-validator.jar (org.hibernate:hibernate-validator:5.3.5.Final)'
13:07:24.635 [DEBUG] [org.gradle.internal.operations.DefaultBuildOperationExecutor] Build operation 'Resolve spring-boot-starter.jar (org.springframework.boot:spring-boot-starter:1.5.4.RELEASE)' started
13:07:24.635 [DEBUG] [org.gradle.internal.operations.DefaultBuildOperationExecutor] Build operation 'Resolve spring-data-mongodb.jar (org.springframework.data:spring-data-mongodb:1.10.4.RELEASE)' started
13:07:24.635 [DEBUG] [org.gradle.internal.operations.DefaultBuildOperationExecutor] Build operation 'Resolve spring-web.jar (org.springframework:spring-web:4.3.9.RELEASE)' completed
13:07:24.635 [DEBUG] [org.gradle.api.internal.artifacts.ivyservice.ivyresolve.CachingModuleComponentRepository] Found artifact 'spring-data-mongodb.jar (org.springframework.data:spring-data-mongodb:1.10.4.RELEASE)' in resolver cache: /Users/bconnors/.gradle/caches/modules-2/files-2.1/org.springframework.data/spring-data-mongodb/1.10.4.RELEASE/4c0e0f205b089e83e552ff6a11afe6fd12fa5e0f/spring-data-mongodb-1.10.4.RELEASE.jar
13:07:24.635 [DEBUG] [org.gradle.internal.operations.DefaultBuildOperationExecutor] Completing Build operation 'Resolve spring-data-mongodb.jar (org.springframework.data:spring-data-mongodb:1.10.4.RELEASE)'
13:07:24.635 [DEBUG] [org.gradle.internal.operations.DefaultBuildOperationExecutor] Build operation 'Resolve mongodb-driver.jar (org.mongodb:mongodb-driver:3.4.2)' started
13:07:24.635 [DEBUG] [org.gradle.api.internal.artifacts.ivyservice.ivyresolve.CachingModuleComponentRepository] Found artifact 'spring-boot-starter.jar (org.springframework.boot:spring-boot-starter:1.5.4.RELEASE)' in resolver cache: /Users/bconnors/.gradle/caches/modules-2/files-2.1/org.springframework.boot/spring-boot-starter/1.5.4.RELEASE/74d5aa641503ddd12833c82cc19b295f9f40e8fa/spring-boot-starter-1.5.4.RELEASE.jar
13:07:24.635 [DEBUG] [org.gradle.internal.operations.DefaultBuildOperationExecutor] Completing Build operation 'Resolve spring-boot-starter.jar (org.springframework.boot:spring-boot-starter:1.5.4.RELEASE)'
13:07:24.635 [DEBUG] [org.gradle.internal.operations.DefaultBuildOperationExecutor] Build operation 'Resolve fongo.jar (com.github.fakemongo:fongo:2.1.1)' started
13:07:24.635 [DEBUG] [org.gradle.api.internal.artifacts.ivyservice.ivyresolve.CachingModuleComponentRepository] Found artifact 'mongodb-driver.jar (org.mongodb:mongodb-driver:3.4.2)' in resolver cache: /Users/bconnors/.gradle/caches/modules-2/files-2.1/org.mongodb/mongodb-driver/3.4.2/d565cc4db7fd756973b1500424577a503d17f48a/mongodb-driver-3.4.2.jar
13:07:24.636 [DEBUG] [org.gradle.internal.operations.DefaultBuildOperationExecutor] Completing Build operation 'Resolve mongodb-driver.jar (org.mongodb:mongodb-driver:3.4.2)'
13:07:24.636 [DEBUG] [org.gradle.internal.operations.DefaultBuildOperationExecutor] Build operation 'Resolve jts.jar (com.vividsolutions:jts:1.13)' started
13:07:24.636 [DEBUG] [org.gradle.api.internal.artifacts.ivyservice.ivyresolve.CachingModuleComponentRepository] Found artifact 'jts.jar (com.vividsolutions:jts:1.13)' in resolver cache: /Users/bconnors/.gradle/caches/modules-2/files-2.1/com.vividsolutions/jts/1.13/3ccfb9b60f04d71add996a666ceb8902904fd805/jts-1.13.jar
13:07:24.636 [DEBUG] [org.gradle.internal.operations.DefaultBuildOperationExecutor] Completing Build operation 'Resolve jts.jar (com.vividsolutions:jts:1.13)'
13:07:24.636 [DEBUG] [org.gradle.internal.operations.DefaultBuildOperationExecutor] Build operation 'Resolve rhino.jar (org.mozilla:rhino:1.7.7.1)' started
13:07:24.636 [DEBUG] [org.gradle.internal.operations.DefaultBuildOperationExecutor] Build operation 'Resolve jackson-databind.jar (com.fasterxml.jackson.core:jackson-databind:2.8.8)' started
13:07:24.636 [DEBUG] [org.gradle.api.internal.artifacts.ivyservice.ivyresolve.CachingModuleComponentRepository] Found artifact 'jackson-databind.jar (com.fasterxml.jackson.core:jackson-databind:2.8.8)' in resolver cache: /Users/bconnors/.gradle/caches/modules-2/files-2.1/com.fasterxml.jackson.core/jackson-databind/2.8.8/bf88c7b27e95cbadce4e7c316a56c3efffda8026/jackson-databind-2.8.8.jar
13:07:24.636 [DEBUG] [org.gradle.internal.operations.DefaultBuildOperationExecutor] Completing Build operation 'Resolve jackson-databind.jar (com.fasterxml.jackson.core:jackson-databind:2.8.8)'
13:07:24.636 [DEBUG] [org.gradle.internal.operations.DefaultBuildOperationExecutor] Build operation 'Resolve spring-context.jar (org.springframework:spring-context:4.3.9.RELEASE)' started
13:07:24.636 [DEBUG] [org.gradle.api.internal.artifacts.ivyservice.ivyresolve.CachingModuleComponentRepository] Found artifact 'fongo.jar (com.github.fakemongo:fongo:2.1.1)' in resolver cache: /Users/bconnors/.gradle/caches/modules-2/files-2.1/com.github.fakemongo/fongo/2.1.1/25ebf79212c051cccbd5c83e66b4cc2c217da0f/fongo-2.1.1.jar
13:07:24.637 [DEBUG] [org.gradle.internal.operations.DefaultBuildOperationExecutor] Completing Build operation 'Resolve fongo.jar (com.github.fakemongo:fongo:2.1.1)'
13:07:24.636 [DEBUG] [org.gradle.internal.operations.DefaultBuildOperationExecutor] Build operation 'Resolve spring-boot-autoconfigure.jar (org.springframework.boot:spring-boot-autoconfigure:1.5.4.RELEASE)' started
13:07:24.637 [DEBUG] [org.gradle.internal.operations.DefaultBuildOperationExecutor] Build operation 'Resolve spring-boot-starter-data-mongodb.jar (org.springframework.boot:spring-boot-starter-data-mongodb:1.5.4.RELEASE)' started
13:07:24.637 [DEBUG] [org.gradle.internal.operations.DefaultBuildOperationExecutor] Build operation 'Resolve spring-aop.jar (org.springframework:spring-aop:4.3.9.RELEASE)' started
13:07:24.637 [DEBUG] [org.gradle.api.internal.artifacts.ivyservice.ivyresolve.CachingModuleComponentRepository] Found artifact 'spring-context.jar (org.springframework:spring-context:4.3.9.RELEASE)' in resolver cache: /Users/bconnors/.gradle/caches/modules-2/files-2.1/org.springframework/spring-context/4.3.9.RELEASE/a186823724f03b98becd5f93b1fa107fe6f7a7ff/spring-context-4.3.9.RELEASE.jar
13:07:24.637 [DEBUG] [org.gradle.internal.operations.DefaultBuildOperationExecutor] Completing Build operation 'Resolve spring-context.jar (org.springframework:spring-context:4.3.9.RELEASE)'
13:07:24.636 [DEBUG] [org.gradle.internal.operations.DefaultBuildOperationExecutor] Build operation 'Resolve geojson-jackson.jar (de.grundid.opendatalab:geojson-jackson:1.2)' started
13:07:24.637 [DEBUG] [org.gradle.internal.operations.DefaultBuildOperationExecutor] Build operation 'Resolve spring-boot-starter-logging.jar (org.springframework.boot:spring-boot-starter-logging:1.5.4.RELEASE)' started
13:07:24.636 [DEBUG] [org.gradle.api.internal.artifacts.ivyservice.ivyresolve.CachingModuleComponentRepository] Found artifact 'rhino.jar (org.mozilla:rhino:1.7.7.1)' in resolver cache: /Users/bconnors/.gradle/caches/modules-2/files-2.1/org.mozilla/rhino/1.7.7.1/2e8f8ebc42e5df8bcef5c78dd44387176c9aa98e/rhino-1.7.7.1.jar
13:07:24.637 [DEBUG] [org.gradle.api.internal.artifacts.ivyservice.ivyresolve.CachingModuleComponentRepository] Found artifact 'spring-boot-starter-logging.jar (org.springframework.boot:spring-boot-starter-logging:1.5.4.RELEASE)' in resolver cache: /Users/bconnors/.gradle/caches/modules-2/files-2.1/org.springframework.boot/spring-boot-starter-logging/1.5.4.RELEASE/6b4364cfee82890ce9a9c2c59066f3a6e525debd/spring-boot-starter-logging-1.5.4.RELEASE.jar
13:07:24.637 [DEBUG] [org.gradle.internal.operations.DefaultBuildOperationExecutor] Completing Build operation 'Resolve spring-boot-starter-logging.jar (org.springframework.boot:spring-boot-starter-logging:1.5.4.RELEASE)'
13:07:24.637 [DEBUG] [org.gradle.internal.operations.DefaultBuildOperationExecutor] Build operation 'Resolve spring-data-commons.jar (org.springframework.data:spring-data-commons:1.13.4.RELEASE)' started
13:07:24.637 [DEBUG] [org.gradle.internal.operations.DefaultBuildOperationExecutor] Completing Build operation 'Resolve rhino.jar (org.mozilla:rhino:1.7.7.1)'
13:07:24.637 [DEBUG] [org.gradle.internal.operations.DefaultBuildOperationExecutor] Build operation 'Resolve rhino.jar (org.mozilla:rhino:1.7.7.1)' completed
13:07:24.637 [DEBUG] [org.gradle.api.internal.artifacts.ivyservice.ivyresolve.CachingModuleComponentRepository] Found artifact 'geojson-jackson.jar (de.grundid.opendatalab:geojson-jackson:1.2)' in resolver cache: /Users/bconnors/.gradle/caches/modules-2/files-2.1/de.grundid.opendatalab/geojson-jackson/1.2/a476d2adaf8e975d749a3009412dd470664cab07/geojson-jackson-1.2.jar
13:07:24.638 [DEBUG] [org.gradle.internal.operations.DefaultBuildOperationExecutor] Completing Build operation 'Resolve geojson-jackson.jar (de.grundid.opendatalab:geojson-jackson:1.2)'
13:07:24.638 [DEBUG] [org.gradle.internal.operations.DefaultBuildOperationExecutor] Build operation 'Resolve spring-expression.jar (org.springframework:spring-expression:4.3.9.RELEASE)' started
13:07:24.637 [DEBUG] [org.gradle.api.internal.artifacts.ivyservice.ivyresolve.CachingModuleComponentRepository] Found artifact 'spring-aop.jar (org.springframework:spring-aop:4.3.9.RELEASE)' in resolver cache: /Users/bconnors/.gradle/caches/modules-2/files-2.1/org.springframework/spring-aop/4.3.9.RELEASE/95f5f5cf3cae64266a89dc1bc9e0484425cd8358/spring-aop-4.3.9.RELEASE.jar
13:07:24.638 [DEBUG] [org.gradle.internal.operations.DefaultBuildOperationExecutor] Completing Build operation 'Resolve spring-aop.jar (org.springframework:spring-aop:4.3.9.RELEASE)'
13:07:24.637 [DEBUG] [org.gradle.api.internal.artifacts.ivyservice.ivyresolve.CachingModuleComponentRepository] Found artifact 'spring-boot-starter-data-mongodb.jar (org.springframework.boot:spring-boot-starter-data-mongodb:1.5.4.RELEASE)' in resolver cache: /Users/bconnors/.gradle/caches/modules-2/files-2.1/org.springframework.boot/spring-boot-starter-data-mongodb/1.5.4.RELEASE/850b9c3618c9b456dc5caaede86ecffeb78e26a0/spring-boot-starter-data-mongodb-1.5.4.RELEASE.jar
13:07:24.638 [DEBUG] [org.gradle.internal.operations.DefaultBuildOperationExecutor] Completing Build operation 'Resolve spring-boot-starter-data-mongodb.jar (org.springframework.boot:spring-boot-starter-data-mongodb:1.5.4.RELEASE)'
13:07:24.637 [DEBUG] [org.gradle.api.internal.artifacts.ivyservice.ivyresolve.CachingModuleComponentRepository] Found artifact 'spring-boot-autoconfigure.jar (org.springframework.boot:spring-boot-autoconfigure:1.5.4.RELEASE)' in resolver cache: /Users/bconnors/.gradle/caches/modules-2/files-2.1/org.springframework.boot/spring-boot-autoconfigure/1.5.4.RELEASE/5591fa7358d950f374532c7d92dccf113ebfa1bb/spring-boot-autoconfigure-1.5.4.RELEASE.jar
13:07:24.638 [DEBUG] [org.gradle.internal.operations.DefaultBuildOperationExecutor] Completing Build operation 'Resolve spring-boot-autoconfigure.jar (org.springframework.boot:spring-boot-autoconfigure:1.5.4.RELEASE)'
13:07:24.638 [DEBUG] [org.gradle.internal.operations.DefaultBuildOperationExecutor] Build operation 'Resolve tomcat-embed-websocket.jar (org.apache.tomcat.embed:tomcat-embed-websocket:8.5.15)' started
13:07:24.638 [DEBUG] [org.gradle.api.internal.artifacts.ivyservice.ivyresolve.CachingModuleComponentRepository] Found artifact 'tomcat-embed-websocket.jar (org.apache.tomcat.embed:tomcat-embed-websocket:8.5.15)' in resolver cache: /Users/bconnors/.gradle/caches/modules-2/files-2.1/org.apache.tomcat.embed/tomcat-embed-websocket/8.5.15/a92b066b0ea9ee1cb05b7d5e4bfed4ad8898f741/tomcat-embed-websocket-8.5.15.jar
13:07:24.638 [DEBUG] [org.gradle.internal.operations.DefaultBuildOperationExecutor] Completing Build operation 'Resolve tomcat-embed-websocket.jar (org.apache.tomcat.embed:tomcat-embed-websocket:8.5.15)'
13:07:24.638 [DEBUG] [org.gradle.api.internal.artifacts.ivyservice.ivyresolve.CachingModuleComponentRepository] Found artifact 'spring-expression.jar (org.springframework:spring-expression:4.3.9.RELEASE)' in resolver cache: /Users/bconnors/.gradle/caches/modules-2/files-2.1/org.springframework/spring-expression/4.3.9.RELEASE/4edca6913da9e62a6586714e053e01a61952a153/spring-expression-4.3.9.RELEASE.jar
13:07:24.638 [DEBUG] [org.gradle.internal.operations.DefaultBuildOperationExecutor] Completing Build operation 'Resolve spring-expression.jar (org.springframework:spring-expression:4.3.9.RELEASE)'
13:07:24.638 [DEBUG] [org.gradle.internal.operations.DefaultBuildOperationExecutor] Build operation 'Resolve spring-tx.jar (org.springframework:spring-tx:4.3.9.RELEASE)' started
13:07:24.638 [DEBUG] [org.gradle.internal.operations.DefaultBuildOperationExecutor] Build operation 'Resolve spring-beans.jar (org.springframework:spring-beans:4.3.9.RELEASE)' started
13:07:24.637 [DEBUG] [org.gradle.api.internal.artifacts.ivyservice.ivyresolve.CachingModuleComponentRepository] Found artifact 'spring-data-commons.jar (org.springframework.data:spring-data-commons:1.13.4.RELEASE)' in resolver cache: /Users/bconnors/.gradle/caches/modules-2/files-2.1/org.springframework.data/spring-data-commons/1.13.4.RELEASE/1a45b99bd63449ba31963237993d4a45b9f96abc/spring-data-commons-1.13.4.RELEASE.jar
13:07:24.639 [DEBUG] [org.gradle.internal.operations.DefaultBuildOperationExecutor] Completing Build operation 'Resolve spring-data-commons.jar (org.springframework.data:spring-data-commons:1.13.4.RELEASE)'
13:07:24.637 [DEBUG] [org.gradle.internal.operations.DefaultBuildOperationExecutor] Build operation 'Resolve spring-boot.jar (org.springframework.boot:spring-boot:1.5.4.RELEASE)' started
13:07:24.639 [DEBUG] [org.gradle.internal.operations.DefaultBuildOperationExecutor] Build operation 'Resolve jboss-logging.jar (org.jboss.logging:jboss-logging:3.3.1.Final)' started
13:07:24.639 [DEBUG] [org.gradle.api.internal.artifacts.ivyservice.ivyresolve.CachingModuleComponentRepository] Found artifact 'spring-beans.jar (org.springframework:spring-beans:4.3.9.RELEASE)' in resolver cache: /Users/bconnors/.gradle/caches/modules-2/files-2.1/org.springframework/spring-beans/4.3.9.RELEASE/daa5abf3779c8cad1a2910e1ea08e4272489d8ae/spring-beans-4.3.9.RELEASE.jar
13:07:24.639 [DEBUG] [org.gradle.internal.operations.DefaultBuildOperationExecutor] Completing Build operation 'Resolve spring-beans.jar (org.springframework:spring-beans:4.3.9.RELEASE)'
13:07:24.639 [DEBUG] [org.gradle.internal.operations.DefaultBuildOperationExecutor] Build operation 'Resolve spring-beans.jar (org.springframework:spring-beans:4.3.9.RELEASE)' completed
13:07:24.639 [DEBUG] [org.gradle.api.internal.artifacts.ivyservice.ivyresolve.CachingModuleComponentRepository] Found artifact 'spring-tx.jar (org.springframework:spring-tx:4.3.9.RELEASE)' in resolver cache: /Users/bconnors/.gradle/caches/modules-2/files-2.1/org.springframework/spring-tx/4.3.9.RELEASE/7a7b1775e1e604841f8b619e110e43d9929c37ab/spring-tx-4.3.9.RELEASE.jar
13:07:24.639 [DEBUG] [org.gradle.internal.operations.DefaultBuildOperationExecutor] Completing Build operation 'Resolve spring-tx.jar (org.springframework:spring-tx:4.3.9.RELEASE)'
13:07:24.639 [DEBUG] [org.gradle.internal.operations.DefaultBuildOperationExecutor] Build operation 'Resolve jackson-annotations.jar (com.fasterxml.jackson.core:jackson-annotations:2.8.0)' started
13:07:24.639 [DEBUG] [org.gradle.internal.operations.DefaultBuildOperationExecutor] Build operation 'Resolve tomcat-embed-el.jar (org.apache.tomcat.embed:tomcat-embed-el:8.5.15)' started
13:07:24.639 [DEBUG] [org.gradle.internal.operations.DefaultBuildOperationExecutor] Build operation 'Resolve tomcat-embed-core.jar (org.apache.tomcat.embed:tomcat-embed-core:8.5.15)' started
13:07:24.638 [DEBUG] [org.gradle.internal.operations.DefaultBuildOperationExecutor] Build operation 'Resolve snakeyaml.jar (org.yaml:snakeyaml:1.17)' started
13:07:24.639 [DEBUG] [org.gradle.api.internal.artifacts.ivyservice.ivyresolve.CachingModuleComponentRepository] Found artifact 'tomcat-embed-core.jar (org.apache.tomcat.embed:tomcat-embed-core:8.5.15)' in resolver cache: /Users/bconnors/.gradle/caches/modules-2/files-2.1/org.apache.tomcat.embed/tomcat-embed-core/8.5.15/f197a93ae66212767b004fd93d7a1a8ea62bc3fa/tomcat-embed-core-8.5.15.jar
13:07:24.639 [DEBUG] [org.gradle.internal.operations.DefaultBuildOperationExecutor] Completing Build operation 'Resolve tomcat-embed-core.jar (org.apache.tomcat.embed:tomcat-embed-core:8.5.15)'
13:07:24.639 [DEBUG] [org.gradle.api.internal.artifacts.ivyservice.ivyresolve.CachingModuleComponentRepository] Found artifact 'tomcat-embed-el.jar (org.apache.tomcat.embed:tomcat-embed-el:8.5.15)' in resolver cache: /Users/bconnors/.gradle/caches/modules-2/files-2.1/org.apache.tomcat.embed/tomcat-embed-el/8.5.15/e4000e5386056eeebb43bf71e7d30c58d2473166/tomcat-embed-el-8.5.15.jar
13:07:24.640 [DEBUG] [org.gradle.internal.operations.DefaultBuildOperationExecutor] Completing Build operation 'Resolve tomcat-embed-el.jar (org.apache.tomcat.embed:tomcat-embed-el:8.5.15)'
13:07:24.639 [DEBUG] [org.gradle.api.internal.artifacts.ivyservice.ivyresolve.CachingModuleComponentRepository] Found artifact 'jackson-annotations.jar (com.fasterxml.jackson.core:jackson-annotations:2.8.0)' in resolver cache: /Users/bconnors/.gradle/caches/modules-2/files-2.1/com.fasterxml.jackson.core/jackson-annotations/2.8.0/45b426f7796b741035581a176744d91090e2e6fb/jackson-annotations-2.8.0.jar
13:07:24.640 [DEBUG] [org.gradle.internal.operations.DefaultBuildOperationExecutor] Completing Build operation 'Resolve jackson-annotations.jar (com.fasterxml.jackson.core:jackson-annotations:2.8.0)'
13:07:24.639 [DEBUG] [org.gradle.internal.operations.DefaultBuildOperationExecutor] Build operation 'Resolve validation-api.jar (javax.validation:validation-api:1.1.0.Final)' started
13:07:24.640 [DEBUG] [org.gradle.internal.operations.DefaultBuildOperationExecutor] Build operation 'Resolve classmate.jar (com.fasterxml:classmate:1.3.3)' started
13:07:24.639 [DEBUG] [org.gradle.api.internal.artifacts.ivyservice.ivyresolve.CachingModuleComponentRepository] Found artifact 'jboss-logging.jar (org.jboss.logging:jboss-logging:3.3.1.Final)' in resolver cache: /Users/bconnors/.gradle/caches/modules-2/files-2.1/org.jboss.logging/jboss-logging/3.3.1.Final/c46217ab74b532568c0ed31dc599db3048bd1b67/jboss-logging-3.3.1.Final.jar
13:07:24.640 [DEBUG] [org.gradle.internal.operations.DefaultBuildOperationExecutor] Completing Build operation 'Resolve jboss-logging.jar (org.jboss.logging:jboss-logging:3.3.1.Final)'
13:07:24.639 [DEBUG] [org.gradle.api.internal.artifacts.ivyservice.ivyresolve.CachingModuleComponentRepository] Found artifact 'spring-boot.jar (org.springframework.boot:spring-boot:1.5.4.RELEASE)' in resolver cache: /Users/bconnors/.gradle/caches/modules-2/files-2.1/org.springframework.boot/spring-boot/1.5.4.RELEASE/cf51bb0751c1362a417eb59824d27d2907780d2/spring-boot-1.5.4.RELEASE.jar
13:07:24.640 [DEBUG] [org.gradle.internal.operations.DefaultBuildOperationExecutor] Completing Build operation 'Resolve spring-boot.jar (org.springframework.boot:spring-boot:1.5.4.RELEASE)'
13:07:24.640 [DEBUG] [org.gradle.api.internal.artifacts.ivyservice.ivyresolve.CachingModuleComponentRepository] Found artifact 'classmate.jar (com.fasterxml:classmate:1.3.3)' in resolver cache: /Users/bconnors/.gradle/caches/modules-2/files-2.1/com.fasterxml/classmate/1.3.3/864c8e370a691e343210cc7c532fc198cee460d8/classmate-1.3.3.jar
13:07:24.640 [DEBUG] [org.gradle.internal.operations.DefaultBuildOperationExecutor] Completing Build operation 'Resolve classmate.jar (com.fasterxml:classmate:1.3.3)'
13:07:24.640 [DEBUG] [org.gradle.internal.operations.DefaultBuildOperationExecutor] Build operation 'Resolve classmate.jar (com.fasterxml:classmate:1.3.3)' completed
13:07:24.640 [DEBUG] [org.gradle.api.internal.artifacts.ivyservice.ivyresolve.CachingModuleComponentRepository] Found artifact 'validation-api.jar (javax.validation:validation-api:1.1.0.Final)' in resolver cache: /Users/bconnors/.gradle/caches/modules-2/files-2.1/javax.validation/validation-api/1.1.0.Final/8613ae82954779d518631e05daa73a6a954817d5/validation-api-1.1.0.Final.jar
13:07:24.640 [DEBUG] [org.gradle.internal.operations.DefaultBuildOperationExecutor] Completing Build operation 'Resolve validation-api.jar (javax.validation:validation-api:1.1.0.Final)'
13:07:24.640 [DEBUG] [org.gradle.internal.operations.DefaultBuildOperationExecutor] Build operation 'Resolve log4j-over-slf4j.jar (org.slf4j:log4j-over-slf4j:1.7.25)' started
13:07:24.640 [DEBUG] [org.gradle.internal.operations.DefaultBuildOperationExecutor] Build operation 'Resolve jackson-core.jar (com.fasterxml.jackson.core:jackson-core:2.8.8)' started
13:07:24.641 [DEBUG] [org.gradle.api.internal.artifacts.ivyservice.ivyresolve.CachingModuleComponentRepository] Found artifact 'log4j-over-slf4j.jar (org.slf4j:log4j-over-slf4j:1.7.25)' in resolver cache: /Users/bconnors/.gradle/caches/modules-2/files-2.1/org.slf4j/log4j-over-slf4j/1.7.25/a87bb47468f47ee7aabbd54f93e133d4215769c3/log4j-over-slf4j-1.7.25.jar
13:07:24.641 [DEBUG] [org.gradle.internal.operations.DefaultBuildOperationExecutor] Completing Build operation 'Resolve log4j-over-slf4j.jar (org.slf4j:log4j-over-slf4j:1.7.25)'
13:07:24.639 [DEBUG] [org.gradle.api.internal.artifacts.ivyservice.ivyresolve.CachingModuleComponentRepository] Found artifact 'snakeyaml.jar (org.yaml:snakeyaml:1.17)' in resolver cache: /Users/bconnors/.gradle/caches/modules-2/files-2.1/org.yaml/snakeyaml/1.17/7a27ea250c5130b2922b86dea63cbb1cc10a660c/snakeyaml-1.17.jar
13:07:24.641 [DEBUG] [org.gradle.internal.operations.DefaultBuildOperationExecutor] Completing Build operation 'Resolve snakeyaml.jar (org.yaml:snakeyaml:1.17)'
13:07:24.641 [DEBUG] [org.gradle.internal.operations.DefaultBuildOperationExecutor] Build operation 'Resolve logback-core.jar (ch.qos.logback:logback-core:1.1.11)' started
13:07:24.641 [DEBUG] [org.gradle.api.internal.artifacts.ivyservice.ivyresolve.CachingModuleComponentRepository] Found artifact 'jackson-core.jar (com.fasterxml.jackson.core:jackson-core:2.8.8)' in resolver cache: /Users/bconnors/.gradle/caches/modules-2/files-2.1/com.fasterxml.jackson.core/jackson-core/2.8.8/d478fb6de45a7c3d2cad07c8ad70c7f0a797a020/jackson-core-2.8.8.jar
13:07:24.641 [DEBUG] [org.gradle.internal.operations.DefaultBuildOperationExecutor] Completing Build operation 'Resolve jackson-core.jar (com.fasterxml.jackson.core:jackson-core:2.8.8)'
13:07:24.640 [DEBUG] [org.gradle.internal.operations.DefaultBuildOperationExecutor] Build operation 'Resolve mongodb-driver-core.jar (org.mongodb:mongodb-driver-core:3.4.2)' started
13:07:24.640 [DEBUG] [org.gradle.internal.operations.DefaultBuildOperationExecutor] Build operation 'Resolve bson.jar (org.mongodb:bson:3.4.2)' started
13:07:24.641 [DEBUG] [org.gradle.internal.operations.DefaultBuildOperationExecutor] Build operation 'Resolve jul-to-slf4j.jar (org.slf4j:jul-to-slf4j:1.7.25)' started
13:07:24.641 [DEBUG] [org.gradle.internal.operations.DefaultBuildOperationExecutor] Build operation 'Resolve logback-classic.jar (ch.qos.logback:logback-classic:1.1.11)' started
13:07:24.640 [DEBUG] [org.gradle.internal.operations.DefaultBuildOperationExecutor] Build operation 'Resolve jcl-over-slf4j.jar (org.slf4j:jcl-over-slf4j:1.7.25)' started
13:07:24.641 [DEBUG] [org.gradle.api.internal.artifacts.ivyservice.ivyresolve.CachingModuleComponentRepository] Found artifact 'logback-classic.jar (ch.qos.logback:logback-classic:1.1.11)' in resolver cache: /Users/bconnors/.gradle/caches/modules-2/files-2.1/ch.qos.logback/logback-classic/1.1.11/ccedfbacef4a6515d2983e3f89ed753d5d4fb665/logback-classic-1.1.11.jar
13:07:24.641 [DEBUG] [org.gradle.internal.operations.DefaultBuildOperationExecutor] Completing Build operation 'Resolve logback-classic.jar (ch.qos.logback:logback-classic:1.1.11)'
13:07:24.641 [DEBUG] [org.gradle.api.internal.artifacts.ivyservice.ivyresolve.CachingModuleComponentRepository] Found artifact 'jul-to-slf4j.jar (org.slf4j:jul-to-slf4j:1.7.25)' in resolver cache: /Users/bconnors/.gradle/caches/modules-2/files-2.1/org.slf4j/jul-to-slf4j/1.7.25/af5364cd6679bfffb114f0dec8a157aaa283b76/jul-to-slf4j-1.7.25.jar
13:07:24.642 [DEBUG] [org.gradle.internal.operations.DefaultBuildOperationExecutor] Completing Build operation 'Resolve jul-to-slf4j.jar (org.slf4j:jul-to-slf4j:1.7.25)'
13:07:24.642 [DEBUG] [org.gradle.internal.operations.DefaultBuildOperationExecutor] Build operation 'Resolve jul-to-slf4j.jar (org.slf4j:jul-to-slf4j:1.7.25)' completed
13:07:24.641 [DEBUG] [org.gradle.api.internal.artifacts.ivyservice.ivyresolve.CachingModuleComponentRepository] Found artifact 'bson.jar (org.mongodb:bson:3.4.2)' in resolver cache: /Users/bconnors/.gradle/caches/modules-2/files-2.1/org.mongodb/bson/3.4.2/8455e0c6926ff2bf444325ea46fd8b74adaf0362/bson-3.4.2.jar
13:07:24.642 [DEBUG] [org.gradle.internal.operations.DefaultBuildOperationExecutor] Completing Build operation 'Resolve bson.jar (org.mongodb:bson:3.4.2)'
13:07:24.641 [DEBUG] [org.gradle.api.internal.artifacts.ivyservice.ivyresolve.CachingModuleComponentRepository] Found artifact 'mongodb-driver-core.jar (org.mongodb:mongodb-driver-core:3.4.2)' in resolver cache: /Users/bconnors/.gradle/caches/modules-2/files-2.1/org.mongodb/mongodb-driver-core/3.4.2/d0a18b4e46fe79467a71d7f9f1bc5932de670829/mongodb-driver-core-3.4.2.jar
13:07:24.642 [DEBUG] [org.gradle.internal.operations.DefaultBuildOperationExecutor] Completing Build operation 'Resolve mongodb-driver-core.jar (org.mongodb:mongodb-driver-core:3.4.2)'
13:07:24.641 [DEBUG] [org.gradle.api.internal.artifacts.ivyservice.ivyresolve.CachingModuleComponentRepository] Found artifact 'logback-core.jar (ch.qos.logback:logback-core:1.1.11)' in resolver cache: /Users/bconnors/.gradle/caches/modules-2/files-2.1/ch.qos.logback/logback-core/1.1.11/88b8df40340eed549fb07e2613879bf6b006704d/logback-core-1.1.11.jar
13:07:24.641 [DEBUG] [org.gradle.internal.operations.DefaultBuildOperationExecutor] Build operation 'Resolve slf4j-api.jar (org.slf4j:slf4j-api:1.7.25)' started
13:07:24.642 [DEBUG] [org.gradle.internal.operations.DefaultBuildOperationExecutor] Completing Build operation 'Resolve logback-core.jar (ch.qos.logback:logback-core:1.1.11)'
13:07:24.641 [DEBUG] [org.gradle.api.internal.artifacts.ivyservice.ivyresolve.CachingModuleComponentRepository] Found artifact 'jcl-over-slf4j.jar (org.slf4j:jcl-over-slf4j:1.7.25)' in resolver cache: /Users/bconnors/.gradle/caches/modules-2/files-2.1/org.slf4j/jcl-over-slf4j/1.7.25/f8c32b13ff142a513eeb5b6330b1588dcb2c0461/jcl-over-slf4j-1.7.25.jar
13:07:24.642 [DEBUG] [org.gradle.internal.operations.DefaultBuildOperationExecutor] Completing Build operation 'Resolve jcl-over-slf4j.jar (org.slf4j:jcl-over-slf4j:1.7.25)'
13:07:24.642 [DEBUG] [org.gradle.internal.operations.DefaultBuildOperationExecutor] Build operation 'Resolve spring-webmvc.jar (org.springframework:spring-webmvc:4.3.9.RELEASE)' started
13:07:24.642 [DEBUG] [org.gradle.api.internal.artifacts.ivyservice.ivyresolve.CachingModuleComponentRepository] Found artifact 'slf4j-api.jar (org.slf4j:slf4j-api:1.7.25)' in resolver cache: /Users/bconnors/.gradle/caches/modules-2/files-2.1/org.slf4j/slf4j-api/1.7.25/da76ca59f6a57ee3102f8f9bd9cee742973efa8a/slf4j-api-1.7.25.jar
13:07:24.643 [DEBUG] [org.gradle.internal.operations.DefaultBuildOperationExecutor] Completing Build operation 'Resolve slf4j-api.jar (org.slf4j:slf4j-api:1.7.25)'
13:07:24.643 [DEBUG] [org.gradle.api.internal.artifacts.ivyservice.ivyresolve.CachingModuleComponentRepository] Found artifact 'spring-webmvc.jar (org.springframework:spring-webmvc:4.3.9.RELEASE)' in resolver cache: /Users/bconnors/.gradle/caches/modules-2/files-2.1/org.springframework/spring-webmvc/4.3.9.RELEASE/ca80b4a00abc388d8046bf372099f35564371c47/spring-webmvc-4.3.9.RELEASE.jar
13:07:24.643 [DEBUG] [org.gradle.internal.operations.DefaultBuildOperationExecutor] Completing Build operation 'Resolve spring-webmvc.jar (org.springframework:spring-webmvc:4.3.9.RELEASE)'
13:07:24.643 [DEBUG] [org.gradle.internal.work.DefaultWorkerLeaseService] Worker lease root.1.9.75.76 completed (5 worker(s) in use)
13:07:24.643 [DEBUG] [org.gradle.internal.resources.AbstractTrackedResourceLock] Task worker for ':': released lock on root.1.9.75.76
13:07:24.644 [DEBUG] [org.gradle.internal.operations.DefaultBuildOperationExecutor] Completing Build operation 'Resolve files of :compileClasspath'
13:07:24.644 [DEBUG] [org.gradle.internal.operations.DefaultBuildOperationExecutor] Build operation 'Resolve files of :compileClasspath' completed
13:07:24.645 [DEBUG] [org.gradle.api.internal.changedetection.state.CacheBackedTaskHistoryRepository] Fingerprinting property effectiveAnnotationProcessorPath (Classpath) for task ':compileJava'
13:07:24.645 [DEBUG] [org.gradle.internal.operations.DefaultBuildOperationExecutor] Build operation 'Resolve dependencies of :annotationProcessor' started
13:07:24.645 [DEBUG] [org.gradle.internal.operations.DefaultBuildOperationExecutor] Build operation 'Resolve dependencies of :detachedConfiguration36' started
13:07:24.645 [DEBUG] [org.gradle.internal.operations.DefaultBuildOperationExecutor] Completing Build operation 'Resolve dependencies of :detachedConfiguration36'
13:07:24.645 [DEBUG] [org.gradle.internal.operations.DefaultBuildOperationExecutor] Build operation 'Resolve dependencies of :detachedConfiguration36' completed
13:07:24.645 [DEBUG] [org.gradle.internal.operations.DefaultBuildOperationExecutor] Build operation 'Resolve dependencies of :detachedConfiguration37' started
13:07:24.645 [DEBUG] [org.gradle.internal.operations.DefaultBuildOperationExecutor] Completing Build operation 'Resolve dependencies of :detachedConfiguration37'
13:07:24.646 [DEBUG] [org.gradle.internal.operations.DefaultBuildOperationExecutor] Build operation 'Resolve dependencies of :detachedConfiguration37' completed
13:07:24.646 [INFO] [io.spring.gradle.dependencymanagement.internal.ExclusionConfiguringAction] Excluding []
13:07:24.646 [DEBUG] [org.gradle.internal.operations.DefaultBuildOperationExecutor] Completing Build operation 'Resolve dependencies of :annotationProcessor'
13:07:24.646 [DEBUG] [org.gradle.internal.operations.DefaultBuildOperationExecutor] Build operation 'Resolve dependencies of :annotationProcessor' completed
13:07:24.646 [DEBUG] [org.gradle.internal.operations.DefaultBuildOperationExecutor] Build operation 'Resolve files of :compileClasspath' started
13:07:24.646 [DEBUG] [org.gradle.internal.operations.DefaultBuildOperationExecutor] Completing Build operation 'Resolve files of :compileClasspath'
13:07:24.646 [DEBUG] [org.gradle.internal.operations.DefaultBuildOperationExecutor] Build operation 'Resolve files of :compileClasspath' completed
13:07:24.646 [DEBUG] [org.gradle.api.internal.changedetection.state.CacheBackedTaskHistoryRepository] Fingerprinting property options.bootstrapClasspath (CompileClasspath) for task ':compileJava'
13:07:24.646 [DEBUG] [org.gradle.api.internal.changedetection.state.CacheBackedTaskHistoryRepository] Fingerprinting property options.sourcepath (RelativePathInput) for task ':compileJava'
13:07:24.646 [DEBUG] [org.gradle.api.internal.changedetection.state.CacheBackedTaskHistoryRepository] Fingerprinting property source (NameOnlyInput) for task ':compileJava'
13:07:24.647 [DEBUG] [org.gradle.api.internal.changedetection.state.CacheBackedTaskHistoryRepository] Fingerprinting property destinationDir (Output) for task ':compileJava'
13:07:24.648 [INFO] [org.gradle.api.internal.tasks.execution.SkipUpToDateTaskExecuter] Skipping task ':compileJava' as it is up-to-date.
13:07:24.648 [DEBUG] [org.gradle.api.internal.tasks.execution.ResolveTaskArtifactStateTaskExecuter] Removed task artifact state for {} from context.
13:07:24.648 [DEBUG] [org.gradle.api.internal.tasks.execution.ExecuteAtMostOnceTaskExecuter] Finished executing task ':compileJava'
13:07:24.648 [DEBUG] [org.gradle.internal.operations.DefaultBuildOperationExecutor] Completing Build operation 'Task :compileJava'
13:07:24.648 [DEBUG] [org.gradle.internal.operations.DefaultBuildOperationExecutor] Build operation 'Task :compileJava' completed
13:07:24.648 [INFO] [org.gradle.execution.taskgraph.DefaultTaskPlanExecutor] :compileJava (Thread[Task worker for ':',5,main]) completed. Took 0.305 secs.
13:07:24.648 [DEBUG] [org.gradle.internal.resources.AbstractTrackedResourceLock] Task worker for ':': released lock on :
13:07:24.648 [DEBUG] [org.gradle.internal.work.DefaultWorkerLeaseService] Worker lease root.1.9 completed (1 worker(s) in use)
13:07:24.648 [DEBUG] [org.gradle.internal.resources.AbstractTrackedResourceLock] Task worker for ':': released lock on root.1.9
13:07:24.649 [DEBUG] [org.gradle.internal.resources.AbstractTrackedResourceLock] Task worker for ':': acquired lock on :
13:07:24.649 [DEBUG] [org.gradle.internal.work.DefaultWorkerLeaseService] Worker lease root.1.9 started (1 worker(s) in use).
13:07:24.649 [DEBUG] [org.gradle.internal.resources.AbstractTrackedResourceLock] Task worker for ':': acquired lock on root.1.9
13:07:24.649 [INFO] [org.gradle.execution.taskgraph.DefaultTaskPlanExecutor] :processResources (Thread[Task worker for ':',5,main]) started.
13:07:24.649 [LIFECYCLE] [class org.gradle.internal.buildevents.TaskExecutionLogger] 
13:07:24.649 [LIFECYCLE] [class org.gradle.internal.buildevents.TaskExecutionLogger] > Task :processResources UP-TO-DATE
13:07:24.649 [DEBUG] [org.gradle.internal.operations.DefaultBuildOperationExecutor] Build operation 'Task :processResources' started
13:07:24.649 [DEBUG] [org.gradle.api.internal.tasks.execution.ExecuteAtMostOnceTaskExecuter] Starting to execute task ':processResources'
13:07:24.649 [DEBUG] [org.gradle.api.internal.tasks.execution.ResolveTaskArtifactStateTaskExecuter] Putting task artifact state for task ':processResources' into context took 0.0 secs.
13:07:24.649 [DEBUG] [org.gradle.api.internal.tasks.execution.SkipUpToDateTaskExecuter] Determining if task ':processResources' is up-to-date
13:07:24.649 [DEBUG] [org.gradle.api.internal.changedetection.state.CacheBackedTaskHistoryRepository] Implementation for task ':processResources': org.gradle.language.jvm.tasks.ProcessResources_Decorated@82f9eb64cac75b78d32d56b7273d1766
13:07:24.649 [DEBUG] [org.gradle.api.internal.changedetection.state.CacheBackedTaskHistoryRepository] Action implementations for task ':processResources': [org.gradle.language.jvm.tasks.ProcessResources_Decorated@72742cb10ec01cfc160d7733cc2203be]
13:07:24.649 [DEBUG] [org.gradle.api.internal.changedetection.state.CacheBackedTaskHistoryRepository] Fingerprinting property rootSpec$1 (RelativePathInput) for task ':processResources'
13:07:24.650 [DEBUG] [org.gradle.api.internal.changedetection.state.CacheBackedTaskHistoryRepository] Fingerprinting property destinationDir (Output) for task ':processResources'
13:07:24.650 [INFO] [org.gradle.api.internal.tasks.execution.SkipUpToDateTaskExecuter] Skipping task ':processResources' as it is up-to-date.
13:07:24.650 [DEBUG] [org.gradle.api.internal.tasks.execution.ResolveTaskArtifactStateTaskExecuter] Removed task artifact state for {} from context.
13:07:24.650 [DEBUG] [org.gradle.api.internal.tasks.execution.ExecuteAtMostOnceTaskExecuter] Finished executing task ':processResources'
13:07:24.650 [DEBUG] [org.gradle.internal.operations.DefaultBuildOperationExecutor] Completing Build operation 'Task :processResources'
13:07:24.650 [DEBUG] [org.gradle.internal.operations.DefaultBuildOperationExecutor] Build operation 'Task :processResources' completed
13:07:24.651 [INFO] [org.gradle.execution.taskgraph.DefaultTaskPlanExecutor] :processResources (Thread[Task worker for ':',5,main]) completed. Took 0.001 secs.
13:07:24.651 [DEBUG] [org.gradle.internal.resources.AbstractTrackedResourceLock] Task worker for ':': released lock on :
13:07:24.651 [DEBUG] [org.gradle.internal.work.DefaultWorkerLeaseService] Worker lease root.1.9 completed (1 worker(s) in use)
13:07:24.651 [DEBUG] [org.gradle.internal.resources.AbstractTrackedResourceLock] Task worker for ':': released lock on root.1.9
13:07:24.651 [DEBUG] [org.gradle.internal.resources.AbstractTrackedResourceLock] Task worker for ':': acquired lock on :
13:07:24.651 [DEBUG] [org.gradle.internal.work.DefaultWorkerLeaseService] Worker lease root.1.9 started (1 worker(s) in use).
13:07:24.651 [DEBUG] [org.gradle.internal.resources.AbstractTrackedResourceLock] Task worker for ':': acquired lock on root.1.9
13:07:24.651 [INFO] [org.gradle.execution.taskgraph.DefaultTaskPlanExecutor] :classes (Thread[Task worker for ':',5,main]) started.
13:07:24.651 [LIFECYCLE] [class org.gradle.internal.buildevents.TaskExecutionLogger] 
13:07:24.651 [LIFECYCLE] [class org.gradle.internal.buildevents.TaskExecutionLogger] > Task :classes UP-TO-DATE
13:07:24.651 [DEBUG] [org.gradle.internal.operations.DefaultBuildOperationExecutor] Build operation 'Task :classes' started
13:07:24.651 [DEBUG] [org.gradle.api.internal.tasks.execution.ExecuteAtMostOnceTaskExecuter] Starting to execute task ':classes'
13:07:24.651 [INFO] [org.gradle.api.internal.tasks.execution.SkipTaskWithNoActionsExecuter] Skipping task ':classes' as it has no actions.
13:07:24.651 [DEBUG] [org.gradle.api.internal.tasks.execution.ExecuteAtMostOnceTaskExecuter] Finished executing task ':classes'
13:07:24.651 [DEBUG] [org.gradle.internal.operations.DefaultBuildOperationExecutor] Completing Build operation 'Task :classes'
13:07:24.651 [DEBUG] [org.gradle.internal.operations.DefaultBuildOperationExecutor] Build operation 'Task :classes' completed
13:07:24.651 [INFO] [org.gradle.execution.taskgraph.DefaultTaskPlanExecutor] :classes (Thread[Task worker for ':',5,main]) completed. Took 0.0 secs.
13:07:24.651 [DEBUG] [org.gradle.internal.resources.AbstractTrackedResourceLock] Task worker for ':': released lock on :
13:07:24.651 [DEBUG] [org.gradle.internal.work.DefaultWorkerLeaseService] Worker lease root.1.9 completed (1 worker(s) in use)
13:07:24.651 [DEBUG] [org.gradle.internal.resources.AbstractTrackedResourceLock] Task worker for ':': released lock on root.1.9
13:07:24.652 [DEBUG] [org.gradle.internal.resources.AbstractTrackedResourceLock] Task worker for ':': acquired lock on :
13:07:24.652 [DEBUG] [org.gradle.internal.work.DefaultWorkerLeaseService] Worker lease root.1.9 started (1 worker(s) in use).
13:07:24.652 [DEBUG] [org.gradle.internal.resources.AbstractTrackedResourceLock] Task worker for ':': acquired lock on root.1.9
13:07:24.652 [INFO] [org.gradle.execution.taskgraph.DefaultTaskPlanExecutor] :compileTestJava (Thread[Task worker for ':',5,main]) started.
13:07:24.782 [DEBUG] [org.gradle.internal.work.DefaultWorkerLeaseService] Worker lease root.1.9.99.100 started (1 worker(s) in use).
13:07:24.782 [DEBUG] [org.gradle.internal.resources.AbstractTrackedResourceLock] Build operations: acquired lock on root.1.9.99.100
13:07:24.782 [DEBUG] [org.gradle.internal.work.DefaultWorkerLeaseService] Worker lease root.1.9.99.108 started (3 worker(s) in use).
13:07:24.782 [DEBUG] [org.gradle.internal.resources.AbstractTrackedResourceLock] Build operations Thread 7: acquired lock on root.1.9.99.108
13:07:24.782 [DEBUG] [org.gradle.internal.work.DefaultWorkerLeaseService] Worker lease root.1.9.99.107 started (4 worker(s) in use).
13:07:24.782 [DEBUG] [org.gradle.internal.resources.AbstractTrackedResourceLock] Build operations Thread 4: acquired lock on root.1.9.99.107
13:07:24.782 [DEBUG] [org.gradle.internal.operations.DefaultBuildOperationExecutor] Build operation 'Resolve spring-boot-starter-test.jar (org.springframework.boot:spring-boot-starter-test:1.5.4.RELEASE)' completed
13:07:24.783 [DEBUG] [org.gradle.internal.operations.DefaultBuildOperationExecutor] Build operation 'Resolve hamcrest-core.jar (org.hamcrest:hamcrest-core:1.3)' completed
13:07:24.783 [DEBUG] [org.gradle.internal.work.DefaultWorkerLeaseService] Worker lease root.1.9.99.106 started (5 worker(s) in use).
13:07:24.783 [DEBUG] [org.gradle.internal.resources.AbstractTrackedResourceLock] Build operations Thread 6: acquired lock on root.1.9.99.106
13:07:24.783 [DEBUG] [org.gradle.internal.operations.DefaultBuildOperationExecutor] Build operation 'Resolve hamcrest-library.jar (org.hamcrest:hamcrest-library:1.3)' completed
13:07:24.783 [DEBUG] [org.gradle.internal.work.DefaultWorkerLeaseService] Worker lease root.1.9.99.105 started (6 worker(s) in use).
13:07:24.784 [DEBUG] [org.gradle.internal.operations.DefaultBuildOperationExecutor] Build operation 'Resolve spring-test.jar (org.springframework:spring-test:4.3.9.RELEASE)' completed
13:07:24.784 [DEBUG] [org.gradle.internal.resources.AbstractTrackedResourceLock] Build operations Thread 8: acquired lock on root.1.9.99.105
13:07:24.784 [DEBUG] [org.gradle.internal.operations.DefaultBuildOperationExecutor] Build operation 'Resolve mockito-core.jar (org.mockito:mockito-core:1.10.19)' completed
13:07:24.785 [DEBUG] [org.gradle.internal.operations.DefaultBuildOperationExecutor] Build operation 'Resolve accessors-smart.jar (net.minidev:accessors-smart:1.1)' completed
13:07:24.784 [DEBUG] [org.gradle.internal.work.DefaultWorkerLeaseService] Worker lease root.1.9.99.104 started (7 worker(s) in use).
13:07:24.785 [DEBUG] [org.gradle.internal.operations.DefaultBuildOperationExecutor] Build operation 'Resolve assertj-core.jar (org.assertj:assertj-core:2.6.0)' completed
13:07:24.785 [DEBUG] [org.gradle.internal.resources.AbstractTrackedResourceLock] Build operations Thread 5: acquired lock on root.1.9.99.104
13:07:24.785 [DEBUG] [org.gradle.internal.operations.DefaultBuildOperationExecutor] Build operation 'Resolve objenesis.jar (org.objenesis:objenesis:2.1)' completed
13:07:24.785 [DEBUG] [org.gradle.internal.operations.DefaultBuildOperationExecutor] Build operation 'Resolve jsonassert.jar (org.skyscreamer:jsonassert:1.4.0)' completed
13:07:24.785 [DEBUG] [org.gradle.internal.work.DefaultWorkerLeaseService] Worker lease root.1.9.99.103 started (8 worker(s) in use).
13:07:24.786 [DEBUG] [org.gradle.internal.resources.AbstractTrackedResourceLock] Build operations Thread 3: acquired lock on root.1.9.99.103
13:07:24.786 [DEBUG] [org.gradle.internal.operations.DefaultBuildOperationExecutor] Build operation 'Resolve android-json.jar (com.vaadin.external.google:android-json:0.0.20131108.vaadin1)' completed
13:07:24.786 [DEBUG] [org.gradle.internal.work.DefaultWorkerLeaseService] Build operation root.1.9.99.102 could not be started (8 worker(s) in use).
13:07:24.786 [DEBUG] [org.gradle.internal.operations.DefaultBuildOperationExecutor] Build operation 'Resolve junit.jar (junit:junit:4.12)' completed
13:07:24.787 [DEBUG] [org.gradle.internal.work.DefaultWorkerLeaseService] Worker lease root.1.9.99.108 completed (6 worker(s) in use)
13:07:24.787 [DEBUG] [org.gradle.internal.resources.AbstractTrackedResourceLock] Build operations Thread 7: released lock on root.1.9.99.108
13:07:24.787 [DEBUG] [org.gradle.internal.operations.DefaultBuildOperationExecutor] Build operation 'Resolve json-path.jar (com.jayway.jsonpath:json-path:2.2.0)' completed
13:07:24.787 [DEBUG] [org.gradle.internal.work.DefaultWorkerLeaseService] Worker lease root.1.9.99.100 completed (5 worker(s) in use)
13:07:24.787 [DEBUG] [org.gradle.internal.resources.AbstractTrackedResourceLock] Build operations: released lock on root.1.9.99.100
13:07:24.787 [DEBUG] [org.gradle.internal.work.DefaultWorkerLeaseService] Worker lease root.1.9.99.107 completed (4 worker(s) in use)
13:07:24.787 [DEBUG] [org.gradle.internal.resources.AbstractTrackedResourceLock] Build operations Thread 4: released lock on root.1.9.99.107
13:07:24.787 [DEBUG] [org.gradle.internal.work.DefaultWorkerLeaseService] Worker lease root.1.9.99.105 completed (3 worker(s) in use)
13:07:24.787 [DEBUG] [org.gradle.internal.resources.AbstractTrackedResourceLock] Build operations Thread 8: released lock on root.1.9.99.105
13:07:24.787 [DEBUG] [org.gradle.internal.work.DefaultWorkerLeaseService] Worker lease root.1.9.99.106 completed (2 worker(s) in use)
13:07:24.787 [DEBUG] [org.gradle.internal.resources.AbstractTrackedResourceLock] Build operations Thread 6: released lock on root.1.9.99.106
13:07:24.787 [DEBUG] [org.gradle.internal.work.DefaultWorkerLeaseService] Worker lease root.1.9.99.103 completed (1 worker(s) in use)
13:07:24.787 [DEBUG] [org.gradle.internal.resources.AbstractTrackedResourceLock] Build operations Thread 3: released lock on root.1.9.99.103
13:07:24.787 [DEBUG] [org.gradle.internal.work.DefaultWorkerLeaseService] Worker lease root.1.9.99.102 started (2 worker(s) in use).
13:07:24.787 [DEBUG] [org.gradle.internal.resources.AbstractTrackedResourceLock] Build operations Thread 2: acquired lock on root.1.9.99.102
13:07:24.788 [DEBUG] [org.gradle.internal.work.DefaultWorkerLeaseService] Worker lease root.1.9.99.104 completed (1 worker(s) in use)
13:07:24.788 [DEBUG] [org.gradle.internal.resources.AbstractTrackedResourceLock] Build operations Thread 5: released lock on root.1.9.99.104
13:07:24.788 [DEBUG] [org.gradle.internal.operations.DefaultBuildOperationExecutor] Build operation 'Resolve spring-boot-test.jar (org.springframework.boot:spring-boot-test:1.5.4.RELEASE)' completed
13:07:24.788 [DEBUG] [org.gradle.internal.work.DefaultWorkerLeaseService] Worker lease root.1.9.99.102 completed (1 worker(s) in use)
13:07:24.788 [DEBUG] [org.gradle.internal.resources.AbstractTrackedResourceLock] Build operations Thread 2: released lock on root.1.9.99.102
13:07:24.652 [LIFECYCLE] [class org.gradle.internal.buildevents.TaskExecutionLogger] 
13:07:24.652 [LIFECYCLE] [class org.gradle.internal.buildevents.TaskExecutionLogger] > Task :compileTestJava UP-TO-DATE
13:07:24.652 [DEBUG] [org.gradle.internal.operations.DefaultBuildOperationExecutor] Build operation 'Task :compileTestJava' started
13:07:24.652 [DEBUG] [org.gradle.api.internal.tasks.execution.ExecuteAtMostOnceTaskExecuter] Starting to execute task ':compileTestJava'
13:07:24.652 [DEBUG] [org.gradle.api.internal.tasks.execution.ResolveTaskArtifactStateTaskExecuter] Putting task artifact state for task ':compileTestJava' into context took 0.0 secs.
13:07:24.653 [DEBUG] [org.gradle.api.internal.tasks.execution.SkipUpToDateTaskExecuter] Determining if task ':compileTestJava' is up-to-date
13:07:24.653 [DEBUG] [org.gradle.api.internal.changedetection.state.CacheBackedTaskHistoryRepository] Implementation for task ':compileTestJava': org.gradle.api.tasks.compile.JavaCompile_Decorated@82f9eb64cac75b78d32d56b7273d1766
13:07:24.653 [DEBUG] [org.gradle.api.internal.changedetection.state.CacheBackedTaskHistoryRepository] Action implementations for task ':compileTestJava': [org.springframework.boot.gradle.plugin.SpringBootPlugin$SetUtf8EncodingAction$1@13c38c0003926622656a9062be3d91ed, org.gradle.api.tasks.compile.JavaCompile_Decorated@82f9eb64cac75b78d32d56b7273d1766]
13:07:24.653 [DEBUG] [org.gradle.api.internal.changedetection.state.CacheBackedTaskHistoryRepository] Fingerprinting property classpath (CompileClasspath) for task ':compileTestJava'
13:07:24.653 [DEBUG] [org.gradle.internal.operations.DefaultBuildOperationExecutor] Build operation 'Resolve dependencies of :testCompileClasspath' started
13:07:24.653 [DEBUG] [io.spring.gradle.dependencymanagement.internal.ImplicitDependencyManagementCollector] Adding managed version in configuration 'testCompileClasspath' for dependency 'DefaultExternalModuleDependency{group='com.github.fakemongo', name='fongo', version='2.1.1', configuration='default'}'
13:07:24.653 [DEBUG] [io.spring.gradle.dependencymanagement.internal.ImplicitDependencyManagementCollector] Adding managed version in configuration 'testImplementation' for dependency 'DefaultExternalModuleDependency{group='com.github.fakemongo', name='fongo', version='2.1.1', configuration='default'}'
13:07:24.653 [DEBUG] [io.spring.gradle.dependencymanagement.internal.ImplicitDependencyManagementCollector] Adding managed version in configuration 'testCompile' for dependency 'DefaultExternalModuleDependency{group='com.github.fakemongo', name='fongo', version='2.1.1', configuration='default'}'
13:07:24.653 [DEBUG] [io.spring.gradle.dependencymanagement.internal.ImplicitDependencyManagementCollector] Adding managed version in configuration 'implementation' for dependency 'DefaultExternalModuleDependency{group='com.github.fakemongo', name='fongo', version='2.1.1', configuration='default'}'
13:07:24.653 [DEBUG] [io.spring.gradle.dependencymanagement.internal.ImplicitDependencyManagementCollector] Adding managed version in configuration 'compile' for dependency 'DefaultExternalModuleDependency{group='com.github.fakemongo', name='fongo', version='2.1.1', configuration='default'}'
13:07:24.653 [DEBUG] [org.gradle.internal.operations.DefaultBuildOperationExecutor] Build operation 'Resolve dependencies of :detachedConfiguration38' started
13:07:24.653 [DEBUG] [org.gradle.api.internal.artifacts.ivyservice.resolveengine.DefaultArtifactDependencyResolver] Resolving configuration ':detachedConfiguration38'
13:07:24.653 [DEBUG] [org.gradle.api.internal.artifacts.ivyservice.modulecache.ResolvedArtifactCaches] Reusing in-memory cache for repo 'MavenRepo' [f8e6315c37eb56998f7a5ba08e30db71].
13:07:24.654 [DEBUG] [org.gradle.api.internal.artifacts.ivyservice.resolveengine.graph.builder.DependencyGraphBuilder] Visiting configuration com.mindex:senior-code-challenge:0.0.1-SNAPSHOT(detachedConfiguration38).
13:07:24.654 [DEBUG] [io.spring.gradle.dependencymanagement.internal.VersionConfiguringAction] Processing dependency 'org.springframework.boot:spring-boot-starter-test:'
13:07:24.654 [INFO] [io.spring.gradle.dependencymanagement.internal.DependencyManagement] Resolving dependency management for configuration 'testCompileClasspath' of project 'senior-code-challenge'
13:07:24.654 [DEBUG] [io.spring.gradle.dependencymanagement.internal.DependencyManagement] Preserving existing versions: {com.github.fakemongo:fongo=2.1.1}
13:07:24.654 [DEBUG] [org.gradle.internal.operations.DefaultBuildOperationExecutor] Build operation 'Resolve dependencies of :detachedConfiguration39' started
13:07:24.654 [DEBUG] [org.gradle.internal.operations.DefaultBuildOperationExecutor] Completing Build operation 'Resolve dependencies of :detachedConfiguration39'
13:07:24.654 [DEBUG] [org.gradle.internal.operations.DefaultBuildOperationExecutor] Build operation 'Resolve dependencies of :detachedConfiguration39' completed
13:07:24.654 [INFO] [io.spring.gradle.dependencymanagement.internal.DependencyManagement] Resolving dependency management for configuration 'testCompileOnly' of project 'senior-code-challenge'
13:07:24.654 [DEBUG] [io.spring.gradle.dependencymanagement.internal.DependencyManagement] Preserving existing versions: {}
13:07:24.654 [DEBUG] [org.gradle.internal.operations.DefaultBuildOperationExecutor] Build operation 'Resolve dependencies of :detachedConfiguration40' started
13:07:24.654 [DEBUG] [org.gradle.internal.operations.DefaultBuildOperationExecutor] Completing Build operation 'Resolve dependencies of :detachedConfiguration40'
13:07:24.654 [DEBUG] [org.gradle.internal.operations.DefaultBuildOperationExecutor] Build operation 'Resolve dependencies of :detachedConfiguration40' completed
13:07:24.654 [INFO] [io.spring.gradle.dependencymanagement.internal.DependencyManagement] Resolving dependency management for configuration 'testImplementation' of project 'senior-code-challenge'
13:07:24.654 [DEBUG] [io.spring.gradle.dependencymanagement.internal.DependencyManagement] Preserving existing versions: {com.github.fakemongo:fongo=2.1.1}
13:07:24.654 [DEBUG] [org.gradle.internal.operations.DefaultBuildOperationExecutor] Build operation 'Resolve dependencies of :detachedConfiguration41' started
13:07:24.654 [DEBUG] [org.gradle.internal.operations.DefaultBuildOperationExecutor] Completing Build operation 'Resolve dependencies of :detachedConfiguration41'
13:07:24.654 [DEBUG] [org.gradle.internal.operations.DefaultBuildOperationExecutor] Build operation 'Resolve dependencies of :detachedConfiguration41' completed
13:07:24.654 [INFO] [io.spring.gradle.dependencymanagement.internal.DependencyManagement] Resolving dependency management for configuration 'testCompile' of project 'senior-code-challenge'
13:07:24.654 [DEBUG] [io.spring.gradle.dependencymanagement.internal.DependencyManagement] Preserving existing versions: {com.github.fakemongo:fongo=2.1.1}
13:07:24.655 [DEBUG] [org.gradle.internal.operations.DefaultBuildOperationExecutor] Build operation 'Resolve dependencies of :detachedConfiguration42' started
13:07:24.655 [DEBUG] [org.gradle.internal.operations.DefaultBuildOperationExecutor] Completing Build operation 'Resolve dependencies of :detachedConfiguration42'
13:07:24.655 [DEBUG] [org.gradle.internal.operations.DefaultBuildOperationExecutor] Build operation 'Resolve dependencies of :detachedConfiguration42' completed
13:07:24.655 [DEBUG] [io.spring.gradle.dependencymanagement.internal.DependencyManagementContainer] Found managed version '1.5.4.RELEASE' for dependency 'org.springframework.boot:spring-boot-starter-test' in global dependency management
13:07:24.655 [DEBUG] [io.spring.gradle.dependencymanagement.internal.VersionConfiguringAction] Using version '1.5.4.RELEASE' for dependency 'org.springframework.boot:spring-boot-starter-test:'
13:07:24.655 [DEBUG] [io.spring.gradle.dependencymanagement.internal.VersionConfiguringAction] Processing dependency 'org.springframework.boot:spring-boot-starter-web:'
13:07:24.655 [DEBUG] [io.spring.gradle.dependencymanagement.internal.DependencyManagementContainer] Found managed version '1.5.4.RELEASE' for dependency 'org.springframework.boot:spring-boot-starter-web' in global dependency management
13:07:24.655 [DEBUG] [io.spring.gradle.dependencymanagement.internal.VersionConfiguringAction] Using version '1.5.4.RELEASE' for dependency 'org.springframework.boot:spring-boot-starter-web:'
13:07:24.655 [DEBUG] [io.spring.gradle.dependencymanagement.internal.VersionConfiguringAction] Processing dependency 'org.springframework.boot:spring-boot-starter-data-mongodb:'
13:07:24.655 [DEBUG] [io.spring.gradle.dependencymanagement.internal.DependencyManagementContainer] Found managed version '1.5.4.RELEASE' for dependency 'org.springframework.boot:spring-boot-starter-data-mongodb' in global dependency management
13:07:24.655 [DEBUG] [io.spring.gradle.dependencymanagement.internal.VersionConfiguringAction] Using version '1.5.4.RELEASE' for dependency 'org.springframework.boot:spring-boot-starter-data-mongodb:'
13:07:24.655 [DEBUG] [io.spring.gradle.dependencymanagement.internal.VersionConfiguringAction] Processing dependency 'com.github.fakemongo:fongo:2.1.1'
13:07:24.655 [DEBUG] [io.spring.gradle.dependencymanagement.internal.DependencyManagementContainer] Found managed version '2.1.1' for dependency 'com.github.fakemongo:fongo' in dependency management for configuration 'testCompileClasspath'
13:07:24.655 [DEBUG] [io.spring.gradle.dependencymanagement.internal.VersionConfiguringAction] Using version '2.1.1' for dependency 'com.github.fakemongo:fongo:2.1.1'
13:07:24.655 [DEBUG] [org.gradle.api.internal.artifacts.ivyservice.ivyresolve.RepositoryChainComponentMetaDataResolver] Attempting to resolve component for org.springframework.boot:spring-boot-starter-test:1.5.4.RELEASE using repositories [MavenRepo]
13:07:24.655 [DEBUG] [org.gradle.api.internal.artifacts.ivyservice.ivyresolve.CachingModuleComponentRepository] Using cached module metadata for module 'org.springframework.boot:spring-boot-starter-test:1.5.4.RELEASE' in 'MavenRepo'
13:07:24.656 [DEBUG] [org.gradle.api.internal.artifacts.ivyservice.ivyresolve.RepositoryChainComponentMetaDataResolver] Using org.springframework.boot:spring-boot-starter-test:1.5.4.RELEASE from Maven repository 'MavenRepo'
13:07:24.656 [DEBUG] [org.gradle.api.internal.artifacts.ivyservice.ivyresolve.RepositoryChainComponentMetaDataResolver] Attempting to resolve component for org.springframework.boot:spring-boot-starter-web:1.5.4.RELEASE using repositories [MavenRepo]
13:07:24.656 [DEBUG] [org.gradle.api.internal.artifacts.ivyservice.ivyresolve.CachingModuleComponentRepository] Using cached module metadata for module 'org.springframework.boot:spring-boot-starter-web:1.5.4.RELEASE' in 'MavenRepo'
13:07:24.656 [DEBUG] [org.gradle.api.internal.artifacts.ivyservice.ivyresolve.RepositoryChainComponentMetaDataResolver] Using org.springframework.boot:spring-boot-starter-web:1.5.4.RELEASE from Maven repository 'MavenRepo'
13:07:24.656 [DEBUG] [org.gradle.api.internal.artifacts.ivyservice.ivyresolve.RepositoryChainComponentMetaDataResolver] Attempting to resolve component for org.springframework.boot:spring-boot-starter-data-mongodb:1.5.4.RELEASE using repositories [MavenRepo]
13:07:24.656 [DEBUG] [org.gradle.api.internal.artifacts.ivyservice.ivyresolve.CachingModuleComponentRepository] Using cached module metadata for module 'org.springframework.boot:spring-boot-starter-data-mongodb:1.5.4.RELEASE' in 'MavenRepo'
13:07:24.656 [DEBUG] [org.gradle.api.internal.artifacts.ivyservice.ivyresolve.RepositoryChainComponentMetaDataResolver] Using org.springframework.boot:spring-boot-starter-data-mongodb:1.5.4.RELEASE from Maven repository 'MavenRepo'
13:07:24.656 [DEBUG] [org.gradle.api.internal.artifacts.ivyservice.ivyresolve.RepositoryChainComponentMetaDataResolver] Attempting to resolve component for com.github.fakemongo:fongo:2.1.1 using repositories [MavenRepo]
13:07:24.656 [DEBUG] [org.gradle.api.internal.artifacts.ivyservice.ivyresolve.CachingModuleComponentRepository] Using cached module metadata for module 'com.github.fakemongo:fongo:2.1.1' in 'MavenRepo'
13:07:24.656 [DEBUG] [org.gradle.api.internal.artifacts.ivyservice.ivyresolve.RepositoryChainComponentMetaDataResolver] Using com.github.fakemongo:fongo:2.1.1 from Maven repository 'MavenRepo'
13:07:24.656 [DEBUG] [org.gradle.api.internal.artifacts.ivyservice.resolveengine.graph.builder.DependencyGraphBuilder] Visiting configuration org.springframework.boot:spring-boot-starter-test:1.5.4.RELEASE(default).
13:07:24.656 [DEBUG] [io.spring.gradle.dependencymanagement.internal.VersionConfiguringAction] Processing dependency 'org.springframework.boot:spring-boot-test:1.5.4.RELEASE'
13:07:24.656 [DEBUG] [io.spring.gradle.dependencymanagement.internal.DependencyManagementContainer] Found managed version '1.5.4.RELEASE' for dependency 'org.springframework.boot:spring-boot-test' in global dependency management
13:07:24.656 [DEBUG] [io.spring.gradle.dependencymanagement.internal.VersionConfiguringAction] Using version '1.5.4.RELEASE' for dependency 'org.springframework.boot:spring-boot-test:1.5.4.RELEASE'
13:07:24.656 [DEBUG] [io.spring.gradle.dependencymanagement.internal.VersionConfiguringAction] Processing dependency 'org.springframework.boot:spring-boot-test-autoconfigure:1.5.4.RELEASE'
13:07:24.656 [DEBUG] [io.spring.gradle.dependencymanagement.internal.DependencyManagementContainer] Found managed version '1.5.4.RELEASE' for dependency 'org.springframework.boot:spring-boot-test-autoconfigure' in global dependency management
13:07:24.656 [DEBUG] [io.spring.gradle.dependencymanagement.internal.VersionConfiguringAction] Using version '1.5.4.RELEASE' for dependency 'org.springframework.boot:spring-boot-test-autoconfigure:1.5.4.RELEASE'
13:07:24.656 [DEBUG] [io.spring.gradle.dependencymanagement.internal.VersionConfiguringAction] Processing dependency 'com.jayway.jsonpath:json-path:2.2.0'
13:07:24.656 [DEBUG] [io.spring.gradle.dependencymanagement.internal.DependencyManagementContainer] Found managed version '2.2.0' for dependency 'com.jayway.jsonpath:json-path' in global dependency management
13:07:24.656 [DEBUG] [io.spring.gradle.dependencymanagement.internal.VersionConfiguringAction] Using version '2.2.0' for dependency 'com.jayway.jsonpath:json-path:2.2.0'
13:07:24.656 [DEBUG] [io.spring.gradle.dependencymanagement.internal.VersionConfiguringAction] Processing dependency 'junit:junit:4.12'
13:07:24.657 [DEBUG] [io.spring.gradle.dependencymanagement.internal.DependencyManagementContainer] Found managed version '4.12' for dependency 'junit:junit' in global dependency management
13:07:24.657 [DEBUG] [io.spring.gradle.dependencymanagement.internal.VersionConfiguringAction] Using version '4.12' for dependency 'junit:junit:4.12'
13:07:24.657 [DEBUG] [io.spring.gradle.dependencymanagement.internal.VersionConfiguringAction] Processing dependency 'org.assertj:assertj-core:2.6.0'
13:07:24.657 [DEBUG] [io.spring.gradle.dependencymanagement.internal.DependencyManagementContainer] Found managed version '2.6.0' for dependency 'org.assertj:assertj-core' in global dependency management
13:07:24.657 [DEBUG] [io.spring.gradle.dependencymanagement.internal.VersionConfiguringAction] Using version '2.6.0' for dependency 'org.assertj:assertj-core:2.6.0'
13:07:24.657 [DEBUG] [io.spring.gradle.dependencymanagement.internal.VersionConfiguringAction] Processing dependency 'org.mockito:mockito-core:1.10.19'
13:07:24.657 [DEBUG] [io.spring.gradle.dependencymanagement.internal.DependencyManagementContainer] Found managed version '1.10.19' for dependency 'org.mockito:mockito-core' in global dependency management
13:07:24.657 [DEBUG] [io.spring.gradle.dependencymanagement.internal.VersionConfiguringAction] Using version '1.10.19' for dependency 'org.mockito:mockito-core:1.10.19'
13:07:24.657 [DEBUG] [io.spring.gradle.dependencymanagement.internal.VersionConfiguringAction] Processing dependency 'org.hamcrest:hamcrest-core:1.3'
13:07:24.657 [DEBUG] [io.spring.gradle.dependencymanagement.internal.DependencyManagementContainer] Found managed version '1.3' for dependency 'org.hamcrest:hamcrest-core' in global dependency management
13:07:24.657 [DEBUG] [io.spring.gradle.dependencymanagement.internal.VersionConfiguringAction] Using version '1.3' for dependency 'org.hamcrest:hamcrest-core:1.3'
13:07:24.657 [DEBUG] [io.spring.gradle.dependencymanagement.internal.VersionConfiguringAction] Processing dependency 'org.hamcrest:hamcrest-library:1.3'
13:07:24.657 [DEBUG] [io.spring.gradle.dependencymanagement.internal.DependencyManagementContainer] Found managed version '1.3' for dependency 'org.hamcrest:hamcrest-library' in global dependency management
13:07:24.657 [DEBUG] [io.spring.gradle.dependencymanagement.internal.VersionConfiguringAction] Using version '1.3' for dependency 'org.hamcrest:hamcrest-library:1.3'
13:07:24.657 [DEBUG] [io.spring.gradle.dependencymanagement.internal.VersionConfiguringAction] Processing dependency 'org.skyscreamer:jsonassert:1.4.0'
13:07:24.657 [DEBUG] [io.spring.gradle.dependencymanagement.internal.DependencyManagementContainer] Found managed version '1.4.0' for dependency 'org.skyscreamer:jsonassert' in global dependency management
13:07:24.657 [DEBUG] [io.spring.gradle.dependencymanagement.internal.VersionConfiguringAction] Using version '1.4.0' for dependency 'org.skyscreamer:jsonassert:1.4.0'
13:07:24.657 [DEBUG] [io.spring.gradle.dependencymanagement.internal.VersionConfiguringAction] Processing dependency 'org.springframework:spring-core:4.3.9.RELEASE'
13:07:24.657 [DEBUG] [io.spring.gradle.dependencymanagement.internal.DependencyManagementContainer] Found managed version '4.3.9.RELEASE' for dependency 'org.springframework:spring-core' in global dependency management
13:07:24.657 [DEBUG] [io.spring.gradle.dependencymanagement.internal.VersionConfiguringAction] Using version '4.3.9.RELEASE' for dependency 'org.springframework:spring-core:4.3.9.RELEASE'
13:07:24.657 [DEBUG] [io.spring.gradle.dependencymanagement.internal.VersionConfiguringAction] Processing dependency 'org.springframework:spring-test:4.3.9.RELEASE'
13:07:24.657 [DEBUG] [io.spring.gradle.dependencymanagement.internal.DependencyManagementContainer] Found managed version '4.3.9.RELEASE' for dependency 'org.springframework:spring-test' in global dependency management
13:07:24.657 [DEBUG] [io.spring.gradle.dependencymanagement.internal.VersionConfiguringAction] Using version '4.3.9.RELEASE' for dependency 'org.springframework:spring-test:4.3.9.RELEASE'
13:07:24.658 [DEBUG] [org.gradle.api.internal.artifacts.ivyservice.ivyresolve.RepositoryChainComponentMetaDataResolver] Attempting to resolve component for org.springframework.boot:spring-boot-test:1.5.4.RELEASE using repositories [MavenRepo]
13:07:24.658 [DEBUG] [org.gradle.api.internal.artifacts.ivyservice.ivyresolve.CachingModuleComponentRepository] Using cached module metadata for module 'org.springframework.boot:spring-boot-test:1.5.4.RELEASE' in 'MavenRepo'
13:07:24.658 [DEBUG] [org.gradle.api.internal.artifacts.ivyservice.ivyresolve.RepositoryChainComponentMetaDataResolver] Using org.springframework.boot:spring-boot-test:1.5.4.RELEASE from Maven repository 'MavenRepo'
13:07:24.658 [DEBUG] [org.gradle.api.internal.artifacts.ivyservice.ivyresolve.RepositoryChainComponentMetaDataResolver] Attempting to resolve component for org.springframework.boot:spring-boot-test-autoconfigure:1.5.4.RELEASE using repositories [MavenRepo]
13:07:24.658 [DEBUG] [org.gradle.api.internal.artifacts.ivyservice.ivyresolve.CachingModuleComponentRepository] Using cached module metadata for module 'org.springframework.boot:spring-boot-test-autoconfigure:1.5.4.RELEASE' in 'MavenRepo'
13:07:24.658 [DEBUG] [org.gradle.api.internal.artifacts.ivyservice.ivyresolve.RepositoryChainComponentMetaDataResolver] Using org.springframework.boot:spring-boot-test-autoconfigure:1.5.4.RELEASE from Maven repository 'MavenRepo'
13:07:24.658 [DEBUG] [org.gradle.api.internal.artifacts.ivyservice.ivyresolve.RepositoryChainComponentMetaDataResolver] Attempting to resolve component for com.jayway.jsonpath:json-path:2.2.0 using repositories [MavenRepo]
13:07:24.658 [DEBUG] [org.gradle.api.internal.artifacts.ivyservice.ivyresolve.CachingModuleComponentRepository] Using cached module metadata for module 'com.jayway.jsonpath:json-path:2.2.0' in 'MavenRepo'
13:07:24.658 [DEBUG] [org.gradle.api.internal.artifacts.ivyservice.ivyresolve.RepositoryChainComponentMetaDataResolver] Using com.jayway.jsonpath:json-path:2.2.0 from Maven repository 'MavenRepo'
13:07:24.658 [DEBUG] [org.gradle.api.internal.artifacts.ivyservice.ivyresolve.RepositoryChainComponentMetaDataResolver] Attempting to resolve component for junit:junit:4.12 using repositories [MavenRepo]
13:07:24.659 [DEBUG] [org.gradle.api.internal.artifacts.ivyservice.ivyresolve.CachingModuleComponentRepository] Using cached module metadata for module 'junit:junit:4.12' in 'MavenRepo'
13:07:24.659 [DEBUG] [org.gradle.api.internal.artifacts.ivyservice.ivyresolve.RepositoryChainComponentMetaDataResolver] Using junit:junit:4.12 from Maven repository 'MavenRepo'
13:07:24.659 [DEBUG] [org.gradle.api.internal.artifacts.ivyservice.ivyresolve.RepositoryChainComponentMetaDataResolver] Attempting to resolve component for org.assertj:assertj-core:2.6.0 using repositories [MavenRepo]
13:07:24.659 [DEBUG] [org.gradle.api.internal.artifacts.ivyservice.ivyresolve.CachingModuleComponentRepository] Using cached module metadata for module 'org.assertj:assertj-core:2.6.0' in 'MavenRepo'
13:07:24.659 [DEBUG] [org.gradle.api.internal.artifacts.ivyservice.ivyresolve.RepositoryChainComponentMetaDataResolver] Using org.assertj:assertj-core:2.6.0 from Maven repository 'MavenRepo'
13:07:24.659 [DEBUG] [org.gradle.api.internal.artifacts.ivyservice.ivyresolve.RepositoryChainComponentMetaDataResolver] Attempting to resolve component for org.mockito:mockito-core:1.10.19 using repositories [MavenRepo]
13:07:24.659 [DEBUG] [org.gradle.api.internal.artifacts.ivyservice.ivyresolve.CachingModuleComponentRepository] Using cached module metadata for module 'org.mockito:mockito-core:1.10.19' in 'MavenRepo'
13:07:24.659 [DEBUG] [org.gradle.api.internal.artifacts.ivyservice.ivyresolve.RepositoryChainComponentMetaDataResolver] Using org.mockito:mockito-core:1.10.19 from Maven repository 'MavenRepo'
13:07:24.659 [DEBUG] [org.gradle.api.internal.artifacts.ivyservice.ivyresolve.RepositoryChainComponentMetaDataResolver] Attempting to resolve component for org.hamcrest:hamcrest-core:1.3 using repositories [MavenRepo]
13:07:24.659 [DEBUG] [org.gradle.api.internal.artifacts.ivyservice.ivyresolve.CachingModuleComponentRepository] Using cached module metadata for module 'org.hamcrest:hamcrest-core:1.3' in 'MavenRepo'
13:07:24.659 [DEBUG] [org.gradle.api.internal.artifacts.ivyservice.ivyresolve.RepositoryChainComponentMetaDataResolver] Using org.hamcrest:hamcrest-core:1.3 from Maven repository 'MavenRepo'
13:07:24.659 [DEBUG] [org.gradle.api.internal.artifacts.ivyservice.ivyresolve.RepositoryChainComponentMetaDataResolver] Attempting to resolve component for org.hamcrest:hamcrest-library:1.3 using repositories [MavenRepo]
13:07:24.659 [DEBUG] [org.gradle.api.internal.artifacts.ivyservice.ivyresolve.CachingModuleComponentRepository] Using cached module metadata for module 'org.hamcrest:hamcrest-library:1.3' in 'MavenRepo'
13:07:24.659 [DEBUG] [org.gradle.api.internal.artifacts.ivyservice.ivyresolve.RepositoryChainComponentMetaDataResolver] Using org.hamcrest:hamcrest-library:1.3 from Maven repository 'MavenRepo'
13:07:24.659 [DEBUG] [org.gradle.api.internal.artifacts.ivyservice.ivyresolve.RepositoryChainComponentMetaDataResolver] Attempting to resolve component for org.skyscreamer:jsonassert:1.4.0 using repositories [MavenRepo]
13:07:24.659 [DEBUG] [org.gradle.api.internal.artifacts.ivyservice.ivyresolve.CachingModuleComponentRepository] Using cached module metadata for module 'org.skyscreamer:jsonassert:1.4.0' in 'MavenRepo'
13:07:24.659 [DEBUG] [org.gradle.api.internal.artifacts.ivyservice.ivyresolve.RepositoryChainComponentMetaDataResolver] Using org.skyscreamer:jsonassert:1.4.0 from Maven repository 'MavenRepo'
13:07:24.659 [DEBUG] [org.gradle.api.internal.artifacts.ivyservice.ivyresolve.RepositoryChainComponentMetaDataResolver] Attempting to resolve component for org.springframework:spring-core:4.3.9.RELEASE using repositories [MavenRepo]
13:07:24.659 [DEBUG] [org.gradle.api.internal.artifacts.ivyservice.ivyresolve.CachingModuleComponentRepository] Using cached module metadata for module 'org.springframework:spring-core:4.3.9.RELEASE' in 'MavenRepo'
13:07:24.659 [DEBUG] [org.gradle.api.internal.artifacts.ivyservice.ivyresolve.RepositoryChainComponentMetaDataResolver] Using org.springframework:spring-core:4.3.9.RELEASE from Maven repository 'MavenRepo'
13:07:24.659 [DEBUG] [org.gradle.api.internal.artifacts.ivyservice.ivyresolve.RepositoryChainComponentMetaDataResolver] Attempting to resolve component for org.springframework:spring-test:4.3.9.RELEASE using repositories [MavenRepo]
13:07:24.659 [DEBUG] [org.gradle.api.internal.artifacts.ivyservice.ivyresolve.CachingModuleComponentRepository] Using cached module metadata for module 'org.springframework:spring-test:4.3.9.RELEASE' in 'MavenRepo'
13:07:24.659 [DEBUG] [org.gradle.api.internal.artifacts.ivyservice.ivyresolve.RepositoryChainComponentMetaDataResolver] Using org.springframework:spring-test:4.3.9.RELEASE from Maven repository 'MavenRepo'
13:07:24.659 [DEBUG] [org.gradle.api.internal.artifacts.ivyservice.resolveengine.graph.builder.DependencyGraphBuilder] Visiting configuration org.springframework.boot:spring-boot-starter-web:1.5.4.RELEASE(default).
13:07:24.659 [DEBUG] [io.spring.gradle.dependencymanagement.internal.VersionConfiguringAction] Processing dependency 'org.springframework.boot:spring-boot-starter:1.5.4.RELEASE'
13:07:24.659 [DEBUG] [io.spring.gradle.dependencymanagement.internal.DependencyManagementContainer] Found managed version '1.5.4.RELEASE' for dependency 'org.springframework.boot:spring-boot-starter' in global dependency management
13:07:24.659 [DEBUG] [io.spring.gradle.dependencymanagement.internal.VersionConfiguringAction] Using version '1.5.4.RELEASE' for dependency 'org.springframework.boot:spring-boot-starter:1.5.4.RELEASE'
13:07:24.659 [DEBUG] [io.spring.gradle.dependencymanagement.internal.VersionConfiguringAction] Processing dependency 'org.springframework.boot:spring-boot-starter-tomcat:1.5.4.RELEASE'
13:07:24.660 [DEBUG] [io.spring.gradle.dependencymanagement.internal.DependencyManagementContainer] Found managed version '1.5.4.RELEASE' for dependency 'org.springframework.boot:spring-boot-starter-tomcat' in global dependency management
13:07:24.660 [DEBUG] [io.spring.gradle.dependencymanagement.internal.VersionConfiguringAction] Using version '1.5.4.RELEASE' for dependency 'org.springframework.boot:spring-boot-starter-tomcat:1.5.4.RELEASE'
13:07:24.660 [DEBUG] [io.spring.gradle.dependencymanagement.internal.VersionConfiguringAction] Processing dependency 'org.hibernate:hibernate-validator:5.3.5.Final'
13:07:24.660 [DEBUG] [io.spring.gradle.dependencymanagement.internal.DependencyManagementContainer] Found managed version '5.3.5.Final' for dependency 'org.hibernate:hibernate-validator' in global dependency management
13:07:24.660 [DEBUG] [io.spring.gradle.dependencymanagement.internal.VersionConfiguringAction] Using version '5.3.5.Final' for dependency 'org.hibernate:hibernate-validator:5.3.5.Final'
13:07:24.660 [DEBUG] [io.spring.gradle.dependencymanagement.internal.VersionConfiguringAction] Processing dependency 'com.fasterxml.jackson.core:jackson-databind:2.8.8'
13:07:24.660 [DEBUG] [io.spring.gradle.dependencymanagement.internal.DependencyManagementContainer] Found managed version '2.8.8' for dependency 'com.fasterxml.jackson.core:jackson-databind' in global dependency management
13:07:24.660 [DEBUG] [io.spring.gradle.dependencymanagement.internal.VersionConfiguringAction] Using version '2.8.8' for dependency 'com.fasterxml.jackson.core:jackson-databind:2.8.8'
13:07:24.660 [DEBUG] [io.spring.gradle.dependencymanagement.internal.VersionConfiguringAction] Processing dependency 'org.springframework:spring-web:4.3.9.RELEASE'
13:07:24.660 [DEBUG] [io.spring.gradle.dependencymanagement.internal.DependencyManagementContainer] Found managed version '4.3.9.RELEASE' for dependency 'org.springframework:spring-web' in global dependency management
13:07:24.660 [DEBUG] [io.spring.gradle.dependencymanagement.internal.VersionConfiguringAction] Using version '4.3.9.RELEASE' for dependency 'org.springframework:spring-web:4.3.9.RELEASE'
13:07:24.660 [DEBUG] [io.spring.gradle.dependencymanagement.internal.VersionConfiguringAction] Processing dependency 'org.springframework:spring-webmvc:4.3.9.RELEASE'
13:07:24.660 [DEBUG] [io.spring.gradle.dependencymanagement.internal.DependencyManagementContainer] Found managed version '4.3.9.RELEASE' for dependency 'org.springframework:spring-webmvc' in global dependency management
13:07:24.660 [DEBUG] [io.spring.gradle.dependencymanagement.internal.VersionConfiguringAction] Using version '4.3.9.RELEASE' for dependency 'org.springframework:spring-webmvc:4.3.9.RELEASE'
13:07:24.660 [DEBUG] [org.gradle.api.internal.artifacts.ivyservice.ivyresolve.RepositoryChainComponentMetaDataResolver] Attempting to resolve component for org.springframework.boot:spring-boot-starter:1.5.4.RELEASE using repositories [MavenRepo]
13:07:24.660 [DEBUG] [org.gradle.api.internal.artifacts.ivyservice.ivyresolve.CachingModuleComponentRepository] Using cached module metadata for module 'org.springframework.boot:spring-boot-starter:1.5.4.RELEASE' in 'MavenRepo'
13:07:24.660 [DEBUG] [org.gradle.api.internal.artifacts.ivyservice.ivyresolve.RepositoryChainComponentMetaDataResolver] Using org.springframework.boot:spring-boot-starter:1.5.4.RELEASE from Maven repository 'MavenRepo'
13:07:24.660 [DEBUG] [org.gradle.api.internal.artifacts.ivyservice.ivyresolve.RepositoryChainComponentMetaDataResolver] Attempting to resolve component for org.springframework.boot:spring-boot-starter-tomcat:1.5.4.RELEASE using repositories [MavenRepo]
13:07:24.660 [DEBUG] [org.gradle.api.internal.artifacts.ivyservice.ivyresolve.CachingModuleComponentRepository] Using cached module metadata for module 'org.springframework.boot:spring-boot-starter-tomcat:1.5.4.RELEASE' in 'MavenRepo'
13:07:24.660 [DEBUG] [org.gradle.api.internal.artifacts.ivyservice.ivyresolve.RepositoryChainComponentMetaDataResolver] Using org.springframework.boot:spring-boot-starter-tomcat:1.5.4.RELEASE from Maven repository 'MavenRepo'
13:07:24.660 [DEBUG] [org.gradle.api.internal.artifacts.ivyservice.ivyresolve.RepositoryChainComponentMetaDataResolver] Attempting to resolve component for org.hibernate:hibernate-validator:5.3.5.Final using repositories [MavenRepo]
13:07:24.660 [DEBUG] [org.gradle.api.internal.artifacts.ivyservice.ivyresolve.CachingModuleComponentRepository] Using cached module metadata for module 'org.hibernate:hibernate-validator:5.3.5.Final' in 'MavenRepo'
13:07:24.660 [DEBUG] [org.gradle.api.internal.artifacts.ivyservice.ivyresolve.RepositoryChainComponentMetaDataResolver] Using org.hibernate:hibernate-validator:5.3.5.Final from Maven repository 'MavenRepo'
13:07:24.661 [DEBUG] [org.gradle.api.internal.artifacts.ivyservice.ivyresolve.RepositoryChainComponentMetaDataResolver] Attempting to resolve component for com.fasterxml.jackson.core:jackson-databind:2.8.8 using repositories [MavenRepo]
13:07:24.661 [DEBUG] [org.gradle.api.internal.artifacts.ivyservice.ivyresolve.CachingModuleComponentRepository] Using cached module metadata for module 'com.fasterxml.jackson.core:jackson-databind:2.8.8' in 'MavenRepo'
13:07:24.661 [DEBUG] [org.gradle.api.internal.artifacts.ivyservice.ivyresolve.RepositoryChainComponentMetaDataResolver] Using com.fasterxml.jackson.core:jackson-databind:2.8.8 from Maven repository 'MavenRepo'
13:07:24.661 [DEBUG] [org.gradle.api.internal.artifacts.ivyservice.ivyresolve.RepositoryChainComponentMetaDataResolver] Attempting to resolve component for org.springframework:spring-web:4.3.9.RELEASE using repositories [MavenRepo]
13:07:24.661 [DEBUG] [org.gradle.api.internal.artifacts.ivyservice.ivyresolve.CachingModuleComponentRepository] Using cached module metadata for module 'org.springframework:spring-web:4.3.9.RELEASE' in 'MavenRepo'
13:07:24.661 [DEBUG] [org.gradle.api.internal.artifacts.ivyservice.ivyresolve.RepositoryChainComponentMetaDataResolver] Using org.springframework:spring-web:4.3.9.RELEASE from Maven repository 'MavenRepo'
13:07:24.661 [DEBUG] [org.gradle.api.internal.artifacts.ivyservice.ivyresolve.RepositoryChainComponentMetaDataResolver] Attempting to resolve component for org.springframework:spring-webmvc:4.3.9.RELEASE using repositories [MavenRepo]
13:07:24.661 [DEBUG] [org.gradle.api.internal.artifacts.ivyservice.ivyresolve.CachingModuleComponentRepository] Using cached module metadata for module 'org.springframework:spring-webmvc:4.3.9.RELEASE' in 'MavenRepo'
13:07:24.661 [DEBUG] [org.gradle.api.internal.artifacts.ivyservice.ivyresolve.RepositoryChainComponentMetaDataResolver] Using org.springframework:spring-webmvc:4.3.9.RELEASE from Maven repository 'MavenRepo'
13:07:24.661 [DEBUG] [org.gradle.api.internal.artifacts.ivyservice.resolveengine.graph.builder.DependencyGraphBuilder] Visiting configuration org.springframework.boot:spring-boot-starter-data-mongodb:1.5.4.RELEASE(default).
13:07:24.661 [DEBUG] [io.spring.gradle.dependencymanagement.internal.VersionConfiguringAction] Processing dependency 'org.mongodb:mongodb-driver:3.4.2'
13:07:24.661 [DEBUG] [io.spring.gradle.dependencymanagement.internal.DependencyManagementContainer] Found managed version '3.4.2' for dependency 'org.mongodb:mongodb-driver' in global dependency management
13:07:24.661 [DEBUG] [io.spring.gradle.dependencymanagement.internal.VersionConfiguringAction] Using version '3.4.2' for dependency 'org.mongodb:mongodb-driver:3.4.2'
13:07:24.661 [DEBUG] [io.spring.gradle.dependencymanagement.internal.VersionConfiguringAction] Processing dependency 'org.springframework.data:spring-data-mongodb:1.10.4.RELEASE'
13:07:24.661 [DEBUG] [io.spring.gradle.dependencymanagement.internal.DependencyManagementContainer] Found managed version '1.10.4.RELEASE' for dependency 'org.springframework.data:spring-data-mongodb' in global dependency management
13:07:24.661 [DEBUG] [io.spring.gradle.dependencymanagement.internal.VersionConfiguringAction] Using version '1.10.4.RELEASE' for dependency 'org.springframework.data:spring-data-mongodb:1.10.4.RELEASE'
13:07:24.661 [DEBUG] [org.gradle.api.internal.artifacts.ivyservice.ivyresolve.RepositoryChainComponentMetaDataResolver] Attempting to resolve component for org.mongodb:mongodb-driver:3.4.2 using repositories [MavenRepo]
13:07:24.661 [DEBUG] [org.gradle.api.internal.artifacts.ivyservice.ivyresolve.CachingModuleComponentRepository] Using cached module metadata for module 'org.mongodb:mongodb-driver:3.4.2' in 'MavenRepo'
13:07:24.661 [DEBUG] [org.gradle.api.internal.artifacts.ivyservice.ivyresolve.RepositoryChainComponentMetaDataResolver] Using org.mongodb:mongodb-driver:3.4.2 from Maven repository 'MavenRepo'
13:07:24.661 [DEBUG] [org.gradle.api.internal.artifacts.ivyservice.ivyresolve.RepositoryChainComponentMetaDataResolver] Attempting to resolve component for org.springframework.data:spring-data-mongodb:1.10.4.RELEASE using repositories [MavenRepo]
13:07:24.661 [DEBUG] [org.gradle.api.internal.artifacts.ivyservice.ivyresolve.CachingModuleComponentRepository] Using cached module metadata for module 'org.springframework.data:spring-data-mongodb:1.10.4.RELEASE' in 'MavenRepo'
13:07:24.661 [DEBUG] [org.gradle.api.internal.artifacts.ivyservice.ivyresolve.RepositoryChainComponentMetaDataResolver] Using org.springframework.data:spring-data-mongodb:1.10.4.RELEASE from Maven repository 'MavenRepo'
13:07:24.661 [DEBUG] [org.gradle.api.internal.artifacts.ivyservice.resolveengine.graph.builder.DependencyGraphBuilder] Visiting configuration com.github.fakemongo:fongo:2.1.1(default).
13:07:24.661 [DEBUG] [io.spring.gradle.dependencymanagement.internal.VersionConfiguringAction] Processing dependency 'org.mozilla:rhino:1.7.7.1'
13:07:24.661 [DEBUG] [io.spring.gradle.dependencymanagement.internal.VersionConfiguringAction] No dependency management for dependency 'org.mozilla:rhino:1.7.7.1'
13:07:24.661 [DEBUG] [io.spring.gradle.dependencymanagement.internal.VersionConfiguringAction] Processing dependency 'com.vividsolutions:jts:1.13'
13:07:24.662 [DEBUG] [io.spring.gradle.dependencymanagement.internal.VersionConfiguringAction] No dependency management for dependency 'com.vividsolutions:jts:1.13'
13:07:24.662 [DEBUG] [io.spring.gradle.dependencymanagement.internal.VersionConfiguringAction] Processing dependency 'de.grundid.opendatalab:geojson-jackson:1.2'
13:07:24.662 [DEBUG] [io.spring.gradle.dependencymanagement.internal.VersionConfiguringAction] No dependency management for dependency 'de.grundid.opendatalab:geojson-jackson:1.2'
13:07:24.662 [DEBUG] [org.gradle.api.internal.artifacts.ivyservice.ivyresolve.RepositoryChainComponentMetaDataResolver] Attempting to resolve component for org.mozilla:rhino:1.7.7.1 using repositories [MavenRepo]
13:07:24.662 [DEBUG] [org.gradle.api.internal.artifacts.ivyservice.ivyresolve.CachingModuleComponentRepository] Using cached module metadata for module 'org.mozilla:rhino:1.7.7.1' in 'MavenRepo'
13:07:24.662 [DEBUG] [org.gradle.api.internal.artifacts.ivyservice.ivyresolve.RepositoryChainComponentMetaDataResolver] Using org.mozilla:rhino:1.7.7.1 from Maven repository 'MavenRepo'
13:07:24.662 [DEBUG] [org.gradle.api.internal.artifacts.ivyservice.ivyresolve.RepositoryChainComponentMetaDataResolver] Attempting to resolve component for com.vividsolutions:jts:1.13 using repositories [MavenRepo]
13:07:24.662 [DEBUG] [org.gradle.api.internal.artifacts.ivyservice.ivyresolve.CachingModuleComponentRepository] Using cached module metadata for module 'com.vividsolutions:jts:1.13' in 'MavenRepo'
13:07:24.662 [DEBUG] [org.gradle.api.internal.artifacts.ivyservice.ivyresolve.RepositoryChainComponentMetaDataResolver] Using com.vividsolutions:jts:1.13 from Maven repository 'MavenRepo'
13:07:24.662 [DEBUG] [org.gradle.api.internal.artifacts.ivyservice.ivyresolve.RepositoryChainComponentMetaDataResolver] Attempting to resolve component for de.grundid.opendatalab:geojson-jackson:1.2 using repositories [MavenRepo]
13:07:24.662 [DEBUG] [org.gradle.api.internal.artifacts.ivyservice.ivyresolve.CachingModuleComponentRepository] Using cached module metadata for module 'de.grundid.opendatalab:geojson-jackson:1.2' in 'MavenRepo'
13:07:24.662 [DEBUG] [org.gradle.api.internal.artifacts.ivyservice.ivyresolve.RepositoryChainComponentMetaDataResolver] Using de.grundid.opendatalab:geojson-jackson:1.2 from Maven repository 'MavenRepo'
13:07:24.662 [DEBUG] [org.gradle.api.internal.artifacts.ivyservice.resolveengine.graph.builder.DependencyGraphBuilder] Visiting configuration org.springframework.boot:spring-boot-test:1.5.4.RELEASE(runtime).
13:07:24.662 [DEBUG] [io.spring.gradle.dependencymanagement.internal.VersionConfiguringAction] Processing dependency 'org.springframework.boot:spring-boot:1.5.4.RELEASE'
13:07:24.662 [DEBUG] [io.spring.gradle.dependencymanagement.internal.DependencyManagementContainer] Found managed version '1.5.4.RELEASE' for dependency 'org.springframework.boot:spring-boot' in global dependency management
13:07:24.662 [DEBUG] [io.spring.gradle.dependencymanagement.internal.VersionConfiguringAction] Using version '1.5.4.RELEASE' for dependency 'org.springframework.boot:spring-boot:1.5.4.RELEASE'
13:07:24.662 [DEBUG] [org.gradle.api.internal.artifacts.ivyservice.ivyresolve.RepositoryChainComponentMetaDataResolver] Attempting to resolve component for org.springframework.boot:spring-boot:1.5.4.RELEASE using repositories [MavenRepo]
13:07:24.662 [DEBUG] [org.gradle.api.internal.artifacts.ivyservice.ivyresolve.CachingModuleComponentRepository] Using cached module metadata for module 'org.springframework.boot:spring-boot:1.5.4.RELEASE' in 'MavenRepo'
13:07:24.662 [DEBUG] [org.gradle.api.internal.artifacts.ivyservice.ivyresolve.RepositoryChainComponentMetaDataResolver] Using org.springframework.boot:spring-boot:1.5.4.RELEASE from Maven repository 'MavenRepo'
13:07:24.662 [DEBUG] [org.gradle.api.internal.artifacts.ivyservice.resolveengine.graph.builder.DependencyGraphBuilder] Visiting configuration org.springframework.boot:spring-boot-test-autoconfigure:1.5.4.RELEASE(runtime).
13:07:24.662 [DEBUG] [io.spring.gradle.dependencymanagement.internal.VersionConfiguringAction] Processing dependency 'org.springframework.boot:spring-boot-autoconfigure:1.5.4.RELEASE'
13:07:24.662 [DEBUG] [io.spring.gradle.dependencymanagement.internal.DependencyManagementContainer] Found managed version '1.5.4.RELEASE' for dependency 'org.springframework.boot:spring-boot-autoconfigure' in global dependency management
13:07:24.662 [DEBUG] [io.spring.gradle.dependencymanagement.internal.VersionConfiguringAction] Using version '1.5.4.RELEASE' for dependency 'org.springframework.boot:spring-boot-autoconfigure:1.5.4.RELEASE'
13:07:24.662 [DEBUG] [org.gradle.api.internal.artifacts.ivyservice.ivyresolve.RepositoryChainComponentMetaDataResolver] Attempting to resolve component for org.springframework.boot:spring-boot-autoconfigure:1.5.4.RELEASE using repositories [MavenRepo]
13:07:24.662 [DEBUG] [org.gradle.api.internal.artifacts.ivyservice.ivyresolve.CachingModuleComponentRepository] Using cached module metadata for module 'org.springframework.boot:spring-boot-autoconfigure:1.5.4.RELEASE' in 'MavenRepo'
13:07:24.662 [DEBUG] [org.gradle.api.internal.artifacts.ivyservice.ivyresolve.RepositoryChainComponentMetaDataResolver] Using org.springframework.boot:spring-boot-autoconfigure:1.5.4.RELEASE from Maven repository 'MavenRepo'
13:07:24.663 [DEBUG] [org.gradle.api.internal.artifacts.ivyservice.resolveengine.graph.builder.DependencyGraphBuilder] Visiting configuration com.jayway.jsonpath:json-path:2.2.0(runtime).
13:07:24.663 [DEBUG] [io.spring.gradle.dependencymanagement.internal.VersionConfiguringAction] Processing dependency 'net.minidev:json-smart:2.2.1'
13:07:24.663 [DEBUG] [io.spring.gradle.dependencymanagement.internal.VersionConfiguringAction] No dependency management for dependency 'net.minidev:json-smart:2.2.1'
13:07:24.663 [DEBUG] [io.spring.gradle.dependencymanagement.internal.VersionConfiguringAction] Processing dependency 'org.slf4j:slf4j-api:1.7.16'
13:07:24.663 [DEBUG] [io.spring.gradle.dependencymanagement.internal.DependencyManagementContainer] Found managed version '1.7.25' for dependency 'org.slf4j:slf4j-api' in global dependency management
13:07:24.663 [DEBUG] [io.spring.gradle.dependencymanagement.internal.VersionConfiguringAction] Using version '1.7.25' for dependency 'org.slf4j:slf4j-api:1.7.16'
13:07:24.663 [DEBUG] [org.gradle.api.internal.artifacts.ivyservice.ivyresolve.RepositoryChainComponentMetaDataResolver] Attempting to resolve component for net.minidev:json-smart:2.2.1 using repositories [MavenRepo]
13:07:24.663 [DEBUG] [org.gradle.api.internal.artifacts.ivyservice.ivyresolve.CachingModuleComponentRepository] Using cached module metadata for module 'net.minidev:json-smart:2.2.1' in 'MavenRepo'
13:07:24.663 [DEBUG] [org.gradle.api.internal.artifacts.ivyservice.ivyresolve.RepositoryChainComponentMetaDataResolver] Using net.minidev:json-smart:2.2.1 from Maven repository 'MavenRepo'
13:07:24.663 [DEBUG] [org.gradle.api.internal.artifacts.ivyservice.ivyresolve.RepositoryChainComponentMetaDataResolver] Attempting to resolve component for org.slf4j:slf4j-api:1.7.25 using repositories [MavenRepo]
13:07:24.663 [DEBUG] [org.gradle.api.internal.artifacts.ivyservice.ivyresolve.CachingModuleComponentRepository] Using cached module metadata for module 'org.slf4j:slf4j-api:1.7.25' in 'MavenRepo'
13:07:24.663 [DEBUG] [org.gradle.api.internal.artifacts.ivyservice.ivyresolve.RepositoryChainComponentMetaDataResolver] Using org.slf4j:slf4j-api:1.7.25 from Maven repository 'MavenRepo'
13:07:24.663 [DEBUG] [org.gradle.api.internal.artifacts.ivyservice.resolveengine.graph.builder.DependencyGraphBuilder] Visiting configuration junit:junit:4.12(runtime).
13:07:24.663 [DEBUG] [org.gradle.api.internal.artifacts.ivyservice.resolveengine.graph.builder.DependencyGraphBuilder] Visiting configuration org.assertj:assertj-core:2.6.0(runtime).
13:07:24.663 [DEBUG] [org.gradle.api.internal.artifacts.ivyservice.resolveengine.graph.builder.DependencyGraphBuilder] Visiting configuration org.mockito:mockito-core:1.10.19(runtime).
13:07:24.663 [DEBUG] [io.spring.gradle.dependencymanagement.internal.VersionConfiguringAction] Processing dependency 'org.hamcrest:hamcrest-core:1.1'
13:07:24.663 [DEBUG] [io.spring.gradle.dependencymanagement.internal.DependencyManagementContainer] Found managed version '1.3' for dependency 'org.hamcrest:hamcrest-core' in global dependency management
13:07:24.663 [DEBUG] [io.spring.gradle.dependencymanagement.internal.VersionConfiguringAction] Using version '1.3' for dependency 'org.hamcrest:hamcrest-core:1.1'
13:07:24.663 [DEBUG] [io.spring.gradle.dependencymanagement.internal.VersionConfiguringAction] Processing dependency 'org.objenesis:objenesis:2.1'
13:07:24.663 [DEBUG] [io.spring.gradle.dependencymanagement.internal.VersionConfiguringAction] No dependency management for dependency 'org.objenesis:objenesis:2.1'
13:07:24.663 [DEBUG] [org.gradle.api.internal.artifacts.ivyservice.ivyresolve.RepositoryChainComponentMetaDataResolver] Attempting to resolve component for org.objenesis:objenesis:2.1 using repositories [MavenRepo]
13:07:24.664 [DEBUG] [org.gradle.api.internal.artifacts.ivyservice.ivyresolve.CachingModuleComponentRepository] Using cached module metadata for module 'org.objenesis:objenesis:2.1' in 'MavenRepo'
13:07:24.664 [DEBUG] [org.gradle.api.internal.artifacts.ivyservice.ivyresolve.RepositoryChainComponentMetaDataResolver] Using org.objenesis:objenesis:2.1 from Maven repository 'MavenRepo'
13:07:24.664 [DEBUG] [org.gradle.api.internal.artifacts.ivyservice.resolveengine.graph.builder.DependencyGraphBuilder] Visiting configuration org.hamcrest:hamcrest-core:1.3(runtime).
13:07:24.664 [DEBUG] [org.gradle.api.internal.artifacts.ivyservice.resolveengine.graph.builder.DependencyGraphBuilder] Visiting configuration org.hamcrest:hamcrest-library:1.3(runtime).
13:07:24.664 [DEBUG] [org.gradle.api.internal.artifacts.ivyservice.resolveengine.graph.builder.DependencyGraphBuilder] Visiting configuration org.skyscreamer:jsonassert:1.4.0(runtime).
13:07:24.664 [DEBUG] [io.spring.gradle.dependencymanagement.internal.VersionConfiguringAction] Processing dependency 'com.vaadin.external.google:android-json:0.0.20131108.vaadin1'
13:07:24.664 [DEBUG] [io.spring.gradle.dependencymanagement.internal.VersionConfiguringAction] No dependency management for dependency 'com.vaadin.external.google:android-json:0.0.20131108.vaadin1'
13:07:24.664 [DEBUG] [org.gradle.api.internal.artifacts.ivyservice.ivyresolve.RepositoryChainComponentMetaDataResolver] Attempting to resolve component for com.vaadin.external.google:android-json:0.0.20131108.vaadin1 using repositories [MavenRepo]
13:07:24.664 [DEBUG] [org.gradle.api.internal.artifacts.ivyservice.ivyresolve.CachingModuleComponentRepository] Using cached module metadata for module 'com.vaadin.external.google:android-json:0.0.20131108.vaadin1' in 'MavenRepo'
13:07:24.664 [DEBUG] [org.gradle.api.internal.artifacts.ivyservice.ivyresolve.RepositoryChainComponentMetaDataResolver] Using com.vaadin.external.google:android-json:0.0.20131108.vaadin1 from Maven repository 'MavenRepo'
13:07:24.664 [DEBUG] [org.gradle.api.internal.artifacts.ivyservice.resolveengine.graph.builder.DependencyGraphBuilder] Visiting configuration org.springframework:spring-core:4.3.9.RELEASE(runtime).
13:07:24.664 [DEBUG] [org.gradle.api.internal.artifacts.ivyservice.resolveengine.graph.builder.DependencyGraphBuilder] commons-logging:commons-logging is excluded from org.springframework:spring-core:4.3.9.RELEASE(runtime).
13:07:24.664 [DEBUG] [org.gradle.api.internal.artifacts.ivyservice.resolveengine.graph.builder.DependencyGraphBuilder] Visiting configuration org.springframework:spring-test:4.3.9.RELEASE(runtime).
13:07:24.664 [DEBUG] [org.gradle.api.internal.artifacts.ivyservice.resolveengine.graph.builder.DependencyGraphBuilder] Visiting configuration org.springframework.boot:spring-boot-starter:1.5.4.RELEASE(runtime).
13:07:24.664 [DEBUG] [io.spring.gradle.dependencymanagement.internal.VersionConfiguringAction] Processing dependency 'org.springframework.boot:spring-boot-starter-logging:1.5.4.RELEASE'
13:07:24.664 [DEBUG] [io.spring.gradle.dependencymanagement.internal.DependencyManagementContainer] Found managed version '1.5.4.RELEASE' for dependency 'org.springframework.boot:spring-boot-starter-logging' in global dependency management
13:07:24.664 [DEBUG] [io.spring.gradle.dependencymanagement.internal.VersionConfiguringAction] Using version '1.5.4.RELEASE' for dependency 'org.springframework.boot:spring-boot-starter-logging:1.5.4.RELEASE'
13:07:24.664 [DEBUG] [io.spring.gradle.dependencymanagement.internal.VersionConfiguringAction] Processing dependency 'org.yaml:snakeyaml:1.17'
13:07:24.664 [DEBUG] [io.spring.gradle.dependencymanagement.internal.DependencyManagementContainer] Found managed version '1.17' for dependency 'org.yaml:snakeyaml' in global dependency management
13:07:24.664 [DEBUG] [io.spring.gradle.dependencymanagement.internal.VersionConfiguringAction] Using version '1.17' for dependency 'org.yaml:snakeyaml:1.17'
13:07:24.665 [DEBUG] [org.gradle.api.internal.artifacts.ivyservice.ivyresolve.RepositoryChainComponentMetaDataResolver] Attempting to resolve component for org.springframework.boot:spring-boot-starter-logging:1.5.4.RELEASE using repositories [MavenRepo]
13:07:24.665 [DEBUG] [org.gradle.api.internal.artifacts.ivyservice.ivyresolve.CachingModuleComponentRepository] Using cached module metadata for module 'org.springframework.boot:spring-boot-starter-logging:1.5.4.RELEASE' in 'MavenRepo'
13:07:24.665 [DEBUG] [org.gradle.api.internal.artifacts.ivyservice.ivyresolve.RepositoryChainComponentMetaDataResolver] Using org.springframework.boot:spring-boot-starter-logging:1.5.4.RELEASE from Maven repository 'MavenRepo'
13:07:24.665 [DEBUG] [org.gradle.api.internal.artifacts.ivyservice.ivyresolve.RepositoryChainComponentMetaDataResolver] Attempting to resolve component for org.yaml:snakeyaml:1.17 using repositories [MavenRepo]
13:07:24.665 [DEBUG] [org.gradle.api.internal.artifacts.ivyservice.ivyresolve.CachingModuleComponentRepository] Using cached module metadata for module 'org.yaml:snakeyaml:1.17' in 'MavenRepo'
13:07:24.665 [DEBUG] [org.gradle.api.internal.artifacts.ivyservice.ivyresolve.RepositoryChainComponentMetaDataResolver] Using org.yaml:snakeyaml:1.17 from Maven repository 'MavenRepo'
13:07:24.665 [DEBUG] [org.gradle.api.internal.artifacts.ivyservice.resolveengine.graph.builder.DependencyGraphBuilder] Visiting configuration org.springframework.boot:spring-boot-starter-tomcat:1.5.4.RELEASE(runtime).
13:07:24.665 [DEBUG] [io.spring.gradle.dependencymanagement.internal.VersionConfiguringAction] Processing dependency 'org.apache.tomcat.embed:tomcat-embed-core:8.5.15'
13:07:24.665 [DEBUG] [io.spring.gradle.dependencymanagement.internal.DependencyManagementContainer] Found managed version '8.5.15' for dependency 'org.apache.tomcat.embed:tomcat-embed-core' in global dependency management
13:07:24.665 [DEBUG] [io.spring.gradle.dependencymanagement.internal.VersionConfiguringAction] Using version '8.5.15' for dependency 'org.apache.tomcat.embed:tomcat-embed-core:8.5.15'
13:07:24.665 [DEBUG] [io.spring.gradle.dependencymanagement.internal.VersionConfiguringAction] Processing dependency 'org.apache.tomcat.embed:tomcat-embed-el:8.5.15'
13:07:24.665 [DEBUG] [io.spring.gradle.dependencymanagement.internal.DependencyManagementContainer] Found managed version '8.5.15' for dependency 'org.apache.tomcat.embed:tomcat-embed-el' in global dependency management
13:07:24.665 [DEBUG] [io.spring.gradle.dependencymanagement.internal.VersionConfiguringAction] Using version '8.5.15' for dependency 'org.apache.tomcat.embed:tomcat-embed-el:8.5.15'
13:07:24.665 [DEBUG] [io.spring.gradle.dependencymanagement.internal.VersionConfiguringAction] Processing dependency 'org.apache.tomcat.embed:tomcat-embed-websocket:8.5.15'
13:07:24.665 [DEBUG] [io.spring.gradle.dependencymanagement.internal.DependencyManagementContainer] Found managed version '8.5.15' for dependency 'org.apache.tomcat.embed:tomcat-embed-websocket' in global dependency management
13:07:24.665 [DEBUG] [io.spring.gradle.dependencymanagement.internal.VersionConfiguringAction] Using version '8.5.15' for dependency 'org.apache.tomcat.embed:tomcat-embed-websocket:8.5.15'
13:07:24.665 [DEBUG] [org.gradle.api.internal.artifacts.ivyservice.ivyresolve.RepositoryChainComponentMetaDataResolver] Attempting to resolve component for org.apache.tomcat.embed:tomcat-embed-core:8.5.15 using repositories [MavenRepo]
13:07:24.665 [DEBUG] [org.gradle.api.internal.artifacts.ivyservice.ivyresolve.CachingModuleComponentRepository] Using cached module metadata for module 'org.apache.tomcat.embed:tomcat-embed-core:8.5.15' in 'MavenRepo'
13:07:24.665 [DEBUG] [org.gradle.api.internal.artifacts.ivyservice.ivyresolve.RepositoryChainComponentMetaDataResolver] Using org.apache.tomcat.embed:tomcat-embed-core:8.5.15 from Maven repository 'MavenRepo'
13:07:24.665 [DEBUG] [org.gradle.api.internal.artifacts.ivyservice.ivyresolve.RepositoryChainComponentMetaDataResolver] Attempting to resolve component for org.apache.tomcat.embed:tomcat-embed-el:8.5.15 using repositories [MavenRepo]
13:07:24.665 [DEBUG] [org.gradle.api.internal.artifacts.ivyservice.ivyresolve.CachingModuleComponentRepository] Using cached module metadata for module 'org.apache.tomcat.embed:tomcat-embed-el:8.5.15' in 'MavenRepo'
13:07:24.665 [DEBUG] [org.gradle.api.internal.artifacts.ivyservice.ivyresolve.RepositoryChainComponentMetaDataResolver] Using org.apache.tomcat.embed:tomcat-embed-el:8.5.15 from Maven repository 'MavenRepo'
13:07:24.665 [DEBUG] [org.gradle.api.internal.artifacts.ivyservice.ivyresolve.RepositoryChainComponentMetaDataResolver] Attempting to resolve component for org.apache.tomcat.embed:tomcat-embed-websocket:8.5.15 using repositories [MavenRepo]
13:07:24.665 [DEBUG] [org.gradle.api.internal.artifacts.ivyservice.ivyresolve.CachingModuleComponentRepository] Using cached module metadata for module 'org.apache.tomcat.embed:tomcat-embed-websocket:8.5.15' in 'MavenRepo'
13:07:24.665 [DEBUG] [org.gradle.api.internal.artifacts.ivyservice.ivyresolve.RepositoryChainComponentMetaDataResolver] Using org.apache.tomcat.embed:tomcat-embed-websocket:8.5.15 from Maven repository 'MavenRepo'
13:07:24.666 [DEBUG] [org.gradle.api.internal.artifacts.ivyservice.resolveengine.graph.builder.DependencyGraphBuilder] Visiting configuration org.hibernate:hibernate-validator:5.3.5.Final(runtime).
13:07:24.666 [DEBUG] [io.spring.gradle.dependencymanagement.internal.VersionConfiguringAction] Processing dependency 'javax.validation:validation-api:1.1.0.Final'
13:07:24.666 [DEBUG] [io.spring.gradle.dependencymanagement.internal.DependencyManagementContainer] Found managed version '1.1.0.Final' for dependency 'javax.validation:validation-api' in global dependency management
13:07:24.666 [DEBUG] [io.spring.gradle.dependencymanagement.internal.VersionConfiguringAction] Using version '1.1.0.Final' for dependency 'javax.validation:validation-api:1.1.0.Final'
13:07:24.666 [DEBUG] [io.spring.gradle.dependencymanagement.internal.VersionConfiguringAction] Processing dependency 'org.jboss.logging:jboss-logging:3.3.0.Final'
13:07:24.666 [DEBUG] [io.spring.gradle.dependencymanagement.internal.DependencyManagementContainer] Found managed version '3.3.1.Final' for dependency 'org.jboss.logging:jboss-logging' in global dependency management
13:07:24.666 [DEBUG] [io.spring.gradle.dependencymanagement.internal.VersionConfiguringAction] Using version '3.3.1.Final' for dependency 'org.jboss.logging:jboss-logging:3.3.0.Final'
13:07:24.666 [DEBUG] [io.spring.gradle.dependencymanagement.internal.VersionConfiguringAction] Processing dependency 'com.fasterxml:classmate:1.3.1'
13:07:24.666 [DEBUG] [io.spring.gradle.dependencymanagement.internal.DependencyManagementContainer] Found managed version '1.3.3' for dependency 'com.fasterxml:classmate' in global dependency management
13:07:24.666 [DEBUG] [io.spring.gradle.dependencymanagement.internal.VersionConfiguringAction] Using version '1.3.3' for dependency 'com.fasterxml:classmate:1.3.1'
13:07:24.666 [DEBUG] [org.gradle.api.internal.artifacts.ivyservice.ivyresolve.RepositoryChainComponentMetaDataResolver] Attempting to resolve component for javax.validation:validation-api:1.1.0.Final using repositories [MavenRepo]
13:07:24.666 [DEBUG] [org.gradle.api.internal.artifacts.ivyservice.ivyresolve.CachingModuleComponentRepository] Using cached module metadata for module 'javax.validation:validation-api:1.1.0.Final' in 'MavenRepo'
13:07:24.666 [DEBUG] [org.gradle.api.internal.artifacts.ivyservice.ivyresolve.RepositoryChainComponentMetaDataResolver] Using javax.validation:validation-api:1.1.0.Final from Maven repository 'MavenRepo'
13:07:24.666 [DEBUG] [org.gradle.api.internal.artifacts.ivyservice.ivyresolve.RepositoryChainComponentMetaDataResolver] Attempting to resolve component for org.jboss.logging:jboss-logging:3.3.1.Final using repositories [MavenRepo]
13:07:24.666 [DEBUG] [org.gradle.api.internal.artifacts.ivyservice.ivyresolve.CachingModuleComponentRepository] Using cached module metadata for module 'org.jboss.logging:jboss-logging:3.3.1.Final' in 'MavenRepo'
13:07:24.666 [DEBUG] [org.gradle.api.internal.artifacts.ivyservice.ivyresolve.RepositoryChainComponentMetaDataResolver] Using org.jboss.logging:jboss-logging:3.3.1.Final from Maven repository 'MavenRepo'
13:07:24.666 [DEBUG] [org.gradle.api.internal.artifacts.ivyservice.ivyresolve.RepositoryChainComponentMetaDataResolver] Attempting to resolve component for com.fasterxml:classmate:1.3.3 using repositories [MavenRepo]
13:07:24.666 [DEBUG] [org.gradle.api.internal.artifacts.ivyservice.ivyresolve.CachingModuleComponentRepository] Using cached module metadata for module 'com.fasterxml:classmate:1.3.3' in 'MavenRepo'
13:07:24.666 [DEBUG] [org.gradle.api.internal.artifacts.ivyservice.ivyresolve.RepositoryChainComponentMetaDataResolver] Using com.fasterxml:classmate:1.3.3 from Maven repository 'MavenRepo'
13:07:24.666 [DEBUG] [org.gradle.api.internal.artifacts.ivyservice.resolveengine.graph.builder.DependencyGraphBuilder] Visiting configuration com.fasterxml.jackson.core:jackson-databind:2.8.8(runtime).
13:07:24.666 [DEBUG] [io.spring.gradle.dependencymanagement.internal.VersionConfiguringAction] Processing dependency 'com.fasterxml.jackson.core:jackson-annotations:2.8.0'
13:07:24.666 [DEBUG] [io.spring.gradle.dependencymanagement.internal.DependencyManagementContainer] Found managed version '2.8.0' for dependency 'com.fasterxml.jackson.core:jackson-annotations' in global dependency management
13:07:24.666 [DEBUG] [io.spring.gradle.dependencymanagement.internal.VersionConfiguringAction] Using version '2.8.0' for dependency 'com.fasterxml.jackson.core:jackson-annotations:2.8.0'
13:07:24.666 [DEBUG] [io.spring.gradle.dependencymanagement.internal.VersionConfiguringAction] Processing dependency 'com.fasterxml.jackson.core:jackson-core:2.8.8'
13:07:24.666 [DEBUG] [io.spring.gradle.dependencymanagement.internal.DependencyManagementContainer] Found managed version '2.8.8' for dependency 'com.fasterxml.jackson.core:jackson-core' in global dependency management
13:07:24.666 [DEBUG] [io.spring.gradle.dependencymanagement.internal.VersionConfiguringAction] Using version '2.8.8' for dependency 'com.fasterxml.jackson.core:jackson-core:2.8.8'
13:07:24.667 [DEBUG] [org.gradle.api.internal.artifacts.ivyservice.ivyresolve.RepositoryChainComponentMetaDataResolver] Attempting to resolve component for com.fasterxml.jackson.core:jackson-annotations:2.8.0 using repositories [MavenRepo]
13:07:24.667 [DEBUG] [org.gradle.api.internal.artifacts.ivyservice.ivyresolve.CachingModuleComponentRepository] Using cached module metadata for module 'com.fasterxml.jackson.core:jackson-annotations:2.8.0' in 'MavenRepo'
13:07:24.667 [DEBUG] [org.gradle.api.internal.artifacts.ivyservice.ivyresolve.RepositoryChainComponentMetaDataResolver] Using com.fasterxml.jackson.core:jackson-annotations:2.8.0 from Maven repository 'MavenRepo'
13:07:24.667 [DEBUG] [org.gradle.api.internal.artifacts.ivyservice.ivyresolve.RepositoryChainComponentMetaDataResolver] Attempting to resolve component for com.fasterxml.jackson.core:jackson-core:2.8.8 using repositories [MavenRepo]
13:07:24.667 [DEBUG] [org.gradle.api.internal.artifacts.ivyservice.ivyresolve.CachingModuleComponentRepository] Using cached module metadata for module 'com.fasterxml.jackson.core:jackson-core:2.8.8' in 'MavenRepo'
13:07:24.667 [DEBUG] [org.gradle.api.internal.artifacts.ivyservice.ivyresolve.RepositoryChainComponentMetaDataResolver] Using com.fasterxml.jackson.core:jackson-core:2.8.8 from Maven repository 'MavenRepo'
13:07:24.667 [DEBUG] [org.gradle.api.internal.artifacts.ivyservice.resolveengine.graph.builder.DependencyGraphBuilder] Visiting configuration org.springframework:spring-web:4.3.9.RELEASE(runtime).
13:07:24.667 [DEBUG] [io.spring.gradle.dependencymanagement.internal.VersionConfiguringAction] Processing dependency 'org.springframework:spring-aop:4.3.9.RELEASE'
13:07:24.667 [DEBUG] [io.spring.gradle.dependencymanagement.internal.DependencyManagementContainer] Found managed version '4.3.9.RELEASE' for dependency 'org.springframework:spring-aop' in global dependency management
13:07:24.667 [DEBUG] [io.spring.gradle.dependencymanagement.internal.VersionConfiguringAction] Using version '4.3.9.RELEASE' for dependency 'org.springframework:spring-aop:4.3.9.RELEASE'
13:07:24.667 [DEBUG] [io.spring.gradle.dependencymanagement.internal.VersionConfiguringAction] Processing dependency 'org.springframework:spring-beans:4.3.9.RELEASE'
13:07:24.667 [DEBUG] [io.spring.gradle.dependencymanagement.internal.DependencyManagementContainer] Found managed version '4.3.9.RELEASE' for dependency 'org.springframework:spring-beans' in global dependency management
13:07:24.667 [DEBUG] [io.spring.gradle.dependencymanagement.internal.VersionConfiguringAction] Using version '4.3.9.RELEASE' for dependency 'org.springframework:spring-beans:4.3.9.RELEASE'
13:07:24.667 [DEBUG] [io.spring.gradle.dependencymanagement.internal.VersionConfiguringAction] Processing dependency 'org.springframework:spring-context:4.3.9.RELEASE'
13:07:24.667 [DEBUG] [io.spring.gradle.dependencymanagement.internal.DependencyManagementContainer] Found managed version '4.3.9.RELEASE' for dependency 'org.springframework:spring-context' in global dependency management
13:07:24.667 [DEBUG] [io.spring.gradle.dependencymanagement.internal.VersionConfiguringAction] Using version '4.3.9.RELEASE' for dependency 'org.springframework:spring-context:4.3.9.RELEASE'
13:07:24.667 [DEBUG] [org.gradle.api.internal.artifacts.ivyservice.ivyresolve.RepositoryChainComponentMetaDataResolver] Attempting to resolve component for org.springframework:spring-aop:4.3.9.RELEASE using repositories [MavenRepo]
13:07:24.667 [DEBUG] [org.gradle.api.internal.artifacts.ivyservice.ivyresolve.CachingModuleComponentRepository] Using cached module metadata for module 'org.springframework:spring-aop:4.3.9.RELEASE' in 'MavenRepo'
13:07:24.667 [DEBUG] [org.gradle.api.internal.artifacts.ivyservice.ivyresolve.RepositoryChainComponentMetaDataResolver] Using org.springframework:spring-aop:4.3.9.RELEASE from Maven repository 'MavenRepo'
13:07:24.667 [DEBUG] [org.gradle.api.internal.artifacts.ivyservice.ivyresolve.RepositoryChainComponentMetaDataResolver] Attempting to resolve component for org.springframework:spring-beans:4.3.9.RELEASE using repositories [MavenRepo]
13:07:24.667 [DEBUG] [org.gradle.api.internal.artifacts.ivyservice.ivyresolve.CachingModuleComponentRepository] Using cached module metadata for module 'org.springframework:spring-beans:4.3.9.RELEASE' in 'MavenRepo'
13:07:24.667 [DEBUG] [org.gradle.api.internal.artifacts.ivyservice.ivyresolve.RepositoryChainComponentMetaDataResolver] Using org.springframework:spring-beans:4.3.9.RELEASE from Maven repository 'MavenRepo'
13:07:24.667 [DEBUG] [org.gradle.api.internal.artifacts.ivyservice.ivyresolve.RepositoryChainComponentMetaDataResolver] Attempting to resolve component for org.springframework:spring-context:4.3.9.RELEASE using repositories [MavenRepo]
13:07:24.667 [DEBUG] [org.gradle.api.internal.artifacts.ivyservice.ivyresolve.CachingModuleComponentRepository] Using cached module metadata for module 'org.springframework:spring-context:4.3.9.RELEASE' in 'MavenRepo'
13:07:24.667 [DEBUG] [org.gradle.api.internal.artifacts.ivyservice.ivyresolve.RepositoryChainComponentMetaDataResolver] Using org.springframework:spring-context:4.3.9.RELEASE from Maven repository 'MavenRepo'
13:07:24.667 [DEBUG] [org.gradle.api.internal.artifacts.ivyservice.resolveengine.graph.builder.DependencyGraphBuilder] Visiting configuration org.springframework:spring-webmvc:4.3.9.RELEASE(runtime).
13:07:24.668 [DEBUG] [io.spring.gradle.dependencymanagement.internal.VersionConfiguringAction] Processing dependency 'org.springframework:spring-expression:4.3.9.RELEASE'
13:07:24.668 [DEBUG] [io.spring.gradle.dependencymanagement.internal.DependencyManagementContainer] Found managed version '4.3.9.RELEASE' for dependency 'org.springframework:spring-expression' in global dependency management
13:07:24.668 [DEBUG] [io.spring.gradle.dependencymanagement.internal.VersionConfiguringAction] Using version '4.3.9.RELEASE' for dependency 'org.springframework:spring-expression:4.3.9.RELEASE'
13:07:24.668 [DEBUG] [org.gradle.api.internal.artifacts.ivyservice.ivyresolve.RepositoryChainComponentMetaDataResolver] Attempting to resolve component for org.springframework:spring-expression:4.3.9.RELEASE using repositories [MavenRepo]
13:07:24.668 [DEBUG] [org.gradle.api.internal.artifacts.ivyservice.ivyresolve.CachingModuleComponentRepository] Using cached module metadata for module 'org.springframework:spring-expression:4.3.9.RELEASE' in 'MavenRepo'
13:07:24.668 [DEBUG] [org.gradle.api.internal.artifacts.ivyservice.ivyresolve.RepositoryChainComponentMetaDataResolver] Using org.springframework:spring-expression:4.3.9.RELEASE from Maven repository 'MavenRepo'
13:07:24.668 [DEBUG] [org.gradle.api.internal.artifacts.ivyservice.resolveengine.graph.builder.DependencyGraphBuilder] Visiting configuration org.mongodb:mongodb-driver:3.4.2(runtime).
13:07:24.668 [DEBUG] [io.spring.gradle.dependencymanagement.internal.VersionConfiguringAction] Processing dependency 'org.mongodb:bson:3.4.2'
13:07:24.668 [DEBUG] [io.spring.gradle.dependencymanagement.internal.VersionConfiguringAction] No dependency management for dependency 'org.mongodb:bson:3.4.2'
13:07:24.668 [DEBUG] [io.spring.gradle.dependencymanagement.internal.VersionConfiguringAction] Processing dependency 'org.mongodb:mongodb-driver-core:3.4.2'
13:07:24.668 [DEBUG] [io.spring.gradle.dependencymanagement.internal.VersionConfiguringAction] No dependency management for dependency 'org.mongodb:mongodb-driver-core:3.4.2'
13:07:24.668 [DEBUG] [org.gradle.api.internal.artifacts.ivyservice.ivyresolve.RepositoryChainComponentMetaDataResolver] Attempting to resolve component for org.mongodb:bson:3.4.2 using repositories [MavenRepo]
13:07:24.668 [DEBUG] [org.gradle.api.internal.artifacts.ivyservice.ivyresolve.CachingModuleComponentRepository] Using cached module metadata for module 'org.mongodb:bson:3.4.2' in 'MavenRepo'
13:07:24.668 [DEBUG] [org.gradle.api.internal.artifacts.ivyservice.ivyresolve.RepositoryChainComponentMetaDataResolver] Using org.mongodb:bson:3.4.2 from Maven repository 'MavenRepo'
13:07:24.668 [DEBUG] [org.gradle.api.internal.artifacts.ivyservice.ivyresolve.RepositoryChainComponentMetaDataResolver] Attempting to resolve component for org.mongodb:mongodb-driver-core:3.4.2 using repositories [MavenRepo]
13:07:24.668 [DEBUG] [org.gradle.api.internal.artifacts.ivyservice.ivyresolve.CachingModuleComponentRepository] Using cached module metadata for module 'org.mongodb:mongodb-driver-core:3.4.2' in 'MavenRepo'
13:07:24.668 [DEBUG] [org.gradle.api.internal.artifacts.ivyservice.ivyresolve.RepositoryChainComponentMetaDataResolver] Using org.mongodb:mongodb-driver-core:3.4.2 from Maven repository 'MavenRepo'
13:07:24.668 [DEBUG] [org.gradle.api.internal.artifacts.ivyservice.resolveengine.graph.builder.DependencyGraphBuilder] Visiting configuration org.springframework.data:spring-data-mongodb:1.10.4.RELEASE(runtime).
13:07:24.668 [DEBUG] [io.spring.gradle.dependencymanagement.internal.VersionConfiguringAction] Processing dependency 'org.springframework:spring-tx:4.3.9.RELEASE'
13:07:24.668 [DEBUG] [io.spring.gradle.dependencymanagement.internal.DependencyManagementContainer] Found managed version '4.3.9.RELEASE' for dependency 'org.springframework:spring-tx' in global dependency management
13:07:24.668 [DEBUG] [io.spring.gradle.dependencymanagement.internal.VersionConfiguringAction] Using version '4.3.9.RELEASE' for dependency 'org.springframework:spring-tx:4.3.9.RELEASE'
13:07:24.668 [DEBUG] [io.spring.gradle.dependencymanagement.internal.VersionConfiguringAction] Processing dependency 'org.springframework.data:spring-data-commons:1.13.4.RELEASE'
13:07:24.668 [DEBUG] [io.spring.gradle.dependencymanagement.internal.DependencyManagementContainer] Found managed version '1.13.4.RELEASE' for dependency 'org.springframework.data:spring-data-commons' in global dependency management
13:07:24.668 [DEBUG] [io.spring.gradle.dependencymanagement.internal.VersionConfiguringAction] Using version '1.13.4.RELEASE' for dependency 'org.springframework.data:spring-data-commons:1.13.4.RELEASE'
13:07:24.668 [DEBUG] [org.gradle.api.internal.artifacts.ivyservice.resolveengine.graph.builder.DependencyGraphBuilder] org.mongodb:mongo-java-driver is excluded from org.springframework.data:spring-data-mongodb:1.10.4.RELEASE(runtime).
13:07:24.669 [DEBUG] [io.spring.gradle.dependencymanagement.internal.VersionConfiguringAction] Processing dependency 'org.slf4j:slf4j-api:1.7.25'
13:07:24.669 [DEBUG] [io.spring.gradle.dependencymanagement.internal.DependencyManagementContainer] Found managed version '1.7.25' for dependency 'org.slf4j:slf4j-api' in global dependency management
13:07:24.669 [DEBUG] [io.spring.gradle.dependencymanagement.internal.VersionConfiguringAction] Using version '1.7.25' for dependency 'org.slf4j:slf4j-api:1.7.25'
13:07:24.669 [DEBUG] [io.spring.gradle.dependencymanagement.internal.VersionConfiguringAction] Processing dependency 'org.slf4j:jcl-over-slf4j:1.7.25'
13:07:24.669 [DEBUG] [io.spring.gradle.dependencymanagement.internal.DependencyManagementContainer] Found managed version '1.7.25' for dependency 'org.slf4j:jcl-over-slf4j' in global dependency management
13:07:24.669 [DEBUG] [io.spring.gradle.dependencymanagement.internal.VersionConfiguringAction] Using version '1.7.25' for dependency 'org.slf4j:jcl-over-slf4j:1.7.25'
13:07:24.669 [DEBUG] [org.gradle.api.internal.artifacts.ivyservice.ivyresolve.RepositoryChainComponentMetaDataResolver] Attempting to resolve component for org.springframework:spring-tx:4.3.9.RELEASE using repositories [MavenRepo]
13:07:24.669 [DEBUG] [org.gradle.api.internal.artifacts.ivyservice.ivyresolve.CachingModuleComponentRepository] Using cached module metadata for module 'org.springframework:spring-tx:4.3.9.RELEASE' in 'MavenRepo'
13:07:24.669 [DEBUG] [org.gradle.api.internal.artifacts.ivyservice.ivyresolve.RepositoryChainComponentMetaDataResolver] Using org.springframework:spring-tx:4.3.9.RELEASE from Maven repository 'MavenRepo'
13:07:24.669 [DEBUG] [org.gradle.api.internal.artifacts.ivyservice.ivyresolve.RepositoryChainComponentMetaDataResolver] Attempting to resolve component for org.springframework.data:spring-data-commons:1.13.4.RELEASE using repositories [MavenRepo]
13:07:24.669 [DEBUG] [org.gradle.api.internal.artifacts.ivyservice.ivyresolve.CachingModuleComponentRepository] Using cached module metadata for module 'org.springframework.data:spring-data-commons:1.13.4.RELEASE' in 'MavenRepo'
13:07:24.669 [DEBUG] [org.gradle.api.internal.artifacts.ivyservice.ivyresolve.RepositoryChainComponentMetaDataResolver] Using org.springframework.data:spring-data-commons:1.13.4.RELEASE from Maven repository 'MavenRepo'
13:07:24.669 [DEBUG] [org.gradle.api.internal.artifacts.ivyservice.ivyresolve.RepositoryChainComponentMetaDataResolver] Attempting to resolve component for org.slf4j:jcl-over-slf4j:1.7.25 using repositories [MavenRepo]
13:07:24.669 [DEBUG] [org.gradle.api.internal.artifacts.ivyservice.ivyresolve.CachingModuleComponentRepository] Using cached module metadata for module 'org.slf4j:jcl-over-slf4j:1.7.25' in 'MavenRepo'
13:07:24.669 [DEBUG] [org.gradle.api.internal.artifacts.ivyservice.ivyresolve.RepositoryChainComponentMetaDataResolver] Using org.slf4j:jcl-over-slf4j:1.7.25 from Maven repository 'MavenRepo'
13:07:24.669 [DEBUG] [org.gradle.api.internal.artifacts.ivyservice.resolveengine.graph.builder.DependencyGraphBuilder] Visiting configuration org.mozilla:rhino:1.7.7.1(runtime).
13:07:24.669 [DEBUG] [org.gradle.api.internal.artifacts.ivyservice.resolveengine.graph.builder.DependencyGraphBuilder] Visiting configuration com.vividsolutions:jts:1.13(runtime).
13:07:24.669 [DEBUG] [org.gradle.api.internal.artifacts.ivyservice.resolveengine.graph.builder.DependencyGraphBuilder] Visiting configuration de.grundid.opendatalab:geojson-jackson:1.2(runtime).
13:07:24.669 [DEBUG] [io.spring.gradle.dependencymanagement.internal.VersionConfiguringAction] Processing dependency 'com.fasterxml.jackson.core:jackson-core:2.2.2'
13:07:24.670 [DEBUG] [io.spring.gradle.dependencymanagement.internal.DependencyManagementContainer] Found managed version '2.8.8' for dependency 'com.fasterxml.jackson.core:jackson-core' in global dependency management
13:07:24.670 [DEBUG] [io.spring.gradle.dependencymanagement.internal.VersionConfiguringAction] Using version '2.8.8' for dependency 'com.fasterxml.jackson.core:jackson-core:2.2.2'
13:07:24.670 [DEBUG] [io.spring.gradle.dependencymanagement.internal.VersionConfiguringAction] Processing dependency 'com.fasterxml.jackson.core:jackson-databind:2.2.2'
13:07:24.670 [DEBUG] [io.spring.gradle.dependencymanagement.internal.DependencyManagementContainer] Found managed version '2.8.8' for dependency 'com.fasterxml.jackson.core:jackson-databind' in global dependency management
13:07:24.670 [DEBUG] [io.spring.gradle.dependencymanagement.internal.VersionConfiguringAction] Using version '2.8.8' for dependency 'com.fasterxml.jackson.core:jackson-databind:2.2.2'
13:07:24.670 [DEBUG] [org.gradle.api.internal.artifacts.ivyservice.resolveengine.graph.builder.DependencyGraphBuilder] Visiting configuration org.springframework.boot:spring-boot:1.5.4.RELEASE(runtime).
13:07:24.670 [DEBUG] [org.gradle.api.internal.artifacts.ivyservice.resolveengine.graph.builder.DependencyGraphBuilder] Visiting configuration org.springframework.boot:spring-boot-test:1.5.4.RELEASE(runtime).
13:07:24.670 [DEBUG] [org.gradle.api.internal.artifacts.ivyservice.resolveengine.graph.builder.DependencyGraphBuilder] Changed edges for org.springframework.boot:spring-boot-test:1.5.4.RELEASE(runtime) selects same versions as previous traversal. ignoring
13:07:24.670 [DEBUG] [org.gradle.api.internal.artifacts.ivyservice.resolveengine.graph.builder.DependencyGraphBuilder] Visiting configuration org.springframework.boot:spring-boot-autoconfigure:1.5.4.RELEASE(runtime).
13:07:24.670 [DEBUG] [org.gradle.api.internal.artifacts.ivyservice.resolveengine.graph.builder.DependencyGraphBuilder] Visiting configuration net.minidev:json-smart:2.2.1(runtime).
13:07:24.670 [DEBUG] [io.spring.gradle.dependencymanagement.internal.VersionConfiguringAction] Processing dependency 'net.minidev:accessors-smart:1.1'
13:07:24.670 [DEBUG] [io.spring.gradle.dependencymanagement.internal.VersionConfiguringAction] No dependency management for dependency 'net.minidev:accessors-smart:1.1'
13:07:24.670 [DEBUG] [org.gradle.api.internal.artifacts.ivyservice.ivyresolve.RepositoryChainComponentMetaDataResolver] Attempting to resolve component for net.minidev:accessors-smart:1.1 using repositories [MavenRepo]
13:07:24.670 [DEBUG] [org.gradle.api.internal.artifacts.ivyservice.ivyresolve.CachingModuleComponentRepository] Using cached module metadata for module 'net.minidev:accessors-smart:1.1' in 'MavenRepo'
13:07:24.670 [DEBUG] [org.gradle.api.internal.artifacts.ivyservice.ivyresolve.RepositoryChainComponentMetaDataResolver] Using net.minidev:accessors-smart:1.1 from Maven repository 'MavenRepo'
13:07:24.671 [DEBUG] [org.gradle.api.internal.artifacts.ivyservice.resolveengine.graph.builder.DependencyGraphBuilder] Visiting configuration org.slf4j:slf4j-api:1.7.25(runtime).
13:07:24.671 [DEBUG] [org.gradle.api.internal.artifacts.ivyservice.resolveengine.graph.builder.DependencyGraphBuilder] Visiting configuration org.objenesis:objenesis:2.1(runtime).
13:07:24.671 [DEBUG] [org.gradle.api.internal.artifacts.ivyservice.resolveengine.graph.builder.DependencyGraphBuilder] Visiting configuration org.hamcrest:hamcrest-core:1.3(runtime).
13:07:24.671 [DEBUG] [org.gradle.api.internal.artifacts.ivyservice.resolveengine.graph.builder.DependencyGraphBuilder] Changed edges for org.hamcrest:hamcrest-core:1.3(runtime) selects same versions as previous traversal. ignoring
13:07:24.671 [DEBUG] [org.gradle.api.internal.artifacts.ivyservice.resolveengine.graph.builder.DependencyGraphBuilder] Visiting configuration com.vaadin.external.google:android-json:0.0.20131108.vaadin1(runtime).
13:07:24.671 [DEBUG] [org.gradle.api.internal.artifacts.ivyservice.resolveengine.graph.builder.DependencyGraphBuilder] Visiting configuration org.springframework:spring-core:4.3.9.RELEASE(runtime).
13:07:24.671 [DEBUG] [io.spring.gradle.dependencymanagement.internal.VersionConfiguringAction] Processing dependency 'commons-logging:commons-logging:1.2'
13:07:24.671 [DEBUG] [io.spring.gradle.dependencymanagement.internal.VersionConfiguringAction] No dependency management for dependency 'commons-logging:commons-logging:1.2'
13:07:24.671 [DEBUG] [org.gradle.api.internal.artifacts.ivyservice.ivyresolve.RepositoryChainComponentMetaDataResolver] Attempting to resolve component for commons-logging:commons-logging:1.2 using repositories [MavenRepo]
13:07:24.671 [DEBUG] [org.gradle.api.internal.artifacts.ivyservice.ivyresolve.CachingModuleComponentRepository] Using cached module metadata for module 'commons-logging:commons-logging:1.2' in 'MavenRepo'
13:07:24.671 [DEBUG] [org.gradle.api.internal.artifacts.ivyservice.ivyresolve.RepositoryChainComponentMetaDataResolver] Using commons-logging:commons-logging:1.2 from Maven repository 'MavenRepo'
13:07:24.671 [DEBUG] [org.gradle.api.internal.artifacts.ivyservice.resolveengine.graph.builder.DependencyGraphBuilder] Visiting configuration org.springframework.boot:spring-boot-starter-logging:1.5.4.RELEASE(runtime).
13:07:24.671 [DEBUG] [io.spring.gradle.dependencymanagement.internal.VersionConfiguringAction] Processing dependency 'ch.qos.logback:logback-classic:1.1.11'
13:07:24.671 [DEBUG] [io.spring.gradle.dependencymanagement.internal.DependencyManagementContainer] Found managed version '1.1.11' for dependency 'ch.qos.logback:logback-classic' in global dependency management
13:07:24.671 [DEBUG] [io.spring.gradle.dependencymanagement.internal.VersionConfiguringAction] Using version '1.1.11' for dependency 'ch.qos.logback:logback-classic:1.1.11'
13:07:24.671 [DEBUG] [io.spring.gradle.dependencymanagement.internal.VersionConfiguringAction] Processing dependency 'org.slf4j:jul-to-slf4j:1.7.25'
13:07:24.671 [DEBUG] [io.spring.gradle.dependencymanagement.internal.DependencyManagementContainer] Found managed version '1.7.25' for dependency 'org.slf4j:jul-to-slf4j' in global dependency management
13:07:24.671 [DEBUG] [io.spring.gradle.dependencymanagement.internal.VersionConfiguringAction] Using version '1.7.25' for dependency 'org.slf4j:jul-to-slf4j:1.7.25'
13:07:24.672 [DEBUG] [io.spring.gradle.dependencymanagement.internal.VersionConfiguringAction] Processing dependency 'org.slf4j:log4j-over-slf4j:1.7.25'
13:07:24.672 [DEBUG] [io.spring.gradle.dependencymanagement.internal.DependencyManagementContainer] Found managed version '1.7.25' for dependency 'org.slf4j:log4j-over-slf4j' in global dependency management
13:07:24.672 [DEBUG] [io.spring.gradle.dependencymanagement.internal.VersionConfiguringAction] Using version '1.7.25' for dependency 'org.slf4j:log4j-over-slf4j:1.7.25'
13:07:24.672 [DEBUG] [org.gradle.api.internal.artifacts.ivyservice.ivyresolve.RepositoryChainComponentMetaDataResolver] Attempting to resolve component for ch.qos.logback:logback-classic:1.1.11 using repositories [MavenRepo]
13:07:24.672 [DEBUG] [org.gradle.api.internal.artifacts.ivyservice.ivyresolve.CachingModuleComponentRepository] Using cached module metadata for module 'ch.qos.logback:logback-classic:1.1.11' in 'MavenRepo'
13:07:24.672 [DEBUG] [org.gradle.api.internal.artifacts.ivyservice.ivyresolve.RepositoryChainComponentMetaDataResolver] Using ch.qos.logback:logback-classic:1.1.11 from Maven repository 'MavenRepo'
13:07:24.672 [DEBUG] [org.gradle.api.internal.artifacts.ivyservice.ivyresolve.RepositoryChainComponentMetaDataResolver] Attempting to resolve component for org.slf4j:jul-to-slf4j:1.7.25 using repositories [MavenRepo]
13:07:24.672 [DEBUG] [org.gradle.api.internal.artifacts.ivyservice.ivyresolve.CachingModuleComponentRepository] Using cached module metadata for module 'org.slf4j:jul-to-slf4j:1.7.25' in 'MavenRepo'
13:07:24.672 [DEBUG] [org.gradle.api.internal.artifacts.ivyservice.ivyresolve.RepositoryChainComponentMetaDataResolver] Using org.slf4j:jul-to-slf4j:1.7.25 from Maven repository 'MavenRepo'
13:07:24.672 [DEBUG] [org.gradle.api.internal.artifacts.ivyservice.ivyresolve.RepositoryChainComponentMetaDataResolver] Attempting to resolve component for org.slf4j:log4j-over-slf4j:1.7.25 using repositories [MavenRepo]
13:07:24.672 [DEBUG] [org.gradle.api.internal.artifacts.ivyservice.ivyresolve.CachingModuleComponentRepository] Using cached module metadata for module 'org.slf4j:log4j-over-slf4j:1.7.25' in 'MavenRepo'
13:07:24.672 [DEBUG] [org.gradle.api.internal.artifacts.ivyservice.ivyresolve.RepositoryChainComponentMetaDataResolver] Using org.slf4j:log4j-over-slf4j:1.7.25 from Maven repository 'MavenRepo'
13:07:24.672 [DEBUG] [org.gradle.api.internal.artifacts.ivyservice.resolveengine.graph.builder.DependencyGraphBuilder] Visiting configuration org.yaml:snakeyaml:1.17(runtime).
13:07:24.672 [DEBUG] [org.gradle.api.internal.artifacts.ivyservice.resolveengine.graph.builder.DependencyGraphBuilder] Visiting configuration org.apache.tomcat.embed:tomcat-embed-core:8.5.15(runtime).
13:07:24.672 [DEBUG] [org.gradle.api.internal.artifacts.ivyservice.resolveengine.graph.builder.DependencyGraphBuilder] Visiting configuration org.apache.tomcat.embed:tomcat-embed-el:8.5.15(runtime).
13:07:24.672 [DEBUG] [org.gradle.api.internal.artifacts.ivyservice.resolveengine.graph.builder.DependencyGraphBuilder] Visiting configuration org.apache.tomcat.embed:tomcat-embed-websocket:8.5.15(runtime).
13:07:24.673 [DEBUG] [org.gradle.api.internal.artifacts.ivyservice.resolveengine.graph.builder.DependencyGraphBuilder] Visiting configuration javax.validation:validation-api:1.1.0.Final(runtime).
13:07:24.673 [DEBUG] [org.gradle.api.internal.artifacts.ivyservice.resolveengine.graph.builder.DependencyGraphBuilder] Visiting configuration org.jboss.logging:jboss-logging:3.3.1.Final(runtime).
13:07:24.673 [DEBUG] [org.gradle.api.internal.artifacts.ivyservice.resolveengine.graph.builder.DependencyGraphBuilder] Visiting configuration com.fasterxml:classmate:1.3.3(runtime).
13:07:24.673 [DEBUG] [org.gradle.api.internal.artifacts.ivyservice.resolveengine.graph.builder.DependencyGraphBuilder] Visiting configuration com.fasterxml.jackson.core:jackson-annotations:2.8.0(runtime).
13:07:24.673 [DEBUG] [org.gradle.api.internal.artifacts.ivyservice.resolveengine.graph.builder.DependencyGraphBuilder] Visiting configuration com.fasterxml.jackson.core:jackson-core:2.8.8(runtime).
13:07:24.673 [DEBUG] [org.gradle.api.internal.artifacts.ivyservice.resolveengine.graph.builder.DependencyGraphBuilder] Visiting configuration org.springframework:spring-aop:4.3.9.RELEASE(runtime).
13:07:24.673 [DEBUG] [org.gradle.api.internal.artifacts.ivyservice.resolveengine.graph.builder.DependencyGraphBuilder] Visiting configuration org.springframework:spring-beans:4.3.9.RELEASE(runtime).
13:07:24.673 [DEBUG] [org.gradle.api.internal.artifacts.ivyservice.resolveengine.graph.builder.DependencyGraphBuilder] Visiting configuration org.springframework:spring-context:4.3.9.RELEASE(runtime).
13:07:24.673 [DEBUG] [org.gradle.api.internal.artifacts.ivyservice.resolveengine.graph.builder.DependencyGraphBuilder] Visiting configuration org.springframework:spring-expression:4.3.9.RELEASE(runtime).
13:07:24.673 [DEBUG] [org.gradle.api.internal.artifacts.ivyservice.resolveengine.graph.builder.DependencyGraphBuilder] Visiting configuration org.springframework:spring-web:4.3.9.RELEASE(runtime).
13:07:24.673 [DEBUG] [org.gradle.api.internal.artifacts.ivyservice.resolveengine.graph.builder.DependencyGraphBuilder] Changed edges for org.springframework:spring-web:4.3.9.RELEASE(runtime) selects same versions as previous traversal. ignoring
13:07:24.673 [DEBUG] [org.gradle.api.internal.artifacts.ivyservice.resolveengine.graph.builder.DependencyGraphBuilder] Visiting configuration org.mongodb:bson:3.4.2(runtime).
13:07:24.673 [DEBUG] [org.gradle.api.internal.artifacts.ivyservice.resolveengine.graph.builder.DependencyGraphBuilder] Visiting configuration org.mongodb:mongodb-driver-core:3.4.2(runtime).
13:07:24.673 [DEBUG] [org.gradle.api.internal.artifacts.ivyservice.resolveengine.graph.builder.DependencyGraphBuilder] Visiting configuration org.springframework:spring-tx:4.3.9.RELEASE(runtime).
13:07:24.673 [DEBUG] [org.gradle.api.internal.artifacts.ivyservice.resolveengine.graph.builder.DependencyGraphBuilder] Visiting configuration org.springframework.data:spring-data-commons:1.13.4.RELEASE(runtime).
13:07:24.674 [DEBUG] [org.gradle.api.internal.artifacts.ivyservice.resolveengine.graph.builder.DependencyGraphBuilder] Visiting configuration org.slf4j:jcl-over-slf4j:1.7.25(runtime).
13:07:24.674 [DEBUG] [org.gradle.api.internal.artifacts.ivyservice.resolveengine.graph.builder.DependencyGraphBuilder] Visiting configuration com.fasterxml.jackson.core:jackson-databind:2.8.8(runtime).
13:07:24.674 [DEBUG] [org.gradle.api.internal.artifacts.ivyservice.resolveengine.graph.builder.DependencyGraphBuilder] Changed edges for com.fasterxml.jackson.core:jackson-databind:2.8.8(runtime) selects same versions as previous traversal. ignoring
13:07:24.674 [DEBUG] [org.gradle.api.internal.artifacts.ivyservice.resolveengine.graph.builder.DependencyGraphBuilder] Visiting configuration org.springframework.boot:spring-boot:1.5.4.RELEASE(runtime).
13:07:24.674 [DEBUG] [org.gradle.api.internal.artifacts.ivyservice.resolveengine.graph.builder.DependencyGraphBuilder] Changed edges for org.springframework.boot:spring-boot:1.5.4.RELEASE(runtime) selects same versions as previous traversal. ignoring
13:07:24.674 [DEBUG] [org.gradle.api.internal.artifacts.ivyservice.resolveengine.graph.builder.DependencyGraphBuilder] Visiting configuration net.minidev:accessors-smart:1.1(runtime).
13:07:24.674 [DEBUG] [io.spring.gradle.dependencymanagement.internal.VersionConfiguringAction] Processing dependency 'org.ow2.asm:asm:5.0.3'
13:07:24.674 [DEBUG] [io.spring.gradle.dependencymanagement.internal.VersionConfiguringAction] No dependency management for dependency 'org.ow2.asm:asm:5.0.3'
13:07:24.674 [DEBUG] [org.gradle.api.internal.artifacts.ivyservice.ivyresolve.RepositoryChainComponentMetaDataResolver] Attempting to resolve component for org.ow2.asm:asm:5.0.3 using repositories [MavenRepo]
13:07:24.674 [DEBUG] [org.gradle.api.internal.artifacts.ivyservice.ivyresolve.CachingModuleComponentRepository] Using cached module metadata for module 'org.ow2.asm:asm:5.0.3' in 'MavenRepo'
13:07:24.674 [DEBUG] [org.gradle.api.internal.artifacts.ivyservice.ivyresolve.RepositoryChainComponentMetaDataResolver] Using org.ow2.asm:asm:5.0.3 from Maven repository 'MavenRepo'
13:07:24.674 [DEBUG] [org.gradle.api.internal.artifacts.ivyservice.resolveengine.graph.builder.DependencyGraphBuilder] Visiting configuration commons-logging:commons-logging:1.2(runtime).
13:07:24.674 [DEBUG] [org.gradle.api.internal.artifacts.ivyservice.resolveengine.graph.builder.DependencyGraphBuilder] Visiting configuration ch.qos.logback:logback-classic:1.1.11(runtime).
13:07:24.674 [DEBUG] [io.spring.gradle.dependencymanagement.internal.VersionConfiguringAction] Processing dependency 'ch.qos.logback:logback-core:1.1.11'
13:07:24.675 [DEBUG] [io.spring.gradle.dependencymanagement.internal.DependencyManagementContainer] Found managed version '1.1.11' for dependency 'ch.qos.logback:logback-core' in global dependency management
13:07:24.675 [DEBUG] [io.spring.gradle.dependencymanagement.internal.VersionConfiguringAction] Using version '1.1.11' for dependency 'ch.qos.logback:logback-core:1.1.11'
13:07:24.675 [DEBUG] [io.spring.gradle.dependencymanagement.internal.VersionConfiguringAction] Processing dependency 'org.slf4j:slf4j-api:1.7.22'
13:07:24.675 [DEBUG] [io.spring.gradle.dependencymanagement.internal.DependencyManagementContainer] Found managed version '1.7.25' for dependency 'org.slf4j:slf4j-api' in global dependency management
13:07:24.675 [DEBUG] [io.spring.gradle.dependencymanagement.internal.VersionConfiguringAction] Using version '1.7.25' for dependency 'org.slf4j:slf4j-api:1.7.22'
13:07:24.675 [DEBUG] [org.gradle.api.internal.artifacts.ivyservice.ivyresolve.RepositoryChainComponentMetaDataResolver] Attempting to resolve component for ch.qos.logback:logback-core:1.1.11 using repositories [MavenRepo]
13:07:24.675 [DEBUG] [org.gradle.api.internal.artifacts.ivyservice.ivyresolve.CachingModuleComponentRepository] Using cached module metadata for module 'ch.qos.logback:logback-core:1.1.11' in 'MavenRepo'
13:07:24.675 [DEBUG] [org.gradle.api.internal.artifacts.ivyservice.ivyresolve.RepositoryChainComponentMetaDataResolver] Using ch.qos.logback:logback-core:1.1.11 from Maven repository 'MavenRepo'
13:07:24.675 [DEBUG] [org.gradle.api.internal.artifacts.ivyservice.resolveengine.graph.builder.DependencyGraphBuilder] Visiting configuration org.slf4j:jul-to-slf4j:1.7.25(runtime).
13:07:24.675 [DEBUG] [org.gradle.api.internal.artifacts.ivyservice.resolveengine.graph.builder.DependencyGraphBuilder] Visiting configuration org.slf4j:log4j-over-slf4j:1.7.25(runtime).
13:07:24.675 [DEBUG] [org.gradle.api.internal.artifacts.ivyservice.resolveengine.graph.builder.DependencyGraphBuilder] Visiting configuration org.apache.tomcat.embed:tomcat-embed-core:8.5.15(runtime).
13:07:24.675 [DEBUG] [org.gradle.api.internal.artifacts.ivyservice.resolveengine.graph.builder.DependencyGraphBuilder] Changed edges for org.apache.tomcat.embed:tomcat-embed-core:8.5.15(runtime) selects same versions as previous traversal. ignoring
13:07:24.675 [DEBUG] [org.gradle.api.internal.artifacts.ivyservice.resolveengine.graph.builder.DependencyGraphBuilder] Visiting configuration org.springframework:spring-core:4.3.9.RELEASE(runtime).
13:07:24.675 [DEBUG] [org.gradle.api.internal.artifacts.ivyservice.resolveengine.graph.builder.DependencyGraphBuilder] Changed edges for org.springframework:spring-core:4.3.9.RELEASE(runtime) selects same versions as previous traversal. ignoring
13:07:24.675 [DEBUG] [org.gradle.api.internal.artifacts.ivyservice.resolveengine.graph.builder.DependencyGraphBuilder] Visiting configuration org.springframework:spring-aop:4.3.9.RELEASE(runtime).
13:07:24.675 [DEBUG] [org.gradle.api.internal.artifacts.ivyservice.resolveengine.graph.builder.DependencyGraphBuilder] Visiting configuration org.springframework:spring-core:4.3.9.RELEASE(runtime).
13:07:24.676 [DEBUG] [org.gradle.api.internal.artifacts.ivyservice.resolveengine.graph.builder.DependencyGraphBuilder] Changed edges for org.springframework:spring-core:4.3.9.RELEASE(runtime) selects same versions as previous traversal. ignoring
13:07:24.676 [DEBUG] [org.gradle.api.internal.artifacts.ivyservice.resolveengine.graph.builder.DependencyGraphBuilder] Visiting configuration org.springframework:spring-beans:4.3.9.RELEASE(runtime).
13:07:24.676 [DEBUG] [org.gradle.api.internal.artifacts.ivyservice.resolveengine.graph.builder.DependencyGraphBuilder] Visiting configuration org.springframework:spring-core:4.3.9.RELEASE(runtime).
13:07:24.676 [DEBUG] [org.gradle.api.internal.artifacts.ivyservice.resolveengine.graph.builder.DependencyGraphBuilder] Changed edges for org.springframework:spring-core:4.3.9.RELEASE(runtime) selects same versions as previous traversal. ignoring
13:07:24.676 [DEBUG] [org.gradle.api.internal.artifacts.ivyservice.resolveengine.graph.builder.DependencyGraphBuilder] Visiting configuration org.mongodb:bson:3.4.2(runtime).
13:07:24.676 [DEBUG] [org.gradle.api.internal.artifacts.ivyservice.resolveengine.graph.builder.DependencyGraphBuilder] Changed edges for org.mongodb:bson:3.4.2(runtime) selects same versions as previous traversal. ignoring
13:07:24.676 [DEBUG] [org.gradle.api.internal.artifacts.ivyservice.resolveengine.graph.builder.DependencyGraphBuilder] Visiting configuration org.slf4j:slf4j-api:1.7.25(runtime).
13:07:24.676 [DEBUG] [org.gradle.api.internal.artifacts.ivyservice.resolveengine.graph.builder.DependencyGraphBuilder] Changed edges for org.slf4j:slf4j-api:1.7.25(runtime) selects same versions as previous traversal. ignoring
13:07:24.676 [DEBUG] [org.gradle.api.internal.artifacts.ivyservice.resolveengine.graph.builder.DependencyGraphBuilder] Visiting configuration org.ow2.asm:asm:5.0.3(runtime).
13:07:24.676 [DEBUG] [org.gradle.api.internal.artifacts.ivyservice.resolveengine.graph.builder.DependencyGraphBuilder] Visiting configuration ch.qos.logback:logback-core:1.1.11(runtime).
13:07:24.677 [DEBUG] [org.gradle.api.internal.artifacts.ivyservice.resolveengine.oldresult.TransientConfigurationResultsBuilder] Flushing resolved configuration data in Binary store in /private/var/folders/ql/766g4tnx5mgbtm0tr10fxhyc0000gn/T/gradle17660509840828398561.bin. Wrote root 2.
13:07:24.677 [DEBUG] [org.gradle.internal.operations.DefaultBuildOperationExecutor] Completing Build operation 'Resolve dependencies of :detachedConfiguration38'
13:07:24.677 [DEBUG] [org.gradle.internal.operations.DefaultBuildOperationExecutor] Build operation 'Resolve dependencies of :detachedConfiguration38' completed
13:07:24.678 [DEBUG] [org.gradle.api.internal.artifacts.ivyservice.resolveengine.result.StreamingResolutionResultBuilder$RootFactory] Loaded resolution results (0.0 secs) from Binary store in /private/var/folders/ql/766g4tnx5mgbtm0tr10fxhyc0000gn/T/gradle18265393444597724600.bin (exist: true)
13:07:24.679 [DEBUG] [org.gradle.internal.operations.DefaultBuildOperationExecutor] Build operation 'Resolve dependencies of :detachedConfiguration43' started
13:07:24.679 [DEBUG] [org.gradle.api.internal.artifacts.ivyservice.resolveengine.DefaultArtifactDependencyResolver] Resolving configuration ':detachedConfiguration43'
13:07:24.679 [DEBUG] [org.gradle.api.internal.artifacts.ivyservice.modulecache.ResolvedArtifactCaches] Reusing in-memory cache for repo 'MavenRepo' [f8e6315c37eb56998f7a5ba08e30db71].
13:07:24.679 [DEBUG] [org.gradle.api.internal.artifacts.ivyservice.resolveengine.graph.builder.DependencyGraphBuilder] Visiting configuration com.mindex:senior-code-challenge:0.0.1-SNAPSHOT(detachedConfiguration43).
13:07:24.679 [DEBUG] [org.gradle.api.internal.artifacts.ivyservice.ivyresolve.RepositoryChainComponentMetaDataResolver] Attempting to resolve component for org.springframework.boot:spring-boot-starter-test:1.5.4.RELEASE using repositories [MavenRepo]
13:07:24.679 [DEBUG] [org.gradle.api.internal.artifacts.ivyservice.ivyresolve.CachingModuleComponentRepository] Using cached module metadata for module 'org.springframework.boot:spring-boot-starter-test:1.5.4.RELEASE' in 'MavenRepo'
13:07:24.679 [DEBUG] [org.gradle.api.internal.artifacts.ivyservice.ivyresolve.RepositoryChainComponentMetaDataResolver] Using org.springframework.boot:spring-boot-starter-test:1.5.4.RELEASE from Maven repository 'MavenRepo'
13:07:24.680 [DEBUG] [org.gradle.api.internal.artifacts.ivyservice.ivyresolve.RepositoryChainComponentMetaDataResolver] Attempting to resolve component for org.springframework.boot:spring-boot-test:1.5.4.RELEASE using repositories [MavenRepo]
13:07:24.680 [DEBUG] [org.gradle.api.internal.artifacts.ivyservice.ivyresolve.CachingModuleComponentRepository] Using cached module metadata for module 'org.springframework.boot:spring-boot-test:1.5.4.RELEASE' in 'MavenRepo'
13:07:24.680 [DEBUG] [org.gradle.api.internal.artifacts.ivyservice.ivyresolve.RepositoryChainComponentMetaDataResolver] Using org.springframework.boot:spring-boot-test:1.5.4.RELEASE from Maven repository 'MavenRepo'
13:07:24.680 [DEBUG] [org.gradle.api.internal.artifacts.ivyservice.ivyresolve.RepositoryChainComponentMetaDataResolver] Attempting to resolve component for org.springframework.boot:spring-boot-test-autoconfigure:1.5.4.RELEASE using repositories [MavenRepo]
13:07:24.680 [DEBUG] [org.gradle.api.internal.artifacts.ivyservice.ivyresolve.CachingModuleComponentRepository] Using cached module metadata for module 'org.springframework.boot:spring-boot-test-autoconfigure:1.5.4.RELEASE' in 'MavenRepo'
13:07:24.680 [DEBUG] [org.gradle.api.internal.artifacts.ivyservice.ivyresolve.RepositoryChainComponentMetaDataResolver] Using org.springframework.boot:spring-boot-test-autoconfigure:1.5.4.RELEASE from Maven repository 'MavenRepo'
13:07:24.680 [DEBUG] [org.gradle.api.internal.artifacts.ivyservice.ivyresolve.RepositoryChainComponentMetaDataResolver] Attempting to resolve component for com.jayway.jsonpath:json-path:2.2.0 using repositories [MavenRepo]
13:07:24.680 [DEBUG] [org.gradle.api.internal.artifacts.ivyservice.ivyresolve.CachingModuleComponentRepository] Using cached module metadata for module 'com.jayway.jsonpath:json-path:2.2.0' in 'MavenRepo'
13:07:24.680 [DEBUG] [org.gradle.api.internal.artifacts.ivyservice.ivyresolve.RepositoryChainComponentMetaDataResolver] Using com.jayway.jsonpath:json-path:2.2.0 from Maven repository 'MavenRepo'
13:07:24.680 [DEBUG] [org.gradle.api.internal.artifacts.ivyservice.ivyresolve.RepositoryChainComponentMetaDataResolver] Attempting to resolve component for net.minidev:json-smart:2.2.1 using repositories [MavenRepo]
13:07:24.680 [DEBUG] [org.gradle.api.internal.artifacts.ivyservice.ivyresolve.CachingModuleComponentRepository] Using cached module metadata for module 'net.minidev:json-smart:2.2.1' in 'MavenRepo'
13:07:24.680 [DEBUG] [org.gradle.api.internal.artifacts.ivyservice.ivyresolve.RepositoryChainComponentMetaDataResolver] Using net.minidev:json-smart:2.2.1 from Maven repository 'MavenRepo'
13:07:24.680 [DEBUG] [org.gradle.api.internal.artifacts.ivyservice.ivyresolve.RepositoryChainComponentMetaDataResolver] Attempting to resolve component for net.minidev:accessors-smart:1.1 using repositories [MavenRepo]
13:07:24.680 [DEBUG] [org.gradle.api.internal.artifacts.ivyservice.ivyresolve.CachingModuleComponentRepository] Using cached module metadata for module 'net.minidev:accessors-smart:1.1' in 'MavenRepo'
13:07:24.680 [DEBUG] [org.gradle.api.internal.artifacts.ivyservice.ivyresolve.RepositoryChainComponentMetaDataResolver] Using net.minidev:accessors-smart:1.1 from Maven repository 'MavenRepo'
13:07:24.680 [DEBUG] [org.gradle.api.internal.artifacts.ivyservice.ivyresolve.RepositoryChainComponentMetaDataResolver] Attempting to resolve component for org.ow2.asm:asm:5.0.3 using repositories [MavenRepo]
13:07:24.680 [DEBUG] [org.gradle.api.internal.artifacts.ivyservice.ivyresolve.CachingModuleComponentRepository] Using cached module metadata for module 'org.ow2.asm:asm:5.0.3' in 'MavenRepo'
13:07:24.680 [DEBUG] [org.gradle.api.internal.artifacts.ivyservice.ivyresolve.RepositoryChainComponentMetaDataResolver] Using org.ow2.asm:asm:5.0.3 from Maven repository 'MavenRepo'
13:07:24.680 [DEBUG] [org.gradle.api.internal.artifacts.ivyservice.ivyresolve.RepositoryChainComponentMetaDataResolver] Attempting to resolve component for junit:junit:4.12 using repositories [MavenRepo]
13:07:24.680 [DEBUG] [org.gradle.api.internal.artifacts.ivyservice.ivyresolve.CachingModuleComponentRepository] Using cached module metadata for module 'junit:junit:4.12' in 'MavenRepo'
13:07:24.681 [DEBUG] [org.gradle.api.internal.artifacts.ivyservice.ivyresolve.RepositoryChainComponentMetaDataResolver] Using junit:junit:4.12 from Maven repository 'MavenRepo'
13:07:24.681 [DEBUG] [org.gradle.api.internal.artifacts.ivyservice.ivyresolve.RepositoryChainComponentMetaDataResolver] Attempting to resolve component for org.hamcrest:hamcrest-core:1.3 using repositories [MavenRepo]
13:07:24.681 [DEBUG] [org.gradle.api.internal.artifacts.ivyservice.ivyresolve.CachingModuleComponentRepository] Using cached module metadata for module 'org.hamcrest:hamcrest-core:1.3' in 'MavenRepo'
13:07:24.681 [DEBUG] [org.gradle.api.internal.artifacts.ivyservice.ivyresolve.RepositoryChainComponentMetaDataResolver] Using org.hamcrest:hamcrest-core:1.3 from Maven repository 'MavenRepo'
13:07:24.681 [DEBUG] [org.gradle.api.internal.artifacts.ivyservice.ivyresolve.RepositoryChainComponentMetaDataResolver] Attempting to resolve component for org.assertj:assertj-core:2.6.0 using repositories [MavenRepo]
13:07:24.681 [DEBUG] [org.gradle.api.internal.artifacts.ivyservice.ivyresolve.CachingModuleComponentRepository] Using cached module metadata for module 'org.assertj:assertj-core:2.6.0' in 'MavenRepo'
13:07:24.681 [DEBUG] [org.gradle.api.internal.artifacts.ivyservice.ivyresolve.RepositoryChainComponentMetaDataResolver] Using org.assertj:assertj-core:2.6.0 from Maven repository 'MavenRepo'
13:07:24.681 [DEBUG] [org.gradle.api.internal.artifacts.ivyservice.ivyresolve.RepositoryChainComponentMetaDataResolver] Attempting to resolve component for org.mockito:mockito-core:1.10.19 using repositories [MavenRepo]
13:07:24.681 [DEBUG] [org.gradle.api.internal.artifacts.ivyservice.ivyresolve.CachingModuleComponentRepository] Using cached module metadata for module 'org.mockito:mockito-core:1.10.19' in 'MavenRepo'
13:07:24.681 [DEBUG] [org.gradle.api.internal.artifacts.ivyservice.ivyresolve.RepositoryChainComponentMetaDataResolver] Using org.mockito:mockito-core:1.10.19 from Maven repository 'MavenRepo'
13:07:24.681 [DEBUG] [org.gradle.api.internal.artifacts.ivyservice.ivyresolve.RepositoryChainComponentMetaDataResolver] Attempting to resolve component for org.objenesis:objenesis:2.1 using repositories [MavenRepo]
13:07:24.681 [DEBUG] [org.gradle.api.internal.artifacts.ivyservice.ivyresolve.CachingModuleComponentRepository] Using cached module metadata for module 'org.objenesis:objenesis:2.1' in 'MavenRepo'
13:07:24.681 [DEBUG] [org.gradle.api.internal.artifacts.ivyservice.ivyresolve.RepositoryChainComponentMetaDataResolver] Using org.objenesis:objenesis:2.1 from Maven repository 'MavenRepo'
13:07:24.681 [DEBUG] [org.gradle.api.internal.artifacts.ivyservice.ivyresolve.RepositoryChainComponentMetaDataResolver] Attempting to resolve component for org.hamcrest:hamcrest-library:1.3 using repositories [MavenRepo]
13:07:24.681 [DEBUG] [org.gradle.api.internal.artifacts.ivyservice.ivyresolve.CachingModuleComponentRepository] Using cached module metadata for module 'org.hamcrest:hamcrest-library:1.3' in 'MavenRepo'
13:07:24.681 [DEBUG] [org.gradle.api.internal.artifacts.ivyservice.ivyresolve.RepositoryChainComponentMetaDataResolver] Using org.hamcrest:hamcrest-library:1.3 from Maven repository 'MavenRepo'
13:07:24.681 [DEBUG] [org.gradle.api.internal.artifacts.ivyservice.ivyresolve.RepositoryChainComponentMetaDataResolver] Attempting to resolve component for org.skyscreamer:jsonassert:1.4.0 using repositories [MavenRepo]
13:07:24.681 [DEBUG] [org.gradle.api.internal.artifacts.ivyservice.ivyresolve.CachingModuleComponentRepository] Using cached module metadata for module 'org.skyscreamer:jsonassert:1.4.0' in 'MavenRepo'
13:07:24.681 [DEBUG] [org.gradle.api.internal.artifacts.ivyservice.ivyresolve.RepositoryChainComponentMetaDataResolver] Using org.skyscreamer:jsonassert:1.4.0 from Maven repository 'MavenRepo'
13:07:24.681 [DEBUG] [org.gradle.api.internal.artifacts.ivyservice.ivyresolve.RepositoryChainComponentMetaDataResolver] Attempting to resolve component for com.vaadin.external.google:android-json:0.0.20131108.vaadin1 using repositories [MavenRepo]
13:07:24.681 [DEBUG] [org.gradle.api.internal.artifacts.ivyservice.ivyresolve.CachingModuleComponentRepository] Using cached module metadata for module 'com.vaadin.external.google:android-json:0.0.20131108.vaadin1' in 'MavenRepo'
13:07:24.682 [DEBUG] [org.gradle.api.internal.artifacts.ivyservice.ivyresolve.RepositoryChainComponentMetaDataResolver] Using com.vaadin.external.google:android-json:0.0.20131108.vaadin1 from Maven repository 'MavenRepo'
13:07:24.682 [DEBUG] [org.gradle.api.internal.artifacts.ivyservice.ivyresolve.RepositoryChainComponentMetaDataResolver] Attempting to resolve component for org.springframework:spring-test:4.3.9.RELEASE using repositories [MavenRepo]
13:07:24.682 [DEBUG] [org.gradle.api.internal.artifacts.ivyservice.ivyresolve.CachingModuleComponentRepository] Using cached module metadata for module 'org.springframework:spring-test:4.3.9.RELEASE' in 'MavenRepo'
13:07:24.682 [DEBUG] [org.gradle.api.internal.artifacts.ivyservice.ivyresolve.RepositoryChainComponentMetaDataResolver] Using org.springframework:spring-test:4.3.9.RELEASE from Maven repository 'MavenRepo'
13:07:24.682 [DEBUG] [org.gradle.api.internal.artifacts.ivyservice.resolveengine.graph.builder.DependencyGraphBuilder] Visiting configuration org.springframework.boot:spring-boot-starter-test:1.5.4.RELEASE(default).
13:07:24.682 [DEBUG] [org.gradle.api.internal.artifacts.ivyservice.resolveengine.graph.builder.DependencyGraphBuilder] org.springframework.boot:spring-boot-starter-test:1.5.4.RELEASE(default) has no transitive incoming edges. ignoring outgoing edges.
13:07:24.682 [DEBUG] [org.gradle.api.internal.artifacts.ivyservice.resolveengine.graph.builder.DependencyGraphBuilder] Visiting configuration org.springframework.boot:spring-boot-test:1.5.4.RELEASE(default).
13:07:24.682 [DEBUG] [org.gradle.api.internal.artifacts.ivyservice.resolveengine.graph.builder.DependencyGraphBuilder] org.springframework.boot:spring-boot-test:1.5.4.RELEASE(default) has no transitive incoming edges. ignoring outgoing edges.
13:07:24.682 [DEBUG] [org.gradle.api.internal.artifacts.ivyservice.resolveengine.graph.builder.DependencyGraphBuilder] Visiting configuration org.springframework.boot:spring-boot-test-autoconfigure:1.5.4.RELEASE(default).
13:07:24.682 [DEBUG] [org.gradle.api.internal.artifacts.ivyservice.resolveengine.graph.builder.DependencyGraphBuilder] org.springframework.boot:spring-boot-test-autoconfigure:1.5.4.RELEASE(default) has no transitive incoming edges. ignoring outgoing edges.
13:07:24.682 [DEBUG] [org.gradle.api.internal.artifacts.ivyservice.resolveengine.graph.builder.DependencyGraphBuilder] Visiting configuration com.jayway.jsonpath:json-path:2.2.0(default).
13:07:24.682 [DEBUG] [org.gradle.api.internal.artifacts.ivyservice.resolveengine.graph.builder.DependencyGraphBuilder] com.jayway.jsonpath:json-path:2.2.0(default) has no transitive incoming edges. ignoring outgoing edges.
13:07:24.682 [DEBUG] [org.gradle.api.internal.artifacts.ivyservice.resolveengine.graph.builder.DependencyGraphBuilder] Visiting configuration net.minidev:json-smart:2.2.1(default).
13:07:24.682 [DEBUG] [org.gradle.api.internal.artifacts.ivyservice.resolveengine.graph.builder.DependencyGraphBuilder] net.minidev:json-smart:2.2.1(default) has no transitive incoming edges. ignoring outgoing edges.
13:07:24.682 [DEBUG] [org.gradle.api.internal.artifacts.ivyservice.resolveengine.graph.builder.DependencyGraphBuilder] Visiting configuration net.minidev:accessors-smart:1.1(default).
13:07:24.682 [DEBUG] [org.gradle.api.internal.artifacts.ivyservice.resolveengine.graph.builder.DependencyGraphBuilder] net.minidev:accessors-smart:1.1(default) has no transitive incoming edges. ignoring outgoing edges.
13:07:24.682 [DEBUG] [org.gradle.api.internal.artifacts.ivyservice.resolveengine.graph.builder.DependencyGraphBuilder] Visiting configuration org.ow2.asm:asm:5.0.3(default).
13:07:24.682 [DEBUG] [org.gradle.api.internal.artifacts.ivyservice.resolveengine.graph.builder.DependencyGraphBuilder] org.ow2.asm:asm:5.0.3(default) has no transitive incoming edges. ignoring outgoing edges.
13:07:24.682 [DEBUG] [org.gradle.api.internal.artifacts.ivyservice.resolveengine.graph.builder.DependencyGraphBuilder] Visiting configuration junit:junit:4.12(default).
13:07:24.682 [DEBUG] [org.gradle.api.internal.artifacts.ivyservice.resolveengine.graph.builder.DependencyGraphBuilder] junit:junit:4.12(default) has no transitive incoming edges. ignoring outgoing edges.
13:07:24.683 [DEBUG] [org.gradle.api.internal.artifacts.ivyservice.resolveengine.graph.builder.DependencyGraphBuilder] Visiting configuration org.hamcrest:hamcrest-core:1.3(default).
13:07:24.683 [DEBUG] [org.gradle.api.internal.artifacts.ivyservice.resolveengine.graph.builder.DependencyGraphBuilder] org.hamcrest:hamcrest-core:1.3(default) has no transitive incoming edges. ignoring outgoing edges.
13:07:24.683 [DEBUG] [org.gradle.api.internal.artifacts.ivyservice.resolveengine.graph.builder.DependencyGraphBuilder] Visiting configuration org.assertj:assertj-core:2.6.0(default).
13:07:24.683 [DEBUG] [org.gradle.api.internal.artifacts.ivyservice.resolveengine.graph.builder.DependencyGraphBuilder] org.assertj:assertj-core:2.6.0(default) has no transitive incoming edges. ignoring outgoing edges.
13:07:24.683 [DEBUG] [org.gradle.api.internal.artifacts.ivyservice.resolveengine.graph.builder.DependencyGraphBuilder] Visiting configuration org.mockito:mockito-core:1.10.19(default).
13:07:24.683 [DEBUG] [org.gradle.api.internal.artifacts.ivyservice.resolveengine.graph.builder.DependencyGraphBuilder] org.mockito:mockito-core:1.10.19(default) has no transitive incoming edges. ignoring outgoing edges.
13:07:24.683 [DEBUG] [org.gradle.api.internal.artifacts.ivyservice.resolveengine.graph.builder.DependencyGraphBuilder] Visiting configuration org.objenesis:objenesis:2.1(default).
13:07:24.683 [DEBUG] [org.gradle.api.internal.artifacts.ivyservice.resolveengine.graph.builder.DependencyGraphBuilder] org.objenesis:objenesis:2.1(default) has no transitive incoming edges. ignoring outgoing edges.
13:07:24.683 [DEBUG] [org.gradle.api.internal.artifacts.ivyservice.resolveengine.graph.builder.DependencyGraphBuilder] Visiting configuration org.hamcrest:hamcrest-library:1.3(default).
13:07:24.683 [DEBUG] [org.gradle.api.internal.artifacts.ivyservice.resolveengine.graph.builder.DependencyGraphBuilder] org.hamcrest:hamcrest-library:1.3(default) has no transitive incoming edges. ignoring outgoing edges.
13:07:24.683 [DEBUG] [org.gradle.api.internal.artifacts.ivyservice.resolveengine.graph.builder.DependencyGraphBuilder] Visiting configuration org.skyscreamer:jsonassert:1.4.0(default).
13:07:24.683 [DEBUG] [org.gradle.api.internal.artifacts.ivyservice.resolveengine.graph.builder.DependencyGraphBuilder] org.skyscreamer:jsonassert:1.4.0(default) has no transitive incoming edges. ignoring outgoing edges.
13:07:24.683 [DEBUG] [org.gradle.api.internal.artifacts.ivyservice.resolveengine.graph.builder.DependencyGraphBuilder] Visiting configuration com.vaadin.external.google:android-json:0.0.20131108.vaadin1(default).
13:07:24.683 [DEBUG] [org.gradle.api.internal.artifacts.ivyservice.resolveengine.graph.builder.DependencyGraphBuilder] com.vaadin.external.google:android-json:0.0.20131108.vaadin1(default) has no transitive incoming edges. ignoring outgoing edges.
13:07:24.683 [DEBUG] [org.gradle.api.internal.artifacts.ivyservice.resolveengine.graph.builder.DependencyGraphBuilder] Visiting configuration org.springframework:spring-test:4.3.9.RELEASE(default).
13:07:24.683 [DEBUG] [org.gradle.api.internal.artifacts.ivyservice.resolveengine.graph.builder.DependencyGraphBuilder] org.springframework:spring-test:4.3.9.RELEASE(default) has no transitive incoming edges. ignoring outgoing edges.
13:07:24.684 [DEBUG] [org.gradle.api.internal.artifacts.ivyservice.resolveengine.oldresult.TransientConfigurationResultsBuilder] Flushing resolved configuration data in Binary store in /private/var/folders/ql/766g4tnx5mgbtm0tr10fxhyc0000gn/T/gradle17660509840828398561.bin. Wrote root 2.
13:07:24.684 [DEBUG] [org.gradle.internal.operations.DefaultBuildOperationExecutor] Completing Build operation 'Resolve dependencies of :detachedConfiguration43'
13:07:24.684 [DEBUG] [org.gradle.internal.operations.DefaultBuildOperationExecutor] Build operation 'Resolve dependencies of :detachedConfiguration43' completed
13:07:24.684 [DEBUG] [org.gradle.internal.component.model.ComponentAttributeMatcher] Selected match org.springframework.boot:spring-boot-starter-test:1.5.4.RELEASE from candidates [org.springframework.boot:spring-boot-starter-test:1.5.4.RELEASE] for {}
13:07:24.684 [DEBUG] [org.gradle.internal.component.model.ComponentAttributeMatcher] Selected match org.springframework.boot:spring-boot-test:1.5.4.RELEASE from candidates [org.springframework.boot:spring-boot-test:1.5.4.RELEASE] for {}
13:07:24.684 [DEBUG] [org.gradle.internal.component.model.ComponentAttributeMatcher] Selected match org.springframework.boot:spring-boot-test-autoconfigure:1.5.4.RELEASE from candidates [org.springframework.boot:spring-boot-test-autoconfigure:1.5.4.RELEASE] for {}
13:07:24.684 [DEBUG] [org.gradle.internal.component.model.ComponentAttributeMatcher] Selected match com.jayway.jsonpath:json-path:2.2.0 from candidates [com.jayway.jsonpath:json-path:2.2.0] for {}
13:07:24.684 [DEBUG] [org.gradle.internal.component.model.ComponentAttributeMatcher] Selected match net.minidev:json-smart:2.2.1 from candidates [net.minidev:json-smart:2.2.1] for {}
13:07:24.684 [DEBUG] [org.gradle.internal.component.model.ComponentAttributeMatcher] Selected match net.minidev:accessors-smart:1.1 from candidates [net.minidev:accessors-smart:1.1] for {}
13:07:24.684 [DEBUG] [org.gradle.internal.component.model.ComponentAttributeMatcher] Selected match org.ow2.asm:asm:5.0.3 from candidates [org.ow2.asm:asm:5.0.3] for {}
13:07:24.684 [DEBUG] [org.gradle.internal.component.model.ComponentAttributeMatcher] Selected match junit:junit:4.12 from candidates [junit:junit:4.12] for {}
13:07:24.684 [DEBUG] [org.gradle.internal.component.model.ComponentAttributeMatcher] Selected match org.hamcrest:hamcrest-core:1.3 from candidates [org.hamcrest:hamcrest-core:1.3] for {}
13:07:24.684 [DEBUG] [org.gradle.internal.component.model.ComponentAttributeMatcher] Selected match org.assertj:assertj-core:2.6.0 from candidates [org.assertj:assertj-core:2.6.0] for {}
13:07:24.684 [DEBUG] [org.gradle.internal.component.model.ComponentAttributeMatcher] Selected match org.mockito:mockito-core:1.10.19 from candidates [org.mockito:mockito-core:1.10.19] for {}
13:07:24.684 [DEBUG] [org.gradle.internal.component.model.ComponentAttributeMatcher] Selected match org.objenesis:objenesis:2.1 from candidates [org.objenesis:objenesis:2.1] for {}
13:07:24.684 [DEBUG] [org.gradle.internal.component.model.ComponentAttributeMatcher] Selected match org.hamcrest:hamcrest-library:1.3 from candidates [org.hamcrest:hamcrest-library:1.3] for {}
13:07:24.684 [DEBUG] [org.gradle.internal.component.model.ComponentAttributeMatcher] Selected match org.skyscreamer:jsonassert:1.4.0 from candidates [org.skyscreamer:jsonassert:1.4.0] for {}
13:07:24.685 [DEBUG] [org.gradle.internal.component.model.ComponentAttributeMatcher] Selected match com.vaadin.external.google:android-json:0.0.20131108.vaadin1 from candidates [com.vaadin.external.google:android-json:0.0.20131108.vaadin1] for {}
13:07:24.685 [DEBUG] [org.gradle.internal.component.model.ComponentAttributeMatcher] Selected match org.springframework:spring-test:4.3.9.RELEASE from candidates [org.springframework:spring-test:4.3.9.RELEASE] for {}
13:07:24.685 [DEBUG] [org.gradle.internal.operations.DefaultBuildOperationExecutor] Build operation 'Resolve files of :detachedConfiguration43' started
13:07:24.685 [DEBUG] [org.gradle.api.internal.artifacts.ivyservice.ivyresolve.CachingModuleComponentRepository] Found artifact 'spring-boot-starter-test.pom (org.springframework.boot:spring-boot-starter-test:1.5.4.RELEASE)' in resolver cache: /Users/bconnors/.gradle/caches/modules-2/files-2.1/org.springframework.boot/spring-boot-starter-test/1.5.4.RELEASE/c183d11767eeb872eade105f068411c3b83f434b/spring-boot-starter-test-1.5.4.RELEASE.pom
13:07:24.685 [DEBUG] [org.gradle.api.internal.artifacts.ivyservice.ivyresolve.CachingModuleComponentRepository] Found artifact 'spring-boot-test.pom (org.springframework.boot:spring-boot-test:1.5.4.RELEASE)' in resolver cache: /Users/bconnors/.gradle/caches/modules-2/files-2.1/org.springframework.boot/spring-boot-test/1.5.4.RELEASE/83720b26d736b16b015b69fac187a7d9d17a66a8/spring-boot-test-1.5.4.RELEASE.pom
13:07:24.685 [DEBUG] [org.gradle.api.internal.artifacts.ivyservice.ivyresolve.CachingModuleComponentRepository] Found artifact 'spring-boot-test-autoconfigure.pom (org.springframework.boot:spring-boot-test-autoconfigure:1.5.4.RELEASE)' in resolver cache: /Users/bconnors/.gradle/caches/modules-2/files-2.1/org.springframework.boot/spring-boot-test-autoconfigure/1.5.4.RELEASE/eadfe4333ab3ed8994bdf8b7750229fa4524a37c/spring-boot-test-autoconfigure-1.5.4.RELEASE.pom
13:07:24.685 [DEBUG] [org.gradle.api.internal.artifacts.ivyservice.ivyresolve.CachingModuleComponentRepository] Found artifact 'json-path.pom (com.jayway.jsonpath:json-path:2.2.0)' in resolver cache: /Users/bconnors/.gradle/caches/modules-2/files-2.1/com.jayway.jsonpath/json-path/2.2.0/a7d149bf5ecf33fc37ca70cae9a76222be095fe/json-path-2.2.0.pom
13:07:24.685 [DEBUG] [org.gradle.api.internal.artifacts.ivyservice.ivyresolve.CachingModuleComponentRepository] Found artifact 'json-smart.pom (net.minidev:json-smart:2.2.1)' in resolver cache: /Users/bconnors/.gradle/caches/modules-2/files-2.1/net.minidev/json-smart/2.2.1/be61ede235a90e21fcc248f7f34514d800ebc953/json-smart-2.2.1.pom
13:07:24.685 [DEBUG] [org.gradle.api.internal.artifacts.ivyservice.ivyresolve.CachingModuleComponentRepository] Found artifact 'accessors-smart.pom (net.minidev:accessors-smart:1.1)' in resolver cache: /Users/bconnors/.gradle/caches/modules-2/files-2.1/net.minidev/accessors-smart/1.1/e497f483105c5fe09ac9014d7ef466924acd5e3e/accessors-smart-1.1.pom
13:07:24.686 [DEBUG] [org.gradle.api.internal.artifacts.ivyservice.ivyresolve.CachingModuleComponentRepository] Found artifact 'asm.pom (org.ow2.asm:asm:5.0.3)' in resolver cache: /Users/bconnors/.gradle/caches/modules-2/files-2.1/org.ow2.asm/asm/5.0.3/7d9570aceff0131a35a87d37b53452be33cf3cd9/asm-5.0.3.pom
13:07:24.686 [DEBUG] [org.gradle.api.internal.artifacts.ivyservice.ivyresolve.CachingModuleComponentRepository] Found artifact 'junit.pom (junit:junit:4.12)' in resolver cache: /Users/bconnors/.gradle/caches/modules-2/files-2.1/junit/junit/4.12/35fb238baee3f3af739074d723279ebea2028398/junit-4.12.pom
13:07:24.686 [DEBUG] [org.gradle.api.internal.artifacts.ivyservice.ivyresolve.CachingModuleComponentRepository] Found artifact 'hamcrest-core.pom (org.hamcrest:hamcrest-core:1.3)' in resolver cache: /Users/bconnors/.gradle/caches/modules-2/files-2.1/org.hamcrest/hamcrest-core/1.3/872e413497b906e7c9fa85ccc96046c5d1ef7ece/hamcrest-core-1.3.pom
13:07:24.686 [DEBUG] [org.gradle.api.internal.artifacts.ivyservice.ivyresolve.CachingModuleComponentRepository] Found artifact 'assertj-core.pom (org.assertj:assertj-core:2.6.0)' in resolver cache: /Users/bconnors/.gradle/caches/modules-2/files-2.1/org.assertj/assertj-core/2.6.0/c1abd6bd9ca75b99d8c8798d1fa41fefdb61c0ab/assertj-core-2.6.0.pom
13:07:24.686 [DEBUG] [org.gradle.api.internal.artifacts.ivyservice.ivyresolve.CachingModuleComponentRepository] Found artifact 'mockito-core.pom (org.mockito:mockito-core:1.10.19)' in resolver cache: /Users/bconnors/.gradle/caches/modules-2/files-2.1/org.mockito/mockito-core/1.10.19/228d760941af5e4c6e772d8761794aefe555da22/mockito-core-1.10.19.pom
13:07:24.686 [DEBUG] [org.gradle.api.internal.artifacts.ivyservice.ivyresolve.CachingModuleComponentRepository] Found artifact 'objenesis.pom (org.objenesis:objenesis:2.1)' in resolver cache: /Users/bconnors/.gradle/caches/modules-2/files-2.1/org.objenesis/objenesis/2.1/362dfc522ff5a1401838f136cb7a7ec99033fc33/objenesis-2.1.pom
13:07:24.686 [DEBUG] [org.gradle.api.internal.artifacts.ivyservice.ivyresolve.CachingModuleComponentRepository] Found artifact 'hamcrest-library.pom (org.hamcrest:hamcrest-library:1.3)' in resolver cache: /Users/bconnors/.gradle/caches/modules-2/files-2.1/org.hamcrest/hamcrest-library/1.3/8e2a1dd4d5ba590c7a904209f1f40f66d9349ee9/hamcrest-library-1.3.pom
13:07:24.686 [DEBUG] [org.gradle.api.internal.artifacts.ivyservice.ivyresolve.CachingModuleComponentRepository] Found artifact 'jsonassert.pom (org.skyscreamer:jsonassert:1.4.0)' in resolver cache: /Users/bconnors/.gradle/caches/modules-2/files-2.1/org.skyscreamer/jsonassert/1.4.0/26d96ec1b49679dc555822b659ab3a7903c8ffd4/jsonassert-1.4.0.pom
13:07:24.687 [DEBUG] [org.gradle.api.internal.artifacts.ivyservice.ivyresolve.CachingModuleComponentRepository] Found artifact 'android-json.pom (com.vaadin.external.google:android-json:0.0.20131108.vaadin1)' in resolver cache: /Users/bconnors/.gradle/caches/modules-2/files-2.1/com.vaadin.external.google/android-json/0.0.20131108.vaadin1/90ebaebd21e7bcfad5416f999926d05f834bfeb5/android-json-0.0.20131108.vaadin1.pom
13:07:24.687 [DEBUG] [org.gradle.api.internal.artifacts.ivyservice.ivyresolve.CachingModuleComponentRepository] Found artifact 'spring-test.pom (org.springframework:spring-test:4.3.9.RELEASE)' in resolver cache: /Users/bconnors/.gradle/caches/modules-2/files-2.1/org.springframework/spring-test/4.3.9.RELEASE/89163ec74a4074e2c9b012a9611eef758da94c60/spring-test-4.3.9.RELEASE.pom
13:07:24.687 [DEBUG] [org.gradle.internal.operations.DefaultBuildOperationExecutor] Completing Build operation 'Resolve files of :detachedConfiguration43'
13:07:24.687 [DEBUG] [org.gradle.internal.operations.DefaultBuildOperationExecutor] Build operation 'Resolve files of :detachedConfiguration43' completed
13:07:24.726 [DEBUG] [org.gradle.internal.operations.DefaultBuildOperationExecutor] Build operation 'Resolve dependencies of :detachedConfiguration44' started
13:07:24.727 [DEBUG] [org.gradle.api.internal.artifacts.ivyservice.resolveengine.DefaultArtifactDependencyResolver] Resolving configuration ':detachedConfiguration44'
13:07:24.727 [DEBUG] [org.gradle.api.internal.artifacts.ivyservice.modulecache.ResolvedArtifactCaches] Reusing in-memory cache for repo 'MavenRepo' [f8e6315c37eb56998f7a5ba08e30db71].
13:07:24.727 [DEBUG] [org.gradle.api.internal.artifacts.ivyservice.resolveengine.graph.builder.DependencyGraphBuilder] Visiting configuration com.mindex:senior-code-challenge:0.0.1-SNAPSHOT(detachedConfiguration44).
13:07:24.727 [DEBUG] [org.gradle.api.internal.artifacts.ivyservice.ivyresolve.RepositoryChainComponentMetaDataResolver] Attempting to resolve component for net.minidev:minidev-parent:2.2 using repositories [MavenRepo]
13:07:24.727 [DEBUG] [org.gradle.api.internal.artifacts.ivyservice.ivyresolve.CachingModuleComponentRepository] Using cached module metadata for module 'net.minidev:minidev-parent:2.2' in 'MavenRepo'
13:07:24.727 [DEBUG] [org.gradle.api.internal.artifacts.ivyservice.ivyresolve.RepositoryChainComponentMetaDataResolver] Using net.minidev:minidev-parent:2.2 from Maven repository 'MavenRepo'
13:07:24.727 [DEBUG] [org.gradle.api.internal.artifacts.ivyservice.resolveengine.graph.builder.DependencyGraphBuilder] Visiting configuration net.minidev:minidev-parent:2.2(default).
13:07:24.727 [DEBUG] [org.gradle.api.internal.artifacts.ivyservice.resolveengine.graph.builder.DependencyGraphBuilder] net.minidev:minidev-parent:2.2(default) has no transitive incoming edges. ignoring outgoing edges.
13:07:24.727 [DEBUG] [org.gradle.api.internal.artifacts.ivyservice.resolveengine.oldresult.TransientConfigurationResultsBuilder] Flushing resolved configuration data in Binary store in /private/var/folders/ql/766g4tnx5mgbtm0tr10fxhyc0000gn/T/gradle17660509840828398561.bin. Wrote root 2.
13:07:24.728 [DEBUG] [org.gradle.internal.operations.DefaultBuildOperationExecutor] Completing Build operation 'Resolve dependencies of :detachedConfiguration44'
13:07:24.728 [DEBUG] [org.gradle.internal.operations.DefaultBuildOperationExecutor] Build operation 'Resolve dependencies of :detachedConfiguration44' completed
13:07:24.728 [DEBUG] [org.gradle.internal.component.model.ComponentAttributeMatcher] Selected match net.minidev:minidev-parent:2.2 from candidates [net.minidev:minidev-parent:2.2] for {}
13:07:24.728 [DEBUG] [org.gradle.internal.operations.DefaultBuildOperationExecutor] Build operation 'Resolve files of :detachedConfiguration44' started
13:07:24.728 [DEBUG] [org.gradle.internal.work.DefaultWorkerLeaseService] Worker lease root.1.9.87.88 started (1 worker(s) in use).
13:07:24.728 [DEBUG] [org.gradle.internal.resources.AbstractTrackedResourceLock] Task worker for ':': acquired lock on root.1.9.87.88
13:07:24.728 [DEBUG] [org.gradle.internal.operations.DefaultBuildOperationExecutor] Build operation 'Resolve minidev-parent.pom (net.minidev:minidev-parent:2.2)' started
13:07:24.728 [DEBUG] [org.gradle.api.internal.artifacts.ivyservice.ivyresolve.CachingModuleComponentRepository] Found artifact 'minidev-parent.pom (net.minidev:minidev-parent:2.2)' in resolver cache: /Users/bconnors/.gradle/caches/modules-2/files-2.1/net.minidev/minidev-parent/2.2/1e83d59a9b4fc254d76b971180b9d67784aed97e/minidev-parent-2.2.pom
13:07:24.728 [DEBUG] [org.gradle.internal.operations.DefaultBuildOperationExecutor] Completing Build operation 'Resolve minidev-parent.pom (net.minidev:minidev-parent:2.2)'
13:07:24.728 [DEBUG] [org.gradle.internal.operations.DefaultBuildOperationExecutor] Build operation 'Resolve minidev-parent.pom (net.minidev:minidev-parent:2.2)' completed
13:07:24.728 [DEBUG] [org.gradle.internal.work.DefaultWorkerLeaseService] Worker lease root.1.9.87.88 completed (1 worker(s) in use)
13:07:24.728 [DEBUG] [org.gradle.internal.resources.AbstractTrackedResourceLock] Task worker for ':': released lock on root.1.9.87.88
13:07:24.728 [DEBUG] [org.gradle.internal.operations.DefaultBuildOperationExecutor] Completing Build operation 'Resolve files of :detachedConfiguration44'
13:07:24.728 [DEBUG] [org.gradle.internal.operations.DefaultBuildOperationExecutor] Build operation 'Resolve files of :detachedConfiguration44' completed
13:07:24.729 [DEBUG] [org.gradle.internal.operations.DefaultBuildOperationExecutor] Build operation 'Resolve dependencies of :detachedConfiguration45' started
13:07:24.729 [DEBUG] [org.gradle.api.internal.artifacts.ivyservice.resolveengine.DefaultArtifactDependencyResolver] Resolving configuration ':detachedConfiguration45'
13:07:24.730 [DEBUG] [org.gradle.api.internal.artifacts.ivyservice.modulecache.ResolvedArtifactCaches] Reusing in-memory cache for repo 'MavenRepo' [f8e6315c37eb56998f7a5ba08e30db71].
13:07:24.730 [DEBUG] [org.gradle.api.internal.artifacts.ivyservice.resolveengine.graph.builder.DependencyGraphBuilder] Visiting configuration com.mindex:senior-code-challenge:0.0.1-SNAPSHOT(detachedConfiguration45).
13:07:24.730 [DEBUG] [org.gradle.api.internal.artifacts.ivyservice.ivyresolve.RepositoryChainComponentMetaDataResolver] Attempting to resolve component for org.ow2.asm:asm-parent:5.0.3 using repositories [MavenRepo]
13:07:24.730 [DEBUG] [org.gradle.api.internal.artifacts.ivyservice.ivyresolve.CachingModuleComponentRepository] Using cached module metadata for module 'org.ow2.asm:asm-parent:5.0.3' in 'MavenRepo'
13:07:24.730 [DEBUG] [org.gradle.api.internal.artifacts.ivyservice.ivyresolve.RepositoryChainComponentMetaDataResolver] Using org.ow2.asm:asm-parent:5.0.3 from Maven repository 'MavenRepo'
13:07:24.730 [DEBUG] [org.gradle.api.internal.artifacts.ivyservice.resolveengine.graph.builder.DependencyGraphBuilder] Visiting configuration org.ow2.asm:asm-parent:5.0.3(default).
13:07:24.730 [DEBUG] [org.gradle.api.internal.artifacts.ivyservice.resolveengine.graph.builder.DependencyGraphBuilder] org.ow2.asm:asm-parent:5.0.3(default) has no transitive incoming edges. ignoring outgoing edges.
13:07:24.730 [DEBUG] [org.gradle.api.internal.artifacts.ivyservice.resolveengine.oldresult.TransientConfigurationResultsBuilder] Flushing resolved configuration data in Binary store in /private/var/folders/ql/766g4tnx5mgbtm0tr10fxhyc0000gn/T/gradle17660509840828398561.bin. Wrote root 2.
13:07:24.730 [DEBUG] [org.gradle.internal.operations.DefaultBuildOperationExecutor] Completing Build operation 'Resolve dependencies of :detachedConfiguration45'
13:07:24.730 [DEBUG] [org.gradle.internal.operations.DefaultBuildOperationExecutor] Build operation 'Resolve dependencies of :detachedConfiguration45' completed
13:07:24.730 [DEBUG] [org.gradle.internal.component.model.ComponentAttributeMatcher] Selected match org.ow2.asm:asm-parent:5.0.3 from candidates [org.ow2.asm:asm-parent:5.0.3] for {}
13:07:24.730 [DEBUG] [org.gradle.internal.operations.DefaultBuildOperationExecutor] Build operation 'Resolve files of :detachedConfiguration45' started
13:07:24.730 [DEBUG] [org.gradle.internal.work.DefaultWorkerLeaseService] Worker lease root.1.9.89.90 started (1 worker(s) in use).
13:07:24.731 [DEBUG] [org.gradle.internal.resources.AbstractTrackedResourceLock] Task worker for ':': acquired lock on root.1.9.89.90
13:07:24.731 [DEBUG] [org.gradle.internal.operations.DefaultBuildOperationExecutor] Build operation 'Resolve asm-parent.pom (org.ow2.asm:asm-parent:5.0.3)' started
13:07:24.731 [DEBUG] [org.gradle.api.internal.artifacts.ivyservice.ivyresolve.CachingModuleComponentRepository] Found artifact 'asm-parent.pom (org.ow2.asm:asm-parent:5.0.3)' in resolver cache: /Users/bconnors/.gradle/caches/modules-2/files-2.1/org.ow2.asm/asm-parent/5.0.3/f2b915adcf47fab0e17bccf47390aa206eba7937/asm-parent-5.0.3.pom
13:07:24.731 [DEBUG] [org.gradle.internal.operations.DefaultBuildOperationExecutor] Completing Build operation 'Resolve asm-parent.pom (org.ow2.asm:asm-parent:5.0.3)'
13:07:24.731 [DEBUG] [org.gradle.internal.operations.DefaultBuildOperationExecutor] Build operation 'Resolve asm-parent.pom (org.ow2.asm:asm-parent:5.0.3)' completed
13:07:24.731 [DEBUG] [org.gradle.internal.work.DefaultWorkerLeaseService] Worker lease root.1.9.89.90 completed (1 worker(s) in use)
13:07:24.731 [DEBUG] [org.gradle.internal.resources.AbstractTrackedResourceLock] Task worker for ':': released lock on root.1.9.89.90
13:07:24.731 [DEBUG] [org.gradle.internal.operations.DefaultBuildOperationExecutor] Completing Build operation 'Resolve files of :detachedConfiguration45'
13:07:24.731 [DEBUG] [org.gradle.internal.operations.DefaultBuildOperationExecutor] Build operation 'Resolve files of :detachedConfiguration45' completed
13:07:24.731 [DEBUG] [org.gradle.internal.operations.DefaultBuildOperationExecutor] Build operation 'Resolve dependencies of :detachedConfiguration46' started
13:07:24.732 [DEBUG] [org.gradle.api.internal.artifacts.ivyservice.resolveengine.DefaultArtifactDependencyResolver] Resolving configuration ':detachedConfiguration46'
13:07:24.732 [DEBUG] [org.gradle.api.internal.artifacts.ivyservice.modulecache.ResolvedArtifactCaches] Reusing in-memory cache for repo 'MavenRepo' [f8e6315c37eb56998f7a5ba08e30db71].
13:07:24.732 [DEBUG] [org.gradle.api.internal.artifacts.ivyservice.resolveengine.graph.builder.DependencyGraphBuilder] Visiting configuration com.mindex:senior-code-challenge:0.0.1-SNAPSHOT(detachedConfiguration46).
13:07:24.732 [DEBUG] [org.gradle.api.internal.artifacts.ivyservice.ivyresolve.RepositoryChainComponentMetaDataResolver] Attempting to resolve component for org.ow2:ow2:1.3 using repositories [MavenRepo]
13:07:24.732 [DEBUG] [org.gradle.api.internal.artifacts.ivyservice.ivyresolve.CachingModuleComponentRepository] Using cached module metadata for module 'org.ow2:ow2:1.3' in 'MavenRepo'
13:07:24.732 [DEBUG] [org.gradle.api.internal.artifacts.ivyservice.ivyresolve.RepositoryChainComponentMetaDataResolver] Using org.ow2:ow2:1.3 from Maven repository 'MavenRepo'
13:07:24.732 [DEBUG] [org.gradle.api.internal.artifacts.ivyservice.resolveengine.graph.builder.DependencyGraphBuilder] Visiting configuration org.ow2:ow2:1.3(default).
13:07:24.732 [DEBUG] [org.gradle.api.internal.artifacts.ivyservice.resolveengine.graph.builder.DependencyGraphBuilder] org.ow2:ow2:1.3(default) has no transitive incoming edges. ignoring outgoing edges.
13:07:24.732 [DEBUG] [org.gradle.api.internal.artifacts.ivyservice.resolveengine.oldresult.TransientConfigurationResultsBuilder] Flushing resolved configuration data in Binary store in /private/var/folders/ql/766g4tnx5mgbtm0tr10fxhyc0000gn/T/gradle17660509840828398561.bin. Wrote root 2.
13:07:24.733 [DEBUG] [org.gradle.internal.operations.DefaultBuildOperationExecutor] Completing Build operation 'Resolve dependencies of :detachedConfiguration46'
13:07:24.733 [DEBUG] [org.gradle.internal.operations.DefaultBuildOperationExecutor] Build operation 'Resolve dependencies of :detachedConfiguration46' completed
13:07:24.733 [DEBUG] [org.gradle.internal.component.model.ComponentAttributeMatcher] Selected match org.ow2:ow2:1.3 from candidates [org.ow2:ow2:1.3] for {}
13:07:24.733 [DEBUG] [org.gradle.internal.operations.DefaultBuildOperationExecutor] Build operation 'Resolve files of :detachedConfiguration46' started
13:07:24.733 [DEBUG] [org.gradle.internal.work.DefaultWorkerLeaseService] Worker lease root.1.9.91.92 started (1 worker(s) in use).
13:07:24.733 [DEBUG] [org.gradle.internal.resources.AbstractTrackedResourceLock] Task worker for ':': acquired lock on root.1.9.91.92
13:07:24.733 [DEBUG] [org.gradle.internal.operations.DefaultBuildOperationExecutor] Build operation 'Resolve ow2.pom (org.ow2:ow2:1.3)' started
13:07:24.733 [DEBUG] [org.gradle.api.internal.artifacts.ivyservice.ivyresolve.CachingModuleComponentRepository] Found artifact 'ow2.pom (org.ow2:ow2:1.3)' in resolver cache: /Users/bconnors/.gradle/caches/modules-2/files-2.1/org.ow2/ow2/1.3/f679d6639bfb209b0836a5e7cf09bfbcc1a41f06/ow2-1.3.pom
13:07:24.733 [DEBUG] [org.gradle.internal.operations.DefaultBuildOperationExecutor] Completing Build operation 'Resolve ow2.pom (org.ow2:ow2:1.3)'
13:07:24.733 [DEBUG] [org.gradle.internal.operations.DefaultBuildOperationExecutor] Build operation 'Resolve ow2.pom (org.ow2:ow2:1.3)' completed
13:07:24.733 [DEBUG] [org.gradle.internal.work.DefaultWorkerLeaseService] Worker lease root.1.9.91.92 completed (1 worker(s) in use)
13:07:24.733 [DEBUG] [org.gradle.internal.resources.AbstractTrackedResourceLock] Task worker for ':': released lock on root.1.9.91.92
13:07:24.733 [DEBUG] [org.gradle.internal.operations.DefaultBuildOperationExecutor] Completing Build operation 'Resolve files of :detachedConfiguration46'
13:07:24.733 [DEBUG] [org.gradle.internal.operations.DefaultBuildOperationExecutor] Build operation 'Resolve files of :detachedConfiguration46' completed
13:07:24.737 [DEBUG] [org.gradle.internal.operations.DefaultBuildOperationExecutor] Build operation 'Resolve dependencies of :detachedConfiguration47' started
13:07:24.737 [DEBUG] [org.gradle.api.internal.artifacts.ivyservice.resolveengine.DefaultArtifactDependencyResolver] Resolving configuration ':detachedConfiguration47'
13:07:24.737 [DEBUG] [org.gradle.api.internal.artifacts.ivyservice.modulecache.ResolvedArtifactCaches] Reusing in-memory cache for repo 'MavenRepo' [f8e6315c37eb56998f7a5ba08e30db71].
13:07:24.737 [DEBUG] [org.gradle.api.internal.artifacts.ivyservice.resolveengine.graph.builder.DependencyGraphBuilder] Visiting configuration com.mindex:senior-code-challenge:0.0.1-SNAPSHOT(detachedConfiguration47).
13:07:24.738 [DEBUG] [org.gradle.api.internal.artifacts.ivyservice.ivyresolve.RepositoryChainComponentMetaDataResolver] Attempting to resolve component for org.hamcrest:hamcrest-parent:1.3 using repositories [MavenRepo]
13:07:24.738 [DEBUG] [org.gradle.api.internal.artifacts.ivyservice.ivyresolve.CachingModuleComponentRepository] Using cached module metadata for module 'org.hamcrest:hamcrest-parent:1.3' in 'MavenRepo'
13:07:24.738 [DEBUG] [org.gradle.api.internal.artifacts.ivyservice.ivyresolve.RepositoryChainComponentMetaDataResolver] Using org.hamcrest:hamcrest-parent:1.3 from Maven repository 'MavenRepo'
13:07:24.738 [DEBUG] [org.gradle.api.internal.artifacts.ivyservice.resolveengine.graph.builder.DependencyGraphBuilder] Visiting configuration org.hamcrest:hamcrest-parent:1.3(default).
13:07:24.738 [DEBUG] [org.gradle.api.internal.artifacts.ivyservice.resolveengine.graph.builder.DependencyGraphBuilder] org.hamcrest:hamcrest-parent:1.3(default) has no transitive incoming edges. ignoring outgoing edges.
13:07:24.738 [DEBUG] [org.gradle.api.internal.artifacts.ivyservice.resolveengine.oldresult.TransientConfigurationResultsBuilder] Flushing resolved configuration data in Binary store in /private/var/folders/ql/766g4tnx5mgbtm0tr10fxhyc0000gn/T/gradle17660509840828398561.bin. Wrote root 2.
13:07:24.738 [DEBUG] [org.gradle.internal.operations.DefaultBuildOperationExecutor] Completing Build operation 'Resolve dependencies of :detachedConfiguration47'
13:07:24.738 [DEBUG] [org.gradle.internal.operations.DefaultBuildOperationExecutor] Build operation 'Resolve dependencies of :detachedConfiguration47' completed
13:07:24.738 [DEBUG] [org.gradle.internal.component.model.ComponentAttributeMatcher] Selected match org.hamcrest:hamcrest-parent:1.3 from candidates [org.hamcrest:hamcrest-parent:1.3] for {}
13:07:24.738 [DEBUG] [org.gradle.internal.operations.DefaultBuildOperationExecutor] Build operation 'Resolve files of :detachedConfiguration47' started
13:07:24.738 [DEBUG] [org.gradle.internal.work.DefaultWorkerLeaseService] Worker lease root.1.9.93.94 started (1 worker(s) in use).
13:07:24.738 [DEBUG] [org.gradle.internal.resources.AbstractTrackedResourceLock] Task worker for ':': acquired lock on root.1.9.93.94
13:07:24.738 [DEBUG] [org.gradle.internal.operations.DefaultBuildOperationExecutor] Build operation 'Resolve hamcrest-parent.pom (org.hamcrest:hamcrest-parent:1.3)' started
13:07:24.739 [DEBUG] [org.gradle.api.internal.artifacts.ivyservice.ivyresolve.CachingModuleComponentRepository] Found artifact 'hamcrest-parent.pom (org.hamcrest:hamcrest-parent:1.3)' in resolver cache: /Users/bconnors/.gradle/caches/modules-2/files-2.1/org.hamcrest/hamcrest-parent/1.3/80391bd32bfa4837a15215d5e9f07c60555c379a/hamcrest-parent-1.3.pom
13:07:24.739 [DEBUG] [org.gradle.internal.operations.DefaultBuildOperationExecutor] Completing Build operation 'Resolve hamcrest-parent.pom (org.hamcrest:hamcrest-parent:1.3)'
13:07:24.739 [DEBUG] [org.gradle.internal.operations.DefaultBuildOperationExecutor] Build operation 'Resolve hamcrest-parent.pom (org.hamcrest:hamcrest-parent:1.3)' completed
13:07:24.739 [DEBUG] [org.gradle.internal.work.DefaultWorkerLeaseService] Worker lease root.1.9.93.94 completed (1 worker(s) in use)
13:07:24.739 [DEBUG] [org.gradle.internal.resources.AbstractTrackedResourceLock] Task worker for ':': released lock on root.1.9.93.94
13:07:24.739 [DEBUG] [org.gradle.internal.operations.DefaultBuildOperationExecutor] Completing Build operation 'Resolve files of :detachedConfiguration47'
13:07:24.739 [DEBUG] [org.gradle.internal.operations.DefaultBuildOperationExecutor] Build operation 'Resolve files of :detachedConfiguration47' completed
13:07:24.740 [DEBUG] [org.gradle.internal.operations.DefaultBuildOperationExecutor] Build operation 'Resolve dependencies of :detachedConfiguration48' started
13:07:24.740 [DEBUG] [org.gradle.api.internal.artifacts.ivyservice.resolveengine.DefaultArtifactDependencyResolver] Resolving configuration ':detachedConfiguration48'
13:07:24.741 [DEBUG] [org.gradle.api.internal.artifacts.ivyservice.modulecache.ResolvedArtifactCaches] Reusing in-memory cache for repo 'MavenRepo' [f8e6315c37eb56998f7a5ba08e30db71].
13:07:24.741 [DEBUG] [org.gradle.api.internal.artifacts.ivyservice.resolveengine.graph.builder.DependencyGraphBuilder] Visiting configuration com.mindex:senior-code-challenge:0.0.1-SNAPSHOT(detachedConfiguration48).
13:07:24.741 [DEBUG] [org.gradle.api.internal.artifacts.ivyservice.ivyresolve.RepositoryChainComponentMetaDataResolver] Attempting to resolve component for org.assertj:assertj-parent-pom:2.1.4 using repositories [MavenRepo]
13:07:24.741 [DEBUG] [org.gradle.api.internal.artifacts.ivyservice.ivyresolve.CachingModuleComponentRepository] Using cached module metadata for module 'org.assertj:assertj-parent-pom:2.1.4' in 'MavenRepo'
13:07:24.741 [DEBUG] [org.gradle.api.internal.artifacts.ivyservice.ivyresolve.RepositoryChainComponentMetaDataResolver] Using org.assertj:assertj-parent-pom:2.1.4 from Maven repository 'MavenRepo'
13:07:24.741 [DEBUG] [org.gradle.api.internal.artifacts.ivyservice.resolveengine.graph.builder.DependencyGraphBuilder] Visiting configuration org.assertj:assertj-parent-pom:2.1.4(default).
13:07:24.741 [DEBUG] [org.gradle.api.internal.artifacts.ivyservice.resolveengine.graph.builder.DependencyGraphBuilder] org.assertj:assertj-parent-pom:2.1.4(default) has no transitive incoming edges. ignoring outgoing edges.
13:07:24.741 [DEBUG] [org.gradle.api.internal.artifacts.ivyservice.resolveengine.oldresult.TransientConfigurationResultsBuilder] Flushing resolved configuration data in Binary store in /private/var/folders/ql/766g4tnx5mgbtm0tr10fxhyc0000gn/T/gradle17660509840828398561.bin. Wrote root 2.
13:07:24.741 [DEBUG] [org.gradle.internal.operations.DefaultBuildOperationExecutor] Completing Build operation 'Resolve dependencies of :detachedConfiguration48'
13:07:24.741 [DEBUG] [org.gradle.internal.operations.DefaultBuildOperationExecutor] Build operation 'Resolve dependencies of :detachedConfiguration48' completed
13:07:24.742 [DEBUG] [org.gradle.internal.component.model.ComponentAttributeMatcher] Selected match org.assertj:assertj-parent-pom:2.1.4 from candidates [org.assertj:assertj-parent-pom:2.1.4] for {}
13:07:24.742 [DEBUG] [org.gradle.internal.operations.DefaultBuildOperationExecutor] Build operation 'Resolve files of :detachedConfiguration48' started
13:07:24.742 [DEBUG] [org.gradle.internal.work.DefaultWorkerLeaseService] Worker lease root.1.9.95.96 started (1 worker(s) in use).
13:07:24.742 [DEBUG] [org.gradle.internal.resources.AbstractTrackedResourceLock] Task worker for ':': acquired lock on root.1.9.95.96
13:07:24.742 [DEBUG] [org.gradle.internal.operations.DefaultBuildOperationExecutor] Build operation 'Resolve assertj-parent-pom.pom (org.assertj:assertj-parent-pom:2.1.4)' started
13:07:24.742 [DEBUG] [org.gradle.api.internal.artifacts.ivyservice.ivyresolve.CachingModuleComponentRepository] Found artifact 'assertj-parent-pom.pom (org.assertj:assertj-parent-pom:2.1.4)' in resolver cache: /Users/bconnors/.gradle/caches/modules-2/files-2.1/org.assertj/assertj-parent-pom/2.1.4/eb46c0f43b82d7e50ff5ae9015524e955bf5032d/assertj-parent-pom-2.1.4.pom
13:07:24.742 [DEBUG] [org.gradle.internal.operations.DefaultBuildOperationExecutor] Completing Build operation 'Resolve assertj-parent-pom.pom (org.assertj:assertj-parent-pom:2.1.4)'
13:07:24.742 [DEBUG] [org.gradle.internal.operations.DefaultBuildOperationExecutor] Build operation 'Resolve assertj-parent-pom.pom (org.assertj:assertj-parent-pom:2.1.4)' completed
13:07:24.742 [DEBUG] [org.gradle.internal.work.DefaultWorkerLeaseService] Worker lease root.1.9.95.96 completed (1 worker(s) in use)
13:07:24.742 [DEBUG] [org.gradle.internal.resources.AbstractTrackedResourceLock] Task worker for ':': released lock on root.1.9.95.96
13:07:24.742 [DEBUG] [org.gradle.internal.operations.DefaultBuildOperationExecutor] Completing Build operation 'Resolve files of :detachedConfiguration48'
13:07:24.742 [DEBUG] [org.gradle.internal.operations.DefaultBuildOperationExecutor] Build operation 'Resolve files of :detachedConfiguration48' completed
13:07:24.746 [DEBUG] [org.gradle.internal.operations.DefaultBuildOperationExecutor] Build operation 'Resolve dependencies of :detachedConfiguration49' started
13:07:24.746 [DEBUG] [org.gradle.api.internal.artifacts.ivyservice.resolveengine.DefaultArtifactDependencyResolver] Resolving configuration ':detachedConfiguration49'
13:07:24.746 [DEBUG] [org.gradle.api.internal.artifacts.ivyservice.modulecache.ResolvedArtifactCaches] Reusing in-memory cache for repo 'MavenRepo' [f8e6315c37eb56998f7a5ba08e30db71].
13:07:24.746 [DEBUG] [org.gradle.api.internal.artifacts.ivyservice.resolveengine.graph.builder.DependencyGraphBuilder] Visiting configuration com.mindex:senior-code-challenge:0.0.1-SNAPSHOT(detachedConfiguration49).
13:07:24.746 [DEBUG] [org.gradle.api.internal.artifacts.ivyservice.ivyresolve.RepositoryChainComponentMetaDataResolver] Attempting to resolve component for org.objenesis:objenesis-parent:2.1 using repositories [MavenRepo]
13:07:24.746 [DEBUG] [org.gradle.api.internal.artifacts.ivyservice.ivyresolve.CachingModuleComponentRepository] Using cached module metadata for module 'org.objenesis:objenesis-parent:2.1' in 'MavenRepo'
13:07:24.746 [DEBUG] [org.gradle.api.internal.artifacts.ivyservice.ivyresolve.RepositoryChainComponentMetaDataResolver] Using org.objenesis:objenesis-parent:2.1 from Maven repository 'MavenRepo'
13:07:24.747 [DEBUG] [org.gradle.api.internal.artifacts.ivyservice.resolveengine.graph.builder.DependencyGraphBuilder] Visiting configuration org.objenesis:objenesis-parent:2.1(default).
13:07:24.747 [DEBUG] [org.gradle.api.internal.artifacts.ivyservice.resolveengine.graph.builder.DependencyGraphBuilder] org.objenesis:objenesis-parent:2.1(default) has no transitive incoming edges. ignoring outgoing edges.
13:07:24.747 [DEBUG] [org.gradle.api.internal.artifacts.ivyservice.resolveengine.oldresult.TransientConfigurationResultsBuilder] Flushing resolved configuration data in Binary store in /private/var/folders/ql/766g4tnx5mgbtm0tr10fxhyc0000gn/T/gradle17660509840828398561.bin. Wrote root 2.
13:07:24.747 [DEBUG] [org.gradle.internal.operations.DefaultBuildOperationExecutor] Completing Build operation 'Resolve dependencies of :detachedConfiguration49'
13:07:24.747 [DEBUG] [org.gradle.internal.operations.DefaultBuildOperationExecutor] Build operation 'Resolve dependencies of :detachedConfiguration49' completed
13:07:24.747 [DEBUG] [org.gradle.internal.component.model.ComponentAttributeMatcher] Selected match org.objenesis:objenesis-parent:2.1 from candidates [org.objenesis:objenesis-parent:2.1] for {}
13:07:24.747 [DEBUG] [org.gradle.internal.operations.DefaultBuildOperationExecutor] Build operation 'Resolve files of :detachedConfiguration49' started
13:07:24.747 [DEBUG] [org.gradle.internal.work.DefaultWorkerLeaseService] Worker lease root.1.9.97.98 started (1 worker(s) in use).
13:07:24.747 [DEBUG] [org.gradle.internal.resources.AbstractTrackedResourceLock] Task worker for ':': acquired lock on root.1.9.97.98
13:07:24.747 [DEBUG] [org.gradle.internal.operations.DefaultBuildOperationExecutor] Build operation 'Resolve objenesis-parent.pom (org.objenesis:objenesis-parent:2.1)' started
13:07:24.747 [DEBUG] [org.gradle.api.internal.artifacts.ivyservice.ivyresolve.CachingModuleComponentRepository] Found artifact 'objenesis-parent.pom (org.objenesis:objenesis-parent:2.1)' in resolver cache: /Users/bconnors/.gradle/caches/modules-2/files-2.1/org.objenesis/objenesis-parent/2.1/156a12a0fcf8ed856bdc60ce10550ea46fba8eaa/objenesis-parent-2.1.pom
13:07:24.747 [DEBUG] [org.gradle.internal.operations.DefaultBuildOperationExecutor] Completing Build operation 'Resolve objenesis-parent.pom (org.objenesis:objenesis-parent:2.1)'
13:07:24.747 [DEBUG] [org.gradle.internal.operations.DefaultBuildOperationExecutor] Build operation 'Resolve objenesis-parent.pom (org.objenesis:objenesis-parent:2.1)' completed
13:07:24.748 [DEBUG] [org.gradle.internal.work.DefaultWorkerLeaseService] Worker lease root.1.9.97.98 completed (1 worker(s) in use)
13:07:24.748 [DEBUG] [org.gradle.internal.resources.AbstractTrackedResourceLock] Task worker for ':': released lock on root.1.9.97.98
13:07:24.748 [DEBUG] [org.gradle.internal.operations.DefaultBuildOperationExecutor] Completing Build operation 'Resolve files of :detachedConfiguration49'
13:07:24.748 [DEBUG] [org.gradle.internal.operations.DefaultBuildOperationExecutor] Build operation 'Resolve files of :detachedConfiguration49' completed
13:07:24.755 [INFO] [io.spring.gradle.dependencymanagement.internal.ExclusionConfiguringAction] Excluding [commons-logging:commons-logging]
13:07:24.755 [DEBUG] [org.gradle.api.internal.artifacts.ivyservice.resolveengine.DefaultArtifactDependencyResolver] Resolving configuration ':testCompileClasspath'
13:07:24.756 [DEBUG] [org.gradle.api.internal.artifacts.ivyservice.modulecache.ResolvedArtifactCaches] Reusing in-memory cache for repo 'MavenRepo' [f8e6315c37eb56998f7a5ba08e30db71].
13:07:24.756 [DEBUG] [org.gradle.api.internal.artifacts.ivyservice.resolveengine.graph.builder.DependencyGraphBuilder] Visiting configuration com.mindex:senior-code-challenge:0.0.1-SNAPSHOT(testCompileClasspath).
13:07:24.756 [DEBUG] [io.spring.gradle.dependencymanagement.internal.VersionConfiguringAction] Processing dependency 'org.springframework.boot:spring-boot-starter-web:'
13:07:24.756 [DEBUG] [io.spring.gradle.dependencymanagement.internal.DependencyManagementContainer] Found managed version '1.5.4.RELEASE' for dependency 'org.springframework.boot:spring-boot-starter-web' in global dependency management
13:07:24.756 [DEBUG] [io.spring.gradle.dependencymanagement.internal.VersionConfiguringAction] Using version '1.5.4.RELEASE' for dependency 'org.springframework.boot:spring-boot-starter-web:'
13:07:24.756 [DEBUG] [io.spring.gradle.dependencymanagement.internal.VersionConfiguringAction] Processing dependency 'org.springframework.boot:spring-boot-starter-data-mongodb:'
13:07:24.756 [DEBUG] [io.spring.gradle.dependencymanagement.internal.DependencyManagementContainer] Found managed version '1.5.4.RELEASE' for dependency 'org.springframework.boot:spring-boot-starter-data-mongodb' in global dependency management
13:07:24.756 [DEBUG] [io.spring.gradle.dependencymanagement.internal.VersionConfiguringAction] Using version '1.5.4.RELEASE' for dependency 'org.springframework.boot:spring-boot-starter-data-mongodb:'
13:07:24.756 [DEBUG] [io.spring.gradle.dependencymanagement.internal.VersionConfiguringAction] Processing dependency 'com.github.fakemongo:fongo:2.1.1'
13:07:24.756 [DEBUG] [io.spring.gradle.dependencymanagement.internal.DependencyManagementContainer] Found managed version '2.1.1' for dependency 'com.github.fakemongo:fongo' in dependency management for configuration 'testCompileClasspath'
13:07:24.756 [DEBUG] [io.spring.gradle.dependencymanagement.internal.VersionConfiguringAction] Using version '2.1.1' for dependency 'com.github.fakemongo:fongo:2.1.1'
13:07:24.756 [DEBUG] [io.spring.gradle.dependencymanagement.internal.VersionConfiguringAction] Processing dependency 'org.springframework.boot:spring-boot-starter-test:'
13:07:24.756 [DEBUG] [io.spring.gradle.dependencymanagement.internal.DependencyManagementContainer] Found managed version '1.5.4.RELEASE' for dependency 'org.springframework.boot:spring-boot-starter-test' in global dependency management
13:07:24.756 [DEBUG] [io.spring.gradle.dependencymanagement.internal.VersionConfiguringAction] Using version '1.5.4.RELEASE' for dependency 'org.springframework.boot:spring-boot-starter-test:'
13:07:24.757 [DEBUG] [org.gradle.api.internal.artifacts.ivyservice.ivyresolve.RepositoryChainComponentMetaDataResolver] Attempting to resolve component for org.springframework.boot:spring-boot-starter-web:1.5.4.RELEASE using repositories [MavenRepo]
13:07:24.757 [DEBUG] [org.gradle.api.internal.artifacts.ivyservice.ivyresolve.CachingModuleComponentRepository] Using cached module metadata for module 'org.springframework.boot:spring-boot-starter-web:1.5.4.RELEASE' in 'MavenRepo'
13:07:24.757 [DEBUG] [org.gradle.api.internal.artifacts.ivyservice.ivyresolve.RepositoryChainComponentMetaDataResolver] Using org.springframework.boot:spring-boot-starter-web:1.5.4.RELEASE from Maven repository 'MavenRepo'
13:07:24.757 [DEBUG] [org.gradle.internal.component.model.ComponentAttributeMatcher] No candidates for {org.gradle.usage=java-api}, selected matching fallback org.springframework.boot:spring-boot-starter-web:1.5.4.RELEASE configuration default
13:07:24.757 [DEBUG] [org.gradle.api.internal.artifacts.ivyservice.ivyresolve.RepositoryChainComponentMetaDataResolver] Attempting to resolve component for org.springframework.boot:spring-boot-starter-data-mongodb:1.5.4.RELEASE using repositories [MavenRepo]
13:07:24.757 [DEBUG] [org.gradle.api.internal.artifacts.ivyservice.ivyresolve.CachingModuleComponentRepository] Using cached module metadata for module 'org.springframework.boot:spring-boot-starter-data-mongodb:1.5.4.RELEASE' in 'MavenRepo'
13:07:24.757 [DEBUG] [org.gradle.api.internal.artifacts.ivyservice.ivyresolve.RepositoryChainComponentMetaDataResolver] Using org.springframework.boot:spring-boot-starter-data-mongodb:1.5.4.RELEASE from Maven repository 'MavenRepo'
13:07:24.757 [DEBUG] [org.gradle.internal.component.model.ComponentAttributeMatcher] No candidates for {org.gradle.usage=java-api}, selected matching fallback org.springframework.boot:spring-boot-starter-data-mongodb:1.5.4.RELEASE configuration default
13:07:24.757 [DEBUG] [org.gradle.api.internal.artifacts.ivyservice.ivyresolve.RepositoryChainComponentMetaDataResolver] Attempting to resolve component for com.github.fakemongo:fongo:2.1.1 using repositories [MavenRepo]
13:07:24.757 [DEBUG] [org.gradle.api.internal.artifacts.ivyservice.ivyresolve.CachingModuleComponentRepository] Using cached module metadata for module 'com.github.fakemongo:fongo:2.1.1' in 'MavenRepo'
13:07:24.757 [DEBUG] [org.gradle.api.internal.artifacts.ivyservice.ivyresolve.RepositoryChainComponentMetaDataResolver] Using com.github.fakemongo:fongo:2.1.1 from Maven repository 'MavenRepo'
13:07:24.757 [DEBUG] [org.gradle.internal.component.model.ComponentAttributeMatcher] No candidates for {org.gradle.usage=java-api}, selected matching fallback com.github.fakemongo:fongo:2.1.1 configuration default
13:07:24.757 [DEBUG] [org.gradle.api.internal.artifacts.ivyservice.ivyresolve.RepositoryChainComponentMetaDataResolver] Attempting to resolve component for org.springframework.boot:spring-boot-starter-test:1.5.4.RELEASE using repositories [MavenRepo]
13:07:24.757 [DEBUG] [org.gradle.api.internal.artifacts.ivyservice.ivyresolve.CachingModuleComponentRepository] Using cached module metadata for module 'org.springframework.boot:spring-boot-starter-test:1.5.4.RELEASE' in 'MavenRepo'
13:07:24.757 [DEBUG] [org.gradle.api.internal.artifacts.ivyservice.ivyresolve.RepositoryChainComponentMetaDataResolver] Using org.springframework.boot:spring-boot-starter-test:1.5.4.RELEASE from Maven repository 'MavenRepo'
13:07:24.757 [DEBUG] [org.gradle.internal.component.model.ComponentAttributeMatcher] No candidates for {org.gradle.usage=java-api}, selected matching fallback org.springframework.boot:spring-boot-starter-test:1.5.4.RELEASE configuration default
13:07:24.757 [DEBUG] [org.gradle.api.internal.artifacts.ivyservice.resolveengine.graph.builder.DependencyGraphBuilder] Visiting configuration org.springframework.boot:spring-boot-starter-web:1.5.4.RELEASE(default).
13:07:24.757 [DEBUG] [io.spring.gradle.dependencymanagement.internal.VersionConfiguringAction] Processing dependency 'org.springframework.boot:spring-boot-starter:1.5.4.RELEASE'
13:07:24.757 [DEBUG] [io.spring.gradle.dependencymanagement.internal.DependencyManagementContainer] Found managed version '1.5.4.RELEASE' for dependency 'org.springframework.boot:spring-boot-starter' in global dependency management
13:07:24.757 [DEBUG] [io.spring.gradle.dependencymanagement.internal.VersionConfiguringAction] Using version '1.5.4.RELEASE' for dependency 'org.springframework.boot:spring-boot-starter:1.5.4.RELEASE'
13:07:24.757 [DEBUG] [io.spring.gradle.dependencymanagement.internal.VersionConfiguringAction] Processing dependency 'org.springframework.boot:spring-boot-starter-tomcat:1.5.4.RELEASE'
13:07:24.757 [DEBUG] [io.spring.gradle.dependencymanagement.internal.DependencyManagementContainer] Found managed version '1.5.4.RELEASE' for dependency 'org.springframework.boot:spring-boot-starter-tomcat' in global dependency management
13:07:24.757 [DEBUG] [io.spring.gradle.dependencymanagement.internal.VersionConfiguringAction] Using version '1.5.4.RELEASE' for dependency 'org.springframework.boot:spring-boot-starter-tomcat:1.5.4.RELEASE'
13:07:24.758 [DEBUG] [io.spring.gradle.dependencymanagement.internal.VersionConfiguringAction] Processing dependency 'org.hibernate:hibernate-validator:5.3.5.Final'
13:07:24.758 [DEBUG] [io.spring.gradle.dependencymanagement.internal.DependencyManagementContainer] Found managed version '5.3.5.Final' for dependency 'org.hibernate:hibernate-validator' in global dependency management
13:07:24.758 [DEBUG] [io.spring.gradle.dependencymanagement.internal.VersionConfiguringAction] Using version '5.3.5.Final' for dependency 'org.hibernate:hibernate-validator:5.3.5.Final'
13:07:24.758 [DEBUG] [io.spring.gradle.dependencymanagement.internal.VersionConfiguringAction] Processing dependency 'com.fasterxml.jackson.core:jackson-databind:2.8.8'
13:07:24.758 [DEBUG] [io.spring.gradle.dependencymanagement.internal.DependencyManagementContainer] Found managed version '2.8.8' for dependency 'com.fasterxml.jackson.core:jackson-databind' in global dependency management
13:07:24.758 [DEBUG] [io.spring.gradle.dependencymanagement.internal.VersionConfiguringAction] Using version '2.8.8' for dependency 'com.fasterxml.jackson.core:jackson-databind:2.8.8'
13:07:24.758 [DEBUG] [io.spring.gradle.dependencymanagement.internal.VersionConfiguringAction] Processing dependency 'org.springframework:spring-web:4.3.9.RELEASE'
13:07:24.758 [DEBUG] [io.spring.gradle.dependencymanagement.internal.DependencyManagementContainer] Found managed version '4.3.9.RELEASE' for dependency 'org.springframework:spring-web' in global dependency management
13:07:24.758 [DEBUG] [io.spring.gradle.dependencymanagement.internal.VersionConfiguringAction] Using version '4.3.9.RELEASE' for dependency 'org.springframework:spring-web:4.3.9.RELEASE'
13:07:24.758 [DEBUG] [io.spring.gradle.dependencymanagement.internal.VersionConfiguringAction] Processing dependency 'org.springframework:spring-webmvc:4.3.9.RELEASE'
13:07:24.758 [DEBUG] [io.spring.gradle.dependencymanagement.internal.DependencyManagementContainer] Found managed version '4.3.9.RELEASE' for dependency 'org.springframework:spring-webmvc' in global dependency management
13:07:24.758 [DEBUG] [io.spring.gradle.dependencymanagement.internal.VersionConfiguringAction] Using version '4.3.9.RELEASE' for dependency 'org.springframework:spring-webmvc:4.3.9.RELEASE'
13:07:24.758 [DEBUG] [org.gradle.api.internal.artifacts.ivyservice.ivyresolve.RepositoryChainComponentMetaDataResolver] Attempting to resolve component for org.springframework.boot:spring-boot-starter:1.5.4.RELEASE using repositories [MavenRepo]
13:07:24.758 [DEBUG] [org.gradle.api.internal.artifacts.ivyservice.ivyresolve.CachingModuleComponentRepository] Using cached module metadata for module 'org.springframework.boot:spring-boot-starter:1.5.4.RELEASE' in 'MavenRepo'
13:07:24.758 [DEBUG] [org.gradle.api.internal.artifacts.ivyservice.ivyresolve.RepositoryChainComponentMetaDataResolver] Using org.springframework.boot:spring-boot-starter:1.5.4.RELEASE from Maven repository 'MavenRepo'
13:07:24.758 [DEBUG] [org.gradle.api.internal.artifacts.ivyservice.ivyresolve.RepositoryChainComponentMetaDataResolver] Attempting to resolve component for org.springframework.boot:spring-boot-starter-tomcat:1.5.4.RELEASE using repositories [MavenRepo]
13:07:24.758 [DEBUG] [org.gradle.api.internal.artifacts.ivyservice.ivyresolve.CachingModuleComponentRepository] Using cached module metadata for module 'org.springframework.boot:spring-boot-starter-tomcat:1.5.4.RELEASE' in 'MavenRepo'
13:07:24.758 [DEBUG] [org.gradle.api.internal.artifacts.ivyservice.ivyresolve.RepositoryChainComponentMetaDataResolver] Using org.springframework.boot:spring-boot-starter-tomcat:1.5.4.RELEASE from Maven repository 'MavenRepo'
13:07:24.758 [DEBUG] [org.gradle.api.internal.artifacts.ivyservice.ivyresolve.RepositoryChainComponentMetaDataResolver] Attempting to resolve component for org.hibernate:hibernate-validator:5.3.5.Final using repositories [MavenRepo]
13:07:24.758 [DEBUG] [org.gradle.api.internal.artifacts.ivyservice.ivyresolve.CachingModuleComponentRepository] Using cached module metadata for module 'org.hibernate:hibernate-validator:5.3.5.Final' in 'MavenRepo'
13:07:24.758 [DEBUG] [org.gradle.api.internal.artifacts.ivyservice.ivyresolve.RepositoryChainComponentMetaDataResolver] Using org.hibernate:hibernate-validator:5.3.5.Final from Maven repository 'MavenRepo'
13:07:24.758 [DEBUG] [org.gradle.api.internal.artifacts.ivyservice.ivyresolve.RepositoryChainComponentMetaDataResolver] Attempting to resolve component for com.fasterxml.jackson.core:jackson-databind:2.8.8 using repositories [MavenRepo]
13:07:24.758 [DEBUG] [org.gradle.api.internal.artifacts.ivyservice.ivyresolve.CachingModuleComponentRepository] Using cached module metadata for module 'com.fasterxml.jackson.core:jackson-databind:2.8.8' in 'MavenRepo'
13:07:24.758 [DEBUG] [org.gradle.api.internal.artifacts.ivyservice.ivyresolve.RepositoryChainComponentMetaDataResolver] Using com.fasterxml.jackson.core:jackson-databind:2.8.8 from Maven repository 'MavenRepo'
13:07:24.759 [DEBUG] [org.gradle.api.internal.artifacts.ivyservice.ivyresolve.RepositoryChainComponentMetaDataResolver] Attempting to resolve component for org.springframework:spring-web:4.3.9.RELEASE using repositories [MavenRepo]
13:07:24.759 [DEBUG] [org.gradle.api.internal.artifacts.ivyservice.ivyresolve.CachingModuleComponentRepository] Using cached module metadata for module 'org.springframework:spring-web:4.3.9.RELEASE' in 'MavenRepo'
13:07:24.759 [DEBUG] [org.gradle.api.internal.artifacts.ivyservice.ivyresolve.RepositoryChainComponentMetaDataResolver] Using org.springframework:spring-web:4.3.9.RELEASE from Maven repository 'MavenRepo'
13:07:24.759 [DEBUG] [org.gradle.api.internal.artifacts.ivyservice.ivyresolve.RepositoryChainComponentMetaDataResolver] Attempting to resolve component for org.springframework:spring-webmvc:4.3.9.RELEASE using repositories [MavenRepo]
13:07:24.759 [DEBUG] [org.gradle.api.internal.artifacts.ivyservice.ivyresolve.CachingModuleComponentRepository] Using cached module metadata for module 'org.springframework:spring-webmvc:4.3.9.RELEASE' in 'MavenRepo'
13:07:24.759 [DEBUG] [org.gradle.api.internal.artifacts.ivyservice.ivyresolve.RepositoryChainComponentMetaDataResolver] Using org.springframework:spring-webmvc:4.3.9.RELEASE from Maven repository 'MavenRepo'
13:07:24.759 [DEBUG] [org.gradle.api.internal.artifacts.ivyservice.resolveengine.graph.builder.DependencyGraphBuilder] Visiting configuration org.springframework.boot:spring-boot-starter-data-mongodb:1.5.4.RELEASE(default).
13:07:24.759 [DEBUG] [io.spring.gradle.dependencymanagement.internal.VersionConfiguringAction] Processing dependency 'org.mongodb:mongodb-driver:3.4.2'
13:07:24.759 [DEBUG] [io.spring.gradle.dependencymanagement.internal.DependencyManagementContainer] Found managed version '3.4.2' for dependency 'org.mongodb:mongodb-driver' in global dependency management
13:07:24.759 [DEBUG] [io.spring.gradle.dependencymanagement.internal.VersionConfiguringAction] Using version '3.4.2' for dependency 'org.mongodb:mongodb-driver:3.4.2'
13:07:24.759 [DEBUG] [io.spring.gradle.dependencymanagement.internal.VersionConfiguringAction] Processing dependency 'org.springframework.data:spring-data-mongodb:1.10.4.RELEASE'
13:07:24.759 [DEBUG] [io.spring.gradle.dependencymanagement.internal.DependencyManagementContainer] Found managed version '1.10.4.RELEASE' for dependency 'org.springframework.data:spring-data-mongodb' in global dependency management
13:07:24.759 [DEBUG] [io.spring.gradle.dependencymanagement.internal.VersionConfiguringAction] Using version '1.10.4.RELEASE' for dependency 'org.springframework.data:spring-data-mongodb:1.10.4.RELEASE'
13:07:24.759 [DEBUG] [org.gradle.api.internal.artifacts.ivyservice.ivyresolve.RepositoryChainComponentMetaDataResolver] Attempting to resolve component for org.mongodb:mongodb-driver:3.4.2 using repositories [MavenRepo]
13:07:24.759 [DEBUG] [org.gradle.api.internal.artifacts.ivyservice.ivyresolve.CachingModuleComponentRepository] Using cached module metadata for module 'org.mongodb:mongodb-driver:3.4.2' in 'MavenRepo'
13:07:24.759 [DEBUG] [org.gradle.api.internal.artifacts.ivyservice.ivyresolve.RepositoryChainComponentMetaDataResolver] Using org.mongodb:mongodb-driver:3.4.2 from Maven repository 'MavenRepo'
13:07:24.759 [DEBUG] [org.gradle.api.internal.artifacts.ivyservice.ivyresolve.RepositoryChainComponentMetaDataResolver] Attempting to resolve component for org.springframework.data:spring-data-mongodb:1.10.4.RELEASE using repositories [MavenRepo]
13:07:24.759 [DEBUG] [org.gradle.api.internal.artifacts.ivyservice.ivyresolve.CachingModuleComponentRepository] Using cached module metadata for module 'org.springframework.data:spring-data-mongodb:1.10.4.RELEASE' in 'MavenRepo'
13:07:24.759 [DEBUG] [org.gradle.api.internal.artifacts.ivyservice.ivyresolve.RepositoryChainComponentMetaDataResolver] Using org.springframework.data:spring-data-mongodb:1.10.4.RELEASE from Maven repository 'MavenRepo'
13:07:24.759 [DEBUG] [org.gradle.api.internal.artifacts.ivyservice.resolveengine.graph.builder.DependencyGraphBuilder] Visiting configuration com.github.fakemongo:fongo:2.1.1(default).
13:07:24.759 [DEBUG] [io.spring.gradle.dependencymanagement.internal.VersionConfiguringAction] Processing dependency 'org.mozilla:rhino:1.7.7.1'
13:07:24.759 [DEBUG] [io.spring.gradle.dependencymanagement.internal.VersionConfiguringAction] No dependency management for dependency 'org.mozilla:rhino:1.7.7.1'
13:07:24.759 [DEBUG] [io.spring.gradle.dependencymanagement.internal.VersionConfiguringAction] Processing dependency 'com.vividsolutions:jts:1.13'
13:07:24.759 [DEBUG] [io.spring.gradle.dependencymanagement.internal.VersionConfiguringAction] No dependency management for dependency 'com.vividsolutions:jts:1.13'
13:07:24.760 [DEBUG] [io.spring.gradle.dependencymanagement.internal.VersionConfiguringAction] Processing dependency 'de.grundid.opendatalab:geojson-jackson:1.2'
13:07:24.760 [DEBUG] [io.spring.gradle.dependencymanagement.internal.VersionConfiguringAction] No dependency management for dependency 'de.grundid.opendatalab:geojson-jackson:1.2'
13:07:24.760 [DEBUG] [org.gradle.api.internal.artifacts.ivyservice.ivyresolve.RepositoryChainComponentMetaDataResolver] Attempting to resolve component for org.mozilla:rhino:1.7.7.1 using repositories [MavenRepo]
13:07:24.760 [DEBUG] [org.gradle.api.internal.artifacts.ivyservice.ivyresolve.CachingModuleComponentRepository] Using cached module metadata for module 'org.mozilla:rhino:1.7.7.1' in 'MavenRepo'
13:07:24.760 [DEBUG] [org.gradle.api.internal.artifacts.ivyservice.ivyresolve.RepositoryChainComponentMetaDataResolver] Using org.mozilla:rhino:1.7.7.1 from Maven repository 'MavenRepo'
13:07:24.760 [DEBUG] [org.gradle.api.internal.artifacts.ivyservice.ivyresolve.RepositoryChainComponentMetaDataResolver] Attempting to resolve component for com.vividsolutions:jts:1.13 using repositories [MavenRepo]
13:07:24.760 [DEBUG] [org.gradle.api.internal.artifacts.ivyservice.ivyresolve.CachingModuleComponentRepository] Using cached module metadata for module 'com.vividsolutions:jts:1.13' in 'MavenRepo'
13:07:24.760 [DEBUG] [org.gradle.api.internal.artifacts.ivyservice.ivyresolve.RepositoryChainComponentMetaDataResolver] Using com.vividsolutions:jts:1.13 from Maven repository 'MavenRepo'
13:07:24.760 [DEBUG] [org.gradle.api.internal.artifacts.ivyservice.ivyresolve.RepositoryChainComponentMetaDataResolver] Attempting to resolve component for de.grundid.opendatalab:geojson-jackson:1.2 using repositories [MavenRepo]
13:07:24.760 [DEBUG] [org.gradle.api.internal.artifacts.ivyservice.ivyresolve.CachingModuleComponentRepository] Using cached module metadata for module 'de.grundid.opendatalab:geojson-jackson:1.2' in 'MavenRepo'
13:07:24.760 [DEBUG] [org.gradle.api.internal.artifacts.ivyservice.ivyresolve.RepositoryChainComponentMetaDataResolver] Using de.grundid.opendatalab:geojson-jackson:1.2 from Maven repository 'MavenRepo'
13:07:24.760 [DEBUG] [org.gradle.api.internal.artifacts.ivyservice.resolveengine.graph.builder.DependencyGraphBuilder] Visiting configuration org.springframework.boot:spring-boot-starter-test:1.5.4.RELEASE(default).
13:07:24.760 [DEBUG] [io.spring.gradle.dependencymanagement.internal.VersionConfiguringAction] Processing dependency 'org.springframework.boot:spring-boot-test:1.5.4.RELEASE'
13:07:24.760 [DEBUG] [io.spring.gradle.dependencymanagement.internal.DependencyManagementContainer] Found managed version '1.5.4.RELEASE' for dependency 'org.springframework.boot:spring-boot-test' in global dependency management
13:07:24.760 [DEBUG] [io.spring.gradle.dependencymanagement.internal.VersionConfiguringAction] Using version '1.5.4.RELEASE' for dependency 'org.springframework.boot:spring-boot-test:1.5.4.RELEASE'
13:07:24.760 [DEBUG] [io.spring.gradle.dependencymanagement.internal.VersionConfiguringAction] Processing dependency 'org.springframework.boot:spring-boot-test-autoconfigure:1.5.4.RELEASE'
13:07:24.760 [DEBUG] [io.spring.gradle.dependencymanagement.internal.DependencyManagementContainer] Found managed version '1.5.4.RELEASE' for dependency 'org.springframework.boot:spring-boot-test-autoconfigure' in global dependency management
13:07:24.760 [DEBUG] [io.spring.gradle.dependencymanagement.internal.VersionConfiguringAction] Using version '1.5.4.RELEASE' for dependency 'org.springframework.boot:spring-boot-test-autoconfigure:1.5.4.RELEASE'
13:07:24.760 [DEBUG] [io.spring.gradle.dependencymanagement.internal.VersionConfiguringAction] Processing dependency 'com.jayway.jsonpath:json-path:2.2.0'
13:07:24.760 [DEBUG] [io.spring.gradle.dependencymanagement.internal.DependencyManagementContainer] Found managed version '2.2.0' for dependency 'com.jayway.jsonpath:json-path' in global dependency management
13:07:24.760 [DEBUG] [io.spring.gradle.dependencymanagement.internal.VersionConfiguringAction] Using version '2.2.0' for dependency 'com.jayway.jsonpath:json-path:2.2.0'
13:07:24.760 [DEBUG] [io.spring.gradle.dependencymanagement.internal.VersionConfiguringAction] Processing dependency 'junit:junit:4.12'
13:07:24.761 [DEBUG] [io.spring.gradle.dependencymanagement.internal.DependencyManagementContainer] Found managed version '4.12' for dependency 'junit:junit' in global dependency management
13:07:24.761 [DEBUG] [io.spring.gradle.dependencymanagement.internal.VersionConfiguringAction] Using version '4.12' for dependency 'junit:junit:4.12'
13:07:24.761 [DEBUG] [io.spring.gradle.dependencymanagement.internal.VersionConfiguringAction] Processing dependency 'org.assertj:assertj-core:2.6.0'
13:07:24.761 [DEBUG] [io.spring.gradle.dependencymanagement.internal.DependencyManagementContainer] Found managed version '2.6.0' for dependency 'org.assertj:assertj-core' in global dependency management
13:07:24.761 [DEBUG] [io.spring.gradle.dependencymanagement.internal.VersionConfiguringAction] Using version '2.6.0' for dependency 'org.assertj:assertj-core:2.6.0'
13:07:24.761 [DEBUG] [io.spring.gradle.dependencymanagement.internal.VersionConfiguringAction] Processing dependency 'org.mockito:mockito-core:1.10.19'
13:07:24.761 [DEBUG] [io.spring.gradle.dependencymanagement.internal.DependencyManagementContainer] Found managed version '1.10.19' for dependency 'org.mockito:mockito-core' in global dependency management
13:07:24.761 [DEBUG] [io.spring.gradle.dependencymanagement.internal.VersionConfiguringAction] Using version '1.10.19' for dependency 'org.mockito:mockito-core:1.10.19'
13:07:24.761 [DEBUG] [io.spring.gradle.dependencymanagement.internal.VersionConfiguringAction] Processing dependency 'org.hamcrest:hamcrest-core:1.3'
13:07:24.761 [DEBUG] [io.spring.gradle.dependencymanagement.internal.DependencyManagementContainer] Found managed version '1.3' for dependency 'org.hamcrest:hamcrest-core' in global dependency management
13:07:24.761 [DEBUG] [io.spring.gradle.dependencymanagement.internal.VersionConfiguringAction] Using version '1.3' for dependency 'org.hamcrest:hamcrest-core:1.3'
13:07:24.761 [DEBUG] [io.spring.gradle.dependencymanagement.internal.VersionConfiguringAction] Processing dependency 'org.hamcrest:hamcrest-library:1.3'
13:07:24.761 [DEBUG] [io.spring.gradle.dependencymanagement.internal.DependencyManagementContainer] Found managed version '1.3' for dependency 'org.hamcrest:hamcrest-library' in global dependency management
13:07:24.761 [DEBUG] [io.spring.gradle.dependencymanagement.internal.VersionConfiguringAction] Using version '1.3' for dependency 'org.hamcrest:hamcrest-library:1.3'
13:07:24.761 [DEBUG] [io.spring.gradle.dependencymanagement.internal.VersionConfiguringAction] Processing dependency 'org.skyscreamer:jsonassert:1.4.0'
13:07:24.761 [DEBUG] [io.spring.gradle.dependencymanagement.internal.DependencyManagementContainer] Found managed version '1.4.0' for dependency 'org.skyscreamer:jsonassert' in global dependency management
13:07:24.761 [DEBUG] [io.spring.gradle.dependencymanagement.internal.VersionConfiguringAction] Using version '1.4.0' for dependency 'org.skyscreamer:jsonassert:1.4.0'
13:07:24.762 [DEBUG] [io.spring.gradle.dependencymanagement.internal.VersionConfiguringAction] Processing dependency 'org.springframework:spring-core:4.3.9.RELEASE'
13:07:24.762 [DEBUG] [io.spring.gradle.dependencymanagement.internal.DependencyManagementContainer] Found managed version '4.3.9.RELEASE' for dependency 'org.springframework:spring-core' in global dependency management
13:07:24.762 [DEBUG] [io.spring.gradle.dependencymanagement.internal.VersionConfiguringAction] Using version '4.3.9.RELEASE' for dependency 'org.springframework:spring-core:4.3.9.RELEASE'
13:07:24.762 [DEBUG] [io.spring.gradle.dependencymanagement.internal.VersionConfiguringAction] Processing dependency 'org.springframework:spring-test:4.3.9.RELEASE'
13:07:24.762 [DEBUG] [io.spring.gradle.dependencymanagement.internal.DependencyManagementContainer] Found managed version '4.3.9.RELEASE' for dependency 'org.springframework:spring-test' in global dependency management
13:07:24.762 [DEBUG] [io.spring.gradle.dependencymanagement.internal.VersionConfiguringAction] Using version '4.3.9.RELEASE' for dependency 'org.springframework:spring-test:4.3.9.RELEASE'
13:07:24.762 [DEBUG] [org.gradle.api.internal.artifacts.ivyservice.ivyresolve.RepositoryChainComponentMetaDataResolver] Attempting to resolve component for org.springframework.boot:spring-boot-test:1.5.4.RELEASE using repositories [MavenRepo]
13:07:24.762 [DEBUG] [org.gradle.api.internal.artifacts.ivyservice.ivyresolve.CachingModuleComponentRepository] Using cached module metadata for module 'org.springframework.boot:spring-boot-test:1.5.4.RELEASE' in 'MavenRepo'
13:07:24.762 [DEBUG] [org.gradle.api.internal.artifacts.ivyservice.ivyresolve.RepositoryChainComponentMetaDataResolver] Using org.springframework.boot:spring-boot-test:1.5.4.RELEASE from Maven repository 'MavenRepo'
13:07:24.762 [DEBUG] [org.gradle.api.internal.artifacts.ivyservice.ivyresolve.RepositoryChainComponentMetaDataResolver] Attempting to resolve component for org.springframework.boot:spring-boot-test-autoconfigure:1.5.4.RELEASE using repositories [MavenRepo]
13:07:24.762 [DEBUG] [org.gradle.api.internal.artifacts.ivyservice.ivyresolve.CachingModuleComponentRepository] Using cached module metadata for module 'org.springframework.boot:spring-boot-test-autoconfigure:1.5.4.RELEASE' in 'MavenRepo'
13:07:24.762 [DEBUG] [org.gradle.api.internal.artifacts.ivyservice.ivyresolve.RepositoryChainComponentMetaDataResolver] Using org.springframework.boot:spring-boot-test-autoconfigure:1.5.4.RELEASE from Maven repository 'MavenRepo'
13:07:24.762 [DEBUG] [org.gradle.api.internal.artifacts.ivyservice.ivyresolve.RepositoryChainComponentMetaDataResolver] Attempting to resolve component for com.jayway.jsonpath:json-path:2.2.0 using repositories [MavenRepo]
13:07:24.762 [DEBUG] [org.gradle.api.internal.artifacts.ivyservice.ivyresolve.CachingModuleComponentRepository] Using cached module metadata for module 'com.jayway.jsonpath:json-path:2.2.0' in 'MavenRepo'
13:07:24.762 [DEBUG] [org.gradle.api.internal.artifacts.ivyservice.ivyresolve.RepositoryChainComponentMetaDataResolver] Using com.jayway.jsonpath:json-path:2.2.0 from Maven repository 'MavenRepo'
13:07:24.763 [DEBUG] [org.gradle.api.internal.artifacts.ivyservice.ivyresolve.RepositoryChainComponentMetaDataResolver] Attempting to resolve component for junit:junit:4.12 using repositories [MavenRepo]
13:07:24.763 [DEBUG] [org.gradle.api.internal.artifacts.ivyservice.ivyresolve.CachingModuleComponentRepository] Using cached module metadata for module 'junit:junit:4.12' in 'MavenRepo'
13:07:24.763 [DEBUG] [org.gradle.api.internal.artifacts.ivyservice.ivyresolve.RepositoryChainComponentMetaDataResolver] Using junit:junit:4.12 from Maven repository 'MavenRepo'
13:07:24.763 [DEBUG] [org.gradle.api.internal.artifacts.ivyservice.ivyresolve.RepositoryChainComponentMetaDataResolver] Attempting to resolve component for org.assertj:assertj-core:2.6.0 using repositories [MavenRepo]
13:07:24.763 [DEBUG] [org.gradle.api.internal.artifacts.ivyservice.ivyresolve.CachingModuleComponentRepository] Using cached module metadata for module 'org.assertj:assertj-core:2.6.0' in 'MavenRepo'
13:07:24.763 [DEBUG] [org.gradle.api.internal.artifacts.ivyservice.ivyresolve.RepositoryChainComponentMetaDataResolver] Using org.assertj:assertj-core:2.6.0 from Maven repository 'MavenRepo'
13:07:24.763 [DEBUG] [org.gradle.api.internal.artifacts.ivyservice.ivyresolve.RepositoryChainComponentMetaDataResolver] Attempting to resolve component for org.mockito:mockito-core:1.10.19 using repositories [MavenRepo]
13:07:24.763 [DEBUG] [org.gradle.api.internal.artifacts.ivyservice.ivyresolve.CachingModuleComponentRepository] Using cached module metadata for module 'org.mockito:mockito-core:1.10.19' in 'MavenRepo'
13:07:24.763 [DEBUG] [org.gradle.api.internal.artifacts.ivyservice.ivyresolve.RepositoryChainComponentMetaDataResolver] Using org.mockito:mockito-core:1.10.19 from Maven repository 'MavenRepo'
13:07:24.763 [DEBUG] [org.gradle.api.internal.artifacts.ivyservice.ivyresolve.RepositoryChainComponentMetaDataResolver] Attempting to resolve component for org.hamcrest:hamcrest-core:1.3 using repositories [MavenRepo]
13:07:24.763 [DEBUG] [org.gradle.api.internal.artifacts.ivyservice.ivyresolve.CachingModuleComponentRepository] Using cached module metadata for module 'org.hamcrest:hamcrest-core:1.3' in 'MavenRepo'
13:07:24.763 [DEBUG] [org.gradle.api.internal.artifacts.ivyservice.ivyresolve.RepositoryChainComponentMetaDataResolver] Using org.hamcrest:hamcrest-core:1.3 from Maven repository 'MavenRepo'
13:07:24.763 [DEBUG] [org.gradle.api.internal.artifacts.ivyservice.ivyresolve.RepositoryChainComponentMetaDataResolver] Attempting to resolve component for org.hamcrest:hamcrest-library:1.3 using repositories [MavenRepo]
13:07:24.763 [DEBUG] [org.gradle.api.internal.artifacts.ivyservice.ivyresolve.CachingModuleComponentRepository] Using cached module metadata for module 'org.hamcrest:hamcrest-library:1.3' in 'MavenRepo'
13:07:24.763 [DEBUG] [org.gradle.api.internal.artifacts.ivyservice.ivyresolve.RepositoryChainComponentMetaDataResolver] Using org.hamcrest:hamcrest-library:1.3 from Maven repository 'MavenRepo'
13:07:24.763 [DEBUG] [org.gradle.api.internal.artifacts.ivyservice.ivyresolve.RepositoryChainComponentMetaDataResolver] Attempting to resolve component for org.skyscreamer:jsonassert:1.4.0 using repositories [MavenRepo]
13:07:24.763 [DEBUG] [org.gradle.api.internal.artifacts.ivyservice.ivyresolve.CachingModuleComponentRepository] Using cached module metadata for module 'org.skyscreamer:jsonassert:1.4.0' in 'MavenRepo'
13:07:24.764 [DEBUG] [org.gradle.api.internal.artifacts.ivyservice.ivyresolve.RepositoryChainComponentMetaDataResolver] Using org.skyscreamer:jsonassert:1.4.0 from Maven repository 'MavenRepo'
13:07:24.764 [DEBUG] [org.gradle.api.internal.artifacts.ivyservice.ivyresolve.RepositoryChainComponentMetaDataResolver] Attempting to resolve component for org.springframework:spring-core:4.3.9.RELEASE using repositories [MavenRepo]
13:07:24.764 [DEBUG] [org.gradle.api.internal.artifacts.ivyservice.ivyresolve.CachingModuleComponentRepository] Using cached module metadata for module 'org.springframework:spring-core:4.3.9.RELEASE' in 'MavenRepo'
13:07:24.764 [DEBUG] [org.gradle.api.internal.artifacts.ivyservice.ivyresolve.RepositoryChainComponentMetaDataResolver] Using org.springframework:spring-core:4.3.9.RELEASE from Maven repository 'MavenRepo'
13:07:24.764 [DEBUG] [org.gradle.api.internal.artifacts.ivyservice.ivyresolve.RepositoryChainComponentMetaDataResolver] Attempting to resolve component for org.springframework:spring-test:4.3.9.RELEASE using repositories [MavenRepo]
13:07:24.764 [DEBUG] [org.gradle.api.internal.artifacts.ivyservice.ivyresolve.CachingModuleComponentRepository] Using cached module metadata for module 'org.springframework:spring-test:4.3.9.RELEASE' in 'MavenRepo'
13:07:24.764 [DEBUG] [org.gradle.api.internal.artifacts.ivyservice.ivyresolve.RepositoryChainComponentMetaDataResolver] Using org.springframework:spring-test:4.3.9.RELEASE from Maven repository 'MavenRepo'
13:07:24.764 [DEBUG] [org.gradle.api.internal.artifacts.ivyservice.resolveengine.graph.builder.DependencyGraphBuilder] Visiting configuration org.springframework.boot:spring-boot-starter:1.5.4.RELEASE(runtime).
13:07:24.764 [DEBUG] [io.spring.gradle.dependencymanagement.internal.VersionConfiguringAction] Processing dependency 'org.springframework.boot:spring-boot:1.5.4.RELEASE'
13:07:24.764 [DEBUG] [io.spring.gradle.dependencymanagement.internal.DependencyManagementContainer] Found managed version '1.5.4.RELEASE' for dependency 'org.springframework.boot:spring-boot' in global dependency management
13:07:24.764 [DEBUG] [io.spring.gradle.dependencymanagement.internal.VersionConfiguringAction] Using version '1.5.4.RELEASE' for dependency 'org.springframework.boot:spring-boot:1.5.4.RELEASE'
13:07:24.764 [DEBUG] [io.spring.gradle.dependencymanagement.internal.VersionConfiguringAction] Processing dependency 'org.springframework.boot:spring-boot-autoconfigure:1.5.4.RELEASE'
13:07:24.764 [DEBUG] [io.spring.gradle.dependencymanagement.internal.DependencyManagementContainer] Found managed version '1.5.4.RELEASE' for dependency 'org.springframework.boot:spring-boot-autoconfigure' in global dependency management
13:07:24.764 [DEBUG] [io.spring.gradle.dependencymanagement.internal.VersionConfiguringAction] Using version '1.5.4.RELEASE' for dependency 'org.springframework.boot:spring-boot-autoconfigure:1.5.4.RELEASE'
13:07:24.764 [DEBUG] [io.spring.gradle.dependencymanagement.internal.VersionConfiguringAction] Processing dependency 'org.springframework.boot:spring-boot-starter-logging:1.5.4.RELEASE'
13:07:24.765 [DEBUG] [io.spring.gradle.dependencymanagement.internal.DependencyManagementContainer] Found managed version '1.5.4.RELEASE' for dependency 'org.springframework.boot:spring-boot-starter-logging' in global dependency management
13:07:24.765 [DEBUG] [io.spring.gradle.dependencymanagement.internal.VersionConfiguringAction] Using version '1.5.4.RELEASE' for dependency 'org.springframework.boot:spring-boot-starter-logging:1.5.4.RELEASE'
13:07:24.765 [DEBUG] [io.spring.gradle.dependencymanagement.internal.VersionConfiguringAction] Processing dependency 'org.yaml:snakeyaml:1.17'
13:07:24.765 [DEBUG] [io.spring.gradle.dependencymanagement.internal.DependencyManagementContainer] Found managed version '1.17' for dependency 'org.yaml:snakeyaml' in global dependency management
13:07:24.765 [DEBUG] [io.spring.gradle.dependencymanagement.internal.VersionConfiguringAction] Using version '1.17' for dependency 'org.yaml:snakeyaml:1.17'
13:07:24.765 [DEBUG] [org.gradle.api.internal.artifacts.ivyservice.ivyresolve.RepositoryChainComponentMetaDataResolver] Attempting to resolve component for org.springframework.boot:spring-boot:1.5.4.RELEASE using repositories [MavenRepo]
13:07:24.765 [DEBUG] [org.gradle.api.internal.artifacts.ivyservice.ivyresolve.CachingModuleComponentRepository] Using cached module metadata for module 'org.springframework.boot:spring-boot:1.5.4.RELEASE' in 'MavenRepo'
13:07:24.765 [DEBUG] [org.gradle.api.internal.artifacts.ivyservice.ivyresolve.RepositoryChainComponentMetaDataResolver] Using org.springframework.boot:spring-boot:1.5.4.RELEASE from Maven repository 'MavenRepo'
13:07:24.765 [DEBUG] [org.gradle.api.internal.artifacts.ivyservice.ivyresolve.RepositoryChainComponentMetaDataResolver] Attempting to resolve component for org.springframework.boot:spring-boot-autoconfigure:1.5.4.RELEASE using repositories [MavenRepo]
13:07:24.765 [DEBUG] [org.gradle.api.internal.artifacts.ivyservice.ivyresolve.CachingModuleComponentRepository] Using cached module metadata for module 'org.springframework.boot:spring-boot-autoconfigure:1.5.4.RELEASE' in 'MavenRepo'
13:07:24.765 [DEBUG] [org.gradle.api.internal.artifacts.ivyservice.ivyresolve.RepositoryChainComponentMetaDataResolver] Using org.springframework.boot:spring-boot-autoconfigure:1.5.4.RELEASE from Maven repository 'MavenRepo'
13:07:24.765 [DEBUG] [org.gradle.api.internal.artifacts.ivyservice.ivyresolve.RepositoryChainComponentMetaDataResolver] Attempting to resolve component for org.springframework.boot:spring-boot-starter-logging:1.5.4.RELEASE using repositories [MavenRepo]
13:07:24.765 [DEBUG] [org.gradle.api.internal.artifacts.ivyservice.ivyresolve.CachingModuleComponentRepository] Using cached module metadata for module 'org.springframework.boot:spring-boot-starter-logging:1.5.4.RELEASE' in 'MavenRepo'
13:07:24.765 [DEBUG] [org.gradle.api.internal.artifacts.ivyservice.ivyresolve.RepositoryChainComponentMetaDataResolver] Using org.springframework.boot:spring-boot-starter-logging:1.5.4.RELEASE from Maven repository 'MavenRepo'
13:07:24.765 [DEBUG] [org.gradle.api.internal.artifacts.ivyservice.ivyresolve.RepositoryChainComponentMetaDataResolver] Attempting to resolve component for org.yaml:snakeyaml:1.17 using repositories [MavenRepo]
13:07:24.766 [DEBUG] [org.gradle.api.internal.artifacts.ivyservice.ivyresolve.CachingModuleComponentRepository] Using cached module metadata for module 'org.yaml:snakeyaml:1.17' in 'MavenRepo'
13:07:24.766 [DEBUG] [org.gradle.api.internal.artifacts.ivyservice.ivyresolve.RepositoryChainComponentMetaDataResolver] Using org.yaml:snakeyaml:1.17 from Maven repository 'MavenRepo'
13:07:24.766 [DEBUG] [org.gradle.api.internal.artifacts.ivyservice.resolveengine.graph.builder.DependencyGraphBuilder] Visiting configuration org.springframework.boot:spring-boot-starter-tomcat:1.5.4.RELEASE(runtime).
13:07:24.766 [DEBUG] [io.spring.gradle.dependencymanagement.internal.VersionConfiguringAction] Processing dependency 'org.apache.tomcat.embed:tomcat-embed-core:8.5.15'
13:07:24.766 [DEBUG] [io.spring.gradle.dependencymanagement.internal.DependencyManagementContainer] Found managed version '8.5.15' for dependency 'org.apache.tomcat.embed:tomcat-embed-core' in global dependency management
13:07:24.767 [DEBUG] [io.spring.gradle.dependencymanagement.internal.VersionConfiguringAction] Using version '8.5.15' for dependency 'org.apache.tomcat.embed:tomcat-embed-core:8.5.15'
13:07:24.767 [DEBUG] [io.spring.gradle.dependencymanagement.internal.VersionConfiguringAction] Processing dependency 'org.apache.tomcat.embed:tomcat-embed-el:8.5.15'
13:07:24.767 [DEBUG] [io.spring.gradle.dependencymanagement.internal.DependencyManagementContainer] Found managed version '8.5.15' for dependency 'org.apache.tomcat.embed:tomcat-embed-el' in global dependency management
13:07:24.767 [DEBUG] [io.spring.gradle.dependencymanagement.internal.VersionConfiguringAction] Using version '8.5.15' for dependency 'org.apache.tomcat.embed:tomcat-embed-el:8.5.15'
13:07:24.767 [DEBUG] [io.spring.gradle.dependencymanagement.internal.VersionConfiguringAction] Processing dependency 'org.apache.tomcat.embed:tomcat-embed-websocket:8.5.15'
13:07:24.767 [DEBUG] [io.spring.gradle.dependencymanagement.internal.DependencyManagementContainer] Found managed version '8.5.15' for dependency 'org.apache.tomcat.embed:tomcat-embed-websocket' in global dependency management
13:07:24.767 [DEBUG] [io.spring.gradle.dependencymanagement.internal.VersionConfiguringAction] Using version '8.5.15' for dependency 'org.apache.tomcat.embed:tomcat-embed-websocket:8.5.15'
13:07:24.767 [DEBUG] [org.gradle.api.internal.artifacts.ivyservice.ivyresolve.RepositoryChainComponentMetaDataResolver] Attempting to resolve component for org.apache.tomcat.embed:tomcat-embed-core:8.5.15 using repositories [MavenRepo]
13:07:24.767 [DEBUG] [org.gradle.api.internal.artifacts.ivyservice.ivyresolve.CachingModuleComponentRepository] Using cached module metadata for module 'org.apache.tomcat.embed:tomcat-embed-core:8.5.15' in 'MavenRepo'
13:07:24.767 [DEBUG] [org.gradle.api.internal.artifacts.ivyservice.ivyresolve.RepositoryChainComponentMetaDataResolver] Using org.apache.tomcat.embed:tomcat-embed-core:8.5.15 from Maven repository 'MavenRepo'
13:07:24.767 [DEBUG] [org.gradle.api.internal.artifacts.ivyservice.ivyresolve.RepositoryChainComponentMetaDataResolver] Attempting to resolve component for org.apache.tomcat.embed:tomcat-embed-el:8.5.15 using repositories [MavenRepo]
13:07:24.767 [DEBUG] [org.gradle.api.internal.artifacts.ivyservice.ivyresolve.CachingModuleComponentRepository] Using cached module metadata for module 'org.apache.tomcat.embed:tomcat-embed-el:8.5.15' in 'MavenRepo'
13:07:24.767 [DEBUG] [org.gradle.api.internal.artifacts.ivyservice.ivyresolve.RepositoryChainComponentMetaDataResolver] Using org.apache.tomcat.embed:tomcat-embed-el:8.5.15 from Maven repository 'MavenRepo'
13:07:24.767 [DEBUG] [org.gradle.api.internal.artifacts.ivyservice.ivyresolve.RepositoryChainComponentMetaDataResolver] Attempting to resolve component for org.apache.tomcat.embed:tomcat-embed-websocket:8.5.15 using repositories [MavenRepo]
13:07:24.767 [DEBUG] [org.gradle.api.internal.artifacts.ivyservice.ivyresolve.CachingModuleComponentRepository] Using cached module metadata for module 'org.apache.tomcat.embed:tomcat-embed-websocket:8.5.15' in 'MavenRepo'
13:07:24.767 [DEBUG] [org.gradle.api.internal.artifacts.ivyservice.ivyresolve.RepositoryChainComponentMetaDataResolver] Using org.apache.tomcat.embed:tomcat-embed-websocket:8.5.15 from Maven repository 'MavenRepo'
13:07:24.767 [DEBUG] [org.gradle.api.internal.artifacts.ivyservice.resolveengine.graph.builder.DependencyGraphBuilder] Visiting configuration org.hibernate:hibernate-validator:5.3.5.Final(runtime).
13:07:24.767 [DEBUG] [io.spring.gradle.dependencymanagement.internal.VersionConfiguringAction] Processing dependency 'javax.validation:validation-api:1.1.0.Final'
13:07:24.767 [DEBUG] [io.spring.gradle.dependencymanagement.internal.DependencyManagementContainer] Found managed version '1.1.0.Final' for dependency 'javax.validation:validation-api' in global dependency management
13:07:24.767 [DEBUG] [io.spring.gradle.dependencymanagement.internal.VersionConfiguringAction] Using version '1.1.0.Final' for dependency 'javax.validation:validation-api:1.1.0.Final'
13:07:24.767 [DEBUG] [io.spring.gradle.dependencymanagement.internal.VersionConfiguringAction] Processing dependency 'org.jboss.logging:jboss-logging:3.3.0.Final'
13:07:24.767 [DEBUG] [io.spring.gradle.dependencymanagement.internal.DependencyManagementContainer] Found managed version '3.3.1.Final' for dependency 'org.jboss.logging:jboss-logging' in global dependency management
13:07:24.767 [DEBUG] [io.spring.gradle.dependencymanagement.internal.VersionConfiguringAction] Using version '3.3.1.Final' for dependency 'org.jboss.logging:jboss-logging:3.3.0.Final'
13:07:24.768 [DEBUG] [io.spring.gradle.dependencymanagement.internal.VersionConfiguringAction] Processing dependency 'com.fasterxml:classmate:1.3.1'
13:07:24.768 [DEBUG] [io.spring.gradle.dependencymanagement.internal.DependencyManagementContainer] Found managed version '1.3.3' for dependency 'com.fasterxml:classmate' in global dependency management
13:07:24.768 [DEBUG] [io.spring.gradle.dependencymanagement.internal.VersionConfiguringAction] Using version '1.3.3' for dependency 'com.fasterxml:classmate:1.3.1'
13:07:24.768 [DEBUG] [org.gradle.api.internal.artifacts.ivyservice.ivyresolve.RepositoryChainComponentMetaDataResolver] Attempting to resolve component for javax.validation:validation-api:1.1.0.Final using repositories [MavenRepo]
13:07:24.768 [DEBUG] [org.gradle.api.internal.artifacts.ivyservice.ivyresolve.CachingModuleComponentRepository] Using cached module metadata for module 'javax.validation:validation-api:1.1.0.Final' in 'MavenRepo'
13:07:24.768 [DEBUG] [org.gradle.api.internal.artifacts.ivyservice.ivyresolve.RepositoryChainComponentMetaDataResolver] Using javax.validation:validation-api:1.1.0.Final from Maven repository 'MavenRepo'
13:07:24.768 [DEBUG] [org.gradle.api.internal.artifacts.ivyservice.ivyresolve.RepositoryChainComponentMetaDataResolver] Attempting to resolve component for org.jboss.logging:jboss-logging:3.3.1.Final using repositories [MavenRepo]
13:07:24.768 [DEBUG] [org.gradle.api.internal.artifacts.ivyservice.ivyresolve.CachingModuleComponentRepository] Using cached module metadata for module 'org.jboss.logging:jboss-logging:3.3.1.Final' in 'MavenRepo'
13:07:24.768 [DEBUG] [org.gradle.api.internal.artifacts.ivyservice.ivyresolve.RepositoryChainComponentMetaDataResolver] Using org.jboss.logging:jboss-logging:3.3.1.Final from Maven repository 'MavenRepo'
13:07:24.768 [DEBUG] [org.gradle.api.internal.artifacts.ivyservice.ivyresolve.RepositoryChainComponentMetaDataResolver] Attempting to resolve component for com.fasterxml:classmate:1.3.3 using repositories [MavenRepo]
13:07:24.768 [DEBUG] [org.gradle.api.internal.artifacts.ivyservice.ivyresolve.CachingModuleComponentRepository] Using cached module metadata for module 'com.fasterxml:classmate:1.3.3' in 'MavenRepo'
13:07:24.768 [DEBUG] [org.gradle.api.internal.artifacts.ivyservice.ivyresolve.RepositoryChainComponentMetaDataResolver] Using com.fasterxml:classmate:1.3.3 from Maven repository 'MavenRepo'
13:07:24.768 [DEBUG] [org.gradle.api.internal.artifacts.ivyservice.resolveengine.graph.builder.DependencyGraphBuilder] Visiting configuration com.fasterxml.jackson.core:jackson-databind:2.8.8(runtime).
13:07:24.768 [DEBUG] [io.spring.gradle.dependencymanagement.internal.VersionConfiguringAction] Processing dependency 'com.fasterxml.jackson.core:jackson-annotations:2.8.0'
13:07:24.768 [DEBUG] [io.spring.gradle.dependencymanagement.internal.DependencyManagementContainer] Found managed version '2.8.0' for dependency 'com.fasterxml.jackson.core:jackson-annotations' in global dependency management
13:07:24.768 [DEBUG] [io.spring.gradle.dependencymanagement.internal.VersionConfiguringAction] Using version '2.8.0' for dependency 'com.fasterxml.jackson.core:jackson-annotations:2.8.0'
13:07:24.768 [DEBUG] [io.spring.gradle.dependencymanagement.internal.VersionConfiguringAction] Processing dependency 'com.fasterxml.jackson.core:jackson-core:2.8.8'
13:07:24.768 [DEBUG] [io.spring.gradle.dependencymanagement.internal.DependencyManagementContainer] Found managed version '2.8.8' for dependency 'com.fasterxml.jackson.core:jackson-core' in global dependency management
13:07:24.768 [DEBUG] [io.spring.gradle.dependencymanagement.internal.VersionConfiguringAction] Using version '2.8.8' for dependency 'com.fasterxml.jackson.core:jackson-core:2.8.8'
13:07:24.768 [DEBUG] [org.gradle.api.internal.artifacts.ivyservice.ivyresolve.RepositoryChainComponentMetaDataResolver] Attempting to resolve component for com.fasterxml.jackson.core:jackson-annotations:2.8.0 using repositories [MavenRepo]
13:07:24.768 [DEBUG] [org.gradle.api.internal.artifacts.ivyservice.ivyresolve.CachingModuleComponentRepository] Using cached module metadata for module 'com.fasterxml.jackson.core:jackson-annotations:2.8.0' in 'MavenRepo'
13:07:24.768 [DEBUG] [org.gradle.api.internal.artifacts.ivyservice.ivyresolve.RepositoryChainComponentMetaDataResolver] Using com.fasterxml.jackson.core:jackson-annotations:2.8.0 from Maven repository 'MavenRepo'
13:07:24.768 [DEBUG] [org.gradle.api.internal.artifacts.ivyservice.ivyresolve.RepositoryChainComponentMetaDataResolver] Attempting to resolve component for com.fasterxml.jackson.core:jackson-core:2.8.8 using repositories [MavenRepo]
13:07:24.768 [DEBUG] [org.gradle.api.internal.artifacts.ivyservice.ivyresolve.CachingModuleComponentRepository] Using cached module metadata for module 'com.fasterxml.jackson.core:jackson-core:2.8.8' in 'MavenRepo'
13:07:24.768 [DEBUG] [org.gradle.api.internal.artifacts.ivyservice.ivyresolve.RepositoryChainComponentMetaDataResolver] Using com.fasterxml.jackson.core:jackson-core:2.8.8 from Maven repository 'MavenRepo'
13:07:24.769 [DEBUG] [org.gradle.api.internal.artifacts.ivyservice.resolveengine.graph.builder.DependencyGraphBuilder] Visiting configuration org.springframework:spring-web:4.3.9.RELEASE(runtime).
13:07:24.769 [DEBUG] [io.spring.gradle.dependencymanagement.internal.VersionConfiguringAction] Processing dependency 'org.springframework:spring-aop:4.3.9.RELEASE'
13:07:24.769 [DEBUG] [io.spring.gradle.dependencymanagement.internal.DependencyManagementContainer] Found managed version '4.3.9.RELEASE' for dependency 'org.springframework:spring-aop' in global dependency management
13:07:24.769 [DEBUG] [io.spring.gradle.dependencymanagement.internal.VersionConfiguringAction] Using version '4.3.9.RELEASE' for dependency 'org.springframework:spring-aop:4.3.9.RELEASE'
13:07:24.769 [DEBUG] [io.spring.gradle.dependencymanagement.internal.VersionConfiguringAction] Processing dependency 'org.springframework:spring-beans:4.3.9.RELEASE'
13:07:24.769 [DEBUG] [io.spring.gradle.dependencymanagement.internal.DependencyManagementContainer] Found managed version '4.3.9.RELEASE' for dependency 'org.springframework:spring-beans' in global dependency management
13:07:24.769 [DEBUG] [io.spring.gradle.dependencymanagement.internal.VersionConfiguringAction] Using version '4.3.9.RELEASE' for dependency 'org.springframework:spring-beans:4.3.9.RELEASE'
13:07:24.769 [DEBUG] [io.spring.gradle.dependencymanagement.internal.VersionConfiguringAction] Processing dependency 'org.springframework:spring-context:4.3.9.RELEASE'
13:07:24.769 [DEBUG] [io.spring.gradle.dependencymanagement.internal.DependencyManagementContainer] Found managed version '4.3.9.RELEASE' for dependency 'org.springframework:spring-context' in global dependency management
13:07:24.769 [DEBUG] [io.spring.gradle.dependencymanagement.internal.VersionConfiguringAction] Using version '4.3.9.RELEASE' for dependency 'org.springframework:spring-context:4.3.9.RELEASE'
13:07:24.769 [DEBUG] [org.gradle.api.internal.artifacts.ivyservice.ivyresolve.RepositoryChainComponentMetaDataResolver] Attempting to resolve component for org.springframework:spring-aop:4.3.9.RELEASE using repositories [MavenRepo]
13:07:24.769 [DEBUG] [org.gradle.api.internal.artifacts.ivyservice.ivyresolve.CachingModuleComponentRepository] Using cached module metadata for module 'org.springframework:spring-aop:4.3.9.RELEASE' in 'MavenRepo'
13:07:24.769 [DEBUG] [org.gradle.api.internal.artifacts.ivyservice.ivyresolve.RepositoryChainComponentMetaDataResolver] Using org.springframework:spring-aop:4.3.9.RELEASE from Maven repository 'MavenRepo'
13:07:24.769 [DEBUG] [org.gradle.api.internal.artifacts.ivyservice.ivyresolve.RepositoryChainComponentMetaDataResolver] Attempting to resolve component for org.springframework:spring-beans:4.3.9.RELEASE using repositories [MavenRepo]
13:07:24.769 [DEBUG] [org.gradle.api.internal.artifacts.ivyservice.ivyresolve.CachingModuleComponentRepository] Using cached module metadata for module 'org.springframework:spring-beans:4.3.9.RELEASE' in 'MavenRepo'
13:07:24.769 [DEBUG] [org.gradle.api.internal.artifacts.ivyservice.ivyresolve.RepositoryChainComponentMetaDataResolver] Using org.springframework:spring-beans:4.3.9.RELEASE from Maven repository 'MavenRepo'
13:07:24.769 [DEBUG] [org.gradle.api.internal.artifacts.ivyservice.ivyresolve.RepositoryChainComponentMetaDataResolver] Attempting to resolve component for org.springframework:spring-context:4.3.9.RELEASE using repositories [MavenRepo]
13:07:24.769 [DEBUG] [org.gradle.api.internal.artifacts.ivyservice.ivyresolve.CachingModuleComponentRepository] Using cached module metadata for module 'org.springframework:spring-context:4.3.9.RELEASE' in 'MavenRepo'
13:07:24.769 [DEBUG] [org.gradle.api.internal.artifacts.ivyservice.ivyresolve.RepositoryChainComponentMetaDataResolver] Using org.springframework:spring-context:4.3.9.RELEASE from Maven repository 'MavenRepo'
13:07:24.769 [DEBUG] [org.gradle.api.internal.artifacts.ivyservice.resolveengine.graph.builder.DependencyGraphBuilder] Visiting configuration org.springframework:spring-webmvc:4.3.9.RELEASE(runtime).
13:07:24.769 [DEBUG] [io.spring.gradle.dependencymanagement.internal.VersionConfiguringAction] Processing dependency 'org.springframework:spring-expression:4.3.9.RELEASE'
13:07:24.769 [DEBUG] [io.spring.gradle.dependencymanagement.internal.DependencyManagementContainer] Found managed version '4.3.9.RELEASE' for dependency 'org.springframework:spring-expression' in global dependency management
13:07:24.769 [DEBUG] [io.spring.gradle.dependencymanagement.internal.VersionConfiguringAction] Using version '4.3.9.RELEASE' for dependency 'org.springframework:spring-expression:4.3.9.RELEASE'
13:07:24.769 [DEBUG] [org.gradle.api.internal.artifacts.ivyservice.ivyresolve.RepositoryChainComponentMetaDataResolver] Attempting to resolve component for org.springframework:spring-expression:4.3.9.RELEASE using repositories [MavenRepo]
13:07:24.770 [DEBUG] [org.gradle.api.internal.artifacts.ivyservice.ivyresolve.CachingModuleComponentRepository] Using cached module metadata for module 'org.springframework:spring-expression:4.3.9.RELEASE' in 'MavenRepo'
13:07:24.770 [DEBUG] [org.gradle.api.internal.artifacts.ivyservice.ivyresolve.RepositoryChainComponentMetaDataResolver] Using org.springframework:spring-expression:4.3.9.RELEASE from Maven repository 'MavenRepo'
13:07:24.770 [DEBUG] [org.gradle.api.internal.artifacts.ivyservice.resolveengine.graph.builder.DependencyGraphBuilder] Visiting configuration org.mongodb:mongodb-driver:3.4.2(runtime).
13:07:24.770 [DEBUG] [io.spring.gradle.dependencymanagement.internal.VersionConfiguringAction] Processing dependency 'org.mongodb:bson:3.4.2'
13:07:24.770 [DEBUG] [io.spring.gradle.dependencymanagement.internal.VersionConfiguringAction] No dependency management for dependency 'org.mongodb:bson:3.4.2'
13:07:24.770 [DEBUG] [io.spring.gradle.dependencymanagement.internal.VersionConfiguringAction] Processing dependency 'org.mongodb:mongodb-driver-core:3.4.2'
13:07:24.770 [DEBUG] [io.spring.gradle.dependencymanagement.internal.VersionConfiguringAction] No dependency management for dependency 'org.mongodb:mongodb-driver-core:3.4.2'
13:07:24.770 [DEBUG] [org.gradle.api.internal.artifacts.ivyservice.ivyresolve.RepositoryChainComponentMetaDataResolver] Attempting to resolve component for org.mongodb:bson:3.4.2 using repositories [MavenRepo]
13:07:24.770 [DEBUG] [org.gradle.api.internal.artifacts.ivyservice.ivyresolve.CachingModuleComponentRepository] Using cached module metadata for module 'org.mongodb:bson:3.4.2' in 'MavenRepo'
13:07:24.770 [DEBUG] [org.gradle.api.internal.artifacts.ivyservice.ivyresolve.RepositoryChainComponentMetaDataResolver] Using org.mongodb:bson:3.4.2 from Maven repository 'MavenRepo'
13:07:24.770 [DEBUG] [org.gradle.api.internal.artifacts.ivyservice.ivyresolve.RepositoryChainComponentMetaDataResolver] Attempting to resolve component for org.mongodb:mongodb-driver-core:3.4.2 using repositories [MavenRepo]
13:07:24.770 [DEBUG] [org.gradle.api.internal.artifacts.ivyservice.ivyresolve.CachingModuleComponentRepository] Using cached module metadata for module 'org.mongodb:mongodb-driver-core:3.4.2' in 'MavenRepo'
13:07:24.770 [DEBUG] [org.gradle.api.internal.artifacts.ivyservice.ivyresolve.RepositoryChainComponentMetaDataResolver] Using org.mongodb:mongodb-driver-core:3.4.2 from Maven repository 'MavenRepo'
13:07:24.770 [DEBUG] [org.gradle.api.internal.artifacts.ivyservice.resolveengine.graph.builder.DependencyGraphBuilder] Visiting configuration org.springframework.data:spring-data-mongodb:1.10.4.RELEASE(runtime).
13:07:24.770 [DEBUG] [io.spring.gradle.dependencymanagement.internal.VersionConfiguringAction] Processing dependency 'org.springframework:spring-tx:4.3.9.RELEASE'
13:07:24.770 [DEBUG] [io.spring.gradle.dependencymanagement.internal.DependencyManagementContainer] Found managed version '4.3.9.RELEASE' for dependency 'org.springframework:spring-tx' in global dependency management
13:07:24.770 [DEBUG] [io.spring.gradle.dependencymanagement.internal.VersionConfiguringAction] Using version '4.3.9.RELEASE' for dependency 'org.springframework:spring-tx:4.3.9.RELEASE'
13:07:24.770 [DEBUG] [io.spring.gradle.dependencymanagement.internal.VersionConfiguringAction] Processing dependency 'org.springframework.data:spring-data-commons:1.13.4.RELEASE'
13:07:24.770 [DEBUG] [io.spring.gradle.dependencymanagement.internal.DependencyManagementContainer] Found managed version '1.13.4.RELEASE' for dependency 'org.springframework.data:spring-data-commons' in global dependency management
13:07:24.770 [DEBUG] [io.spring.gradle.dependencymanagement.internal.VersionConfiguringAction] Using version '1.13.4.RELEASE' for dependency 'org.springframework.data:spring-data-commons:1.13.4.RELEASE'
13:07:24.770 [DEBUG] [org.gradle.api.internal.artifacts.ivyservice.resolveengine.graph.builder.DependencyGraphBuilder] org.mongodb:mongo-java-driver is excluded from org.springframework.data:spring-data-mongodb:1.10.4.RELEASE(runtime).
13:07:24.770 [DEBUG] [io.spring.gradle.dependencymanagement.internal.VersionConfiguringAction] Processing dependency 'org.slf4j:slf4j-api:1.7.25'
13:07:24.770 [DEBUG] [io.spring.gradle.dependencymanagement.internal.DependencyManagementContainer] Found managed version '1.7.25' for dependency 'org.slf4j:slf4j-api' in global dependency management
13:07:24.770 [DEBUG] [io.spring.gradle.dependencymanagement.internal.VersionConfiguringAction] Using version '1.7.25' for dependency 'org.slf4j:slf4j-api:1.7.25'
13:07:24.770 [DEBUG] [io.spring.gradle.dependencymanagement.internal.VersionConfiguringAction] Processing dependency 'org.slf4j:jcl-over-slf4j:1.7.25'
13:07:24.771 [DEBUG] [io.spring.gradle.dependencymanagement.internal.DependencyManagementContainer] Found managed version '1.7.25' for dependency 'org.slf4j:jcl-over-slf4j' in global dependency management
13:07:24.771 [DEBUG] [io.spring.gradle.dependencymanagement.internal.VersionConfiguringAction] Using version '1.7.25' for dependency 'org.slf4j:jcl-over-slf4j:1.7.25'
13:07:24.771 [DEBUG] [org.gradle.api.internal.artifacts.ivyservice.ivyresolve.RepositoryChainComponentMetaDataResolver] Attempting to resolve component for org.springframework:spring-tx:4.3.9.RELEASE using repositories [MavenRepo]
13:07:24.771 [DEBUG] [org.gradle.api.internal.artifacts.ivyservice.ivyresolve.CachingModuleComponentRepository] Using cached module metadata for module 'org.springframework:spring-tx:4.3.9.RELEASE' in 'MavenRepo'
13:07:24.771 [DEBUG] [org.gradle.api.internal.artifacts.ivyservice.ivyresolve.RepositoryChainComponentMetaDataResolver] Using org.springframework:spring-tx:4.3.9.RELEASE from Maven repository 'MavenRepo'
13:07:24.771 [DEBUG] [org.gradle.api.internal.artifacts.ivyservice.ivyresolve.RepositoryChainComponentMetaDataResolver] Attempting to resolve component for org.springframework.data:spring-data-commons:1.13.4.RELEASE using repositories [MavenRepo]
13:07:24.771 [DEBUG] [org.gradle.api.internal.artifacts.ivyservice.ivyresolve.CachingModuleComponentRepository] Using cached module metadata for module 'org.springframework.data:spring-data-commons:1.13.4.RELEASE' in 'MavenRepo'
13:07:24.771 [DEBUG] [org.gradle.api.internal.artifacts.ivyservice.ivyresolve.RepositoryChainComponentMetaDataResolver] Using org.springframework.data:spring-data-commons:1.13.4.RELEASE from Maven repository 'MavenRepo'
13:07:24.771 [DEBUG] [org.gradle.api.internal.artifacts.ivyservice.ivyresolve.RepositoryChainComponentMetaDataResolver] Attempting to resolve component for org.slf4j:slf4j-api:1.7.25 using repositories [MavenRepo]
13:07:24.771 [DEBUG] [org.gradle.api.internal.artifacts.ivyservice.ivyresolve.CachingModuleComponentRepository] Using cached module metadata for module 'org.slf4j:slf4j-api:1.7.25' in 'MavenRepo'
13:07:24.771 [DEBUG] [org.gradle.api.internal.artifacts.ivyservice.ivyresolve.RepositoryChainComponentMetaDataResolver] Using org.slf4j:slf4j-api:1.7.25 from Maven repository 'MavenRepo'
13:07:24.771 [DEBUG] [org.gradle.api.internal.artifacts.ivyservice.ivyresolve.RepositoryChainComponentMetaDataResolver] Attempting to resolve component for org.slf4j:jcl-over-slf4j:1.7.25 using repositories [MavenRepo]
13:07:24.771 [DEBUG] [org.gradle.api.internal.artifacts.ivyservice.ivyresolve.CachingModuleComponentRepository] Using cached module metadata for module 'org.slf4j:jcl-over-slf4j:1.7.25' in 'MavenRepo'
13:07:24.771 [DEBUG] [org.gradle.api.internal.artifacts.ivyservice.ivyresolve.RepositoryChainComponentMetaDataResolver] Using org.slf4j:jcl-over-slf4j:1.7.25 from Maven repository 'MavenRepo'
13:07:24.771 [DEBUG] [org.gradle.api.internal.artifacts.ivyservice.resolveengine.graph.builder.DependencyGraphBuilder] Visiting configuration org.mozilla:rhino:1.7.7.1(runtime).
13:07:24.771 [DEBUG] [org.gradle.api.internal.artifacts.ivyservice.resolveengine.graph.builder.DependencyGraphBuilder] Visiting configuration com.vividsolutions:jts:1.13(runtime).
13:07:24.771 [DEBUG] [org.gradle.api.internal.artifacts.ivyservice.resolveengine.graph.builder.DependencyGraphBuilder] Visiting configuration de.grundid.opendatalab:geojson-jackson:1.2(runtime).
13:07:24.771 [DEBUG] [io.spring.gradle.dependencymanagement.internal.VersionConfiguringAction] Processing dependency 'com.fasterxml.jackson.core:jackson-core:2.2.2'
13:07:24.771 [DEBUG] [io.spring.gradle.dependencymanagement.internal.DependencyManagementContainer] Found managed version '2.8.8' for dependency 'com.fasterxml.jackson.core:jackson-core' in global dependency management
13:07:24.771 [DEBUG] [io.spring.gradle.dependencymanagement.internal.VersionConfiguringAction] Using version '2.8.8' for dependency 'com.fasterxml.jackson.core:jackson-core:2.2.2'
13:07:24.771 [DEBUG] [io.spring.gradle.dependencymanagement.internal.VersionConfiguringAction] Processing dependency 'com.fasterxml.jackson.core:jackson-databind:2.2.2'
13:07:24.771 [DEBUG] [io.spring.gradle.dependencymanagement.internal.DependencyManagementContainer] Found managed version '2.8.8' for dependency 'com.fasterxml.jackson.core:jackson-databind' in global dependency management
13:07:24.771 [DEBUG] [io.spring.gradle.dependencymanagement.internal.VersionConfiguringAction] Using version '2.8.8' for dependency 'com.fasterxml.jackson.core:jackson-databind:2.2.2'
13:07:24.772 [DEBUG] [org.gradle.api.internal.artifacts.ivyservice.resolveengine.graph.builder.DependencyGraphBuilder] Visiting configuration org.springframework.boot:spring-boot-test:1.5.4.RELEASE(runtime).
13:07:24.772 [DEBUG] [org.gradle.api.internal.artifacts.ivyservice.resolveengine.graph.builder.DependencyGraphBuilder] Visiting configuration org.springframework.boot:spring-boot-test-autoconfigure:1.5.4.RELEASE(runtime).
13:07:24.772 [DEBUG] [org.gradle.api.internal.artifacts.ivyservice.resolveengine.graph.builder.DependencyGraphBuilder] Visiting configuration com.jayway.jsonpath:json-path:2.2.0(runtime).
13:07:24.772 [DEBUG] [io.spring.gradle.dependencymanagement.internal.VersionConfiguringAction] Processing dependency 'net.minidev:json-smart:2.2.1'
13:07:24.772 [DEBUG] [io.spring.gradle.dependencymanagement.internal.VersionConfiguringAction] No dependency management for dependency 'net.minidev:json-smart:2.2.1'
13:07:24.772 [DEBUG] [io.spring.gradle.dependencymanagement.internal.VersionConfiguringAction] Processing dependency 'org.slf4j:slf4j-api:1.7.16'
13:07:24.772 [DEBUG] [io.spring.gradle.dependencymanagement.internal.DependencyManagementContainer] Found managed version '1.7.25' for dependency 'org.slf4j:slf4j-api' in global dependency management
13:07:24.772 [DEBUG] [io.spring.gradle.dependencymanagement.internal.VersionConfiguringAction] Using version '1.7.25' for dependency 'org.slf4j:slf4j-api:1.7.16'
13:07:24.772 [DEBUG] [org.gradle.api.internal.artifacts.ivyservice.ivyresolve.RepositoryChainComponentMetaDataResolver] Attempting to resolve component for net.minidev:json-smart:2.2.1 using repositories [MavenRepo]
13:07:24.772 [DEBUG] [org.gradle.api.internal.artifacts.ivyservice.ivyresolve.CachingModuleComponentRepository] Using cached module metadata for module 'net.minidev:json-smart:2.2.1' in 'MavenRepo'
13:07:24.772 [DEBUG] [org.gradle.api.internal.artifacts.ivyservice.ivyresolve.RepositoryChainComponentMetaDataResolver] Using net.minidev:json-smart:2.2.1 from Maven repository 'MavenRepo'
13:07:24.772 [DEBUG] [org.gradle.api.internal.artifacts.ivyservice.resolveengine.graph.builder.DependencyGraphBuilder] Visiting configuration junit:junit:4.12(runtime).
13:07:24.772 [DEBUG] [org.gradle.api.internal.artifacts.ivyservice.resolveengine.graph.builder.DependencyGraphBuilder] Visiting configuration org.assertj:assertj-core:2.6.0(runtime).
13:07:24.772 [DEBUG] [org.gradle.api.internal.artifacts.ivyservice.resolveengine.graph.builder.DependencyGraphBuilder] Visiting configuration org.mockito:mockito-core:1.10.19(runtime).
13:07:24.772 [DEBUG] [io.spring.gradle.dependencymanagement.internal.VersionConfiguringAction] Processing dependency 'org.hamcrest:hamcrest-core:1.1'
13:07:24.772 [DEBUG] [io.spring.gradle.dependencymanagement.internal.DependencyManagementContainer] Found managed version '1.3' for dependency 'org.hamcrest:hamcrest-core' in global dependency management
13:07:24.772 [DEBUG] [io.spring.gradle.dependencymanagement.internal.VersionConfiguringAction] Using version '1.3' for dependency 'org.hamcrest:hamcrest-core:1.1'
13:07:24.772 [DEBUG] [io.spring.gradle.dependencymanagement.internal.VersionConfiguringAction] Processing dependency 'org.objenesis:objenesis:2.1'
13:07:24.772 [DEBUG] [io.spring.gradle.dependencymanagement.internal.VersionConfiguringAction] No dependency management for dependency 'org.objenesis:objenesis:2.1'
13:07:24.772 [DEBUG] [org.gradle.api.internal.artifacts.ivyservice.ivyresolve.RepositoryChainComponentMetaDataResolver] Attempting to resolve component for org.objenesis:objenesis:2.1 using repositories [MavenRepo]
13:07:24.772 [DEBUG] [org.gradle.api.internal.artifacts.ivyservice.ivyresolve.CachingModuleComponentRepository] Using cached module metadata for module 'org.objenesis:objenesis:2.1' in 'MavenRepo'
13:07:24.772 [DEBUG] [org.gradle.api.internal.artifacts.ivyservice.ivyresolve.RepositoryChainComponentMetaDataResolver] Using org.objenesis:objenesis:2.1 from Maven repository 'MavenRepo'
13:07:24.772 [DEBUG] [org.gradle.api.internal.artifacts.ivyservice.resolveengine.graph.builder.DependencyGraphBuilder] Visiting configuration org.hamcrest:hamcrest-core:1.3(runtime).
13:07:24.772 [DEBUG] [org.gradle.api.internal.artifacts.ivyservice.resolveengine.graph.builder.DependencyGraphBuilder] Visiting configuration org.hamcrest:hamcrest-library:1.3(runtime).
13:07:24.773 [DEBUG] [org.gradle.api.internal.artifacts.ivyservice.resolveengine.graph.builder.DependencyGraphBuilder] Visiting configuration org.skyscreamer:jsonassert:1.4.0(runtime).
13:07:24.773 [DEBUG] [io.spring.gradle.dependencymanagement.internal.VersionConfiguringAction] Processing dependency 'com.vaadin.external.google:android-json:0.0.20131108.vaadin1'
13:07:24.773 [DEBUG] [io.spring.gradle.dependencymanagement.internal.VersionConfiguringAction] No dependency management for dependency 'com.vaadin.external.google:android-json:0.0.20131108.vaadin1'
13:07:24.773 [DEBUG] [org.gradle.api.internal.artifacts.ivyservice.ivyresolve.RepositoryChainComponentMetaDataResolver] Attempting to resolve component for com.vaadin.external.google:android-json:0.0.20131108.vaadin1 using repositories [MavenRepo]
13:07:24.773 [DEBUG] [org.gradle.api.internal.artifacts.ivyservice.ivyresolve.CachingModuleComponentRepository] Using cached module metadata for module 'com.vaadin.external.google:android-json:0.0.20131108.vaadin1' in 'MavenRepo'
13:07:24.773 [DEBUG] [org.gradle.api.internal.artifacts.ivyservice.ivyresolve.RepositoryChainComponentMetaDataResolver] Using com.vaadin.external.google:android-json:0.0.20131108.vaadin1 from Maven repository 'MavenRepo'
13:07:24.773 [DEBUG] [org.gradle.api.internal.artifacts.ivyservice.resolveengine.graph.builder.DependencyGraphBuilder] Visiting configuration org.springframework:spring-core:4.3.9.RELEASE(runtime).
13:07:24.773 [DEBUG] [org.gradle.api.internal.artifacts.ivyservice.resolveengine.graph.builder.DependencyGraphBuilder] commons-logging:commons-logging is excluded from org.springframework:spring-core:4.3.9.RELEASE(runtime).
13:07:24.773 [DEBUG] [org.gradle.api.internal.artifacts.ivyservice.resolveengine.graph.builder.DependencyGraphBuilder] Visiting configuration org.springframework:spring-test:4.3.9.RELEASE(runtime).
13:07:24.773 [DEBUG] [org.gradle.api.internal.artifacts.ivyservice.resolveengine.graph.builder.DependencyGraphBuilder] Visiting configuration org.springframework.boot:spring-boot:1.5.4.RELEASE(runtime).
13:07:24.773 [DEBUG] [org.gradle.api.internal.artifacts.ivyservice.resolveengine.graph.builder.DependencyGraphBuilder] Visiting configuration org.springframework.boot:spring-boot-autoconfigure:1.5.4.RELEASE(runtime).
13:07:24.773 [DEBUG] [org.gradle.api.internal.artifacts.ivyservice.resolveengine.graph.builder.DependencyGraphBuilder] Visiting configuration org.springframework.boot:spring-boot-starter-logging:1.5.4.RELEASE(runtime).
13:07:24.773 [DEBUG] [io.spring.gradle.dependencymanagement.internal.VersionConfiguringAction] Processing dependency 'ch.qos.logback:logback-classic:1.1.11'
13:07:24.773 [DEBUG] [io.spring.gradle.dependencymanagement.internal.DependencyManagementContainer] Found managed version '1.1.11' for dependency 'ch.qos.logback:logback-classic' in global dependency management
13:07:24.773 [DEBUG] [io.spring.gradle.dependencymanagement.internal.VersionConfiguringAction] Using version '1.1.11' for dependency 'ch.qos.logback:logback-classic:1.1.11'
13:07:24.773 [DEBUG] [io.spring.gradle.dependencymanagement.internal.VersionConfiguringAction] Processing dependency 'org.slf4j:jul-to-slf4j:1.7.25'
13:07:24.773 [DEBUG] [io.spring.gradle.dependencymanagement.internal.DependencyManagementContainer] Found managed version '1.7.25' for dependency 'org.slf4j:jul-to-slf4j' in global dependency management
13:07:24.773 [DEBUG] [io.spring.gradle.dependencymanagement.internal.VersionConfiguringAction] Using version '1.7.25' for dependency 'org.slf4j:jul-to-slf4j:1.7.25'
13:07:24.773 [DEBUG] [io.spring.gradle.dependencymanagement.internal.VersionConfiguringAction] Processing dependency 'org.slf4j:log4j-over-slf4j:1.7.25'
13:07:24.773 [DEBUG] [io.spring.gradle.dependencymanagement.internal.DependencyManagementContainer] Found managed version '1.7.25' for dependency 'org.slf4j:log4j-over-slf4j' in global dependency management
13:07:24.773 [DEBUG] [io.spring.gradle.dependencymanagement.internal.VersionConfiguringAction] Using version '1.7.25' for dependency 'org.slf4j:log4j-over-slf4j:1.7.25'
13:07:24.773 [DEBUG] [org.gradle.api.internal.artifacts.ivyservice.ivyresolve.RepositoryChainComponentMetaDataResolver] Attempting to resolve component for ch.qos.logback:logback-classic:1.1.11 using repositories [MavenRepo]
13:07:24.773 [DEBUG] [org.gradle.api.internal.artifacts.ivyservice.ivyresolve.CachingModuleComponentRepository] Using cached module metadata for module 'ch.qos.logback:logback-classic:1.1.11' in 'MavenRepo'
13:07:24.774 [DEBUG] [org.gradle.api.internal.artifacts.ivyservice.ivyresolve.RepositoryChainComponentMetaDataResolver] Using ch.qos.logback:logback-classic:1.1.11 from Maven repository 'MavenRepo'
13:07:24.774 [DEBUG] [org.gradle.api.internal.artifacts.ivyservice.ivyresolve.RepositoryChainComponentMetaDataResolver] Attempting to resolve component for org.slf4j:jul-to-slf4j:1.7.25 using repositories [MavenRepo]
13:07:24.774 [DEBUG] [org.gradle.api.internal.artifacts.ivyservice.ivyresolve.CachingModuleComponentRepository] Using cached module metadata for module 'org.slf4j:jul-to-slf4j:1.7.25' in 'MavenRepo'
13:07:24.774 [DEBUG] [org.gradle.api.internal.artifacts.ivyservice.ivyresolve.RepositoryChainComponentMetaDataResolver] Using org.slf4j:jul-to-slf4j:1.7.25 from Maven repository 'MavenRepo'
13:07:24.774 [DEBUG] [org.gradle.api.internal.artifacts.ivyservice.ivyresolve.RepositoryChainComponentMetaDataResolver] Attempting to resolve component for org.slf4j:log4j-over-slf4j:1.7.25 using repositories [MavenRepo]
13:07:24.774 [DEBUG] [org.gradle.api.internal.artifacts.ivyservice.ivyresolve.CachingModuleComponentRepository] Using cached module metadata for module 'org.slf4j:log4j-over-slf4j:1.7.25' in 'MavenRepo'
13:07:24.774 [DEBUG] [org.gradle.api.internal.artifacts.ivyservice.ivyresolve.RepositoryChainComponentMetaDataResolver] Using org.slf4j:log4j-over-slf4j:1.7.25 from Maven repository 'MavenRepo'
13:07:24.774 [DEBUG] [org.gradle.api.internal.artifacts.ivyservice.resolveengine.graph.builder.DependencyGraphBuilder] Visiting configuration org.yaml:snakeyaml:1.17(runtime).
13:07:24.774 [DEBUG] [org.gradle.api.internal.artifacts.ivyservice.resolveengine.graph.builder.DependencyGraphBuilder] Visiting configuration org.apache.tomcat.embed:tomcat-embed-core:8.5.15(runtime).
13:07:24.774 [DEBUG] [org.gradle.api.internal.artifacts.ivyservice.resolveengine.graph.builder.DependencyGraphBuilder] Visiting configuration org.apache.tomcat.embed:tomcat-embed-el:8.5.15(runtime).
13:07:24.774 [DEBUG] [org.gradle.api.internal.artifacts.ivyservice.resolveengine.graph.builder.DependencyGraphBuilder] Visiting configuration org.apache.tomcat.embed:tomcat-embed-websocket:8.5.15(runtime).
13:07:24.774 [DEBUG] [org.gradle.api.internal.artifacts.ivyservice.resolveengine.graph.builder.DependencyGraphBuilder] Visiting configuration javax.validation:validation-api:1.1.0.Final(runtime).
13:07:24.774 [DEBUG] [org.gradle.api.internal.artifacts.ivyservice.resolveengine.graph.builder.DependencyGraphBuilder] Visiting configuration org.jboss.logging:jboss-logging:3.3.1.Final(runtime).
13:07:24.774 [DEBUG] [org.gradle.api.internal.artifacts.ivyservice.resolveengine.graph.builder.DependencyGraphBuilder] Visiting configuration com.fasterxml:classmate:1.3.3(runtime).
13:07:24.774 [DEBUG] [org.gradle.api.internal.artifacts.ivyservice.resolveengine.graph.builder.DependencyGraphBuilder] Visiting configuration com.fasterxml.jackson.core:jackson-annotations:2.8.0(runtime).
13:07:24.774 [DEBUG] [org.gradle.api.internal.artifacts.ivyservice.resolveengine.graph.builder.DependencyGraphBuilder] Visiting configuration com.fasterxml.jackson.core:jackson-core:2.8.8(runtime).
13:07:24.774 [DEBUG] [org.gradle.api.internal.artifacts.ivyservice.resolveengine.graph.builder.DependencyGraphBuilder] Visiting configuration org.springframework:spring-aop:4.3.9.RELEASE(runtime).
13:07:24.774 [DEBUG] [org.gradle.api.internal.artifacts.ivyservice.resolveengine.graph.builder.DependencyGraphBuilder] Visiting configuration org.springframework:spring-beans:4.3.9.RELEASE(runtime).
13:07:24.774 [DEBUG] [org.gradle.api.internal.artifacts.ivyservice.resolveengine.graph.builder.DependencyGraphBuilder] Visiting configuration org.springframework:spring-context:4.3.9.RELEASE(runtime).
13:07:24.774 [DEBUG] [org.gradle.api.internal.artifacts.ivyservice.resolveengine.graph.builder.DependencyGraphBuilder] Visiting configuration org.springframework:spring-expression:4.3.9.RELEASE(runtime).
13:07:24.774 [DEBUG] [org.gradle.api.internal.artifacts.ivyservice.resolveengine.graph.builder.DependencyGraphBuilder] Visiting configuration org.springframework:spring-web:4.3.9.RELEASE(runtime).
13:07:24.774 [DEBUG] [org.gradle.api.internal.artifacts.ivyservice.resolveengine.graph.builder.DependencyGraphBuilder] Changed edges for org.springframework:spring-web:4.3.9.RELEASE(runtime) selects same versions as previous traversal. ignoring
13:07:24.774 [DEBUG] [org.gradle.api.internal.artifacts.ivyservice.resolveengine.graph.builder.DependencyGraphBuilder] Visiting configuration org.mongodb:bson:3.4.2(runtime).
13:07:24.774 [DEBUG] [org.gradle.api.internal.artifacts.ivyservice.resolveengine.graph.builder.DependencyGraphBuilder] Visiting configuration org.mongodb:mongodb-driver-core:3.4.2(runtime).
13:07:24.774 [DEBUG] [org.gradle.api.internal.artifacts.ivyservice.resolveengine.graph.builder.DependencyGraphBuilder] Visiting configuration org.springframework:spring-tx:4.3.9.RELEASE(runtime).
13:07:24.775 [DEBUG] [org.gradle.api.internal.artifacts.ivyservice.resolveengine.graph.builder.DependencyGraphBuilder] Visiting configuration org.springframework.data:spring-data-commons:1.13.4.RELEASE(runtime).
13:07:24.775 [DEBUG] [org.gradle.api.internal.artifacts.ivyservice.resolveengine.graph.builder.DependencyGraphBuilder] Visiting configuration org.slf4j:slf4j-api:1.7.25(runtime).
13:07:24.775 [DEBUG] [org.gradle.api.internal.artifacts.ivyservice.resolveengine.graph.builder.DependencyGraphBuilder] Visiting configuration org.slf4j:jcl-over-slf4j:1.7.25(runtime).
13:07:24.775 [DEBUG] [org.gradle.api.internal.artifacts.ivyservice.resolveengine.graph.builder.DependencyGraphBuilder] Visiting configuration com.fasterxml.jackson.core:jackson-databind:2.8.8(runtime).
13:07:24.775 [DEBUG] [org.gradle.api.internal.artifacts.ivyservice.resolveengine.graph.builder.DependencyGraphBuilder] Changed edges for com.fasterxml.jackson.core:jackson-databind:2.8.8(runtime) selects same versions as previous traversal. ignoring
13:07:24.775 [DEBUG] [org.gradle.api.internal.artifacts.ivyservice.resolveengine.graph.builder.DependencyGraphBuilder] Visiting configuration org.springframework.boot:spring-boot-test:1.5.4.RELEASE(runtime).
13:07:24.775 [DEBUG] [org.gradle.api.internal.artifacts.ivyservice.resolveengine.graph.builder.DependencyGraphBuilder] Changed edges for org.springframework.boot:spring-boot-test:1.5.4.RELEASE(runtime) selects same versions as previous traversal. ignoring
13:07:24.775 [DEBUG] [org.gradle.api.internal.artifacts.ivyservice.resolveengine.graph.builder.DependencyGraphBuilder] Visiting configuration net.minidev:json-smart:2.2.1(runtime).
13:07:24.775 [DEBUG] [io.spring.gradle.dependencymanagement.internal.VersionConfiguringAction] Processing dependency 'net.minidev:accessors-smart:1.1'
13:07:24.775 [DEBUG] [io.spring.gradle.dependencymanagement.internal.VersionConfiguringAction] No dependency management for dependency 'net.minidev:accessors-smart:1.1'
13:07:24.775 [DEBUG] [org.gradle.api.internal.artifacts.ivyservice.ivyresolve.RepositoryChainComponentMetaDataResolver] Attempting to resolve component for net.minidev:accessors-smart:1.1 using repositories [MavenRepo]
13:07:24.775 [DEBUG] [org.gradle.api.internal.artifacts.ivyservice.ivyresolve.CachingModuleComponentRepository] Using cached module metadata for module 'net.minidev:accessors-smart:1.1' in 'MavenRepo'
13:07:24.775 [DEBUG] [org.gradle.api.internal.artifacts.ivyservice.ivyresolve.RepositoryChainComponentMetaDataResolver] Using net.minidev:accessors-smart:1.1 from Maven repository 'MavenRepo'
13:07:24.775 [DEBUG] [org.gradle.api.internal.artifacts.ivyservice.resolveengine.graph.builder.DependencyGraphBuilder] Visiting configuration org.objenesis:objenesis:2.1(runtime).
13:07:24.775 [DEBUG] [org.gradle.api.internal.artifacts.ivyservice.resolveengine.graph.builder.DependencyGraphBuilder] Visiting configuration org.hamcrest:hamcrest-core:1.3(runtime).
13:07:24.775 [DEBUG] [org.gradle.api.internal.artifacts.ivyservice.resolveengine.graph.builder.DependencyGraphBuilder] Changed edges for org.hamcrest:hamcrest-core:1.3(runtime) selects same versions as previous traversal. ignoring
13:07:24.775 [DEBUG] [org.gradle.api.internal.artifacts.ivyservice.resolveengine.graph.builder.DependencyGraphBuilder] Visiting configuration com.vaadin.external.google:android-json:0.0.20131108.vaadin1(runtime).
13:07:24.775 [DEBUG] [org.gradle.api.internal.artifacts.ivyservice.resolveengine.graph.builder.DependencyGraphBuilder] Visiting configuration org.springframework:spring-core:4.3.9.RELEASE(runtime).
13:07:24.775 [DEBUG] [org.gradle.api.internal.artifacts.ivyservice.resolveengine.graph.builder.DependencyGraphBuilder] Changed edges for org.springframework:spring-core:4.3.9.RELEASE(runtime) selects same versions as previous traversal. ignoring
13:07:24.775 [DEBUG] [org.gradle.api.internal.artifacts.ivyservice.resolveengine.graph.builder.DependencyGraphBuilder] Visiting configuration org.springframework.boot:spring-boot:1.5.4.RELEASE(runtime).
13:07:24.775 [DEBUG] [org.gradle.api.internal.artifacts.ivyservice.resolveengine.graph.builder.DependencyGraphBuilder] Changed edges for org.springframework.boot:spring-boot:1.5.4.RELEASE(runtime) selects same versions as previous traversal. ignoring
13:07:24.775 [DEBUG] [org.gradle.api.internal.artifacts.ivyservice.resolveengine.graph.builder.DependencyGraphBuilder] Visiting configuration ch.qos.logback:logback-classic:1.1.11(runtime).
13:07:24.775 [DEBUG] [io.spring.gradle.dependencymanagement.internal.VersionConfiguringAction] Processing dependency 'ch.qos.logback:logback-core:1.1.11'
13:07:24.775 [DEBUG] [io.spring.gradle.dependencymanagement.internal.DependencyManagementContainer] Found managed version '1.1.11' for dependency 'ch.qos.logback:logback-core' in global dependency management
13:07:24.775 [DEBUG] [io.spring.gradle.dependencymanagement.internal.VersionConfiguringAction] Using version '1.1.11' for dependency 'ch.qos.logback:logback-core:1.1.11'
13:07:24.776 [DEBUG] [io.spring.gradle.dependencymanagement.internal.VersionConfiguringAction] Processing dependency 'org.slf4j:slf4j-api:1.7.22'
13:07:24.776 [DEBUG] [io.spring.gradle.dependencymanagement.internal.DependencyManagementContainer] Found managed version '1.7.25' for dependency 'org.slf4j:slf4j-api' in global dependency management
13:07:24.776 [DEBUG] [io.spring.gradle.dependencymanagement.internal.VersionConfiguringAction] Using version '1.7.25' for dependency 'org.slf4j:slf4j-api:1.7.22'
13:07:24.776 [DEBUG] [org.gradle.api.internal.artifacts.ivyservice.ivyresolve.RepositoryChainComponentMetaDataResolver] Attempting to resolve component for ch.qos.logback:logback-core:1.1.11 using repositories [MavenRepo]
13:07:24.776 [DEBUG] [org.gradle.api.internal.artifacts.ivyservice.ivyresolve.CachingModuleComponentRepository] Using cached module metadata for module 'ch.qos.logback:logback-core:1.1.11' in 'MavenRepo'
13:07:24.776 [DEBUG] [org.gradle.api.internal.artifacts.ivyservice.ivyresolve.RepositoryChainComponentMetaDataResolver] Using ch.qos.logback:logback-core:1.1.11 from Maven repository 'MavenRepo'
13:07:24.776 [DEBUG] [org.gradle.api.internal.artifacts.ivyservice.resolveengine.graph.builder.DependencyGraphBuilder] Visiting configuration org.slf4j:jul-to-slf4j:1.7.25(runtime).
13:07:24.777 [DEBUG] [org.gradle.api.internal.artifacts.ivyservice.resolveengine.graph.builder.DependencyGraphBuilder] Visiting configuration org.slf4j:log4j-over-slf4j:1.7.25(runtime).
13:07:24.777 [DEBUG] [org.gradle.api.internal.artifacts.ivyservice.resolveengine.graph.builder.DependencyGraphBuilder] Visiting configuration org.apache.tomcat.embed:tomcat-embed-core:8.5.15(runtime).
13:07:24.777 [DEBUG] [org.gradle.api.internal.artifacts.ivyservice.resolveengine.graph.builder.DependencyGraphBuilder] Changed edges for org.apache.tomcat.embed:tomcat-embed-core:8.5.15(runtime) selects same versions as previous traversal. ignoring
13:07:24.777 [DEBUG] [org.gradle.api.internal.artifacts.ivyservice.resolveengine.graph.builder.DependencyGraphBuilder] Visiting configuration org.springframework:spring-aop:4.3.9.RELEASE(runtime).
13:07:24.777 [DEBUG] [org.gradle.api.internal.artifacts.ivyservice.resolveengine.graph.builder.DependencyGraphBuilder] Changed edges for org.springframework:spring-aop:4.3.9.RELEASE(runtime) selects same versions as previous traversal. ignoring
13:07:24.777 [DEBUG] [org.gradle.api.internal.artifacts.ivyservice.resolveengine.graph.builder.DependencyGraphBuilder] Visiting configuration org.springframework:spring-beans:4.3.9.RELEASE(runtime).
13:07:24.777 [DEBUG] [org.gradle.api.internal.artifacts.ivyservice.resolveengine.graph.builder.DependencyGraphBuilder] Changed edges for org.springframework:spring-beans:4.3.9.RELEASE(runtime) selects same versions as previous traversal. ignoring
13:07:24.777 [DEBUG] [org.gradle.api.internal.artifacts.ivyservice.resolveengine.graph.builder.DependencyGraphBuilder] Visiting configuration org.mongodb:bson:3.4.2(runtime).
13:07:24.777 [DEBUG] [org.gradle.api.internal.artifacts.ivyservice.resolveengine.graph.builder.DependencyGraphBuilder] Changed edges for org.mongodb:bson:3.4.2(runtime) selects same versions as previous traversal. ignoring
13:07:24.777 [DEBUG] [org.gradle.api.internal.artifacts.ivyservice.resolveengine.graph.builder.DependencyGraphBuilder] Visiting configuration org.slf4j:slf4j-api:1.7.25(runtime).
13:07:24.777 [DEBUG] [org.gradle.api.internal.artifacts.ivyservice.resolveengine.graph.builder.DependencyGraphBuilder] Changed edges for org.slf4j:slf4j-api:1.7.25(runtime) selects same versions as previous traversal. ignoring
13:07:24.777 [DEBUG] [org.gradle.api.internal.artifacts.ivyservice.resolveengine.graph.builder.DependencyGraphBuilder] Visiting configuration net.minidev:accessors-smart:1.1(runtime).
13:07:24.777 [DEBUG] [io.spring.gradle.dependencymanagement.internal.VersionConfiguringAction] Processing dependency 'org.ow2.asm:asm:5.0.3'
13:07:24.777 [DEBUG] [io.spring.gradle.dependencymanagement.internal.VersionConfiguringAction] No dependency management for dependency 'org.ow2.asm:asm:5.0.3'
13:07:24.777 [DEBUG] [org.gradle.api.internal.artifacts.ivyservice.ivyresolve.RepositoryChainComponentMetaDataResolver] Attempting to resolve component for org.ow2.asm:asm:5.0.3 using repositories [MavenRepo]
13:07:24.777 [DEBUG] [org.gradle.api.internal.artifacts.ivyservice.ivyresolve.CachingModuleComponentRepository] Using cached module metadata for module 'org.ow2.asm:asm:5.0.3' in 'MavenRepo'
13:07:24.778 [DEBUG] [org.gradle.api.internal.artifacts.ivyservice.ivyresolve.RepositoryChainComponentMetaDataResolver] Using org.ow2.asm:asm:5.0.3 from Maven repository 'MavenRepo'
13:07:24.778 [DEBUG] [org.gradle.api.internal.artifacts.ivyservice.resolveengine.graph.builder.DependencyGraphBuilder] Visiting configuration ch.qos.logback:logback-core:1.1.11(runtime).
13:07:24.778 [DEBUG] [org.gradle.api.internal.artifacts.ivyservice.resolveengine.graph.builder.DependencyGraphBuilder] Visiting configuration org.ow2.asm:asm:5.0.3(runtime).
13:07:24.779 [DEBUG] [org.gradle.api.internal.artifacts.ivyservice.resolveengine.oldresult.TransientConfigurationResultsBuilder] Flushing resolved configuration data in Binary store in /private/var/folders/ql/766g4tnx5mgbtm0tr10fxhyc0000gn/T/gradle17660509840828398561.bin. Wrote root 2.
13:07:24.779 [DEBUG] [org.gradle.internal.operations.DefaultBuildOperationExecutor] Completing Build operation 'Resolve dependencies of :testCompileClasspath'
13:07:24.779 [DEBUG] [org.gradle.internal.operations.DefaultBuildOperationExecutor] Build operation 'Resolve dependencies of :testCompileClasspath' completed
13:07:24.779 [DEBUG] [org.gradle.internal.component.model.ComponentAttributeMatcher] Selected match org.springframework.boot:spring-boot-starter-web:1.5.4.RELEASE configuration default from candidates [org.springframework.boot:spring-boot-starter-web:1.5.4.RELEASE configuration default] for {org.gradle.usage=java-api}
13:07:24.779 [DEBUG] [org.gradle.internal.component.model.ComponentAttributeMatcher] Selected match org.springframework.boot:spring-boot-starter-data-mongodb:1.5.4.RELEASE configuration default from candidates [org.springframework.boot:spring-boot-starter-data-mongodb:1.5.4.RELEASE configuration default] for {org.gradle.usage=java-api}
13:07:24.779 [DEBUG] [org.gradle.internal.component.model.ComponentAttributeMatcher] Selected match com.github.fakemongo:fongo:2.1.1 configuration default from candidates [com.github.fakemongo:fongo:2.1.1 configuration default] for {org.gradle.usage=java-api}
13:07:24.779 [DEBUG] [org.gradle.internal.component.model.ComponentAttributeMatcher] Selected match org.springframework.boot:spring-boot-starter-test:1.5.4.RELEASE configuration default from candidates [org.springframework.boot:spring-boot-starter-test:1.5.4.RELEASE configuration default] for {org.gradle.usage=java-api}
13:07:24.779 [DEBUG] [org.gradle.internal.component.model.ComponentAttributeMatcher] Selected match org.springframework.boot:spring-boot-starter:1.5.4.RELEASE configuration runtime from candidates [org.springframework.boot:spring-boot-starter:1.5.4.RELEASE configuration runtime] for {org.gradle.usage=java-api}
13:07:24.779 [DEBUG] [org.gradle.internal.component.model.ComponentAttributeMatcher] Selected match org.springframework.boot:spring-boot-starter-tomcat:1.5.4.RELEASE configuration runtime from candidates [org.springframework.boot:spring-boot-starter-tomcat:1.5.4.RELEASE configuration runtime] for {org.gradle.usage=java-api}
13:07:24.779 [DEBUG] [org.gradle.internal.component.model.ComponentAttributeMatcher] Selected match org.hibernate:hibernate-validator:5.3.5.Final configuration runtime from candidates [org.hibernate:hibernate-validator:5.3.5.Final configuration runtime] for {org.gradle.usage=java-api}
13:07:24.779 [DEBUG] [org.gradle.internal.component.model.ComponentAttributeMatcher] Selected match de.grundid.opendatalab:geojson-jackson:1.2 configuration runtime from candidates [de.grundid.opendatalab:geojson-jackson:1.2 configuration runtime] for {org.gradle.usage=java-api}
13:07:24.779 [DEBUG] [org.gradle.internal.component.model.ComponentAttributeMatcher] Selected match com.fasterxml.jackson.core:jackson-databind:2.8.8 configuration runtime from candidates [com.fasterxml.jackson.core:jackson-databind:2.8.8 configuration runtime] for {org.gradle.usage=java-api}
13:07:24.779 [DEBUG] [org.gradle.internal.component.model.ComponentAttributeMatcher] Selected match org.springframework:spring-webmvc:4.3.9.RELEASE configuration runtime from candidates [org.springframework:spring-webmvc:4.3.9.RELEASE configuration runtime] for {org.gradle.usage=java-api}
13:07:24.780 [DEBUG] [org.gradle.internal.component.model.ComponentAttributeMatcher] Selected match org.springframework:spring-web:4.3.9.RELEASE configuration runtime from candidates [org.springframework:spring-web:4.3.9.RELEASE configuration runtime] for {org.gradle.usage=java-api}
13:07:24.780 [DEBUG] [org.gradle.internal.component.model.ComponentAttributeMatcher] Selected match org.mongodb:mongodb-driver:3.4.2 configuration runtime from candidates [org.mongodb:mongodb-driver:3.4.2 configuration runtime] for {org.gradle.usage=java-api}
13:07:24.780 [DEBUG] [org.gradle.internal.component.model.ComponentAttributeMatcher] Selected match org.springframework.data:spring-data-mongodb:1.10.4.RELEASE configuration runtime from candidates [org.springframework.data:spring-data-mongodb:1.10.4.RELEASE configuration runtime] for {org.gradle.usage=java-api}
13:07:24.780 [DEBUG] [org.gradle.internal.component.model.ComponentAttributeMatcher] Selected match org.mozilla:rhino:1.7.7.1 configuration runtime from candidates [org.mozilla:rhino:1.7.7.1 configuration runtime] for {org.gradle.usage=java-api}
13:07:24.780 [DEBUG] [org.gradle.internal.component.model.ComponentAttributeMatcher] Selected match com.vividsolutions:jts:1.13 configuration runtime from candidates [com.vividsolutions:jts:1.13 configuration runtime] for {org.gradle.usage=java-api}
13:07:24.780 [DEBUG] [org.gradle.internal.component.model.ComponentAttributeMatcher] Selected match org.springframework.boot:spring-boot-test-autoconfigure:1.5.4.RELEASE configuration runtime from candidates [org.springframework.boot:spring-boot-test-autoconfigure:1.5.4.RELEASE configuration runtime] for {org.gradle.usage=java-api}
13:07:24.780 [DEBUG] [org.gradle.internal.component.model.ComponentAttributeMatcher] Selected match org.springframework.boot:spring-boot-test:1.5.4.RELEASE configuration runtime from candidates [org.springframework.boot:spring-boot-test:1.5.4.RELEASE configuration runtime] for {org.gradle.usage=java-api}
13:07:24.780 [DEBUG] [org.gradle.internal.component.model.ComponentAttributeMatcher] Selected match com.jayway.jsonpath:json-path:2.2.0 configuration runtime from candidates [com.jayway.jsonpath:json-path:2.2.0 configuration runtime] for {org.gradle.usage=java-api}
13:07:24.780 [DEBUG] [org.gradle.internal.component.model.ComponentAttributeMatcher] Selected match junit:junit:4.12 configuration runtime from candidates [junit:junit:4.12 configuration runtime] for {org.gradle.usage=java-api}
13:07:24.780 [DEBUG] [org.gradle.internal.component.model.ComponentAttributeMatcher] Selected match org.assertj:assertj-core:2.6.0 configuration runtime from candidates [org.assertj:assertj-core:2.6.0 configuration runtime] for {org.gradle.usage=java-api}
13:07:24.780 [DEBUG] [org.gradle.internal.component.model.ComponentAttributeMatcher] Selected match org.mockito:mockito-core:1.10.19 configuration runtime from candidates [org.mockito:mockito-core:1.10.19 configuration runtime] for {org.gradle.usage=java-api}
13:07:24.780 [DEBUG] [org.gradle.internal.component.model.ComponentAttributeMatcher] Selected match org.hamcrest:hamcrest-library:1.3 configuration runtime from candidates [org.hamcrest:hamcrest-library:1.3 configuration runtime] for {org.gradle.usage=java-api}
13:07:24.780 [DEBUG] [org.gradle.internal.component.model.ComponentAttributeMatcher] Selected match org.hamcrest:hamcrest-core:1.3 configuration runtime from candidates [org.hamcrest:hamcrest-core:1.3 configuration runtime] for {org.gradle.usage=java-api}
13:07:24.780 [DEBUG] [org.gradle.internal.component.model.ComponentAttributeMatcher] Selected match org.skyscreamer:jsonassert:1.4.0 configuration runtime from candidates [org.skyscreamer:jsonassert:1.4.0 configuration runtime] for {org.gradle.usage=java-api}
13:07:24.780 [DEBUG] [org.gradle.internal.component.model.ComponentAttributeMatcher] Selected match org.springframework:spring-test:4.3.9.RELEASE configuration runtime from candidates [org.springframework:spring-test:4.3.9.RELEASE configuration runtime] for {org.gradle.usage=java-api}
13:07:24.780 [DEBUG] [org.gradle.internal.component.model.ComponentAttributeMatcher] Selected match org.springframework.boot:spring-boot-autoconfigure:1.5.4.RELEASE configuration runtime from candidates [org.springframework.boot:spring-boot-autoconfigure:1.5.4.RELEASE configuration runtime] for {org.gradle.usage=java-api}
13:07:24.780 [DEBUG] [org.gradle.internal.component.model.ComponentAttributeMatcher] Selected match org.springframework.boot:spring-boot:1.5.4.RELEASE configuration runtime from candidates [org.springframework.boot:spring-boot:1.5.4.RELEASE configuration runtime] for {org.gradle.usage=java-api}
13:07:24.780 [DEBUG] [org.gradle.internal.component.model.ComponentAttributeMatcher] Selected match org.springframework:spring-context:4.3.9.RELEASE configuration runtime from candidates [org.springframework:spring-context:4.3.9.RELEASE configuration runtime] for {org.gradle.usage=java-api}
13:07:24.780 [DEBUG] [org.gradle.internal.component.model.ComponentAttributeMatcher] Selected match org.springframework:spring-aop:4.3.9.RELEASE configuration runtime from candidates [org.springframework:spring-aop:4.3.9.RELEASE configuration runtime] for {org.gradle.usage=java-api}
13:07:24.780 [DEBUG] [org.gradle.internal.component.model.ComponentAttributeMatcher] Selected match org.springframework:spring-tx:4.3.9.RELEASE configuration runtime from candidates [org.springframework:spring-tx:4.3.9.RELEASE configuration runtime] for {org.gradle.usage=java-api}
13:07:24.780 [DEBUG] [org.gradle.internal.component.model.ComponentAttributeMatcher] Selected match org.springframework.data:spring-data-commons:1.13.4.RELEASE configuration runtime from candidates [org.springframework.data:spring-data-commons:1.13.4.RELEASE configuration runtime] for {org.gradle.usage=java-api}
13:07:24.780 [DEBUG] [org.gradle.internal.component.model.ComponentAttributeMatcher] Selected match org.springframework:spring-beans:4.3.9.RELEASE configuration runtime from candidates [org.springframework:spring-beans:4.3.9.RELEASE configuration runtime] for {org.gradle.usage=java-api}
13:07:24.780 [DEBUG] [org.gradle.internal.component.model.ComponentAttributeMatcher] Selected match org.springframework:spring-expression:4.3.9.RELEASE configuration runtime from candidates [org.springframework:spring-expression:4.3.9.RELEASE configuration runtime] for {org.gradle.usage=java-api}
13:07:24.780 [DEBUG] [org.gradle.internal.component.model.ComponentAttributeMatcher] Selected match org.springframework:spring-core:4.3.9.RELEASE configuration runtime from candidates [org.springframework:spring-core:4.3.9.RELEASE configuration runtime] for {org.gradle.usage=java-api}
13:07:24.781 [DEBUG] [org.gradle.internal.component.model.ComponentAttributeMatcher] Selected match org.springframework.boot:spring-boot-starter-logging:1.5.4.RELEASE configuration runtime from candidates [org.springframework.boot:spring-boot-starter-logging:1.5.4.RELEASE configuration runtime] for {org.gradle.usage=java-api}
13:07:24.781 [DEBUG] [org.gradle.internal.component.model.ComponentAttributeMatcher] Selected match org.yaml:snakeyaml:1.17 configuration runtime from candidates [org.yaml:snakeyaml:1.17 configuration runtime] for {org.gradle.usage=java-api}
13:07:24.781 [DEBUG] [org.gradle.internal.component.model.ComponentAttributeMatcher] Selected match org.apache.tomcat.embed:tomcat-embed-websocket:8.5.15 configuration runtime from candidates [org.apache.tomcat.embed:tomcat-embed-websocket:8.5.15 configuration runtime] for {org.gradle.usage=java-api}
13:07:24.781 [DEBUG] [org.gradle.internal.component.model.ComponentAttributeMatcher] Selected match org.apache.tomcat.embed:tomcat-embed-core:8.5.15 configuration runtime from candidates [org.apache.tomcat.embed:tomcat-embed-core:8.5.15 configuration runtime] for {org.gradle.usage=java-api}
13:07:24.781 [DEBUG] [org.gradle.internal.component.model.ComponentAttributeMatcher] Selected match org.apache.tomcat.embed:tomcat-embed-el:8.5.15 configuration runtime from candidates [org.apache.tomcat.embed:tomcat-embed-el:8.5.15 configuration runtime] for {org.gradle.usage=java-api}
13:07:24.781 [DEBUG] [org.gradle.internal.component.model.ComponentAttributeMatcher] Selected match javax.validation:validation-api:1.1.0.Final configuration runtime from candidates [javax.validation:validation-api:1.1.0.Final configuration runtime] for {org.gradle.usage=java-api}
13:07:24.781 [DEBUG] [org.gradle.internal.component.model.ComponentAttributeMatcher] Selected match org.jboss.logging:jboss-logging:3.3.1.Final configuration runtime from candidates [org.jboss.logging:jboss-logging:3.3.1.Final configuration runtime] for {org.gradle.usage=java-api}
13:07:24.781 [DEBUG] [org.gradle.internal.component.model.ComponentAttributeMatcher] Selected match com.fasterxml:classmate:1.3.3 configuration runtime from candidates [com.fasterxml:classmate:1.3.3 configuration runtime] for {org.gradle.usage=java-api}
13:07:24.781 [DEBUG] [org.gradle.internal.component.model.ComponentAttributeMatcher] Selected match com.fasterxml.jackson.core:jackson-annotations:2.8.0 configuration runtime from candidates [com.fasterxml.jackson.core:jackson-annotations:2.8.0 configuration runtime] for {org.gradle.usage=java-api}
13:07:24.781 [DEBUG] [org.gradle.internal.component.model.ComponentAttributeMatcher] Selected match com.fasterxml.jackson.core:jackson-core:2.8.8 configuration runtime from candidates [com.fasterxml.jackson.core:jackson-core:2.8.8 configuration runtime] for {org.gradle.usage=java-api}
13:07:24.781 [DEBUG] [org.gradle.internal.component.model.ComponentAttributeMatcher] Selected match org.mongodb:mongodb-driver-core:3.4.2 configuration runtime from candidates [org.mongodb:mongodb-driver-core:3.4.2 configuration runtime] for {org.gradle.usage=java-api}
13:07:24.781 [DEBUG] [org.gradle.internal.component.model.ComponentAttributeMatcher] Selected match org.mongodb:bson:3.4.2 configuration runtime from candidates [org.mongodb:bson:3.4.2 configuration runtime] for {org.gradle.usage=java-api}
13:07:24.781 [DEBUG] [org.gradle.internal.component.model.ComponentAttributeMatcher] Selected match org.slf4j:jcl-over-slf4j:1.7.25 configuration runtime from candidates [org.slf4j:jcl-over-slf4j:1.7.25 configuration runtime] for {org.gradle.usage=java-api}
13:07:24.781 [DEBUG] [org.gradle.internal.component.model.ComponentAttributeMatcher] Selected match ch.qos.logback:logback-classic:1.1.11 configuration runtime from candidates [ch.qos.logback:logback-classic:1.1.11 configuration runtime] for {org.gradle.usage=java-api}
13:07:24.781 [DEBUG] [org.gradle.internal.component.model.ComponentAttributeMatcher] Selected match org.slf4j:jul-to-slf4j:1.7.25 configuration runtime from candidates [org.slf4j:jul-to-slf4j:1.7.25 configuration runtime] for {org.gradle.usage=java-api}
13:07:24.781 [DEBUG] [org.gradle.internal.component.model.ComponentAttributeMatcher] Selected match org.slf4j:log4j-over-slf4j:1.7.25 configuration runtime from candidates [org.slf4j:log4j-over-slf4j:1.7.25 configuration runtime] for {org.gradle.usage=java-api}
13:07:24.781 [DEBUG] [org.gradle.internal.component.model.ComponentAttributeMatcher] Selected match org.slf4j:slf4j-api:1.7.25 configuration runtime from candidates [org.slf4j:slf4j-api:1.7.25 configuration runtime] for {org.gradle.usage=java-api}
13:07:24.781 [DEBUG] [org.gradle.internal.component.model.ComponentAttributeMatcher] Selected match net.minidev:json-smart:2.2.1 configuration runtime from candidates [net.minidev:json-smart:2.2.1 configuration runtime] for {org.gradle.usage=java-api}
13:07:24.781 [DEBUG] [org.gradle.internal.component.model.ComponentAttributeMatcher] Selected match org.objenesis:objenesis:2.1 configuration runtime from candidates [org.objenesis:objenesis:2.1 configuration runtime] for {org.gradle.usage=java-api}
13:07:24.781 [DEBUG] [org.gradle.internal.component.model.ComponentAttributeMatcher] Selected match com.vaadin.external.google:android-json:0.0.20131108.vaadin1 configuration runtime from candidates [com.vaadin.external.google:android-json:0.0.20131108.vaadin1 configuration runtime] for {org.gradle.usage=java-api}
13:07:24.782 [DEBUG] [org.gradle.internal.component.model.ComponentAttributeMatcher] Selected match net.minidev:accessors-smart:1.1 configuration runtime from candidates [net.minidev:accessors-smart:1.1 configuration runtime] for {org.gradle.usage=java-api}
13:07:24.782 [DEBUG] [org.gradle.internal.component.model.ComponentAttributeMatcher] Selected match ch.qos.logback:logback-core:1.1.11 configuration runtime from candidates [ch.qos.logback:logback-core:1.1.11 configuration runtime] for {org.gradle.usage=java-api}
13:07:24.782 [DEBUG] [org.gradle.internal.component.model.ComponentAttributeMatcher] Selected match org.ow2.asm:asm:5.0.3 configuration runtime from candidates [org.ow2.asm:asm:5.0.3 configuration runtime] for {org.gradle.usage=java-api}
13:07:24.782 [DEBUG] [org.gradle.internal.operations.DefaultBuildOperationExecutor] Build operation 'Resolve files of :testCompileClasspath' started
13:07:24.782 [DEBUG] [org.gradle.internal.operations.DefaultBuildOperationExecutor] Build operation 'Resolve spring-boot-starter-test.jar (org.springframework.boot:spring-boot-starter-test:1.5.4.RELEASE)' started
13:07:24.782 [DEBUG] [org.gradle.api.internal.artifacts.ivyservice.ivyresolve.CachingModuleComponentRepository] Found artifact 'spring-boot-starter-test.jar (org.springframework.boot:spring-boot-starter-test:1.5.4.RELEASE)' in resolver cache: /Users/bconnors/.gradle/caches/modules-2/files-2.1/org.springframework.boot/spring-boot-starter-test/1.5.4.RELEASE/a764033c4be6e73310a6b12604a37c20d3bd0176/spring-boot-starter-test-1.5.4.RELEASE.jar
13:07:24.782 [DEBUG] [org.gradle.internal.work.DefaultWorkerLeaseService] Worker lease root.1.9.99.101 started (2 worker(s) in use).
13:07:24.782 [DEBUG] [org.gradle.internal.resources.AbstractTrackedResourceLock] Task worker for ':': acquired lock on root.1.9.99.101
13:07:24.782 [DEBUG] [org.gradle.internal.operations.DefaultBuildOperationExecutor] Completing Build operation 'Resolve spring-boot-starter-test.jar (org.springframework.boot:spring-boot-starter-test:1.5.4.RELEASE)'
13:07:24.783 [DEBUG] [org.gradle.internal.operations.DefaultBuildOperationExecutor] Build operation 'Resolve spring-boot-test-autoconfigure.jar (org.springframework.boot:spring-boot-test-autoconfigure:1.5.4.RELEASE)' started
13:07:24.782 [DEBUG] [org.gradle.internal.operations.DefaultBuildOperationExecutor] Build operation 'Resolve hamcrest-core.jar (org.hamcrest:hamcrest-core:1.3)' started
13:07:24.783 [DEBUG] [org.gradle.api.internal.artifacts.ivyservice.ivyresolve.CachingModuleComponentRepository] Found artifact 'hamcrest-core.jar (org.hamcrest:hamcrest-core:1.3)' in resolver cache: /Users/bconnors/.gradle/caches/modules-2/files-2.1/org.hamcrest/hamcrest-core/1.3/42a25dc3219429f0e5d060061f71acb49bf010a0/hamcrest-core-1.3.jar
13:07:24.783 [DEBUG] [org.gradle.internal.operations.DefaultBuildOperationExecutor] Completing Build operation 'Resolve hamcrest-core.jar (org.hamcrest:hamcrest-core:1.3)'
13:07:24.783 [DEBUG] [org.gradle.api.internal.artifacts.ivyservice.ivyresolve.CachingModuleComponentRepository] Found artifact 'spring-boot-test-autoconfigure.jar (org.springframework.boot:spring-boot-test-autoconfigure:1.5.4.RELEASE)' in resolver cache: /Users/bconnors/.gradle/caches/modules-2/files-2.1/org.springframework.boot/spring-boot-test-autoconfigure/1.5.4.RELEASE/5c751eb6cfa58c86ba4ffc4c3334faf4331d5385/spring-boot-test-autoconfigure-1.5.4.RELEASE.jar
13:07:24.783 [DEBUG] [org.gradle.internal.operations.DefaultBuildOperationExecutor] Build operation 'Resolve hamcrest-library.jar (org.hamcrest:hamcrest-library:1.3)' started
13:07:24.783 [DEBUG] [org.gradle.internal.operations.DefaultBuildOperationExecutor] Completing Build operation 'Resolve spring-boot-test-autoconfigure.jar (org.springframework.boot:spring-boot-test-autoconfigure:1.5.4.RELEASE)'
13:07:24.783 [DEBUG] [org.gradle.internal.operations.DefaultBuildOperationExecutor] Build operation 'Resolve spring-boot-test-autoconfigure.jar (org.springframework.boot:spring-boot-test-autoconfigure:1.5.4.RELEASE)' completed
13:07:24.783 [DEBUG] [org.gradle.internal.operations.DefaultBuildOperationExecutor] Build operation 'Resolve json-smart.jar (net.minidev:json-smart:2.2.1)' started
13:07:24.783 [DEBUG] [org.gradle.api.internal.artifacts.ivyservice.ivyresolve.CachingModuleComponentRepository] Found artifact 'hamcrest-library.jar (org.hamcrest:hamcrest-library:1.3)' in resolver cache: /Users/bconnors/.gradle/caches/modules-2/files-2.1/org.hamcrest/hamcrest-library/1.3/4785a3c21320980282f9f33d0d1264a69040538f/hamcrest-library-1.3.jar
13:07:24.783 [DEBUG] [org.gradle.internal.operations.DefaultBuildOperationExecutor] Completing Build operation 'Resolve hamcrest-library.jar (org.hamcrest:hamcrest-library:1.3)'
13:07:24.783 [DEBUG] [org.gradle.internal.operations.DefaultBuildOperationExecutor] Build operation 'Resolve spring-test.jar (org.springframework:spring-test:4.3.9.RELEASE)' started
13:07:24.784 [DEBUG] [org.gradle.api.internal.artifacts.ivyservice.ivyresolve.CachingModuleComponentRepository] Found artifact 'spring-test.jar (org.springframework:spring-test:4.3.9.RELEASE)' in resolver cache: /Users/bconnors/.gradle/caches/modules-2/files-2.1/org.springframework/spring-test/4.3.9.RELEASE/35bf4c38c9245f5baeeda4bea7c41f4f33c5daf3/spring-test-4.3.9.RELEASE.jar
13:07:24.784 [DEBUG] [org.gradle.internal.operations.DefaultBuildOperationExecutor] Completing Build operation 'Resolve spring-test.jar (org.springframework:spring-test:4.3.9.RELEASE)'
13:07:24.784 [DEBUG] [org.gradle.internal.operations.DefaultBuildOperationExecutor] Build operation 'Resolve mockito-core.jar (org.mockito:mockito-core:1.10.19)' started
13:07:24.784 [DEBUG] [org.gradle.api.internal.artifacts.ivyservice.ivyresolve.CachingModuleComponentRepository] Found artifact 'mockito-core.jar (org.mockito:mockito-core:1.10.19)' in resolver cache: /Users/bconnors/.gradle/caches/modules-2/files-2.1/org.mockito/mockito-core/1.10.19/e8546f5bef4e061d8dd73895b4e8f40e3fe6effe/mockito-core-1.10.19.jar
13:07:24.784 [DEBUG] [org.gradle.internal.operations.DefaultBuildOperationExecutor] Completing Build operation 'Resolve mockito-core.jar (org.mockito:mockito-core:1.10.19)'
13:07:24.784 [DEBUG] [org.gradle.internal.operations.DefaultBuildOperationExecutor] Build operation 'Resolve accessors-smart.jar (net.minidev:accessors-smart:1.1)' started
13:07:24.783 [DEBUG] [org.gradle.api.internal.artifacts.ivyservice.ivyresolve.CachingModuleComponentRepository] Found artifact 'json-smart.jar (net.minidev:json-smart:2.2.1)' in resolver cache: /Users/bconnors/.gradle/caches/modules-2/files-2.1/net.minidev/json-smart/2.2.1/5b9e5df7a62d1279b70dc882b041d249c4f0b002/json-smart-2.2.1.jar
13:07:24.784 [DEBUG] [org.gradle.internal.operations.DefaultBuildOperationExecutor] Completing Build operation 'Resolve json-smart.jar (net.minidev:json-smart:2.2.1)'
13:07:24.783 [DEBUG] [org.gradle.internal.operations.DefaultBuildOperationExecutor] Build operation 'Resolve jsonassert.jar (org.skyscreamer:jsonassert:1.4.0)' started
13:07:24.784 [DEBUG] [org.gradle.api.internal.artifacts.ivyservice.ivyresolve.CachingModuleComponentRepository] Found artifact 'jsonassert.jar (org.skyscreamer:jsonassert:1.4.0)' in resolver cache: /Users/bconnors/.gradle/caches/modules-2/files-2.1/org.skyscreamer/jsonassert/1.4.0/9cdbb373a06f6513e51e8c545ee6a5e981463edb/jsonassert-1.4.0.jar
13:07:24.784 [DEBUG] [org.gradle.internal.operations.DefaultBuildOperationExecutor] Build operation 'Resolve json-smart.jar (net.minidev:json-smart:2.2.1)' completed
13:07:24.784 [DEBUG] [org.gradle.api.internal.artifacts.ivyservice.ivyresolve.CachingModuleComponentRepository] Found artifact 'accessors-smart.jar (net.minidev:accessors-smart:1.1)' in resolver cache: /Users/bconnors/.gradle/caches/modules-2/files-2.1/net.minidev/accessors-smart/1.1/a527213f2fea112a04c9bdf0ec0264e34104cd08/accessors-smart-1.1.jar
13:07:24.785 [DEBUG] [org.gradle.internal.operations.DefaultBuildOperationExecutor] Completing Build operation 'Resolve accessors-smart.jar (net.minidev:accessors-smart:1.1)'
13:07:24.784 [DEBUG] [org.gradle.internal.operations.DefaultBuildOperationExecutor] Build operation 'Resolve objenesis.jar (org.objenesis:objenesis:2.1)' started
13:07:24.785 [DEBUG] [org.gradle.internal.operations.DefaultBuildOperationExecutor] Build operation 'Resolve assertj-core.jar (org.assertj:assertj-core:2.6.0)' started
13:07:24.785 [DEBUG] [org.gradle.api.internal.artifacts.ivyservice.ivyresolve.CachingModuleComponentRepository] Found artifact 'assertj-core.jar (org.assertj:assertj-core:2.6.0)' in resolver cache: /Users/bconnors/.gradle/caches/modules-2/files-2.1/org.assertj/assertj-core/2.6.0/b532c3fc4f66bcfee4989a3514f1cd56203a33ad/assertj-core-2.6.0.jar
13:07:24.785 [DEBUG] [org.gradle.internal.operations.DefaultBuildOperationExecutor] Completing Build operation 'Resolve assertj-core.jar (org.assertj:assertj-core:2.6.0)'
13:07:24.785 [DEBUG] [org.gradle.internal.operations.DefaultBuildOperationExecutor] Build operation 'Resolve android-json.jar (com.vaadin.external.google:android-json:0.0.20131108.vaadin1)' started
13:07:24.785 [DEBUG] [org.gradle.api.internal.artifacts.ivyservice.ivyresolve.CachingModuleComponentRepository] Found artifact 'objenesis.jar (org.objenesis:objenesis:2.1)' in resolver cache: /Users/bconnors/.gradle/caches/modules-2/files-2.1/org.objenesis/objenesis/2.1/87c0ea803b69252868d09308b4618f766f135a96/objenesis-2.1.jar
13:07:24.785 [DEBUG] [org.gradle.internal.operations.DefaultBuildOperationExecutor] Completing Build operation 'Resolve objenesis.jar (org.objenesis:objenesis:2.1)'
13:07:24.785 [DEBUG] [org.gradle.internal.operations.DefaultBuildOperationExecutor] Build operation 'Resolve asm.jar (org.ow2.asm:asm:5.0.3)' started
13:07:24.784 [DEBUG] [org.gradle.internal.operations.DefaultBuildOperationExecutor] Completing Build operation 'Resolve jsonassert.jar (org.skyscreamer:jsonassert:1.4.0)'
13:07:24.785 [DEBUG] [org.gradle.api.internal.artifacts.ivyservice.ivyresolve.CachingModuleComponentRepository] Found artifact 'android-json.jar (com.vaadin.external.google:android-json:0.0.20131108.vaadin1)' in resolver cache: /Users/bconnors/.gradle/caches/modules-2/files-2.1/com.vaadin.external.google/android-json/0.0.20131108.vaadin1/fa26d351fe62a6a17f5cda1287c1c6110dec413f/android-json-0.0.20131108.vaadin1.jar
13:07:24.786 [DEBUG] [org.gradle.internal.operations.DefaultBuildOperationExecutor] Completing Build operation 'Resolve android-json.jar (com.vaadin.external.google:android-json:0.0.20131108.vaadin1)'
13:07:24.786 [DEBUG] [org.gradle.internal.operations.DefaultBuildOperationExecutor] Build operation 'Resolve junit.jar (junit:junit:4.12)' started
13:07:24.785 [DEBUG] [org.gradle.api.internal.artifacts.ivyservice.ivyresolve.CachingModuleComponentRepository] Found artifact 'asm.jar (org.ow2.asm:asm:5.0.3)' in resolver cache: /Users/bconnors/.gradle/caches/modules-2/files-2.1/org.ow2.asm/asm/5.0.3/dcc2193db20e19e1feca8b1240dbbc4e190824fa/asm-5.0.3.jar
13:07:24.786 [DEBUG] [org.gradle.internal.operations.DefaultBuildOperationExecutor] Completing Build operation 'Resolve asm.jar (org.ow2.asm:asm:5.0.3)'
13:07:24.786 [DEBUG] [org.gradle.internal.operations.DefaultBuildOperationExecutor] Build operation 'Resolve asm.jar (org.ow2.asm:asm:5.0.3)' completed
13:07:24.786 [DEBUG] [org.gradle.api.internal.artifacts.ivyservice.ivyresolve.CachingModuleComponentRepository] Found artifact 'junit.jar (junit:junit:4.12)' in resolver cache: /Users/bconnors/.gradle/caches/modules-2/files-2.1/junit/junit/4.12/2973d150c0dc1fefe998f834810d68f278ea58ec/junit-4.12.jar
13:07:24.786 [DEBUG] [org.gradle.internal.operations.DefaultBuildOperationExecutor] Completing Build operation 'Resolve junit.jar (junit:junit:4.12)'
13:07:24.786 [DEBUG] [org.gradle.internal.operations.DefaultBuildOperationExecutor] Build operation 'Resolve json-path.jar (com.jayway.jsonpath:json-path:2.2.0)' started
13:07:24.786 [DEBUG] [org.gradle.internal.work.DefaultWorkerLeaseService] Worker lease root.1.9.99.101 completed (7 worker(s) in use)
13:07:24.786 [DEBUG] [org.gradle.internal.resources.AbstractTrackedResourceLock] Task worker for ':': released lock on root.1.9.99.101
13:07:24.786 [DEBUG] [org.gradle.api.internal.artifacts.ivyservice.ivyresolve.CachingModuleComponentRepository] Found artifact 'json-path.jar (com.jayway.jsonpath:json-path:2.2.0)' in resolver cache: /Users/bconnors/.gradle/caches/modules-2/files-2.1/com.jayway.jsonpath/json-path/2.2.0/22290d17944bd239fabf5ac69005a60a7ecbbbcb/json-path-2.2.0.jar
13:07:24.787 [DEBUG] [org.gradle.internal.operations.DefaultBuildOperationExecutor] Completing Build operation 'Resolve json-path.jar (com.jayway.jsonpath:json-path:2.2.0)'
13:07:24.787 [DEBUG] [org.gradle.internal.operations.DefaultBuildOperationExecutor] Build operation 'Resolve spring-boot-test.jar (org.springframework.boot:spring-boot-test:1.5.4.RELEASE)' started
13:07:24.788 [DEBUG] [org.gradle.api.internal.artifacts.ivyservice.ivyresolve.CachingModuleComponentRepository] Found artifact 'spring-boot-test.jar (org.springframework.boot:spring-boot-test:1.5.4.RELEASE)' in resolver cache: /Users/bconnors/.gradle/caches/modules-2/files-2.1/org.springframework.boot/spring-boot-test/1.5.4.RELEASE/a7a68089a6cf35db5587029e5c163466dadf7c5b/spring-boot-test-1.5.4.RELEASE.jar
13:07:24.788 [DEBUG] [org.gradle.internal.operations.DefaultBuildOperationExecutor] Completing Build operation 'Resolve spring-boot-test.jar (org.springframework.boot:spring-boot-test:1.5.4.RELEASE)'
13:07:24.788 [DEBUG] [org.gradle.internal.operations.DefaultBuildOperationExecutor] Completing Build operation 'Resolve files of :testCompileClasspath'
13:07:24.788 [DEBUG] [org.gradle.internal.operations.DefaultBuildOperationExecutor] Build operation 'Resolve files of :testCompileClasspath' completed
13:07:24.789 [DEBUG] [org.gradle.api.internal.changedetection.state.CacheBackedTaskHistoryRepository] Fingerprinting property effectiveAnnotationProcessorPath (Classpath) for task ':compileTestJava'
13:07:24.789 [DEBUG] [org.gradle.internal.operations.DefaultBuildOperationExecutor] Build operation 'Resolve dependencies of :testAnnotationProcessor' started
13:07:24.789 [DEBUG] [org.gradle.internal.operations.DefaultBuildOperationExecutor] Build operation 'Resolve dependencies of :detachedConfiguration50' started
13:07:24.789 [DEBUG] [org.gradle.internal.operations.DefaultBuildOperationExecutor] Completing Build operation 'Resolve dependencies of :detachedConfiguration50'
13:07:24.789 [DEBUG] [org.gradle.internal.operations.DefaultBuildOperationExecutor] Build operation 'Resolve dependencies of :detachedConfiguration50' completed
13:07:24.789 [DEBUG] [org.gradle.internal.operations.DefaultBuildOperationExecutor] Build operation 'Resolve dependencies of :detachedConfiguration51' started
13:07:24.790 [DEBUG] [org.gradle.internal.operations.DefaultBuildOperationExecutor] Completing Build operation 'Resolve dependencies of :detachedConfiguration51'
13:07:24.790 [DEBUG] [org.gradle.internal.operations.DefaultBuildOperationExecutor] Build operation 'Resolve dependencies of :detachedConfiguration51' completed
13:07:24.790 [INFO] [io.spring.gradle.dependencymanagement.internal.ExclusionConfiguringAction] Excluding []
13:07:24.790 [DEBUG] [org.gradle.internal.operations.DefaultBuildOperationExecutor] Completing Build operation 'Resolve dependencies of :testAnnotationProcessor'
13:07:24.790 [DEBUG] [org.gradle.internal.operations.DefaultBuildOperationExecutor] Build operation 'Resolve dependencies of :testAnnotationProcessor' completed
13:07:24.790 [DEBUG] [org.gradle.internal.operations.DefaultBuildOperationExecutor] Build operation 'Resolve files of :testCompileClasspath' started
13:07:24.790 [DEBUG] [org.gradle.internal.operations.DefaultBuildOperationExecutor] Completing Build operation 'Resolve files of :testCompileClasspath'
13:07:24.790 [DEBUG] [org.gradle.internal.operations.DefaultBuildOperationExecutor] Build operation 'Resolve files of :testCompileClasspath' completed
13:07:24.790 [DEBUG] [org.gradle.api.internal.changedetection.state.CacheBackedTaskHistoryRepository] Fingerprinting property options.bootstrapClasspath (CompileClasspath) for task ':compileTestJava'
13:07:24.790 [DEBUG] [org.gradle.api.internal.changedetection.state.CacheBackedTaskHistoryRepository] Fingerprinting property options.sourcepath (RelativePathInput) for task ':compileTestJava'
13:07:24.791 [DEBUG] [org.gradle.api.internal.changedetection.state.CacheBackedTaskHistoryRepository] Fingerprinting property source (NameOnlyInput) for task ':compileTestJava'
13:07:24.791 [DEBUG] [org.gradle.api.internal.changedetection.state.CacheBackedTaskHistoryRepository] Fingerprinting property destinationDir (Output) for task ':compileTestJava'
13:07:24.792 [INFO] [org.gradle.api.internal.tasks.execution.SkipUpToDateTaskExecuter] Skipping task ':compileTestJava' as it is up-to-date.
13:07:24.792 [DEBUG] [org.gradle.api.internal.tasks.execution.ResolveTaskArtifactStateTaskExecuter] Removed task artifact state for {} from context.
13:07:24.792 [DEBUG] [org.gradle.api.internal.tasks.execution.ExecuteAtMostOnceTaskExecuter] Finished executing task ':compileTestJava'
13:07:24.792 [DEBUG] [org.gradle.internal.operations.DefaultBuildOperationExecutor] Completing Build operation 'Task :compileTestJava'
13:07:24.793 [DEBUG] [org.gradle.internal.operations.DefaultBuildOperationExecutor] Build operation 'Task :compileTestJava' completed
13:07:24.793 [INFO] [org.gradle.execution.taskgraph.DefaultTaskPlanExecutor] :compileTestJava (Thread[Task worker for ':',5,main]) completed. Took 0.14 secs.
13:07:24.793 [DEBUG] [org.gradle.internal.resources.AbstractTrackedResourceLock] Task worker for ':': released lock on :
13:07:24.793 [DEBUG] [org.gradle.internal.work.DefaultWorkerLeaseService] Worker lease root.1.9 completed (1 worker(s) in use)
13:07:24.793 [DEBUG] [org.gradle.internal.resources.AbstractTrackedResourceLock] Task worker for ':': released lock on root.1.9
13:07:24.793 [DEBUG] [org.gradle.internal.resources.AbstractTrackedResourceLock] Task worker for ':': acquired lock on :
13:07:24.793 [DEBUG] [org.gradle.internal.work.DefaultWorkerLeaseService] Worker lease root.1.9 started (1 worker(s) in use).
13:07:24.793 [DEBUG] [org.gradle.internal.resources.AbstractTrackedResourceLock] Task worker for ':': acquired lock on root.1.9
13:07:24.793 [INFO] [org.gradle.execution.taskgraph.DefaultTaskPlanExecutor] :processTestResources (Thread[Task worker for ':',5,main]) started.
13:07:24.793 [LIFECYCLE] [class org.gradle.internal.buildevents.TaskExecutionLogger] 
13:07:24.793 [LIFECYCLE] [class org.gradle.internal.buildevents.TaskExecutionLogger] > Task :processTestResources NO-SOURCE
13:07:24.793 [DEBUG] [org.gradle.internal.operations.DefaultBuildOperationExecutor] Build operation 'Task :processTestResources' started
13:07:24.793 [DEBUG] [org.gradle.api.internal.tasks.execution.ExecuteAtMostOnceTaskExecuter] Starting to execute task ':processTestResources'
13:07:24.794 [DEBUG] [org.gradle.api.internal.tasks.execution.ResolveTaskArtifactStateTaskExecuter] Putting task artifact state for task ':processTestResources' into context took 0.0 secs.
13:07:24.794 [INFO] [org.gradle.api.internal.file.collections.DirectoryFileTree] file or directory '/Users/bconnors/workspace/senior-code-challenge/src/test/resources', not found
13:07:24.794 [INFO] [org.gradle.api.internal.tasks.execution.SkipEmptySourceFilesTaskExecuter] Skipping task ':processTestResources' as it has no source files and no previous output files.
13:07:24.794 [DEBUG] [org.gradle.api.internal.tasks.execution.ResolveTaskArtifactStateTaskExecuter] Removed task artifact state for {} from context.
13:07:24.794 [DEBUG] [org.gradle.api.internal.tasks.execution.ExecuteAtMostOnceTaskExecuter] Finished executing task ':processTestResources'
13:07:24.794 [DEBUG] [org.gradle.internal.operations.DefaultBuildOperationExecutor] Completing Build operation 'Task :processTestResources'
13:07:24.794 [DEBUG] [org.gradle.internal.operations.DefaultBuildOperationExecutor] Build operation 'Task :processTestResources' completed
13:07:24.794 [INFO] [org.gradle.execution.taskgraph.DefaultTaskPlanExecutor] :processTestResources (Thread[Task worker for ':',5,main]) completed. Took 0.0 secs.
13:07:24.794 [DEBUG] [org.gradle.internal.resources.AbstractTrackedResourceLock] Task worker for ':': released lock on :
13:07:24.794 [DEBUG] [org.gradle.internal.work.DefaultWorkerLeaseService] Worker lease root.1.9 completed (1 worker(s) in use)
13:07:24.794 [DEBUG] [org.gradle.internal.resources.AbstractTrackedResourceLock] Task worker for ':': released lock on root.1.9
13:07:24.794 [DEBUG] [org.gradle.internal.resources.AbstractTrackedResourceLock] Task worker for ':': acquired lock on :
13:07:24.795 [DEBUG] [org.gradle.internal.work.DefaultWorkerLeaseService] Worker lease root.1.9 started (1 worker(s) in use).
13:07:24.795 [DEBUG] [org.gradle.internal.resources.AbstractTrackedResourceLock] Task worker for ':': acquired lock on root.1.9
13:07:24.795 [INFO] [org.gradle.execution.taskgraph.DefaultTaskPlanExecutor] :testClasses (Thread[Task worker for ':',5,main]) started.
13:07:24.795 [LIFECYCLE] [class org.gradle.internal.buildevents.TaskExecutionLogger] 
13:07:24.795 [LIFECYCLE] [class org.gradle.internal.buildevents.TaskExecutionLogger] > Task :testClasses UP-TO-DATE
13:07:24.795 [DEBUG] [org.gradle.internal.operations.DefaultBuildOperationExecutor] Build operation 'Task :testClasses' started
13:07:24.795 [DEBUG] [org.gradle.api.internal.tasks.execution.ExecuteAtMostOnceTaskExecuter] Starting to execute task ':testClasses'
13:07:24.795 [INFO] [org.gradle.api.internal.tasks.execution.SkipTaskWithNoActionsExecuter] Skipping task ':testClasses' as it has no actions.
13:07:24.795 [DEBUG] [org.gradle.api.internal.tasks.execution.ExecuteAtMostOnceTaskExecuter] Finished executing task ':testClasses'
13:07:24.795 [DEBUG] [org.gradle.internal.operations.DefaultBuildOperationExecutor] Completing Build operation 'Task :testClasses'
13:07:24.795 [DEBUG] [org.gradle.internal.operations.DefaultBuildOperationExecutor] Build operation 'Task :testClasses' completed
13:07:24.795 [INFO] [org.gradle.execution.taskgraph.DefaultTaskPlanExecutor] :testClasses (Thread[Task worker for ':',5,main]) completed. Took 0.0 secs.
13:07:24.795 [DEBUG] [org.gradle.internal.resources.AbstractTrackedResourceLock] Task worker for ':': released lock on :
13:07:24.795 [DEBUG] [org.gradle.internal.work.DefaultWorkerLeaseService] Worker lease root.1.9 completed (1 worker(s) in use)
13:07:24.795 [DEBUG] [org.gradle.internal.resources.AbstractTrackedResourceLock] Task worker for ':': released lock on root.1.9
13:07:24.796 [DEBUG] [org.gradle.internal.resources.AbstractTrackedResourceLock] Task worker for ':': acquired lock on :
13:07:24.796 [DEBUG] [org.gradle.internal.work.DefaultWorkerLeaseService] Worker lease root.1.9 started (1 worker(s) in use).
13:07:24.796 [DEBUG] [org.gradle.internal.resources.AbstractTrackedResourceLock] Task worker for ':': acquired lock on root.1.9
13:07:24.796 [INFO] [org.gradle.execution.taskgraph.DefaultTaskPlanExecutor] :test (Thread[Task worker for ':',5,main]) started.
13:07:24.860 [DEBUG] [org.gradle.cache.internal.btree.BTreePersistentIndexedCache] Opening cache fileHashes.bin (/Users/bconnors/workspace/senior-code-challenge/.gradle/4.10.2/fileHashes/fileHashes.bin)
13:07:25.221 [DEBUG] [org.gradle.internal.remote.internal.inet.TcpIncomingConnector] Accepted connection from /0:0:0:0:0:0:0:1:60641 to /0:0:0:0:0:0:0:1:60640.
13:07:25.222 [DEBUG] [org.gradle.process.internal.worker.DefaultWorkerProcess] Received connection org.gradle.internal.remote.internal.hub.MessageHubBackedObjectConnection@1a4e4c9f from Gradle Test Executor 10
13:07:25.243 [DEBUG] [org.gradle.process.internal.worker.child.ActionExecutionWorker] Starting Gradle Test Executor 10.
13:07:25.252 [INFO] [org.gradle.api.internal.tasks.testing.worker.TestWorker] Gradle Test Executor 10 started executing tests.
13:07:25.300 [DEBUG] [org.gradle.api.internal.tasks.testing.junit.AbstractJUnitTestClassProcessor] Executing test class com.mindex.challenge.service.impl.ReportingStructureRestTest
13:07:24.796 [LIFECYCLE] [class org.gradle.internal.buildevents.TaskExecutionLogger] 
13:07:24.796 [LIFECYCLE] [class org.gradle.internal.buildevents.TaskExecutionLogger] > Task :test
13:07:24.796 [DEBUG] [org.gradle.internal.operations.DefaultBuildOperationExecutor] Build operation 'Task :test' started
13:07:24.796 [DEBUG] [org.gradle.api.internal.tasks.execution.ExecuteAtMostOnceTaskExecuter] Starting to execute task ':test'
13:07:24.797 [DEBUG] [org.gradle.api.internal.tasks.execution.ResolveTaskArtifactStateTaskExecuter] Putting task artifact state for task ':test' into context took 0.0 secs.
13:07:24.798 [DEBUG] [org.gradle.api.internal.tasks.execution.SkipUpToDateTaskExecuter] Determining if task ':test' is up-to-date
13:07:24.798 [DEBUG] [org.gradle.api.internal.changedetection.state.CacheBackedTaskHistoryRepository] Implementation for task ':test': org.gradle.api.tasks.testing.Test_Decorated@82f9eb64cac75b78d32d56b7273d1766
13:07:24.798 [DEBUG] [org.gradle.api.internal.changedetection.state.CacheBackedTaskHistoryRepository] Action implementations for task ':test': [org.gradle.api.tasks.testing.Test_Decorated@82f9eb64cac75b78d32d56b7273d1766]
13:07:24.798 [DEBUG] [org.gradle.api.internal.changedetection.state.CacheBackedTaskHistoryRepository] Fingerprinting property bootstrapClasspath (Classpath) for task ':test'
13:07:24.798 [DEBUG] [org.gradle.api.internal.changedetection.state.CacheBackedTaskHistoryRepository] Fingerprinting property candidateClassFiles (RelativePathInput) for task ':test'
13:07:24.798 [DEBUG] [org.gradle.api.internal.changedetection.state.CacheBackedTaskHistoryRepository] Fingerprinting property classpath (Classpath) for task ':test'
13:07:24.799 [DEBUG] [org.gradle.internal.operations.DefaultBuildOperationExecutor] Build operation 'Resolve dependencies of :testRuntimeClasspath' started
13:07:24.799 [DEBUG] [io.spring.gradle.dependencymanagement.internal.ImplicitDependencyManagementCollector] Adding managed version in configuration 'testRuntimeClasspath' for dependency 'DefaultExternalModuleDependency{group='com.github.fakemongo', name='fongo', version='2.1.1', configuration='default'}'
13:07:24.799 [DEBUG] [io.spring.gradle.dependencymanagement.internal.ImplicitDependencyManagementCollector] Adding managed version in configuration 'testRuntime' for dependency 'DefaultExternalModuleDependency{group='com.github.fakemongo', name='fongo', version='2.1.1', configuration='default'}'
13:07:24.799 [DEBUG] [io.spring.gradle.dependencymanagement.internal.ImplicitDependencyManagementCollector] Adding managed version in configuration 'runtime' for dependency 'DefaultExternalModuleDependency{group='com.github.fakemongo', name='fongo', version='2.1.1', configuration='default'}'
13:07:24.799 [DEBUG] [io.spring.gradle.dependencymanagement.internal.ImplicitDependencyManagementCollector] Adding managed version in configuration 'testImplementation' for dependency 'DefaultExternalModuleDependency{group='com.github.fakemongo', name='fongo', version='2.1.1', configuration='default'}'
13:07:24.799 [DEBUG] [io.spring.gradle.dependencymanagement.internal.ImplicitDependencyManagementCollector] Adding managed version in configuration 'testCompile' for dependency 'DefaultExternalModuleDependency{group='com.github.fakemongo', name='fongo', version='2.1.1', configuration='default'}'
13:07:24.799 [DEBUG] [io.spring.gradle.dependencymanagement.internal.ImplicitDependencyManagementCollector] Adding managed version in configuration 'implementation' for dependency 'DefaultExternalModuleDependency{group='com.github.fakemongo', name='fongo', version='2.1.1', configuration='default'}'
13:07:24.799 [DEBUG] [io.spring.gradle.dependencymanagement.internal.ImplicitDependencyManagementCollector] Adding managed version in configuration 'compile' for dependency 'DefaultExternalModuleDependency{group='com.github.fakemongo', name='fongo', version='2.1.1', configuration='default'}'
13:07:24.799 [DEBUG] [org.gradle.internal.operations.DefaultBuildOperationExecutor] Build operation 'Resolve dependencies of :detachedConfiguration52' started
13:07:24.800 [DEBUG] [org.gradle.api.internal.artifacts.ivyservice.resolveengine.DefaultArtifactDependencyResolver] Resolving configuration ':detachedConfiguration52'
13:07:24.800 [DEBUG] [org.gradle.api.internal.artifacts.ivyservice.modulecache.ResolvedArtifactCaches] Reusing in-memory cache for repo 'MavenRepo' [f8e6315c37eb56998f7a5ba08e30db71].
13:07:24.800 [DEBUG] [org.gradle.api.internal.artifacts.ivyservice.resolveengine.graph.builder.DependencyGraphBuilder] Visiting configuration com.mindex:senior-code-challenge:0.0.1-SNAPSHOT(detachedConfiguration52).
13:07:24.800 [DEBUG] [io.spring.gradle.dependencymanagement.internal.VersionConfiguringAction] Processing dependency 'org.springframework.boot:spring-boot-starter-test:'
13:07:24.800 [INFO] [io.spring.gradle.dependencymanagement.internal.DependencyManagement] Resolving dependency management for configuration 'testRuntimeClasspath' of project 'senior-code-challenge'
13:07:24.800 [DEBUG] [io.spring.gradle.dependencymanagement.internal.DependencyManagement] Preserving existing versions: {com.github.fakemongo:fongo=2.1.1}
13:07:24.800 [DEBUG] [org.gradle.internal.operations.DefaultBuildOperationExecutor] Build operation 'Resolve dependencies of :detachedConfiguration53' started
13:07:24.800 [DEBUG] [org.gradle.internal.operations.DefaultBuildOperationExecutor] Completing Build operation 'Resolve dependencies of :detachedConfiguration53'
13:07:24.800 [DEBUG] [org.gradle.internal.operations.DefaultBuildOperationExecutor] Build operation 'Resolve dependencies of :detachedConfiguration53' completed
13:07:24.800 [INFO] [io.spring.gradle.dependencymanagement.internal.DependencyManagement] Resolving dependency management for configuration 'testRuntimeOnly' of project 'senior-code-challenge'
13:07:24.800 [DEBUG] [io.spring.gradle.dependencymanagement.internal.DependencyManagement] Preserving existing versions: {}
13:07:24.801 [DEBUG] [org.gradle.internal.operations.DefaultBuildOperationExecutor] Build operation 'Resolve dependencies of :detachedConfiguration54' started
13:07:24.801 [DEBUG] [org.gradle.internal.operations.DefaultBuildOperationExecutor] Completing Build operation 'Resolve dependencies of :detachedConfiguration54'
13:07:24.801 [DEBUG] [org.gradle.internal.operations.DefaultBuildOperationExecutor] Build operation 'Resolve dependencies of :detachedConfiguration54' completed
13:07:24.801 [INFO] [io.spring.gradle.dependencymanagement.internal.DependencyManagement] Resolving dependency management for configuration 'runtimeOnly' of project 'senior-code-challenge'
13:07:24.801 [DEBUG] [io.spring.gradle.dependencymanagement.internal.DependencyManagement] Preserving existing versions: {}
13:07:24.801 [DEBUG] [org.gradle.internal.operations.DefaultBuildOperationExecutor] Build operation 'Resolve dependencies of :detachedConfiguration55' started
13:07:24.801 [DEBUG] [org.gradle.internal.operations.DefaultBuildOperationExecutor] Completing Build operation 'Resolve dependencies of :detachedConfiguration55'
13:07:24.801 [DEBUG] [org.gradle.internal.operations.DefaultBuildOperationExecutor] Build operation 'Resolve dependencies of :detachedConfiguration55' completed
13:07:24.801 [INFO] [io.spring.gradle.dependencymanagement.internal.DependencyManagement] Resolving dependency management for configuration 'testRuntime' of project 'senior-code-challenge'
13:07:24.801 [DEBUG] [io.spring.gradle.dependencymanagement.internal.DependencyManagement] Preserving existing versions: {com.github.fakemongo:fongo=2.1.1}
13:07:24.801 [DEBUG] [org.gradle.internal.operations.DefaultBuildOperationExecutor] Build operation 'Resolve dependencies of :detachedConfiguration56' started
13:07:24.801 [DEBUG] [org.gradle.internal.operations.DefaultBuildOperationExecutor] Completing Build operation 'Resolve dependencies of :detachedConfiguration56'
13:07:24.801 [DEBUG] [org.gradle.internal.operations.DefaultBuildOperationExecutor] Build operation 'Resolve dependencies of :detachedConfiguration56' completed
13:07:24.802 [INFO] [io.spring.gradle.dependencymanagement.internal.DependencyManagement] Resolving dependency management for configuration 'runtime' of project 'senior-code-challenge'
13:07:24.802 [DEBUG] [io.spring.gradle.dependencymanagement.internal.DependencyManagement] Preserving existing versions: {com.github.fakemongo:fongo=2.1.1}
13:07:24.802 [DEBUG] [org.gradle.internal.operations.DefaultBuildOperationExecutor] Build operation 'Resolve dependencies of :detachedConfiguration57' started
13:07:24.802 [DEBUG] [org.gradle.internal.operations.DefaultBuildOperationExecutor] Completing Build operation 'Resolve dependencies of :detachedConfiguration57'
13:07:24.802 [DEBUG] [org.gradle.internal.operations.DefaultBuildOperationExecutor] Build operation 'Resolve dependencies of :detachedConfiguration57' completed
13:07:24.802 [DEBUG] [io.spring.gradle.dependencymanagement.internal.DependencyManagementContainer] Found managed version '1.5.4.RELEASE' for dependency 'org.springframework.boot:spring-boot-starter-test' in global dependency management
13:07:24.802 [DEBUG] [io.spring.gradle.dependencymanagement.internal.VersionConfiguringAction] Using version '1.5.4.RELEASE' for dependency 'org.springframework.boot:spring-boot-starter-test:'
13:07:24.802 [DEBUG] [io.spring.gradle.dependencymanagement.internal.VersionConfiguringAction] Processing dependency 'org.springframework.boot:spring-boot-starter-web:'
13:07:24.802 [DEBUG] [io.spring.gradle.dependencymanagement.internal.DependencyManagementContainer] Found managed version '1.5.4.RELEASE' for dependency 'org.springframework.boot:spring-boot-starter-web' in global dependency management
13:07:24.802 [DEBUG] [io.spring.gradle.dependencymanagement.internal.VersionConfiguringAction] Using version '1.5.4.RELEASE' for dependency 'org.springframework.boot:spring-boot-starter-web:'
13:07:24.802 [DEBUG] [io.spring.gradle.dependencymanagement.internal.VersionConfiguringAction] Processing dependency 'org.springframework.boot:spring-boot-starter-data-mongodb:'
13:07:24.802 [DEBUG] [io.spring.gradle.dependencymanagement.internal.DependencyManagementContainer] Found managed version '1.5.4.RELEASE' for dependency 'org.springframework.boot:spring-boot-starter-data-mongodb' in global dependency management
13:07:24.802 [DEBUG] [io.spring.gradle.dependencymanagement.internal.VersionConfiguringAction] Using version '1.5.4.RELEASE' for dependency 'org.springframework.boot:spring-boot-starter-data-mongodb:'
13:07:24.802 [DEBUG] [io.spring.gradle.dependencymanagement.internal.VersionConfiguringAction] Processing dependency 'com.github.fakemongo:fongo:2.1.1'
13:07:24.802 [DEBUG] [io.spring.gradle.dependencymanagement.internal.DependencyManagementContainer] Found managed version '2.1.1' for dependency 'com.github.fakemongo:fongo' in dependency management for configuration 'testRuntimeClasspath'
13:07:24.803 [DEBUG] [io.spring.gradle.dependencymanagement.internal.VersionConfiguringAction] Using version '2.1.1' for dependency 'com.github.fakemongo:fongo:2.1.1'
13:07:24.803 [DEBUG] [org.gradle.api.internal.artifacts.ivyservice.ivyresolve.RepositoryChainComponentMetaDataResolver] Attempting to resolve component for org.springframework.boot:spring-boot-starter-test:1.5.4.RELEASE using repositories [MavenRepo]
13:07:24.803 [DEBUG] [org.gradle.api.internal.artifacts.ivyservice.ivyresolve.CachingModuleComponentRepository] Using cached module metadata for module 'org.springframework.boot:spring-boot-starter-test:1.5.4.RELEASE' in 'MavenRepo'
13:07:24.803 [DEBUG] [org.gradle.api.internal.artifacts.ivyservice.ivyresolve.RepositoryChainComponentMetaDataResolver] Using org.springframework.boot:spring-boot-starter-test:1.5.4.RELEASE from Maven repository 'MavenRepo'
13:07:24.803 [DEBUG] [org.gradle.api.internal.artifacts.ivyservice.ivyresolve.RepositoryChainComponentMetaDataResolver] Attempting to resolve component for org.springframework.boot:spring-boot-starter-web:1.5.4.RELEASE using repositories [MavenRepo]
13:07:24.803 [DEBUG] [org.gradle.api.internal.artifacts.ivyservice.ivyresolve.CachingModuleComponentRepository] Using cached module metadata for module 'org.springframework.boot:spring-boot-starter-web:1.5.4.RELEASE' in 'MavenRepo'
13:07:24.803 [DEBUG] [org.gradle.api.internal.artifacts.ivyservice.ivyresolve.RepositoryChainComponentMetaDataResolver] Using org.springframework.boot:spring-boot-starter-web:1.5.4.RELEASE from Maven repository 'MavenRepo'
13:07:24.803 [DEBUG] [org.gradle.api.internal.artifacts.ivyservice.ivyresolve.RepositoryChainComponentMetaDataResolver] Attempting to resolve component for org.springframework.boot:spring-boot-starter-data-mongodb:1.5.4.RELEASE using repositories [MavenRepo]
13:07:24.803 [DEBUG] [org.gradle.api.internal.artifacts.ivyservice.ivyresolve.CachingModuleComponentRepository] Using cached module metadata for module 'org.springframework.boot:spring-boot-starter-data-mongodb:1.5.4.RELEASE' in 'MavenRepo'
13:07:24.803 [DEBUG] [org.gradle.api.internal.artifacts.ivyservice.ivyresolve.RepositoryChainComponentMetaDataResolver] Using org.springframework.boot:spring-boot-starter-data-mongodb:1.5.4.RELEASE from Maven repository 'MavenRepo'
13:07:24.803 [DEBUG] [org.gradle.api.internal.artifacts.ivyservice.ivyresolve.RepositoryChainComponentMetaDataResolver] Attempting to resolve component for com.github.fakemongo:fongo:2.1.1 using repositories [MavenRepo]
13:07:24.803 [DEBUG] [org.gradle.api.internal.artifacts.ivyservice.ivyresolve.CachingModuleComponentRepository] Using cached module metadata for module 'com.github.fakemongo:fongo:2.1.1' in 'MavenRepo'
13:07:24.803 [DEBUG] [org.gradle.api.internal.artifacts.ivyservice.ivyresolve.RepositoryChainComponentMetaDataResolver] Using com.github.fakemongo:fongo:2.1.1 from Maven repository 'MavenRepo'
13:07:24.803 [DEBUG] [org.gradle.api.internal.artifacts.ivyservice.resolveengine.graph.builder.DependencyGraphBuilder] Visiting configuration org.springframework.boot:spring-boot-starter-test:1.5.4.RELEASE(default).
13:07:24.804 [DEBUG] [io.spring.gradle.dependencymanagement.internal.VersionConfiguringAction] Processing dependency 'org.springframework.boot:spring-boot-test:1.5.4.RELEASE'
13:07:24.804 [DEBUG] [io.spring.gradle.dependencymanagement.internal.DependencyManagementContainer] Found managed version '1.5.4.RELEASE' for dependency 'org.springframework.boot:spring-boot-test' in global dependency management
13:07:24.804 [DEBUG] [io.spring.gradle.dependencymanagement.internal.VersionConfiguringAction] Using version '1.5.4.RELEASE' for dependency 'org.springframework.boot:spring-boot-test:1.5.4.RELEASE'
13:07:24.804 [DEBUG] [io.spring.gradle.dependencymanagement.internal.VersionConfiguringAction] Processing dependency 'org.springframework.boot:spring-boot-test-autoconfigure:1.5.4.RELEASE'
13:07:24.804 [DEBUG] [io.spring.gradle.dependencymanagement.internal.DependencyManagementContainer] Found managed version '1.5.4.RELEASE' for dependency 'org.springframework.boot:spring-boot-test-autoconfigure' in global dependency management
13:07:24.804 [DEBUG] [io.spring.gradle.dependencymanagement.internal.VersionConfiguringAction] Using version '1.5.4.RELEASE' for dependency 'org.springframework.boot:spring-boot-test-autoconfigure:1.5.4.RELEASE'
13:07:24.804 [DEBUG] [io.spring.gradle.dependencymanagement.internal.VersionConfiguringAction] Processing dependency 'com.jayway.jsonpath:json-path:2.2.0'
13:07:24.804 [DEBUG] [io.spring.gradle.dependencymanagement.internal.DependencyManagementContainer] Found managed version '2.2.0' for dependency 'com.jayway.jsonpath:json-path' in global dependency management
13:07:24.804 [DEBUG] [io.spring.gradle.dependencymanagement.internal.VersionConfiguringAction] Using version '2.2.0' for dependency 'com.jayway.jsonpath:json-path:2.2.0'
13:07:24.804 [DEBUG] [io.spring.gradle.dependencymanagement.internal.VersionConfiguringAction] Processing dependency 'junit:junit:4.12'
13:07:24.804 [DEBUG] [io.spring.gradle.dependencymanagement.internal.DependencyManagementContainer] Found managed version '4.12' for dependency 'junit:junit' in global dependency management
13:07:24.804 [DEBUG] [io.spring.gradle.dependencymanagement.internal.VersionConfiguringAction] Using version '4.12' for dependency 'junit:junit:4.12'
13:07:24.804 [DEBUG] [io.spring.gradle.dependencymanagement.internal.VersionConfiguringAction] Processing dependency 'org.assertj:assertj-core:2.6.0'
13:07:24.804 [DEBUG] [io.spring.gradle.dependencymanagement.internal.DependencyManagementContainer] Found managed version '2.6.0' for dependency 'org.assertj:assertj-core' in global dependency management
13:07:24.804 [DEBUG] [io.spring.gradle.dependencymanagement.internal.VersionConfiguringAction] Using version '2.6.0' for dependency 'org.assertj:assertj-core:2.6.0'
13:07:24.804 [DEBUG] [io.spring.gradle.dependencymanagement.internal.VersionConfiguringAction] Processing dependency 'org.mockito:mockito-core:1.10.19'
13:07:24.805 [DEBUG] [io.spring.gradle.dependencymanagement.internal.DependencyManagementContainer] Found managed version '1.10.19' for dependency 'org.mockito:mockito-core' in global dependency management
13:07:24.805 [DEBUG] [io.spring.gradle.dependencymanagement.internal.VersionConfiguringAction] Using version '1.10.19' for dependency 'org.mockito:mockito-core:1.10.19'
13:07:24.805 [DEBUG] [io.spring.gradle.dependencymanagement.internal.VersionConfiguringAction] Processing dependency 'org.hamcrest:hamcrest-core:1.3'
13:07:24.805 [DEBUG] [io.spring.gradle.dependencymanagement.internal.DependencyManagementContainer] Found managed version '1.3' for dependency 'org.hamcrest:hamcrest-core' in global dependency management
13:07:24.805 [DEBUG] [io.spring.gradle.dependencymanagement.internal.VersionConfiguringAction] Using version '1.3' for dependency 'org.hamcrest:hamcrest-core:1.3'
13:07:24.805 [DEBUG] [io.spring.gradle.dependencymanagement.internal.VersionConfiguringAction] Processing dependency 'org.hamcrest:hamcrest-library:1.3'
13:07:24.805 [DEBUG] [io.spring.gradle.dependencymanagement.internal.DependencyManagementContainer] Found managed version '1.3' for dependency 'org.hamcrest:hamcrest-library' in global dependency management
13:07:24.805 [DEBUG] [io.spring.gradle.dependencymanagement.internal.VersionConfiguringAction] Using version '1.3' for dependency 'org.hamcrest:hamcrest-library:1.3'
13:07:24.805 [DEBUG] [io.spring.gradle.dependencymanagement.internal.VersionConfiguringAction] Processing dependency 'org.skyscreamer:jsonassert:1.4.0'
13:07:24.805 [DEBUG] [io.spring.gradle.dependencymanagement.internal.DependencyManagementContainer] Found managed version '1.4.0' for dependency 'org.skyscreamer:jsonassert' in global dependency management
13:07:24.805 [DEBUG] [io.spring.gradle.dependencymanagement.internal.VersionConfiguringAction] Using version '1.4.0' for dependency 'org.skyscreamer:jsonassert:1.4.0'
13:07:24.805 [DEBUG] [io.spring.gradle.dependencymanagement.internal.VersionConfiguringAction] Processing dependency 'org.springframework:spring-core:4.3.9.RELEASE'
13:07:24.805 [DEBUG] [io.spring.gradle.dependencymanagement.internal.DependencyManagementContainer] Found managed version '4.3.9.RELEASE' for dependency 'org.springframework:spring-core' in global dependency management
13:07:24.805 [DEBUG] [io.spring.gradle.dependencymanagement.internal.VersionConfiguringAction] Using version '4.3.9.RELEASE' for dependency 'org.springframework:spring-core:4.3.9.RELEASE'
13:07:24.805 [DEBUG] [io.spring.gradle.dependencymanagement.internal.VersionConfiguringAction] Processing dependency 'org.springframework:spring-test:4.3.9.RELEASE'
13:07:24.805 [DEBUG] [io.spring.gradle.dependencymanagement.internal.DependencyManagementContainer] Found managed version '4.3.9.RELEASE' for dependency 'org.springframework:spring-test' in global dependency management
13:07:24.805 [DEBUG] [io.spring.gradle.dependencymanagement.internal.VersionConfiguringAction] Using version '4.3.9.RELEASE' for dependency 'org.springframework:spring-test:4.3.9.RELEASE'
13:07:24.806 [DEBUG] [org.gradle.api.internal.artifacts.ivyservice.ivyresolve.RepositoryChainComponentMetaDataResolver] Attempting to resolve component for org.springframework.boot:spring-boot-test:1.5.4.RELEASE using repositories [MavenRepo]
13:07:24.806 [DEBUG] [org.gradle.api.internal.artifacts.ivyservice.ivyresolve.CachingModuleComponentRepository] Using cached module metadata for module 'org.springframework.boot:spring-boot-test:1.5.4.RELEASE' in 'MavenRepo'
13:07:24.806 [DEBUG] [org.gradle.api.internal.artifacts.ivyservice.ivyresolve.RepositoryChainComponentMetaDataResolver] Using org.springframework.boot:spring-boot-test:1.5.4.RELEASE from Maven repository 'MavenRepo'
13:07:24.806 [DEBUG] [org.gradle.api.internal.artifacts.ivyservice.ivyresolve.RepositoryChainComponentMetaDataResolver] Attempting to resolve component for org.springframework.boot:spring-boot-test-autoconfigure:1.5.4.RELEASE using repositories [MavenRepo]
13:07:24.806 [DEBUG] [org.gradle.api.internal.artifacts.ivyservice.ivyresolve.CachingModuleComponentRepository] Using cached module metadata for module 'org.springframework.boot:spring-boot-test-autoconfigure:1.5.4.RELEASE' in 'MavenRepo'
13:07:24.806 [DEBUG] [org.gradle.api.internal.artifacts.ivyservice.ivyresolve.RepositoryChainComponentMetaDataResolver] Using org.springframework.boot:spring-boot-test-autoconfigure:1.5.4.RELEASE from Maven repository 'MavenRepo'
13:07:24.806 [DEBUG] [org.gradle.api.internal.artifacts.ivyservice.ivyresolve.RepositoryChainComponentMetaDataResolver] Attempting to resolve component for com.jayway.jsonpath:json-path:2.2.0 using repositories [MavenRepo]
13:07:24.806 [DEBUG] [org.gradle.api.internal.artifacts.ivyservice.ivyresolve.CachingModuleComponentRepository] Using cached module metadata for module 'com.jayway.jsonpath:json-path:2.2.0' in 'MavenRepo'
13:07:24.806 [DEBUG] [org.gradle.api.internal.artifacts.ivyservice.ivyresolve.RepositoryChainComponentMetaDataResolver] Using com.jayway.jsonpath:json-path:2.2.0 from Maven repository 'MavenRepo'
13:07:24.806 [DEBUG] [org.gradle.api.internal.artifacts.ivyservice.ivyresolve.RepositoryChainComponentMetaDataResolver] Attempting to resolve component for junit:junit:4.12 using repositories [MavenRepo]
13:07:24.806 [DEBUG] [org.gradle.api.internal.artifacts.ivyservice.ivyresolve.CachingModuleComponentRepository] Using cached module metadata for module 'junit:junit:4.12' in 'MavenRepo'
13:07:24.806 [DEBUG] [org.gradle.api.internal.artifacts.ivyservice.ivyresolve.RepositoryChainComponentMetaDataResolver] Using junit:junit:4.12 from Maven repository 'MavenRepo'
13:07:24.806 [DEBUG] [org.gradle.api.internal.artifacts.ivyservice.ivyresolve.RepositoryChainComponentMetaDataResolver] Attempting to resolve component for org.assertj:assertj-core:2.6.0 using repositories [MavenRepo]
13:07:24.806 [DEBUG] [org.gradle.api.internal.artifacts.ivyservice.ivyresolve.CachingModuleComponentRepository] Using cached module metadata for module 'org.assertj:assertj-core:2.6.0' in 'MavenRepo'
13:07:24.806 [DEBUG] [org.gradle.api.internal.artifacts.ivyservice.ivyresolve.RepositoryChainComponentMetaDataResolver] Using org.assertj:assertj-core:2.6.0 from Maven repository 'MavenRepo'
13:07:24.806 [DEBUG] [org.gradle.api.internal.artifacts.ivyservice.ivyresolve.RepositoryChainComponentMetaDataResolver] Attempting to resolve component for org.mockito:mockito-core:1.10.19 using repositories [MavenRepo]
13:07:24.806 [DEBUG] [org.gradle.api.internal.artifacts.ivyservice.ivyresolve.CachingModuleComponentRepository] Using cached module metadata for module 'org.mockito:mockito-core:1.10.19' in 'MavenRepo'
13:07:24.807 [DEBUG] [org.gradle.api.internal.artifacts.ivyservice.ivyresolve.RepositoryChainComponentMetaDataResolver] Using org.mockito:mockito-core:1.10.19 from Maven repository 'MavenRepo'
13:07:24.807 [DEBUG] [org.gradle.api.internal.artifacts.ivyservice.ivyresolve.RepositoryChainComponentMetaDataResolver] Attempting to resolve component for org.hamcrest:hamcrest-core:1.3 using repositories [MavenRepo]
13:07:24.807 [DEBUG] [org.gradle.api.internal.artifacts.ivyservice.ivyresolve.CachingModuleComponentRepository] Using cached module metadata for module 'org.hamcrest:hamcrest-core:1.3' in 'MavenRepo'
13:07:24.807 [DEBUG] [org.gradle.api.internal.artifacts.ivyservice.ivyresolve.RepositoryChainComponentMetaDataResolver] Using org.hamcrest:hamcrest-core:1.3 from Maven repository 'MavenRepo'
13:07:24.807 [DEBUG] [org.gradle.api.internal.artifacts.ivyservice.ivyresolve.RepositoryChainComponentMetaDataResolver] Attempting to resolve component for org.hamcrest:hamcrest-library:1.3 using repositories [MavenRepo]
13:07:24.807 [DEBUG] [org.gradle.api.internal.artifacts.ivyservice.ivyresolve.CachingModuleComponentRepository] Using cached module metadata for module 'org.hamcrest:hamcrest-library:1.3' in 'MavenRepo'
13:07:24.807 [DEBUG] [org.gradle.api.internal.artifacts.ivyservice.ivyresolve.RepositoryChainComponentMetaDataResolver] Using org.hamcrest:hamcrest-library:1.3 from Maven repository 'MavenRepo'
13:07:24.807 [DEBUG] [org.gradle.api.internal.artifacts.ivyservice.ivyresolve.RepositoryChainComponentMetaDataResolver] Attempting to resolve component for org.skyscreamer:jsonassert:1.4.0 using repositories [MavenRepo]
13:07:24.807 [DEBUG] [org.gradle.api.internal.artifacts.ivyservice.ivyresolve.CachingModuleComponentRepository] Using cached module metadata for module 'org.skyscreamer:jsonassert:1.4.0' in 'MavenRepo'
13:07:24.807 [DEBUG] [org.gradle.api.internal.artifacts.ivyservice.ivyresolve.RepositoryChainComponentMetaDataResolver] Using org.skyscreamer:jsonassert:1.4.0 from Maven repository 'MavenRepo'
13:07:24.807 [DEBUG] [org.gradle.api.internal.artifacts.ivyservice.ivyresolve.RepositoryChainComponentMetaDataResolver] Attempting to resolve component for org.springframework:spring-core:4.3.9.RELEASE using repositories [MavenRepo]
13:07:24.807 [DEBUG] [org.gradle.api.internal.artifacts.ivyservice.ivyresolve.CachingModuleComponentRepository] Using cached module metadata for module 'org.springframework:spring-core:4.3.9.RELEASE' in 'MavenRepo'
13:07:24.807 [DEBUG] [org.gradle.api.internal.artifacts.ivyservice.ivyresolve.RepositoryChainComponentMetaDataResolver] Using org.springframework:spring-core:4.3.9.RELEASE from Maven repository 'MavenRepo'
13:07:24.807 [DEBUG] [org.gradle.api.internal.artifacts.ivyservice.ivyresolve.RepositoryChainComponentMetaDataResolver] Attempting to resolve component for org.springframework:spring-test:4.3.9.RELEASE using repositories [MavenRepo]
13:07:24.807 [DEBUG] [org.gradle.api.internal.artifacts.ivyservice.ivyresolve.CachingModuleComponentRepository] Using cached module metadata for module 'org.springframework:spring-test:4.3.9.RELEASE' in 'MavenRepo'
13:07:24.807 [DEBUG] [org.gradle.api.internal.artifacts.ivyservice.ivyresolve.RepositoryChainComponentMetaDataResolver] Using org.springframework:spring-test:4.3.9.RELEASE from Maven repository 'MavenRepo'
13:07:24.807 [DEBUG] [org.gradle.api.internal.artifacts.ivyservice.resolveengine.graph.builder.DependencyGraphBuilder] Visiting configuration org.springframework.boot:spring-boot-starter-web:1.5.4.RELEASE(default).
13:07:24.807 [DEBUG] [io.spring.gradle.dependencymanagement.internal.VersionConfiguringAction] Processing dependency 'org.springframework.boot:spring-boot-starter:1.5.4.RELEASE'
13:07:24.807 [DEBUG] [io.spring.gradle.dependencymanagement.internal.DependencyManagementContainer] Found managed version '1.5.4.RELEASE' for dependency 'org.springframework.boot:spring-boot-starter' in global dependency management
13:07:24.808 [DEBUG] [io.spring.gradle.dependencymanagement.internal.VersionConfiguringAction] Using version '1.5.4.RELEASE' for dependency 'org.springframework.boot:spring-boot-starter:1.5.4.RELEASE'
13:07:24.808 [DEBUG] [io.spring.gradle.dependencymanagement.internal.VersionConfiguringAction] Processing dependency 'org.springframework.boot:spring-boot-starter-tomcat:1.5.4.RELEASE'
13:07:24.808 [DEBUG] [io.spring.gradle.dependencymanagement.internal.DependencyManagementContainer] Found managed version '1.5.4.RELEASE' for dependency 'org.springframework.boot:spring-boot-starter-tomcat' in global dependency management
13:07:24.808 [DEBUG] [io.spring.gradle.dependencymanagement.internal.VersionConfiguringAction] Using version '1.5.4.RELEASE' for dependency 'org.springframework.boot:spring-boot-starter-tomcat:1.5.4.RELEASE'
13:07:24.808 [DEBUG] [io.spring.gradle.dependencymanagement.internal.VersionConfiguringAction] Processing dependency 'org.hibernate:hibernate-validator:5.3.5.Final'
13:07:24.808 [DEBUG] [io.spring.gradle.dependencymanagement.internal.DependencyManagementContainer] Found managed version '5.3.5.Final' for dependency 'org.hibernate:hibernate-validator' in global dependency management
13:07:24.808 [DEBUG] [io.spring.gradle.dependencymanagement.internal.VersionConfiguringAction] Using version '5.3.5.Final' for dependency 'org.hibernate:hibernate-validator:5.3.5.Final'
13:07:24.808 [DEBUG] [io.spring.gradle.dependencymanagement.internal.VersionConfiguringAction] Processing dependency 'com.fasterxml.jackson.core:jackson-databind:2.8.8'
13:07:24.808 [DEBUG] [io.spring.gradle.dependencymanagement.internal.DependencyManagementContainer] Found managed version '2.8.8' for dependency 'com.fasterxml.jackson.core:jackson-databind' in global dependency management
13:07:24.808 [DEBUG] [io.spring.gradle.dependencymanagement.internal.VersionConfiguringAction] Using version '2.8.8' for dependency 'com.fasterxml.jackson.core:jackson-databind:2.8.8'
13:07:24.808 [DEBUG] [io.spring.gradle.dependencymanagement.internal.VersionConfiguringAction] Processing dependency 'org.springframework:spring-web:4.3.9.RELEASE'
13:07:24.808 [DEBUG] [io.spring.gradle.dependencymanagement.internal.DependencyManagementContainer] Found managed version '4.3.9.RELEASE' for dependency 'org.springframework:spring-web' in global dependency management
13:07:24.808 [DEBUG] [io.spring.gradle.dependencymanagement.internal.VersionConfiguringAction] Using version '4.3.9.RELEASE' for dependency 'org.springframework:spring-web:4.3.9.RELEASE'
13:07:24.808 [DEBUG] [io.spring.gradle.dependencymanagement.internal.VersionConfiguringAction] Processing dependency 'org.springframework:spring-webmvc:4.3.9.RELEASE'
13:07:24.808 [DEBUG] [io.spring.gradle.dependencymanagement.internal.DependencyManagementContainer] Found managed version '4.3.9.RELEASE' for dependency 'org.springframework:spring-webmvc' in global dependency management
13:07:24.808 [DEBUG] [io.spring.gradle.dependencymanagement.internal.VersionConfiguringAction] Using version '4.3.9.RELEASE' for dependency 'org.springframework:spring-webmvc:4.3.9.RELEASE'
13:07:24.808 [DEBUG] [org.gradle.api.internal.artifacts.ivyservice.ivyresolve.RepositoryChainComponentMetaDataResolver] Attempting to resolve component for org.springframework.boot:spring-boot-starter:1.5.4.RELEASE using repositories [MavenRepo]
13:07:24.809 [DEBUG] [org.gradle.api.internal.artifacts.ivyservice.ivyresolve.CachingModuleComponentRepository] Using cached module metadata for module 'org.springframework.boot:spring-boot-starter:1.5.4.RELEASE' in 'MavenRepo'
13:07:24.809 [DEBUG] [org.gradle.api.internal.artifacts.ivyservice.ivyresolve.RepositoryChainComponentMetaDataResolver] Using org.springframework.boot:spring-boot-starter:1.5.4.RELEASE from Maven repository 'MavenRepo'
13:07:24.809 [DEBUG] [org.gradle.api.internal.artifacts.ivyservice.ivyresolve.RepositoryChainComponentMetaDataResolver] Attempting to resolve component for org.springframework.boot:spring-boot-starter-tomcat:1.5.4.RELEASE using repositories [MavenRepo]
13:07:24.809 [DEBUG] [org.gradle.api.internal.artifacts.ivyservice.ivyresolve.CachingModuleComponentRepository] Using cached module metadata for module 'org.springframework.boot:spring-boot-starter-tomcat:1.5.4.RELEASE' in 'MavenRepo'
13:07:24.809 [DEBUG] [org.gradle.api.internal.artifacts.ivyservice.ivyresolve.RepositoryChainComponentMetaDataResolver] Using org.springframework.boot:spring-boot-starter-tomcat:1.5.4.RELEASE from Maven repository 'MavenRepo'
13:07:24.809 [DEBUG] [org.gradle.api.internal.artifacts.ivyservice.ivyresolve.RepositoryChainComponentMetaDataResolver] Attempting to resolve component for org.hibernate:hibernate-validator:5.3.5.Final using repositories [MavenRepo]
13:07:24.809 [DEBUG] [org.gradle.api.internal.artifacts.ivyservice.ivyresolve.CachingModuleComponentRepository] Using cached module metadata for module 'org.hibernate:hibernate-validator:5.3.5.Final' in 'MavenRepo'
13:07:24.809 [DEBUG] [org.gradle.api.internal.artifacts.ivyservice.ivyresolve.RepositoryChainComponentMetaDataResolver] Using org.hibernate:hibernate-validator:5.3.5.Final from Maven repository 'MavenRepo'
13:07:24.809 [DEBUG] [org.gradle.api.internal.artifacts.ivyservice.ivyresolve.RepositoryChainComponentMetaDataResolver] Attempting to resolve component for com.fasterxml.jackson.core:jackson-databind:2.8.8 using repositories [MavenRepo]
13:07:24.809 [DEBUG] [org.gradle.api.internal.artifacts.ivyservice.ivyresolve.CachingModuleComponentRepository] Using cached module metadata for module 'com.fasterxml.jackson.core:jackson-databind:2.8.8' in 'MavenRepo'
13:07:24.809 [DEBUG] [org.gradle.api.internal.artifacts.ivyservice.ivyresolve.RepositoryChainComponentMetaDataResolver] Using com.fasterxml.jackson.core:jackson-databind:2.8.8 from Maven repository 'MavenRepo'
13:07:24.809 [DEBUG] [org.gradle.api.internal.artifacts.ivyservice.ivyresolve.RepositoryChainComponentMetaDataResolver] Attempting to resolve component for org.springframework:spring-web:4.3.9.RELEASE using repositories [MavenRepo]
13:07:24.809 [DEBUG] [org.gradle.api.internal.artifacts.ivyservice.ivyresolve.CachingModuleComponentRepository] Using cached module metadata for module 'org.springframework:spring-web:4.3.9.RELEASE' in 'MavenRepo'
13:07:24.809 [DEBUG] [org.gradle.api.internal.artifacts.ivyservice.ivyresolve.RepositoryChainComponentMetaDataResolver] Using org.springframework:spring-web:4.3.9.RELEASE from Maven repository 'MavenRepo'
13:07:24.809 [DEBUG] [org.gradle.api.internal.artifacts.ivyservice.ivyresolve.RepositoryChainComponentMetaDataResolver] Attempting to resolve component for org.springframework:spring-webmvc:4.3.9.RELEASE using repositories [MavenRepo]
13:07:24.809 [DEBUG] [org.gradle.api.internal.artifacts.ivyservice.ivyresolve.CachingModuleComponentRepository] Using cached module metadata for module 'org.springframework:spring-webmvc:4.3.9.RELEASE' in 'MavenRepo'
13:07:24.809 [DEBUG] [org.gradle.api.internal.artifacts.ivyservice.ivyresolve.RepositoryChainComponentMetaDataResolver] Using org.springframework:spring-webmvc:4.3.9.RELEASE from Maven repository 'MavenRepo'
13:07:24.809 [DEBUG] [org.gradle.api.internal.artifacts.ivyservice.resolveengine.graph.builder.DependencyGraphBuilder] Visiting configuration org.springframework.boot:spring-boot-starter-data-mongodb:1.5.4.RELEASE(default).
13:07:24.810 [DEBUG] [io.spring.gradle.dependencymanagement.internal.VersionConfiguringAction] Processing dependency 'org.mongodb:mongodb-driver:3.4.2'
13:07:24.810 [DEBUG] [io.spring.gradle.dependencymanagement.internal.DependencyManagementContainer] Found managed version '3.4.2' for dependency 'org.mongodb:mongodb-driver' in global dependency management
13:07:24.810 [DEBUG] [io.spring.gradle.dependencymanagement.internal.VersionConfiguringAction] Using version '3.4.2' for dependency 'org.mongodb:mongodb-driver:3.4.2'
13:07:24.810 [DEBUG] [io.spring.gradle.dependencymanagement.internal.VersionConfiguringAction] Processing dependency 'org.springframework.data:spring-data-mongodb:1.10.4.RELEASE'
13:07:24.810 [DEBUG] [io.spring.gradle.dependencymanagement.internal.DependencyManagementContainer] Found managed version '1.10.4.RELEASE' for dependency 'org.springframework.data:spring-data-mongodb' in global dependency management
13:07:24.810 [DEBUG] [io.spring.gradle.dependencymanagement.internal.VersionConfiguringAction] Using version '1.10.4.RELEASE' for dependency 'org.springframework.data:spring-data-mongodb:1.10.4.RELEASE'
13:07:24.810 [DEBUG] [org.gradle.api.internal.artifacts.ivyservice.ivyresolve.RepositoryChainComponentMetaDataResolver] Attempting to resolve component for org.mongodb:mongodb-driver:3.4.2 using repositories [MavenRepo]
13:07:24.810 [DEBUG] [org.gradle.api.internal.artifacts.ivyservice.ivyresolve.CachingModuleComponentRepository] Using cached module metadata for module 'org.mongodb:mongodb-driver:3.4.2' in 'MavenRepo'
13:07:24.810 [DEBUG] [org.gradle.api.internal.artifacts.ivyservice.ivyresolve.RepositoryChainComponentMetaDataResolver] Using org.mongodb:mongodb-driver:3.4.2 from Maven repository 'MavenRepo'
13:07:24.810 [DEBUG] [org.gradle.api.internal.artifacts.ivyservice.ivyresolve.RepositoryChainComponentMetaDataResolver] Attempting to resolve component for org.springframework.data:spring-data-mongodb:1.10.4.RELEASE using repositories [MavenRepo]
13:07:24.810 [DEBUG] [org.gradle.api.internal.artifacts.ivyservice.ivyresolve.CachingModuleComponentRepository] Using cached module metadata for module 'org.springframework.data:spring-data-mongodb:1.10.4.RELEASE' in 'MavenRepo'
13:07:24.810 [DEBUG] [org.gradle.api.internal.artifacts.ivyservice.ivyresolve.RepositoryChainComponentMetaDataResolver] Using org.springframework.data:spring-data-mongodb:1.10.4.RELEASE from Maven repository 'MavenRepo'
13:07:24.810 [DEBUG] [org.gradle.api.internal.artifacts.ivyservice.resolveengine.graph.builder.DependencyGraphBuilder] Visiting configuration com.github.fakemongo:fongo:2.1.1(default).
13:07:24.810 [DEBUG] [io.spring.gradle.dependencymanagement.internal.VersionConfiguringAction] Processing dependency 'org.mozilla:rhino:1.7.7.1'
13:07:24.810 [DEBUG] [io.spring.gradle.dependencymanagement.internal.VersionConfiguringAction] No dependency management for dependency 'org.mozilla:rhino:1.7.7.1'
13:07:24.810 [DEBUG] [io.spring.gradle.dependencymanagement.internal.VersionConfiguringAction] Processing dependency 'com.vividsolutions:jts:1.13'
13:07:24.810 [DEBUG] [io.spring.gradle.dependencymanagement.internal.VersionConfiguringAction] No dependency management for dependency 'com.vividsolutions:jts:1.13'
13:07:24.811 [DEBUG] [io.spring.gradle.dependencymanagement.internal.VersionConfiguringAction] Processing dependency 'de.grundid.opendatalab:geojson-jackson:1.2'
13:07:24.811 [DEBUG] [io.spring.gradle.dependencymanagement.internal.VersionConfiguringAction] No dependency management for dependency 'de.grundid.opendatalab:geojson-jackson:1.2'
13:07:24.811 [DEBUG] [org.gradle.api.internal.artifacts.ivyservice.ivyresolve.RepositoryChainComponentMetaDataResolver] Attempting to resolve component for org.mozilla:rhino:1.7.7.1 using repositories [MavenRepo]
13:07:24.811 [DEBUG] [org.gradle.api.internal.artifacts.ivyservice.ivyresolve.CachingModuleComponentRepository] Using cached module metadata for module 'org.mozilla:rhino:1.7.7.1' in 'MavenRepo'
13:07:24.811 [DEBUG] [org.gradle.api.internal.artifacts.ivyservice.ivyresolve.RepositoryChainComponentMetaDataResolver] Using org.mozilla:rhino:1.7.7.1 from Maven repository 'MavenRepo'
13:07:24.811 [DEBUG] [org.gradle.api.internal.artifacts.ivyservice.ivyresolve.RepositoryChainComponentMetaDataResolver] Attempting to resolve component for com.vividsolutions:jts:1.13 using repositories [MavenRepo]
13:07:24.811 [DEBUG] [org.gradle.api.internal.artifacts.ivyservice.ivyresolve.CachingModuleComponentRepository] Using cached module metadata for module 'com.vividsolutions:jts:1.13' in 'MavenRepo'
13:07:24.811 [DEBUG] [org.gradle.api.internal.artifacts.ivyservice.ivyresolve.RepositoryChainComponentMetaDataResolver] Using com.vividsolutions:jts:1.13 from Maven repository 'MavenRepo'
13:07:24.811 [DEBUG] [org.gradle.api.internal.artifacts.ivyservice.ivyresolve.RepositoryChainComponentMetaDataResolver] Attempting to resolve component for de.grundid.opendatalab:geojson-jackson:1.2 using repositories [MavenRepo]
13:07:24.811 [DEBUG] [org.gradle.api.internal.artifacts.ivyservice.ivyresolve.CachingModuleComponentRepository] Using cached module metadata for module 'de.grundid.opendatalab:geojson-jackson:1.2' in 'MavenRepo'
13:07:24.811 [DEBUG] [org.gradle.api.internal.artifacts.ivyservice.ivyresolve.RepositoryChainComponentMetaDataResolver] Using de.grundid.opendatalab:geojson-jackson:1.2 from Maven repository 'MavenRepo'
13:07:24.811 [DEBUG] [org.gradle.api.internal.artifacts.ivyservice.resolveengine.graph.builder.DependencyGraphBuilder] Visiting configuration org.springframework.boot:spring-boot-test:1.5.4.RELEASE(runtime).
13:07:24.811 [DEBUG] [io.spring.gradle.dependencymanagement.internal.VersionConfiguringAction] Processing dependency 'org.springframework.boot:spring-boot:1.5.4.RELEASE'
13:07:24.811 [DEBUG] [io.spring.gradle.dependencymanagement.internal.DependencyManagementContainer] Found managed version '1.5.4.RELEASE' for dependency 'org.springframework.boot:spring-boot' in global dependency management
13:07:24.811 [DEBUG] [io.spring.gradle.dependencymanagement.internal.VersionConfiguringAction] Using version '1.5.4.RELEASE' for dependency 'org.springframework.boot:spring-boot:1.5.4.RELEASE'
13:07:24.811 [DEBUG] [org.gradle.api.internal.artifacts.ivyservice.ivyresolve.RepositoryChainComponentMetaDataResolver] Attempting to resolve component for org.springframework.boot:spring-boot:1.5.4.RELEASE using repositories [MavenRepo]
13:07:24.811 [DEBUG] [org.gradle.api.internal.artifacts.ivyservice.ivyresolve.CachingModuleComponentRepository] Using cached module metadata for module 'org.springframework.boot:spring-boot:1.5.4.RELEASE' in 'MavenRepo'
13:07:24.811 [DEBUG] [org.gradle.api.internal.artifacts.ivyservice.ivyresolve.RepositoryChainComponentMetaDataResolver] Using org.springframework.boot:spring-boot:1.5.4.RELEASE from Maven repository 'MavenRepo'
13:07:24.812 [DEBUG] [org.gradle.api.internal.artifacts.ivyservice.resolveengine.graph.builder.DependencyGraphBuilder] Visiting configuration org.springframework.boot:spring-boot-test-autoconfigure:1.5.4.RELEASE(runtime).
13:07:24.812 [DEBUG] [io.spring.gradle.dependencymanagement.internal.VersionConfiguringAction] Processing dependency 'org.springframework.boot:spring-boot-autoconfigure:1.5.4.RELEASE'
13:07:24.812 [DEBUG] [io.spring.gradle.dependencymanagement.internal.DependencyManagementContainer] Found managed version '1.5.4.RELEASE' for dependency 'org.springframework.boot:spring-boot-autoconfigure' in global dependency management
13:07:24.812 [DEBUG] [io.spring.gradle.dependencymanagement.internal.VersionConfiguringAction] Using version '1.5.4.RELEASE' for dependency 'org.springframework.boot:spring-boot-autoconfigure:1.5.4.RELEASE'
13:07:24.812 [DEBUG] [org.gradle.api.internal.artifacts.ivyservice.ivyresolve.RepositoryChainComponentMetaDataResolver] Attempting to resolve component for org.springframework.boot:spring-boot-autoconfigure:1.5.4.RELEASE using repositories [MavenRepo]
13:07:24.812 [DEBUG] [org.gradle.api.internal.artifacts.ivyservice.ivyresolve.CachingModuleComponentRepository] Using cached module metadata for module 'org.springframework.boot:spring-boot-autoconfigure:1.5.4.RELEASE' in 'MavenRepo'
13:07:24.812 [DEBUG] [org.gradle.api.internal.artifacts.ivyservice.ivyresolve.RepositoryChainComponentMetaDataResolver] Using org.springframework.boot:spring-boot-autoconfigure:1.5.4.RELEASE from Maven repository 'MavenRepo'
13:07:24.812 [DEBUG] [org.gradle.api.internal.artifacts.ivyservice.resolveengine.graph.builder.DependencyGraphBuilder] Visiting configuration com.jayway.jsonpath:json-path:2.2.0(runtime).
13:07:24.812 [DEBUG] [io.spring.gradle.dependencymanagement.internal.VersionConfiguringAction] Processing dependency 'net.minidev:json-smart:2.2.1'
13:07:24.812 [DEBUG] [io.spring.gradle.dependencymanagement.internal.VersionConfiguringAction] No dependency management for dependency 'net.minidev:json-smart:2.2.1'
13:07:24.812 [DEBUG] [io.spring.gradle.dependencymanagement.internal.VersionConfiguringAction] Processing dependency 'org.slf4j:slf4j-api:1.7.16'
13:07:24.812 [DEBUG] [io.spring.gradle.dependencymanagement.internal.DependencyManagementContainer] Found managed version '1.7.25' for dependency 'org.slf4j:slf4j-api' in global dependency management
13:07:24.812 [DEBUG] [io.spring.gradle.dependencymanagement.internal.VersionConfiguringAction] Using version '1.7.25' for dependency 'org.slf4j:slf4j-api:1.7.16'
13:07:24.812 [DEBUG] [org.gradle.api.internal.artifacts.ivyservice.ivyresolve.RepositoryChainComponentMetaDataResolver] Attempting to resolve component for net.minidev:json-smart:2.2.1 using repositories [MavenRepo]
13:07:24.812 [DEBUG] [org.gradle.api.internal.artifacts.ivyservice.ivyresolve.CachingModuleComponentRepository] Using cached module metadata for module 'net.minidev:json-smart:2.2.1' in 'MavenRepo'
13:07:24.812 [DEBUG] [org.gradle.api.internal.artifacts.ivyservice.ivyresolve.RepositoryChainComponentMetaDataResolver] Using net.minidev:json-smart:2.2.1 from Maven repository 'MavenRepo'
13:07:24.812 [DEBUG] [org.gradle.api.internal.artifacts.ivyservice.ivyresolve.RepositoryChainComponentMetaDataResolver] Attempting to resolve component for org.slf4j:slf4j-api:1.7.25 using repositories [MavenRepo]
13:07:24.812 [DEBUG] [org.gradle.api.internal.artifacts.ivyservice.ivyresolve.CachingModuleComponentRepository] Using cached module metadata for module 'org.slf4j:slf4j-api:1.7.25' in 'MavenRepo'
13:07:24.812 [DEBUG] [org.gradle.api.internal.artifacts.ivyservice.ivyresolve.RepositoryChainComponentMetaDataResolver] Using org.slf4j:slf4j-api:1.7.25 from Maven repository 'MavenRepo'
13:07:24.813 [DEBUG] [org.gradle.api.internal.artifacts.ivyservice.resolveengine.graph.builder.DependencyGraphBuilder] Visiting configuration junit:junit:4.12(runtime).
13:07:24.813 [DEBUG] [org.gradle.api.internal.artifacts.ivyservice.resolveengine.graph.builder.DependencyGraphBuilder] Visiting configuration org.assertj:assertj-core:2.6.0(runtime).
13:07:24.813 [DEBUG] [org.gradle.api.internal.artifacts.ivyservice.resolveengine.graph.builder.DependencyGraphBuilder] Visiting configuration org.mockito:mockito-core:1.10.19(runtime).
13:07:24.813 [DEBUG] [io.spring.gradle.dependencymanagement.internal.VersionConfiguringAction] Processing dependency 'org.hamcrest:hamcrest-core:1.1'
13:07:24.813 [DEBUG] [io.spring.gradle.dependencymanagement.internal.DependencyManagementContainer] Found managed version '1.3' for dependency 'org.hamcrest:hamcrest-core' in global dependency management
13:07:24.813 [DEBUG] [io.spring.gradle.dependencymanagement.internal.VersionConfiguringAction] Using version '1.3' for dependency 'org.hamcrest:hamcrest-core:1.1'
13:07:24.813 [DEBUG] [io.spring.gradle.dependencymanagement.internal.VersionConfiguringAction] Processing dependency 'org.objenesis:objenesis:2.1'
13:07:24.813 [DEBUG] [io.spring.gradle.dependencymanagement.internal.VersionConfiguringAction] No dependency management for dependency 'org.objenesis:objenesis:2.1'
13:07:24.813 [DEBUG] [org.gradle.api.internal.artifacts.ivyservice.ivyresolve.RepositoryChainComponentMetaDataResolver] Attempting to resolve component for org.objenesis:objenesis:2.1 using repositories [MavenRepo]
13:07:24.813 [DEBUG] [org.gradle.api.internal.artifacts.ivyservice.ivyresolve.CachingModuleComponentRepository] Using cached module metadata for module 'org.objenesis:objenesis:2.1' in 'MavenRepo'
13:07:24.813 [DEBUG] [org.gradle.api.internal.artifacts.ivyservice.ivyresolve.RepositoryChainComponentMetaDataResolver] Using org.objenesis:objenesis:2.1 from Maven repository 'MavenRepo'
13:07:24.813 [DEBUG] [org.gradle.api.internal.artifacts.ivyservice.resolveengine.graph.builder.DependencyGraphBuilder] Visiting configuration org.hamcrest:hamcrest-core:1.3(runtime).
13:07:24.813 [DEBUG] [org.gradle.api.internal.artifacts.ivyservice.resolveengine.graph.builder.DependencyGraphBuilder] Visiting configuration org.hamcrest:hamcrest-library:1.3(runtime).
13:07:24.813 [DEBUG] [org.gradle.api.internal.artifacts.ivyservice.resolveengine.graph.builder.DependencyGraphBuilder] Visiting configuration org.skyscreamer:jsonassert:1.4.0(runtime).
13:07:24.813 [DEBUG] [io.spring.gradle.dependencymanagement.internal.VersionConfiguringAction] Processing dependency 'com.vaadin.external.google:android-json:0.0.20131108.vaadin1'
13:07:24.813 [DEBUG] [io.spring.gradle.dependencymanagement.internal.VersionConfiguringAction] No dependency management for dependency 'com.vaadin.external.google:android-json:0.0.20131108.vaadin1'
13:07:24.813 [DEBUG] [org.gradle.api.internal.artifacts.ivyservice.ivyresolve.RepositoryChainComponentMetaDataResolver] Attempting to resolve component for com.vaadin.external.google:android-json:0.0.20131108.vaadin1 using repositories [MavenRepo]
13:07:24.814 [DEBUG] [org.gradle.api.internal.artifacts.ivyservice.ivyresolve.CachingModuleComponentRepository] Using cached module metadata for module 'com.vaadin.external.google:android-json:0.0.20131108.vaadin1' in 'MavenRepo'
13:07:24.814 [DEBUG] [org.gradle.api.internal.artifacts.ivyservice.ivyresolve.RepositoryChainComponentMetaDataResolver] Using com.vaadin.external.google:android-json:0.0.20131108.vaadin1 from Maven repository 'MavenRepo'
13:07:24.814 [DEBUG] [org.gradle.api.internal.artifacts.ivyservice.resolveengine.graph.builder.DependencyGraphBuilder] Visiting configuration org.springframework:spring-core:4.3.9.RELEASE(runtime).
13:07:24.814 [DEBUG] [org.gradle.api.internal.artifacts.ivyservice.resolveengine.graph.builder.DependencyGraphBuilder] commons-logging:commons-logging is excluded from org.springframework:spring-core:4.3.9.RELEASE(runtime).
13:07:24.814 [DEBUG] [org.gradle.api.internal.artifacts.ivyservice.resolveengine.graph.builder.DependencyGraphBuilder] Visiting configuration org.springframework:spring-test:4.3.9.RELEASE(runtime).
13:07:24.814 [DEBUG] [org.gradle.api.internal.artifacts.ivyservice.resolveengine.graph.builder.DependencyGraphBuilder] Visiting configuration org.springframework.boot:spring-boot-starter:1.5.4.RELEASE(runtime).
13:07:24.814 [DEBUG] [io.spring.gradle.dependencymanagement.internal.VersionConfiguringAction] Processing dependency 'org.springframework.boot:spring-boot-starter-logging:1.5.4.RELEASE'
13:07:24.814 [DEBUG] [io.spring.gradle.dependencymanagement.internal.DependencyManagementContainer] Found managed version '1.5.4.RELEASE' for dependency 'org.springframework.boot:spring-boot-starter-logging' in global dependency management
13:07:24.814 [DEBUG] [io.spring.gradle.dependencymanagement.internal.VersionConfiguringAction] Using version '1.5.4.RELEASE' for dependency 'org.springframework.boot:spring-boot-starter-logging:1.5.4.RELEASE'
13:07:24.814 [DEBUG] [io.spring.gradle.dependencymanagement.internal.VersionConfiguringAction] Processing dependency 'org.yaml:snakeyaml:1.17'
13:07:24.814 [DEBUG] [io.spring.gradle.dependencymanagement.internal.DependencyManagementContainer] Found managed version '1.17' for dependency 'org.yaml:snakeyaml' in global dependency management
13:07:24.814 [DEBUG] [io.spring.gradle.dependencymanagement.internal.VersionConfiguringAction] Using version '1.17' for dependency 'org.yaml:snakeyaml:1.17'
13:07:24.814 [DEBUG] [org.gradle.api.internal.artifacts.ivyservice.ivyresolve.RepositoryChainComponentMetaDataResolver] Attempting to resolve component for org.springframework.boot:spring-boot-starter-logging:1.5.4.RELEASE using repositories [MavenRepo]
13:07:24.814 [DEBUG] [org.gradle.api.internal.artifacts.ivyservice.ivyresolve.CachingModuleComponentRepository] Using cached module metadata for module 'org.springframework.boot:spring-boot-starter-logging:1.5.4.RELEASE' in 'MavenRepo'
13:07:24.814 [DEBUG] [org.gradle.api.internal.artifacts.ivyservice.ivyresolve.RepositoryChainComponentMetaDataResolver] Using org.springframework.boot:spring-boot-starter-logging:1.5.4.RELEASE from Maven repository 'MavenRepo'
13:07:24.814 [DEBUG] [org.gradle.api.internal.artifacts.ivyservice.ivyresolve.RepositoryChainComponentMetaDataResolver] Attempting to resolve component for org.yaml:snakeyaml:1.17 using repositories [MavenRepo]
13:07:24.814 [DEBUG] [org.gradle.api.internal.artifacts.ivyservice.ivyresolve.CachingModuleComponentRepository] Using cached module metadata for module 'org.yaml:snakeyaml:1.17' in 'MavenRepo'
13:07:24.814 [DEBUG] [org.gradle.api.internal.artifacts.ivyservice.ivyresolve.RepositoryChainComponentMetaDataResolver] Using org.yaml:snakeyaml:1.17 from Maven repository 'MavenRepo'
13:07:24.815 [DEBUG] [org.gradle.api.internal.artifacts.ivyservice.resolveengine.graph.builder.DependencyGraphBuilder] Visiting configuration org.springframework.boot:spring-boot-starter-tomcat:1.5.4.RELEASE(runtime).
13:07:24.815 [DEBUG] [io.spring.gradle.dependencymanagement.internal.VersionConfiguringAction] Processing dependency 'org.apache.tomcat.embed:tomcat-embed-core:8.5.15'
13:07:24.815 [DEBUG] [io.spring.gradle.dependencymanagement.internal.DependencyManagementContainer] Found managed version '8.5.15' for dependency 'org.apache.tomcat.embed:tomcat-embed-core' in global dependency management
13:07:24.815 [DEBUG] [io.spring.gradle.dependencymanagement.internal.VersionConfiguringAction] Using version '8.5.15' for dependency 'org.apache.tomcat.embed:tomcat-embed-core:8.5.15'
13:07:24.815 [DEBUG] [io.spring.gradle.dependencymanagement.internal.VersionConfiguringAction] Processing dependency 'org.apache.tomcat.embed:tomcat-embed-el:8.5.15'
13:07:24.815 [DEBUG] [io.spring.gradle.dependencymanagement.internal.DependencyManagementContainer] Found managed version '8.5.15' for dependency 'org.apache.tomcat.embed:tomcat-embed-el' in global dependency management
13:07:24.815 [DEBUG] [io.spring.gradle.dependencymanagement.internal.VersionConfiguringAction] Using version '8.5.15' for dependency 'org.apache.tomcat.embed:tomcat-embed-el:8.5.15'
13:07:24.815 [DEBUG] [io.spring.gradle.dependencymanagement.internal.VersionConfiguringAction] Processing dependency 'org.apache.tomcat.embed:tomcat-embed-websocket:8.5.15'
13:07:24.815 [DEBUG] [io.spring.gradle.dependencymanagement.internal.DependencyManagementContainer] Found managed version '8.5.15' for dependency 'org.apache.tomcat.embed:tomcat-embed-websocket' in global dependency management
13:07:24.815 [DEBUG] [io.spring.gradle.dependencymanagement.internal.VersionConfiguringAction] Using version '8.5.15' for dependency 'org.apache.tomcat.embed:tomcat-embed-websocket:8.5.15'
13:07:24.815 [DEBUG] [org.gradle.api.internal.artifacts.ivyservice.ivyresolve.RepositoryChainComponentMetaDataResolver] Attempting to resolve component for org.apache.tomcat.embed:tomcat-embed-core:8.5.15 using repositories [MavenRepo]
13:07:24.815 [DEBUG] [org.gradle.api.internal.artifacts.ivyservice.ivyresolve.CachingModuleComponentRepository] Using cached module metadata for module 'org.apache.tomcat.embed:tomcat-embed-core:8.5.15' in 'MavenRepo'
13:07:24.815 [DEBUG] [org.gradle.api.internal.artifacts.ivyservice.ivyresolve.RepositoryChainComponentMetaDataResolver] Using org.apache.tomcat.embed:tomcat-embed-core:8.5.15 from Maven repository 'MavenRepo'
13:07:24.815 [DEBUG] [org.gradle.api.internal.artifacts.ivyservice.ivyresolve.RepositoryChainComponentMetaDataResolver] Attempting to resolve component for org.apache.tomcat.embed:tomcat-embed-el:8.5.15 using repositories [MavenRepo]
13:07:24.815 [DEBUG] [org.gradle.api.internal.artifacts.ivyservice.ivyresolve.CachingModuleComponentRepository] Using cached module metadata for module 'org.apache.tomcat.embed:tomcat-embed-el:8.5.15' in 'MavenRepo'
13:07:24.815 [DEBUG] [org.gradle.api.internal.artifacts.ivyservice.ivyresolve.RepositoryChainComponentMetaDataResolver] Using org.apache.tomcat.embed:tomcat-embed-el:8.5.15 from Maven repository 'MavenRepo'
13:07:24.815 [DEBUG] [org.gradle.api.internal.artifacts.ivyservice.ivyresolve.RepositoryChainComponentMetaDataResolver] Attempting to resolve component for org.apache.tomcat.embed:tomcat-embed-websocket:8.5.15 using repositories [MavenRepo]
13:07:24.815 [DEBUG] [org.gradle.api.internal.artifacts.ivyservice.ivyresolve.CachingModuleComponentRepository] Using cached module metadata for module 'org.apache.tomcat.embed:tomcat-embed-websocket:8.5.15' in 'MavenRepo'
13:07:24.816 [DEBUG] [org.gradle.api.internal.artifacts.ivyservice.ivyresolve.RepositoryChainComponentMetaDataResolver] Using org.apache.tomcat.embed:tomcat-embed-websocket:8.5.15 from Maven repository 'MavenRepo'
13:07:24.816 [DEBUG] [org.gradle.api.internal.artifacts.ivyservice.resolveengine.graph.builder.DependencyGraphBuilder] Visiting configuration org.hibernate:hibernate-validator:5.3.5.Final(runtime).
13:07:24.816 [DEBUG] [io.spring.gradle.dependencymanagement.internal.VersionConfiguringAction] Processing dependency 'javax.validation:validation-api:1.1.0.Final'
13:07:24.816 [DEBUG] [io.spring.gradle.dependencymanagement.internal.DependencyManagementContainer] Found managed version '1.1.0.Final' for dependency 'javax.validation:validation-api' in global dependency management
13:07:24.816 [DEBUG] [io.spring.gradle.dependencymanagement.internal.VersionConfiguringAction] Using version '1.1.0.Final' for dependency 'javax.validation:validation-api:1.1.0.Final'
13:07:24.816 [DEBUG] [io.spring.gradle.dependencymanagement.internal.VersionConfiguringAction] Processing dependency 'org.jboss.logging:jboss-logging:3.3.0.Final'
13:07:24.816 [DEBUG] [io.spring.gradle.dependencymanagement.internal.DependencyManagementContainer] Found managed version '3.3.1.Final' for dependency 'org.jboss.logging:jboss-logging' in global dependency management
13:07:24.816 [DEBUG] [io.spring.gradle.dependencymanagement.internal.VersionConfiguringAction] Using version '3.3.1.Final' for dependency 'org.jboss.logging:jboss-logging:3.3.0.Final'
13:07:24.816 [DEBUG] [io.spring.gradle.dependencymanagement.internal.VersionConfiguringAction] Processing dependency 'com.fasterxml:classmate:1.3.1'
13:07:24.816 [DEBUG] [io.spring.gradle.dependencymanagement.internal.DependencyManagementContainer] Found managed version '1.3.3' for dependency 'com.fasterxml:classmate' in global dependency management
13:07:24.816 [DEBUG] [io.spring.gradle.dependencymanagement.internal.VersionConfiguringAction] Using version '1.3.3' for dependency 'com.fasterxml:classmate:1.3.1'
13:07:24.816 [DEBUG] [org.gradle.api.internal.artifacts.ivyservice.ivyresolve.RepositoryChainComponentMetaDataResolver] Attempting to resolve component for javax.validation:validation-api:1.1.0.Final using repositories [MavenRepo]
13:07:24.816 [DEBUG] [org.gradle.api.internal.artifacts.ivyservice.ivyresolve.CachingModuleComponentRepository] Using cached module metadata for module 'javax.validation:validation-api:1.1.0.Final' in 'MavenRepo'
13:07:24.816 [DEBUG] [org.gradle.api.internal.artifacts.ivyservice.ivyresolve.RepositoryChainComponentMetaDataResolver] Using javax.validation:validation-api:1.1.0.Final from Maven repository 'MavenRepo'
13:07:24.816 [DEBUG] [org.gradle.api.internal.artifacts.ivyservice.ivyresolve.RepositoryChainComponentMetaDataResolver] Attempting to resolve component for org.jboss.logging:jboss-logging:3.3.1.Final using repositories [MavenRepo]
13:07:24.816 [DEBUG] [org.gradle.api.internal.artifacts.ivyservice.ivyresolve.CachingModuleComponentRepository] Using cached module metadata for module 'org.jboss.logging:jboss-logging:3.3.1.Final' in 'MavenRepo'
13:07:24.816 [DEBUG] [org.gradle.api.internal.artifacts.ivyservice.ivyresolve.RepositoryChainComponentMetaDataResolver] Using org.jboss.logging:jboss-logging:3.3.1.Final from Maven repository 'MavenRepo'
13:07:24.816 [DEBUG] [org.gradle.api.internal.artifacts.ivyservice.ivyresolve.RepositoryChainComponentMetaDataResolver] Attempting to resolve component for com.fasterxml:classmate:1.3.3 using repositories [MavenRepo]
13:07:24.817 [DEBUG] [org.gradle.api.internal.artifacts.ivyservice.ivyresolve.CachingModuleComponentRepository] Using cached module metadata for module 'com.fasterxml:classmate:1.3.3' in 'MavenRepo'
13:07:24.817 [DEBUG] [org.gradle.api.internal.artifacts.ivyservice.ivyresolve.RepositoryChainComponentMetaDataResolver] Using com.fasterxml:classmate:1.3.3 from Maven repository 'MavenRepo'
13:07:24.817 [DEBUG] [org.gradle.api.internal.artifacts.ivyservice.resolveengine.graph.builder.DependencyGraphBuilder] Visiting configuration com.fasterxml.jackson.core:jackson-databind:2.8.8(runtime).
13:07:24.817 [DEBUG] [io.spring.gradle.dependencymanagement.internal.VersionConfiguringAction] Processing dependency 'com.fasterxml.jackson.core:jackson-annotations:2.8.0'
13:07:24.817 [DEBUG] [io.spring.gradle.dependencymanagement.internal.DependencyManagementContainer] Found managed version '2.8.0' for dependency 'com.fasterxml.jackson.core:jackson-annotations' in global dependency management
13:07:24.817 [DEBUG] [io.spring.gradle.dependencymanagement.internal.VersionConfiguringAction] Using version '2.8.0' for dependency 'com.fasterxml.jackson.core:jackson-annotations:2.8.0'
13:07:24.817 [DEBUG] [io.spring.gradle.dependencymanagement.internal.VersionConfiguringAction] Processing dependency 'com.fasterxml.jackson.core:jackson-core:2.8.8'
13:07:24.817 [DEBUG] [io.spring.gradle.dependencymanagement.internal.DependencyManagementContainer] Found managed version '2.8.8' for dependency 'com.fasterxml.jackson.core:jackson-core' in global dependency management
13:07:24.817 [DEBUG] [io.spring.gradle.dependencymanagement.internal.VersionConfiguringAction] Using version '2.8.8' for dependency 'com.fasterxml.jackson.core:jackson-core:2.8.8'
13:07:24.817 [DEBUG] [org.gradle.api.internal.artifacts.ivyservice.ivyresolve.RepositoryChainComponentMetaDataResolver] Attempting to resolve component for com.fasterxml.jackson.core:jackson-annotations:2.8.0 using repositories [MavenRepo]
13:07:24.817 [DEBUG] [org.gradle.api.internal.artifacts.ivyservice.ivyresolve.CachingModuleComponentRepository] Using cached module metadata for module 'com.fasterxml.jackson.core:jackson-annotations:2.8.0' in 'MavenRepo'
13:07:24.817 [DEBUG] [org.gradle.api.internal.artifacts.ivyservice.ivyresolve.RepositoryChainComponentMetaDataResolver] Using com.fasterxml.jackson.core:jackson-annotations:2.8.0 from Maven repository 'MavenRepo'
13:07:24.817 [DEBUG] [org.gradle.api.internal.artifacts.ivyservice.ivyresolve.RepositoryChainComponentMetaDataResolver] Attempting to resolve component for com.fasterxml.jackson.core:jackson-core:2.8.8 using repositories [MavenRepo]
13:07:24.817 [DEBUG] [org.gradle.api.internal.artifacts.ivyservice.ivyresolve.CachingModuleComponentRepository] Using cached module metadata for module 'com.fasterxml.jackson.core:jackson-core:2.8.8' in 'MavenRepo'
13:07:24.817 [DEBUG] [org.gradle.api.internal.artifacts.ivyservice.ivyresolve.RepositoryChainComponentMetaDataResolver] Using com.fasterxml.jackson.core:jackson-core:2.8.8 from Maven repository 'MavenRepo'
13:07:24.817 [DEBUG] [org.gradle.api.internal.artifacts.ivyservice.resolveengine.graph.builder.DependencyGraphBuilder] Visiting configuration org.springframework:spring-web:4.3.9.RELEASE(runtime).
13:07:24.817 [DEBUG] [io.spring.gradle.dependencymanagement.internal.VersionConfiguringAction] Processing dependency 'org.springframework:spring-aop:4.3.9.RELEASE'
13:07:24.817 [DEBUG] [io.spring.gradle.dependencymanagement.internal.DependencyManagementContainer] Found managed version '4.3.9.RELEASE' for dependency 'org.springframework:spring-aop' in global dependency management
13:07:24.817 [DEBUG] [io.spring.gradle.dependencymanagement.internal.VersionConfiguringAction] Using version '4.3.9.RELEASE' for dependency 'org.springframework:spring-aop:4.3.9.RELEASE'
13:07:24.817 [DEBUG] [io.spring.gradle.dependencymanagement.internal.VersionConfiguringAction] Processing dependency 'org.springframework:spring-beans:4.3.9.RELEASE'
13:07:24.817 [DEBUG] [io.spring.gradle.dependencymanagement.internal.DependencyManagementContainer] Found managed version '4.3.9.RELEASE' for dependency 'org.springframework:spring-beans' in global dependency management
13:07:24.817 [DEBUG] [io.spring.gradle.dependencymanagement.internal.VersionConfiguringAction] Using version '4.3.9.RELEASE' for dependency 'org.springframework:spring-beans:4.3.9.RELEASE'
13:07:24.817 [DEBUG] [io.spring.gradle.dependencymanagement.internal.VersionConfiguringAction] Processing dependency 'org.springframework:spring-context:4.3.9.RELEASE'
13:07:24.817 [DEBUG] [io.spring.gradle.dependencymanagement.internal.DependencyManagementContainer] Found managed version '4.3.9.RELEASE' for dependency 'org.springframework:spring-context' in global dependency management
13:07:24.817 [DEBUG] [io.spring.gradle.dependencymanagement.internal.VersionConfiguringAction] Using version '4.3.9.RELEASE' for dependency 'org.springframework:spring-context:4.3.9.RELEASE'
13:07:24.817 [DEBUG] [org.gradle.api.internal.artifacts.ivyservice.ivyresolve.RepositoryChainComponentMetaDataResolver] Attempting to resolve component for org.springframework:spring-aop:4.3.9.RELEASE using repositories [MavenRepo]
13:07:24.818 [DEBUG] [org.gradle.api.internal.artifacts.ivyservice.ivyresolve.CachingModuleComponentRepository] Using cached module metadata for module 'org.springframework:spring-aop:4.3.9.RELEASE' in 'MavenRepo'
13:07:24.818 [DEBUG] [org.gradle.api.internal.artifacts.ivyservice.ivyresolve.RepositoryChainComponentMetaDataResolver] Using org.springframework:spring-aop:4.3.9.RELEASE from Maven repository 'MavenRepo'
13:07:24.818 [DEBUG] [org.gradle.api.internal.artifacts.ivyservice.ivyresolve.RepositoryChainComponentMetaDataResolver] Attempting to resolve component for org.springframework:spring-beans:4.3.9.RELEASE using repositories [MavenRepo]
13:07:24.818 [DEBUG] [org.gradle.api.internal.artifacts.ivyservice.ivyresolve.CachingModuleComponentRepository] Using cached module metadata for module 'org.springframework:spring-beans:4.3.9.RELEASE' in 'MavenRepo'
13:07:24.818 [DEBUG] [org.gradle.api.internal.artifacts.ivyservice.ivyresolve.RepositoryChainComponentMetaDataResolver] Using org.springframework:spring-beans:4.3.9.RELEASE from Maven repository 'MavenRepo'
13:07:24.818 [DEBUG] [org.gradle.api.internal.artifacts.ivyservice.ivyresolve.RepositoryChainComponentMetaDataResolver] Attempting to resolve component for org.springframework:spring-context:4.3.9.RELEASE using repositories [MavenRepo]
13:07:24.818 [DEBUG] [org.gradle.api.internal.artifacts.ivyservice.ivyresolve.CachingModuleComponentRepository] Using cached module metadata for module 'org.springframework:spring-context:4.3.9.RELEASE' in 'MavenRepo'
13:07:24.818 [DEBUG] [org.gradle.api.internal.artifacts.ivyservice.ivyresolve.RepositoryChainComponentMetaDataResolver] Using org.springframework:spring-context:4.3.9.RELEASE from Maven repository 'MavenRepo'
13:07:24.818 [DEBUG] [org.gradle.api.internal.artifacts.ivyservice.resolveengine.graph.builder.DependencyGraphBuilder] Visiting configuration org.springframework:spring-webmvc:4.3.9.RELEASE(runtime).
13:07:24.818 [DEBUG] [io.spring.gradle.dependencymanagement.internal.VersionConfiguringAction] Processing dependency 'org.springframework:spring-expression:4.3.9.RELEASE'
13:07:24.818 [DEBUG] [io.spring.gradle.dependencymanagement.internal.DependencyManagementContainer] Found managed version '4.3.9.RELEASE' for dependency 'org.springframework:spring-expression' in global dependency management
13:07:24.818 [DEBUG] [io.spring.gradle.dependencymanagement.internal.VersionConfiguringAction] Using version '4.3.9.RELEASE' for dependency 'org.springframework:spring-expression:4.3.9.RELEASE'
13:07:24.818 [DEBUG] [org.gradle.api.internal.artifacts.ivyservice.ivyresolve.RepositoryChainComponentMetaDataResolver] Attempting to resolve component for org.springframework:spring-expression:4.3.9.RELEASE using repositories [MavenRepo]
13:07:24.818 [DEBUG] [org.gradle.api.internal.artifacts.ivyservice.ivyresolve.CachingModuleComponentRepository] Using cached module metadata for module 'org.springframework:spring-expression:4.3.9.RELEASE' in 'MavenRepo'
13:07:24.818 [DEBUG] [org.gradle.api.internal.artifacts.ivyservice.ivyresolve.RepositoryChainComponentMetaDataResolver] Using org.springframework:spring-expression:4.3.9.RELEASE from Maven repository 'MavenRepo'
13:07:24.818 [DEBUG] [org.gradle.api.internal.artifacts.ivyservice.resolveengine.graph.builder.DependencyGraphBuilder] Visiting configuration org.mongodb:mongodb-driver:3.4.2(runtime).
13:07:24.818 [DEBUG] [io.spring.gradle.dependencymanagement.internal.VersionConfiguringAction] Processing dependency 'org.mongodb:bson:3.4.2'
13:07:24.818 [DEBUG] [io.spring.gradle.dependencymanagement.internal.VersionConfiguringAction] No dependency management for dependency 'org.mongodb:bson:3.4.2'
13:07:24.818 [DEBUG] [io.spring.gradle.dependencymanagement.internal.VersionConfiguringAction] Processing dependency 'org.mongodb:mongodb-driver-core:3.4.2'
13:07:24.818 [DEBUG] [io.spring.gradle.dependencymanagement.internal.VersionConfiguringAction] No dependency management for dependency 'org.mongodb:mongodb-driver-core:3.4.2'
13:07:24.818 [DEBUG] [org.gradle.api.internal.artifacts.ivyservice.ivyresolve.RepositoryChainComponentMetaDataResolver] Attempting to resolve component for org.mongodb:bson:3.4.2 using repositories [MavenRepo]
13:07:24.818 [DEBUG] [org.gradle.api.internal.artifacts.ivyservice.ivyresolve.CachingModuleComponentRepository] Using cached module metadata for module 'org.mongodb:bson:3.4.2' in 'MavenRepo'
13:07:24.818 [DEBUG] [org.gradle.api.internal.artifacts.ivyservice.ivyresolve.RepositoryChainComponentMetaDataResolver] Using org.mongodb:bson:3.4.2 from Maven repository 'MavenRepo'
13:07:24.818 [DEBUG] [org.gradle.api.internal.artifacts.ivyservice.ivyresolve.RepositoryChainComponentMetaDataResolver] Attempting to resolve component for org.mongodb:mongodb-driver-core:3.4.2 using repositories [MavenRepo]
13:07:24.818 [DEBUG] [org.gradle.api.internal.artifacts.ivyservice.ivyresolve.CachingModuleComponentRepository] Using cached module metadata for module 'org.mongodb:mongodb-driver-core:3.4.2' in 'MavenRepo'
13:07:24.818 [DEBUG] [org.gradle.api.internal.artifacts.ivyservice.ivyresolve.RepositoryChainComponentMetaDataResolver] Using org.mongodb:mongodb-driver-core:3.4.2 from Maven repository 'MavenRepo'
13:07:24.819 [DEBUG] [org.gradle.api.internal.artifacts.ivyservice.resolveengine.graph.builder.DependencyGraphBuilder] Visiting configuration org.springframework.data:spring-data-mongodb:1.10.4.RELEASE(runtime).
13:07:24.819 [DEBUG] [io.spring.gradle.dependencymanagement.internal.VersionConfiguringAction] Processing dependency 'org.springframework:spring-tx:4.3.9.RELEASE'
13:07:24.819 [DEBUG] [io.spring.gradle.dependencymanagement.internal.DependencyManagementContainer] Found managed version '4.3.9.RELEASE' for dependency 'org.springframework:spring-tx' in global dependency management
13:07:24.819 [DEBUG] [io.spring.gradle.dependencymanagement.internal.VersionConfiguringAction] Using version '4.3.9.RELEASE' for dependency 'org.springframework:spring-tx:4.3.9.RELEASE'
13:07:24.819 [DEBUG] [io.spring.gradle.dependencymanagement.internal.VersionConfiguringAction] Processing dependency 'org.springframework.data:spring-data-commons:1.13.4.RELEASE'
13:07:24.819 [DEBUG] [io.spring.gradle.dependencymanagement.internal.DependencyManagementContainer] Found managed version '1.13.4.RELEASE' for dependency 'org.springframework.data:spring-data-commons' in global dependency management
13:07:24.819 [DEBUG] [io.spring.gradle.dependencymanagement.internal.VersionConfiguringAction] Using version '1.13.4.RELEASE' for dependency 'org.springframework.data:spring-data-commons:1.13.4.RELEASE'
13:07:24.819 [DEBUG] [org.gradle.api.internal.artifacts.ivyservice.resolveengine.graph.builder.DependencyGraphBuilder] org.mongodb:mongo-java-driver is excluded from org.springframework.data:spring-data-mongodb:1.10.4.RELEASE(runtime).
13:07:24.819 [DEBUG] [io.spring.gradle.dependencymanagement.internal.VersionConfiguringAction] Processing dependency 'org.slf4j:slf4j-api:1.7.25'
13:07:24.819 [DEBUG] [io.spring.gradle.dependencymanagement.internal.DependencyManagementContainer] Found managed version '1.7.25' for dependency 'org.slf4j:slf4j-api' in global dependency management
13:07:24.819 [DEBUG] [io.spring.gradle.dependencymanagement.internal.VersionConfiguringAction] Using version '1.7.25' for dependency 'org.slf4j:slf4j-api:1.7.25'
13:07:24.819 [DEBUG] [io.spring.gradle.dependencymanagement.internal.VersionConfiguringAction] Processing dependency 'org.slf4j:jcl-over-slf4j:1.7.25'
13:07:24.819 [DEBUG] [io.spring.gradle.dependencymanagement.internal.DependencyManagementContainer] Found managed version '1.7.25' for dependency 'org.slf4j:jcl-over-slf4j' in global dependency management
13:07:24.819 [DEBUG] [io.spring.gradle.dependencymanagement.internal.VersionConfiguringAction] Using version '1.7.25' for dependency 'org.slf4j:jcl-over-slf4j:1.7.25'
13:07:24.819 [DEBUG] [org.gradle.api.internal.artifacts.ivyservice.ivyresolve.RepositoryChainComponentMetaDataResolver] Attempting to resolve component for org.springframework:spring-tx:4.3.9.RELEASE using repositories [MavenRepo]
13:07:24.819 [DEBUG] [org.gradle.api.internal.artifacts.ivyservice.ivyresolve.CachingModuleComponentRepository] Using cached module metadata for module 'org.springframework:spring-tx:4.3.9.RELEASE' in 'MavenRepo'
13:07:24.819 [DEBUG] [org.gradle.api.internal.artifacts.ivyservice.ivyresolve.RepositoryChainComponentMetaDataResolver] Using org.springframework:spring-tx:4.3.9.RELEASE from Maven repository 'MavenRepo'
13:07:24.820 [DEBUG] [org.gradle.api.internal.artifacts.ivyservice.ivyresolve.RepositoryChainComponentMetaDataResolver] Attempting to resolve component for org.springframework.data:spring-data-commons:1.13.4.RELEASE using repositories [MavenRepo]
13:07:24.820 [DEBUG] [org.gradle.api.internal.artifacts.ivyservice.ivyresolve.CachingModuleComponentRepository] Using cached module metadata for module 'org.springframework.data:spring-data-commons:1.13.4.RELEASE' in 'MavenRepo'
13:07:24.820 [DEBUG] [org.gradle.api.internal.artifacts.ivyservice.ivyresolve.RepositoryChainComponentMetaDataResolver] Using org.springframework.data:spring-data-commons:1.13.4.RELEASE from Maven repository 'MavenRepo'
13:07:24.820 [DEBUG] [org.gradle.api.internal.artifacts.ivyservice.ivyresolve.RepositoryChainComponentMetaDataResolver] Attempting to resolve component for org.slf4j:jcl-over-slf4j:1.7.25 using repositories [MavenRepo]
13:07:24.820 [DEBUG] [org.gradle.api.internal.artifacts.ivyservice.ivyresolve.CachingModuleComponentRepository] Using cached module metadata for module 'org.slf4j:jcl-over-slf4j:1.7.25' in 'MavenRepo'
13:07:24.820 [DEBUG] [org.gradle.api.internal.artifacts.ivyservice.ivyresolve.RepositoryChainComponentMetaDataResolver] Using org.slf4j:jcl-over-slf4j:1.7.25 from Maven repository 'MavenRepo'
13:07:24.820 [DEBUG] [org.gradle.api.internal.artifacts.ivyservice.resolveengine.graph.builder.DependencyGraphBuilder] Visiting configuration org.mozilla:rhino:1.7.7.1(runtime).
13:07:24.820 [DEBUG] [org.gradle.api.internal.artifacts.ivyservice.resolveengine.graph.builder.DependencyGraphBuilder] Visiting configuration com.vividsolutions:jts:1.13(runtime).
13:07:24.820 [DEBUG] [org.gradle.api.internal.artifacts.ivyservice.resolveengine.graph.builder.DependencyGraphBuilder] Visiting configuration de.grundid.opendatalab:geojson-jackson:1.2(runtime).
13:07:24.820 [DEBUG] [io.spring.gradle.dependencymanagement.internal.VersionConfiguringAction] Processing dependency 'com.fasterxml.jackson.core:jackson-core:2.2.2'
13:07:24.820 [DEBUG] [io.spring.gradle.dependencymanagement.internal.DependencyManagementContainer] Found managed version '2.8.8' for dependency 'com.fasterxml.jackson.core:jackson-core' in global dependency management
13:07:24.820 [DEBUG] [io.spring.gradle.dependencymanagement.internal.VersionConfiguringAction] Using version '2.8.8' for dependency 'com.fasterxml.jackson.core:jackson-core:2.2.2'
13:07:24.820 [DEBUG] [io.spring.gradle.dependencymanagement.internal.VersionConfiguringAction] Processing dependency 'com.fasterxml.jackson.core:jackson-databind:2.2.2'
13:07:24.820 [DEBUG] [io.spring.gradle.dependencymanagement.internal.DependencyManagementContainer] Found managed version '2.8.8' for dependency 'com.fasterxml.jackson.core:jackson-databind' in global dependency management
13:07:24.820 [DEBUG] [io.spring.gradle.dependencymanagement.internal.VersionConfiguringAction] Using version '2.8.8' for dependency 'com.fasterxml.jackson.core:jackson-databind:2.2.2'
13:07:24.820 [DEBUG] [org.gradle.api.internal.artifacts.ivyservice.resolveengine.graph.builder.DependencyGraphBuilder] Visiting configuration org.springframework.boot:spring-boot:1.5.4.RELEASE(runtime).
13:07:24.820 [DEBUG] [org.gradle.api.internal.artifacts.ivyservice.resolveengine.graph.builder.DependencyGraphBuilder] Visiting configuration org.springframework.boot:spring-boot-test:1.5.4.RELEASE(runtime).
13:07:24.821 [DEBUG] [org.gradle.api.internal.artifacts.ivyservice.resolveengine.graph.builder.DependencyGraphBuilder] Changed edges for org.springframework.boot:spring-boot-test:1.5.4.RELEASE(runtime) selects same versions as previous traversal. ignoring
13:07:24.821 [DEBUG] [org.gradle.api.internal.artifacts.ivyservice.resolveengine.graph.builder.DependencyGraphBuilder] Visiting configuration org.springframework.boot:spring-boot-autoconfigure:1.5.4.RELEASE(runtime).
13:07:24.821 [DEBUG] [org.gradle.api.internal.artifacts.ivyservice.resolveengine.graph.builder.DependencyGraphBuilder] Visiting configuration net.minidev:json-smart:2.2.1(runtime).
13:07:24.821 [DEBUG] [io.spring.gradle.dependencymanagement.internal.VersionConfiguringAction] Processing dependency 'net.minidev:accessors-smart:1.1'
13:07:24.821 [DEBUG] [io.spring.gradle.dependencymanagement.internal.VersionConfiguringAction] No dependency management for dependency 'net.minidev:accessors-smart:1.1'
13:07:24.821 [DEBUG] [org.gradle.api.internal.artifacts.ivyservice.ivyresolve.RepositoryChainComponentMetaDataResolver] Attempting to resolve component for net.minidev:accessors-smart:1.1 using repositories [MavenRepo]
13:07:24.821 [DEBUG] [org.gradle.api.internal.artifacts.ivyservice.ivyresolve.CachingModuleComponentRepository] Using cached module metadata for module 'net.minidev:accessors-smart:1.1' in 'MavenRepo'
13:07:24.821 [DEBUG] [org.gradle.api.internal.artifacts.ivyservice.ivyresolve.RepositoryChainComponentMetaDataResolver] Using net.minidev:accessors-smart:1.1 from Maven repository 'MavenRepo'
13:07:24.821 [DEBUG] [org.gradle.api.internal.artifacts.ivyservice.resolveengine.graph.builder.DependencyGraphBuilder] Visiting configuration org.slf4j:slf4j-api:1.7.25(runtime).
13:07:24.821 [DEBUG] [org.gradle.api.internal.artifacts.ivyservice.resolveengine.graph.builder.DependencyGraphBuilder] Visiting configuration org.objenesis:objenesis:2.1(runtime).
13:07:24.821 [DEBUG] [org.gradle.api.internal.artifacts.ivyservice.resolveengine.graph.builder.DependencyGraphBuilder] Visiting configuration org.hamcrest:hamcrest-core:1.3(runtime).
13:07:24.821 [DEBUG] [org.gradle.api.internal.artifacts.ivyservice.resolveengine.graph.builder.DependencyGraphBuilder] Changed edges for org.hamcrest:hamcrest-core:1.3(runtime) selects same versions as previous traversal. ignoring
13:07:24.821 [DEBUG] [org.gradle.api.internal.artifacts.ivyservice.resolveengine.graph.builder.DependencyGraphBuilder] Visiting configuration com.vaadin.external.google:android-json:0.0.20131108.vaadin1(runtime).
13:07:24.821 [DEBUG] [org.gradle.api.internal.artifacts.ivyservice.resolveengine.graph.builder.DependencyGraphBuilder] Visiting configuration org.springframework:spring-core:4.3.9.RELEASE(runtime).
13:07:24.821 [DEBUG] [org.gradle.api.internal.artifacts.ivyservice.resolveengine.graph.builder.DependencyGraphBuilder] Changed edges for org.springframework:spring-core:4.3.9.RELEASE(runtime) selects same versions as previous traversal. ignoring
13:07:24.821 [DEBUG] [org.gradle.api.internal.artifacts.ivyservice.resolveengine.graph.builder.DependencyGraphBuilder] Visiting configuration org.springframework.boot:spring-boot-starter-logging:1.5.4.RELEASE(runtime).
13:07:24.821 [DEBUG] [io.spring.gradle.dependencymanagement.internal.VersionConfiguringAction] Processing dependency 'ch.qos.logback:logback-classic:1.1.11'
13:07:24.822 [DEBUG] [io.spring.gradle.dependencymanagement.internal.DependencyManagementContainer] Found managed version '1.1.11' for dependency 'ch.qos.logback:logback-classic' in global dependency management
13:07:24.822 [DEBUG] [io.spring.gradle.dependencymanagement.internal.VersionConfiguringAction] Using version '1.1.11' for dependency 'ch.qos.logback:logback-classic:1.1.11'
13:07:24.822 [DEBUG] [io.spring.gradle.dependencymanagement.internal.VersionConfiguringAction] Processing dependency 'org.slf4j:jul-to-slf4j:1.7.25'
13:07:24.822 [DEBUG] [io.spring.gradle.dependencymanagement.internal.DependencyManagementContainer] Found managed version '1.7.25' for dependency 'org.slf4j:jul-to-slf4j' in global dependency management
13:07:24.822 [DEBUG] [io.spring.gradle.dependencymanagement.internal.VersionConfiguringAction] Using version '1.7.25' for dependency 'org.slf4j:jul-to-slf4j:1.7.25'
13:07:24.822 [DEBUG] [io.spring.gradle.dependencymanagement.internal.VersionConfiguringAction] Processing dependency 'org.slf4j:log4j-over-slf4j:1.7.25'
13:07:24.822 [DEBUG] [io.spring.gradle.dependencymanagement.internal.DependencyManagementContainer] Found managed version '1.7.25' for dependency 'org.slf4j:log4j-over-slf4j' in global dependency management
13:07:24.822 [DEBUG] [io.spring.gradle.dependencymanagement.internal.VersionConfiguringAction] Using version '1.7.25' for dependency 'org.slf4j:log4j-over-slf4j:1.7.25'
13:07:24.822 [DEBUG] [org.gradle.api.internal.artifacts.ivyservice.ivyresolve.RepositoryChainComponentMetaDataResolver] Attempting to resolve component for ch.qos.logback:logback-classic:1.1.11 using repositories [MavenRepo]
13:07:24.822 [DEBUG] [org.gradle.api.internal.artifacts.ivyservice.ivyresolve.CachingModuleComponentRepository] Using cached module metadata for module 'ch.qos.logback:logback-classic:1.1.11' in 'MavenRepo'
13:07:24.822 [DEBUG] [org.gradle.api.internal.artifacts.ivyservice.ivyresolve.RepositoryChainComponentMetaDataResolver] Using ch.qos.logback:logback-classic:1.1.11 from Maven repository 'MavenRepo'
13:07:24.822 [DEBUG] [org.gradle.api.internal.artifacts.ivyservice.ivyresolve.RepositoryChainComponentMetaDataResolver] Attempting to resolve component for org.slf4j:jul-to-slf4j:1.7.25 using repositories [MavenRepo]
13:07:24.822 [DEBUG] [org.gradle.api.internal.artifacts.ivyservice.ivyresolve.CachingModuleComponentRepository] Using cached module metadata for module 'org.slf4j:jul-to-slf4j:1.7.25' in 'MavenRepo'
13:07:24.822 [DEBUG] [org.gradle.api.internal.artifacts.ivyservice.ivyresolve.RepositoryChainComponentMetaDataResolver] Using org.slf4j:jul-to-slf4j:1.7.25 from Maven repository 'MavenRepo'
13:07:24.822 [DEBUG] [org.gradle.api.internal.artifacts.ivyservice.ivyresolve.RepositoryChainComponentMetaDataResolver] Attempting to resolve component for org.slf4j:log4j-over-slf4j:1.7.25 using repositories [MavenRepo]
13:07:24.822 [DEBUG] [org.gradle.api.internal.artifacts.ivyservice.ivyresolve.CachingModuleComponentRepository] Using cached module metadata for module 'org.slf4j:log4j-over-slf4j:1.7.25' in 'MavenRepo'
13:07:24.823 [DEBUG] [org.gradle.api.internal.artifacts.ivyservice.ivyresolve.RepositoryChainComponentMetaDataResolver] Using org.slf4j:log4j-over-slf4j:1.7.25 from Maven repository 'MavenRepo'
13:07:24.823 [DEBUG] [org.gradle.api.internal.artifacts.ivyservice.resolveengine.graph.builder.DependencyGraphBuilder] Visiting configuration org.yaml:snakeyaml:1.17(runtime).
13:07:24.823 [DEBUG] [org.gradle.api.internal.artifacts.ivyservice.resolveengine.graph.builder.DependencyGraphBuilder] Visiting configuration org.apache.tomcat.embed:tomcat-embed-core:8.5.15(runtime).
13:07:24.823 [DEBUG] [org.gradle.api.internal.artifacts.ivyservice.resolveengine.graph.builder.DependencyGraphBuilder] Visiting configuration org.apache.tomcat.embed:tomcat-embed-el:8.5.15(runtime).
13:07:24.823 [DEBUG] [org.gradle.api.internal.artifacts.ivyservice.resolveengine.graph.builder.DependencyGraphBuilder] Visiting configuration org.apache.tomcat.embed:tomcat-embed-websocket:8.5.15(runtime).
13:07:24.823 [DEBUG] [org.gradle.api.internal.artifacts.ivyservice.resolveengine.graph.builder.DependencyGraphBuilder] Visiting configuration javax.validation:validation-api:1.1.0.Final(runtime).
13:07:24.823 [DEBUG] [org.gradle.api.internal.artifacts.ivyservice.resolveengine.graph.builder.DependencyGraphBuilder] Visiting configuration org.jboss.logging:jboss-logging:3.3.1.Final(runtime).
13:07:24.823 [DEBUG] [org.gradle.api.internal.artifacts.ivyservice.resolveengine.graph.builder.DependencyGraphBuilder] Visiting configuration com.fasterxml:classmate:1.3.3(runtime).
13:07:24.823 [DEBUG] [org.gradle.api.internal.artifacts.ivyservice.resolveengine.graph.builder.DependencyGraphBuilder] Visiting configuration com.fasterxml.jackson.core:jackson-annotations:2.8.0(runtime).
13:07:24.823 [DEBUG] [org.gradle.api.internal.artifacts.ivyservice.resolveengine.graph.builder.DependencyGraphBuilder] Visiting configuration com.fasterxml.jackson.core:jackson-core:2.8.8(runtime).
13:07:24.823 [DEBUG] [org.gradle.api.internal.artifacts.ivyservice.resolveengine.graph.builder.DependencyGraphBuilder] Visiting configuration org.springframework:spring-aop:4.3.9.RELEASE(runtime).
13:07:24.823 [DEBUG] [org.gradle.api.internal.artifacts.ivyservice.resolveengine.graph.builder.DependencyGraphBuilder] Visiting configuration org.springframework:spring-beans:4.3.9.RELEASE(runtime).
13:07:24.823 [DEBUG] [org.gradle.api.internal.artifacts.ivyservice.resolveengine.graph.builder.DependencyGraphBuilder] Visiting configuration org.springframework:spring-context:4.3.9.RELEASE(runtime).
13:07:24.823 [DEBUG] [org.gradle.api.internal.artifacts.ivyservice.resolveengine.graph.builder.DependencyGraphBuilder] Visiting configuration org.springframework:spring-expression:4.3.9.RELEASE(runtime).
13:07:24.823 [DEBUG] [org.gradle.api.internal.artifacts.ivyservice.resolveengine.graph.builder.DependencyGraphBuilder] Visiting configuration org.springframework:spring-web:4.3.9.RELEASE(runtime).
13:07:24.823 [DEBUG] [org.gradle.api.internal.artifacts.ivyservice.resolveengine.graph.builder.DependencyGraphBuilder] Changed edges for org.springframework:spring-web:4.3.9.RELEASE(runtime) selects same versions as previous traversal. ignoring
13:07:24.824 [DEBUG] [org.gradle.api.internal.artifacts.ivyservice.resolveengine.graph.builder.DependencyGraphBuilder] Visiting configuration org.mongodb:bson:3.4.2(runtime).
13:07:24.824 [DEBUG] [org.gradle.api.internal.artifacts.ivyservice.resolveengine.graph.builder.DependencyGraphBuilder] Visiting configuration org.mongodb:mongodb-driver-core:3.4.2(runtime).
13:07:24.824 [DEBUG] [org.gradle.api.internal.artifacts.ivyservice.resolveengine.graph.builder.DependencyGraphBuilder] Visiting configuration org.springframework:spring-tx:4.3.9.RELEASE(runtime).
13:07:24.824 [DEBUG] [org.gradle.api.internal.artifacts.ivyservice.resolveengine.graph.builder.DependencyGraphBuilder] Visiting configuration org.springframework.data:spring-data-commons:1.13.4.RELEASE(runtime).
13:07:24.824 [DEBUG] [org.gradle.api.internal.artifacts.ivyservice.resolveengine.graph.builder.DependencyGraphBuilder] Visiting configuration org.slf4j:jcl-over-slf4j:1.7.25(runtime).
13:07:24.824 [DEBUG] [org.gradle.api.internal.artifacts.ivyservice.resolveengine.graph.builder.DependencyGraphBuilder] Visiting configuration com.fasterxml.jackson.core:jackson-databind:2.8.8(runtime).
13:07:24.824 [DEBUG] [org.gradle.api.internal.artifacts.ivyservice.resolveengine.graph.builder.DependencyGraphBuilder] Changed edges for com.fasterxml.jackson.core:jackson-databind:2.8.8(runtime) selects same versions as previous traversal. ignoring
13:07:24.824 [DEBUG] [org.gradle.api.internal.artifacts.ivyservice.resolveengine.graph.builder.DependencyGraphBuilder] Visiting configuration org.springframework.boot:spring-boot:1.5.4.RELEASE(runtime).
13:07:24.824 [DEBUG] [org.gradle.api.internal.artifacts.ivyservice.resolveengine.graph.builder.DependencyGraphBuilder] Changed edges for org.springframework.boot:spring-boot:1.5.4.RELEASE(runtime) selects same versions as previous traversal. ignoring
13:07:24.824 [DEBUG] [org.gradle.api.internal.artifacts.ivyservice.resolveengine.graph.builder.DependencyGraphBuilder] Visiting configuration net.minidev:accessors-smart:1.1(runtime).
13:07:24.824 [DEBUG] [io.spring.gradle.dependencymanagement.internal.VersionConfiguringAction] Processing dependency 'org.ow2.asm:asm:5.0.3'
13:07:24.824 [DEBUG] [io.spring.gradle.dependencymanagement.internal.VersionConfiguringAction] No dependency management for dependency 'org.ow2.asm:asm:5.0.3'
13:07:24.824 [DEBUG] [org.gradle.api.internal.artifacts.ivyservice.ivyresolve.RepositoryChainComponentMetaDataResolver] Attempting to resolve component for org.ow2.asm:asm:5.0.3 using repositories [MavenRepo]
13:07:24.824 [DEBUG] [org.gradle.api.internal.artifacts.ivyservice.ivyresolve.CachingModuleComponentRepository] Using cached module metadata for module 'org.ow2.asm:asm:5.0.3' in 'MavenRepo'
13:07:24.824 [DEBUG] [org.gradle.api.internal.artifacts.ivyservice.ivyresolve.RepositoryChainComponentMetaDataResolver] Using org.ow2.asm:asm:5.0.3 from Maven repository 'MavenRepo'
13:07:24.824 [DEBUG] [org.gradle.api.internal.artifacts.ivyservice.resolveengine.graph.builder.DependencyGraphBuilder] Visiting configuration ch.qos.logback:logback-classic:1.1.11(runtime).
13:07:24.824 [DEBUG] [io.spring.gradle.dependencymanagement.internal.VersionConfiguringAction] Processing dependency 'ch.qos.logback:logback-core:1.1.11'
13:07:24.825 [DEBUG] [io.spring.gradle.dependencymanagement.internal.DependencyManagementContainer] Found managed version '1.1.11' for dependency 'ch.qos.logback:logback-core' in global dependency management
13:07:24.825 [DEBUG] [io.spring.gradle.dependencymanagement.internal.VersionConfiguringAction] Using version '1.1.11' for dependency 'ch.qos.logback:logback-core:1.1.11'
13:07:24.825 [DEBUG] [io.spring.gradle.dependencymanagement.internal.VersionConfiguringAction] Processing dependency 'org.slf4j:slf4j-api:1.7.22'
13:07:24.825 [DEBUG] [io.spring.gradle.dependencymanagement.internal.DependencyManagementContainer] Found managed version '1.7.25' for dependency 'org.slf4j:slf4j-api' in global dependency management
13:07:24.825 [DEBUG] [io.spring.gradle.dependencymanagement.internal.VersionConfiguringAction] Using version '1.7.25' for dependency 'org.slf4j:slf4j-api:1.7.22'
13:07:24.825 [DEBUG] [org.gradle.api.internal.artifacts.ivyservice.ivyresolve.RepositoryChainComponentMetaDataResolver] Attempting to resolve component for ch.qos.logback:logback-core:1.1.11 using repositories [MavenRepo]
13:07:24.825 [DEBUG] [org.gradle.api.internal.artifacts.ivyservice.ivyresolve.CachingModuleComponentRepository] Using cached module metadata for module 'ch.qos.logback:logback-core:1.1.11' in 'MavenRepo'
13:07:24.825 [DEBUG] [org.gradle.api.internal.artifacts.ivyservice.ivyresolve.RepositoryChainComponentMetaDataResolver] Using ch.qos.logback:logback-core:1.1.11 from Maven repository 'MavenRepo'
13:07:24.825 [DEBUG] [org.gradle.api.internal.artifacts.ivyservice.resolveengine.graph.builder.DependencyGraphBuilder] Visiting configuration org.slf4j:jul-to-slf4j:1.7.25(runtime).
13:07:24.825 [DEBUG] [org.gradle.api.internal.artifacts.ivyservice.resolveengine.graph.builder.DependencyGraphBuilder] Visiting configuration org.slf4j:log4j-over-slf4j:1.7.25(runtime).
13:07:24.825 [DEBUG] [org.gradle.api.internal.artifacts.ivyservice.resolveengine.graph.builder.DependencyGraphBuilder] Visiting configuration org.apache.tomcat.embed:tomcat-embed-core:8.5.15(runtime).
13:07:24.825 [DEBUG] [org.gradle.api.internal.artifacts.ivyservice.resolveengine.graph.builder.DependencyGraphBuilder] Changed edges for org.apache.tomcat.embed:tomcat-embed-core:8.5.15(runtime) selects same versions as previous traversal. ignoring
13:07:24.825 [DEBUG] [org.gradle.api.internal.artifacts.ivyservice.resolveengine.graph.builder.DependencyGraphBuilder] Visiting configuration org.springframework:spring-core:4.3.9.RELEASE(runtime).
13:07:24.825 [DEBUG] [org.gradle.api.internal.artifacts.ivyservice.resolveengine.graph.builder.DependencyGraphBuilder] Changed edges for org.springframework:spring-core:4.3.9.RELEASE(runtime) selects same versions as previous traversal. ignoring
13:07:24.825 [DEBUG] [org.gradle.api.internal.artifacts.ivyservice.resolveengine.graph.builder.DependencyGraphBuilder] Visiting configuration org.springframework:spring-aop:4.3.9.RELEASE(runtime).
13:07:24.825 [DEBUG] [org.gradle.api.internal.artifacts.ivyservice.resolveengine.graph.builder.DependencyGraphBuilder] Changed edges for org.springframework:spring-aop:4.3.9.RELEASE(runtime) selects same versions as previous traversal. ignoring
13:07:24.826 [DEBUG] [org.gradle.api.internal.artifacts.ivyservice.resolveengine.graph.builder.DependencyGraphBuilder] Visiting configuration org.springframework:spring-beans:4.3.9.RELEASE(runtime).
13:07:24.826 [DEBUG] [org.gradle.api.internal.artifacts.ivyservice.resolveengine.graph.builder.DependencyGraphBuilder] Changed edges for org.springframework:spring-beans:4.3.9.RELEASE(runtime) selects same versions as previous traversal. ignoring
13:07:24.826 [DEBUG] [org.gradle.api.internal.artifacts.ivyservice.resolveengine.graph.builder.DependencyGraphBuilder] Visiting configuration org.mongodb:bson:3.4.2(runtime).
13:07:24.826 [DEBUG] [org.gradle.api.internal.artifacts.ivyservice.resolveengine.graph.builder.DependencyGraphBuilder] Changed edges for org.mongodb:bson:3.4.2(runtime) selects same versions as previous traversal. ignoring
13:07:24.826 [DEBUG] [org.gradle.api.internal.artifacts.ivyservice.resolveengine.graph.builder.DependencyGraphBuilder] Visiting configuration org.slf4j:slf4j-api:1.7.25(runtime).
13:07:24.826 [DEBUG] [org.gradle.api.internal.artifacts.ivyservice.resolveengine.graph.builder.DependencyGraphBuilder] Changed edges for org.slf4j:slf4j-api:1.7.25(runtime) selects same versions as previous traversal. ignoring
13:07:24.826 [DEBUG] [org.gradle.api.internal.artifacts.ivyservice.resolveengine.graph.builder.DependencyGraphBuilder] Visiting configuration org.ow2.asm:asm:5.0.3(runtime).
13:07:24.826 [DEBUG] [org.gradle.api.internal.artifacts.ivyservice.resolveengine.graph.builder.DependencyGraphBuilder] Visiting configuration ch.qos.logback:logback-core:1.1.11(runtime).
13:07:24.827 [DEBUG] [org.gradle.api.internal.artifacts.ivyservice.resolveengine.oldresult.TransientConfigurationResultsBuilder] Flushing resolved configuration data in Binary store in /private/var/folders/ql/766g4tnx5mgbtm0tr10fxhyc0000gn/T/gradle17660509840828398561.bin. Wrote root 2.
13:07:24.827 [DEBUG] [org.gradle.internal.operations.DefaultBuildOperationExecutor] Completing Build operation 'Resolve dependencies of :detachedConfiguration52'
13:07:24.827 [DEBUG] [org.gradle.internal.operations.DefaultBuildOperationExecutor] Build operation 'Resolve dependencies of :detachedConfiguration52' completed
13:07:24.827 [DEBUG] [org.gradle.api.internal.artifacts.ivyservice.resolveengine.result.StreamingResolutionResultBuilder$RootFactory] Loaded resolution results (0.0 secs) from Binary store in /private/var/folders/ql/766g4tnx5mgbtm0tr10fxhyc0000gn/T/gradle18265393444597724600.bin (exist: true)
13:07:24.828 [DEBUG] [org.gradle.internal.operations.DefaultBuildOperationExecutor] Build operation 'Resolve dependencies of :detachedConfiguration58' started
13:07:24.828 [DEBUG] [org.gradle.internal.operations.DefaultBuildOperationExecutor] Completing Build operation 'Resolve dependencies of :detachedConfiguration58'
13:07:24.828 [DEBUG] [org.gradle.internal.operations.DefaultBuildOperationExecutor] Build operation 'Resolve dependencies of :detachedConfiguration58' completed
13:07:24.832 [INFO] [io.spring.gradle.dependencymanagement.internal.ExclusionConfiguringAction] Excluding []
13:07:24.832 [DEBUG] [org.gradle.api.internal.artifacts.ivyservice.resolveengine.DefaultArtifactDependencyResolver] Resolving configuration ':testRuntimeClasspath'
13:07:24.832 [DEBUG] [org.gradle.api.internal.artifacts.ivyservice.modulecache.ResolvedArtifactCaches] Reusing in-memory cache for repo 'MavenRepo' [f8e6315c37eb56998f7a5ba08e30db71].
13:07:24.832 [DEBUG] [org.gradle.api.internal.artifacts.ivyservice.resolveengine.graph.builder.DependencyGraphBuilder] Visiting configuration com.mindex:senior-code-challenge:0.0.1-SNAPSHOT(testRuntimeClasspath).
13:07:24.832 [DEBUG] [io.spring.gradle.dependencymanagement.internal.VersionConfiguringAction] Processing dependency 'org.springframework.boot:spring-boot-starter-web:'
13:07:24.832 [DEBUG] [io.spring.gradle.dependencymanagement.internal.DependencyManagementContainer] Found managed version '1.5.4.RELEASE' for dependency 'org.springframework.boot:spring-boot-starter-web' in global dependency management
13:07:24.832 [DEBUG] [io.spring.gradle.dependencymanagement.internal.VersionConfiguringAction] Using version '1.5.4.RELEASE' for dependency 'org.springframework.boot:spring-boot-starter-web:'
13:07:24.832 [DEBUG] [io.spring.gradle.dependencymanagement.internal.VersionConfiguringAction] Processing dependency 'org.springframework.boot:spring-boot-starter-data-mongodb:'
13:07:24.833 [DEBUG] [io.spring.gradle.dependencymanagement.internal.DependencyManagementContainer] Found managed version '1.5.4.RELEASE' for dependency 'org.springframework.boot:spring-boot-starter-data-mongodb' in global dependency management
13:07:24.833 [DEBUG] [io.spring.gradle.dependencymanagement.internal.VersionConfiguringAction] Using version '1.5.4.RELEASE' for dependency 'org.springframework.boot:spring-boot-starter-data-mongodb:'
13:07:24.833 [DEBUG] [io.spring.gradle.dependencymanagement.internal.VersionConfiguringAction] Processing dependency 'com.github.fakemongo:fongo:2.1.1'
13:07:24.833 [DEBUG] [io.spring.gradle.dependencymanagement.internal.DependencyManagementContainer] Found managed version '2.1.1' for dependency 'com.github.fakemongo:fongo' in dependency management for configuration 'testRuntimeClasspath'
13:07:24.833 [DEBUG] [io.spring.gradle.dependencymanagement.internal.VersionConfiguringAction] Using version '2.1.1' for dependency 'com.github.fakemongo:fongo:2.1.1'
13:07:24.833 [DEBUG] [io.spring.gradle.dependencymanagement.internal.VersionConfiguringAction] Processing dependency 'org.springframework.boot:spring-boot-starter-test:'
13:07:24.833 [DEBUG] [io.spring.gradle.dependencymanagement.internal.DependencyManagementContainer] Found managed version '1.5.4.RELEASE' for dependency 'org.springframework.boot:spring-boot-starter-test' in global dependency management
13:07:24.833 [DEBUG] [io.spring.gradle.dependencymanagement.internal.VersionConfiguringAction] Using version '1.5.4.RELEASE' for dependency 'org.springframework.boot:spring-boot-starter-test:'
13:07:24.833 [DEBUG] [org.gradle.api.internal.artifacts.ivyservice.ivyresolve.RepositoryChainComponentMetaDataResolver] Attempting to resolve component for org.springframework.boot:spring-boot-starter-web:1.5.4.RELEASE using repositories [MavenRepo]
13:07:24.833 [DEBUG] [org.gradle.api.internal.artifacts.ivyservice.ivyresolve.CachingModuleComponentRepository] Using cached module metadata for module 'org.springframework.boot:spring-boot-starter-web:1.5.4.RELEASE' in 'MavenRepo'
13:07:24.833 [DEBUG] [org.gradle.api.internal.artifacts.ivyservice.ivyresolve.RepositoryChainComponentMetaDataResolver] Using org.springframework.boot:spring-boot-starter-web:1.5.4.RELEASE from Maven repository 'MavenRepo'
13:07:24.833 [DEBUG] [org.gradle.internal.component.model.ComponentAttributeMatcher] No candidates for {org.gradle.usage=java-runtime}, selected matching fallback org.springframework.boot:spring-boot-starter-web:1.5.4.RELEASE configuration default
13:07:24.833 [DEBUG] [org.gradle.api.internal.artifacts.ivyservice.ivyresolve.RepositoryChainComponentMetaDataResolver] Attempting to resolve component for org.springframework.boot:spring-boot-starter-data-mongodb:1.5.4.RELEASE using repositories [MavenRepo]
13:07:24.833 [DEBUG] [org.gradle.api.internal.artifacts.ivyservice.ivyresolve.CachingModuleComponentRepository] Using cached module metadata for module 'org.springframework.boot:spring-boot-starter-data-mongodb:1.5.4.RELEASE' in 'MavenRepo'
13:07:24.833 [DEBUG] [org.gradle.api.internal.artifacts.ivyservice.ivyresolve.RepositoryChainComponentMetaDataResolver] Using org.springframework.boot:spring-boot-starter-data-mongodb:1.5.4.RELEASE from Maven repository 'MavenRepo'
13:07:24.833 [DEBUG] [org.gradle.internal.component.model.ComponentAttributeMatcher] No candidates for {org.gradle.usage=java-runtime}, selected matching fallback org.springframework.boot:spring-boot-starter-data-mongodb:1.5.4.RELEASE configuration default
13:07:24.833 [DEBUG] [org.gradle.api.internal.artifacts.ivyservice.ivyresolve.RepositoryChainComponentMetaDataResolver] Attempting to resolve component for com.github.fakemongo:fongo:2.1.1 using repositories [MavenRepo]
13:07:24.833 [DEBUG] [org.gradle.api.internal.artifacts.ivyservice.ivyresolve.CachingModuleComponentRepository] Using cached module metadata for module 'com.github.fakemongo:fongo:2.1.1' in 'MavenRepo'
13:07:24.833 [DEBUG] [org.gradle.api.internal.artifacts.ivyservice.ivyresolve.RepositoryChainComponentMetaDataResolver] Using com.github.fakemongo:fongo:2.1.1 from Maven repository 'MavenRepo'
13:07:24.833 [DEBUG] [org.gradle.internal.component.model.ComponentAttributeMatcher] No candidates for {org.gradle.usage=java-runtime}, selected matching fallback com.github.fakemongo:fongo:2.1.1 configuration default
13:07:24.833 [DEBUG] [org.gradle.api.internal.artifacts.ivyservice.ivyresolve.RepositoryChainComponentMetaDataResolver] Attempting to resolve component for org.springframework.boot:spring-boot-starter-test:1.5.4.RELEASE using repositories [MavenRepo]
13:07:24.834 [DEBUG] [org.gradle.api.internal.artifacts.ivyservice.ivyresolve.CachingModuleComponentRepository] Using cached module metadata for module 'org.springframework.boot:spring-boot-starter-test:1.5.4.RELEASE' in 'MavenRepo'
13:07:24.834 [DEBUG] [org.gradle.api.internal.artifacts.ivyservice.ivyresolve.RepositoryChainComponentMetaDataResolver] Using org.springframework.boot:spring-boot-starter-test:1.5.4.RELEASE from Maven repository 'MavenRepo'
13:07:24.834 [DEBUG] [org.gradle.internal.component.model.ComponentAttributeMatcher] No candidates for {org.gradle.usage=java-runtime}, selected matching fallback org.springframework.boot:spring-boot-starter-test:1.5.4.RELEASE configuration default
13:07:24.834 [DEBUG] [org.gradle.api.internal.artifacts.ivyservice.resolveengine.graph.builder.DependencyGraphBuilder] Visiting configuration org.springframework.boot:spring-boot-starter-web:1.5.4.RELEASE(default).
13:07:24.834 [DEBUG] [io.spring.gradle.dependencymanagement.internal.VersionConfiguringAction] Processing dependency 'org.springframework.boot:spring-boot-starter:1.5.4.RELEASE'
13:07:24.834 [DEBUG] [io.spring.gradle.dependencymanagement.internal.DependencyManagementContainer] Found managed version '1.5.4.RELEASE' for dependency 'org.springframework.boot:spring-boot-starter' in global dependency management
13:07:24.834 [DEBUG] [io.spring.gradle.dependencymanagement.internal.VersionConfiguringAction] Using version '1.5.4.RELEASE' for dependency 'org.springframework.boot:spring-boot-starter:1.5.4.RELEASE'
13:07:24.834 [DEBUG] [io.spring.gradle.dependencymanagement.internal.VersionConfiguringAction] Processing dependency 'org.springframework.boot:spring-boot-starter-tomcat:1.5.4.RELEASE'
13:07:24.834 [DEBUG] [io.spring.gradle.dependencymanagement.internal.DependencyManagementContainer] Found managed version '1.5.4.RELEASE' for dependency 'org.springframework.boot:spring-boot-starter-tomcat' in global dependency management
13:07:24.834 [DEBUG] [io.spring.gradle.dependencymanagement.internal.VersionConfiguringAction] Using version '1.5.4.RELEASE' for dependency 'org.springframework.boot:spring-boot-starter-tomcat:1.5.4.RELEASE'
13:07:24.834 [DEBUG] [io.spring.gradle.dependencymanagement.internal.VersionConfiguringAction] Processing dependency 'org.hibernate:hibernate-validator:5.3.5.Final'
13:07:24.834 [DEBUG] [io.spring.gradle.dependencymanagement.internal.DependencyManagementContainer] Found managed version '5.3.5.Final' for dependency 'org.hibernate:hibernate-validator' in global dependency management
13:07:24.834 [DEBUG] [io.spring.gradle.dependencymanagement.internal.VersionConfiguringAction] Using version '5.3.5.Final' for dependency 'org.hibernate:hibernate-validator:5.3.5.Final'
13:07:24.834 [DEBUG] [io.spring.gradle.dependencymanagement.internal.VersionConfiguringAction] Processing dependency 'com.fasterxml.jackson.core:jackson-databind:2.8.8'
13:07:24.834 [DEBUG] [io.spring.gradle.dependencymanagement.internal.DependencyManagementContainer] Found managed version '2.8.8' for dependency 'com.fasterxml.jackson.core:jackson-databind' in global dependency management
13:07:24.834 [DEBUG] [io.spring.gradle.dependencymanagement.internal.VersionConfiguringAction] Using version '2.8.8' for dependency 'com.fasterxml.jackson.core:jackson-databind:2.8.8'
13:07:24.834 [DEBUG] [io.spring.gradle.dependencymanagement.internal.VersionConfiguringAction] Processing dependency 'org.springframework:spring-web:4.3.9.RELEASE'
13:07:24.834 [DEBUG] [io.spring.gradle.dependencymanagement.internal.DependencyManagementContainer] Found managed version '4.3.9.RELEASE' for dependency 'org.springframework:spring-web' in global dependency management
13:07:24.835 [DEBUG] [io.spring.gradle.dependencymanagement.internal.VersionConfiguringAction] Using version '4.3.9.RELEASE' for dependency 'org.springframework:spring-web:4.3.9.RELEASE'
13:07:24.835 [DEBUG] [io.spring.gradle.dependencymanagement.internal.VersionConfiguringAction] Processing dependency 'org.springframework:spring-webmvc:4.3.9.RELEASE'
13:07:24.835 [DEBUG] [io.spring.gradle.dependencymanagement.internal.DependencyManagementContainer] Found managed version '4.3.9.RELEASE' for dependency 'org.springframework:spring-webmvc' in global dependency management
13:07:24.835 [DEBUG] [io.spring.gradle.dependencymanagement.internal.VersionConfiguringAction] Using version '4.3.9.RELEASE' for dependency 'org.springframework:spring-webmvc:4.3.9.RELEASE'
13:07:24.835 [DEBUG] [org.gradle.api.internal.artifacts.ivyservice.ivyresolve.RepositoryChainComponentMetaDataResolver] Attempting to resolve component for org.springframework.boot:spring-boot-starter:1.5.4.RELEASE using repositories [MavenRepo]
13:07:24.835 [DEBUG] [org.gradle.api.internal.artifacts.ivyservice.ivyresolve.CachingModuleComponentRepository] Using cached module metadata for module 'org.springframework.boot:spring-boot-starter:1.5.4.RELEASE' in 'MavenRepo'
13:07:24.835 [DEBUG] [org.gradle.api.internal.artifacts.ivyservice.ivyresolve.RepositoryChainComponentMetaDataResolver] Using org.springframework.boot:spring-boot-starter:1.5.4.RELEASE from Maven repository 'MavenRepo'
13:07:24.835 [DEBUG] [org.gradle.api.internal.artifacts.ivyservice.ivyresolve.RepositoryChainComponentMetaDataResolver] Attempting to resolve component for org.springframework.boot:spring-boot-starter-tomcat:1.5.4.RELEASE using repositories [MavenRepo]
13:07:24.835 [DEBUG] [org.gradle.api.internal.artifacts.ivyservice.ivyresolve.CachingModuleComponentRepository] Using cached module metadata for module 'org.springframework.boot:spring-boot-starter-tomcat:1.5.4.RELEASE' in 'MavenRepo'
13:07:24.835 [DEBUG] [org.gradle.api.internal.artifacts.ivyservice.ivyresolve.RepositoryChainComponentMetaDataResolver] Using org.springframework.boot:spring-boot-starter-tomcat:1.5.4.RELEASE from Maven repository 'MavenRepo'
13:07:24.835 [DEBUG] [org.gradle.api.internal.artifacts.ivyservice.ivyresolve.RepositoryChainComponentMetaDataResolver] Attempting to resolve component for org.hibernate:hibernate-validator:5.3.5.Final using repositories [MavenRepo]
13:07:24.835 [DEBUG] [org.gradle.api.internal.artifacts.ivyservice.ivyresolve.CachingModuleComponentRepository] Using cached module metadata for module 'org.hibernate:hibernate-validator:5.3.5.Final' in 'MavenRepo'
13:07:24.835 [DEBUG] [org.gradle.api.internal.artifacts.ivyservice.ivyresolve.RepositoryChainComponentMetaDataResolver] Using org.hibernate:hibernate-validator:5.3.5.Final from Maven repository 'MavenRepo'
13:07:24.835 [DEBUG] [org.gradle.api.internal.artifacts.ivyservice.ivyresolve.RepositoryChainComponentMetaDataResolver] Attempting to resolve component for com.fasterxml.jackson.core:jackson-databind:2.8.8 using repositories [MavenRepo]
13:07:24.835 [DEBUG] [org.gradle.api.internal.artifacts.ivyservice.ivyresolve.CachingModuleComponentRepository] Using cached module metadata for module 'com.fasterxml.jackson.core:jackson-databind:2.8.8' in 'MavenRepo'
13:07:24.835 [DEBUG] [org.gradle.api.internal.artifacts.ivyservice.ivyresolve.RepositoryChainComponentMetaDataResolver] Using com.fasterxml.jackson.core:jackson-databind:2.8.8 from Maven repository 'MavenRepo'
13:07:24.835 [DEBUG] [org.gradle.api.internal.artifacts.ivyservice.ivyresolve.RepositoryChainComponentMetaDataResolver] Attempting to resolve component for org.springframework:spring-web:4.3.9.RELEASE using repositories [MavenRepo]
13:07:24.835 [DEBUG] [org.gradle.api.internal.artifacts.ivyservice.ivyresolve.CachingModuleComponentRepository] Using cached module metadata for module 'org.springframework:spring-web:4.3.9.RELEASE' in 'MavenRepo'
13:07:24.835 [DEBUG] [org.gradle.api.internal.artifacts.ivyservice.ivyresolve.RepositoryChainComponentMetaDataResolver] Using org.springframework:spring-web:4.3.9.RELEASE from Maven repository 'MavenRepo'
13:07:24.835 [DEBUG] [org.gradle.api.internal.artifacts.ivyservice.ivyresolve.RepositoryChainComponentMetaDataResolver] Attempting to resolve component for org.springframework:spring-webmvc:4.3.9.RELEASE using repositories [MavenRepo]
13:07:24.835 [DEBUG] [org.gradle.api.internal.artifacts.ivyservice.ivyresolve.CachingModuleComponentRepository] Using cached module metadata for module 'org.springframework:spring-webmvc:4.3.9.RELEASE' in 'MavenRepo'
13:07:24.835 [DEBUG] [org.gradle.api.internal.artifacts.ivyservice.ivyresolve.RepositoryChainComponentMetaDataResolver] Using org.springframework:spring-webmvc:4.3.9.RELEASE from Maven repository 'MavenRepo'
13:07:24.835 [DEBUG] [org.gradle.api.internal.artifacts.ivyservice.resolveengine.graph.builder.DependencyGraphBuilder] Visiting configuration org.springframework.boot:spring-boot-starter-data-mongodb:1.5.4.RELEASE(default).
13:07:24.836 [DEBUG] [io.spring.gradle.dependencymanagement.internal.VersionConfiguringAction] Processing dependency 'org.mongodb:mongodb-driver:3.4.2'
13:07:24.836 [DEBUG] [io.spring.gradle.dependencymanagement.internal.DependencyManagementContainer] Found managed version '3.4.2' for dependency 'org.mongodb:mongodb-driver' in global dependency management
13:07:24.836 [DEBUG] [io.spring.gradle.dependencymanagement.internal.VersionConfiguringAction] Using version '3.4.2' for dependency 'org.mongodb:mongodb-driver:3.4.2'
13:07:24.836 [DEBUG] [io.spring.gradle.dependencymanagement.internal.VersionConfiguringAction] Processing dependency 'org.springframework.data:spring-data-mongodb:1.10.4.RELEASE'
13:07:24.836 [DEBUG] [io.spring.gradle.dependencymanagement.internal.DependencyManagementContainer] Found managed version '1.10.4.RELEASE' for dependency 'org.springframework.data:spring-data-mongodb' in global dependency management
13:07:24.836 [DEBUG] [io.spring.gradle.dependencymanagement.internal.VersionConfiguringAction] Using version '1.10.4.RELEASE' for dependency 'org.springframework.data:spring-data-mongodb:1.10.4.RELEASE'
13:07:24.836 [DEBUG] [org.gradle.api.internal.artifacts.ivyservice.ivyresolve.RepositoryChainComponentMetaDataResolver] Attempting to resolve component for org.mongodb:mongodb-driver:3.4.2 using repositories [MavenRepo]
13:07:24.836 [DEBUG] [org.gradle.api.internal.artifacts.ivyservice.ivyresolve.CachingModuleComponentRepository] Using cached module metadata for module 'org.mongodb:mongodb-driver:3.4.2' in 'MavenRepo'
13:07:24.836 [DEBUG] [org.gradle.api.internal.artifacts.ivyservice.ivyresolve.RepositoryChainComponentMetaDataResolver] Using org.mongodb:mongodb-driver:3.4.2 from Maven repository 'MavenRepo'
13:07:24.836 [DEBUG] [org.gradle.api.internal.artifacts.ivyservice.ivyresolve.RepositoryChainComponentMetaDataResolver] Attempting to resolve component for org.springframework.data:spring-data-mongodb:1.10.4.RELEASE using repositories [MavenRepo]
13:07:24.836 [DEBUG] [org.gradle.api.internal.artifacts.ivyservice.ivyresolve.CachingModuleComponentRepository] Using cached module metadata for module 'org.springframework.data:spring-data-mongodb:1.10.4.RELEASE' in 'MavenRepo'
13:07:24.836 [DEBUG] [org.gradle.api.internal.artifacts.ivyservice.ivyresolve.RepositoryChainComponentMetaDataResolver] Using org.springframework.data:spring-data-mongodb:1.10.4.RELEASE from Maven repository 'MavenRepo'
13:07:24.836 [DEBUG] [org.gradle.api.internal.artifacts.ivyservice.resolveengine.graph.builder.DependencyGraphBuilder] Visiting configuration com.github.fakemongo:fongo:2.1.1(default).
13:07:24.836 [DEBUG] [io.spring.gradle.dependencymanagement.internal.VersionConfiguringAction] Processing dependency 'org.mozilla:rhino:1.7.7.1'
13:07:24.836 [DEBUG] [io.spring.gradle.dependencymanagement.internal.VersionConfiguringAction] No dependency management for dependency 'org.mozilla:rhino:1.7.7.1'
13:07:24.836 [DEBUG] [io.spring.gradle.dependencymanagement.internal.VersionConfiguringAction] Processing dependency 'com.vividsolutions:jts:1.13'
13:07:24.836 [DEBUG] [io.spring.gradle.dependencymanagement.internal.VersionConfiguringAction] No dependency management for dependency 'com.vividsolutions:jts:1.13'
13:07:24.836 [DEBUG] [io.spring.gradle.dependencymanagement.internal.VersionConfiguringAction] Processing dependency 'de.grundid.opendatalab:geojson-jackson:1.2'
13:07:24.836 [DEBUG] [io.spring.gradle.dependencymanagement.internal.VersionConfiguringAction] No dependency management for dependency 'de.grundid.opendatalab:geojson-jackson:1.2'
13:07:24.836 [DEBUG] [org.gradle.api.internal.artifacts.ivyservice.ivyresolve.RepositoryChainComponentMetaDataResolver] Attempting to resolve component for org.mozilla:rhino:1.7.7.1 using repositories [MavenRepo]
13:07:24.836 [DEBUG] [org.gradle.api.internal.artifacts.ivyservice.ivyresolve.CachingModuleComponentRepository] Using cached module metadata for module 'org.mozilla:rhino:1.7.7.1' in 'MavenRepo'
13:07:24.836 [DEBUG] [org.gradle.api.internal.artifacts.ivyservice.ivyresolve.RepositoryChainComponentMetaDataResolver] Using org.mozilla:rhino:1.7.7.1 from Maven repository 'MavenRepo'
13:07:24.836 [DEBUG] [org.gradle.api.internal.artifacts.ivyservice.ivyresolve.RepositoryChainComponentMetaDataResolver] Attempting to resolve component for com.vividsolutions:jts:1.13 using repositories [MavenRepo]
13:07:24.836 [DEBUG] [org.gradle.api.internal.artifacts.ivyservice.ivyresolve.CachingModuleComponentRepository] Using cached module metadata for module 'com.vividsolutions:jts:1.13' in 'MavenRepo'
13:07:24.836 [DEBUG] [org.gradle.api.internal.artifacts.ivyservice.ivyresolve.RepositoryChainComponentMetaDataResolver] Using com.vividsolutions:jts:1.13 from Maven repository 'MavenRepo'
13:07:24.837 [DEBUG] [org.gradle.api.internal.artifacts.ivyservice.ivyresolve.RepositoryChainComponentMetaDataResolver] Attempting to resolve component for de.grundid.opendatalab:geojson-jackson:1.2 using repositories [MavenRepo]
13:07:24.837 [DEBUG] [org.gradle.api.internal.artifacts.ivyservice.ivyresolve.CachingModuleComponentRepository] Using cached module metadata for module 'de.grundid.opendatalab:geojson-jackson:1.2' in 'MavenRepo'
13:07:24.837 [DEBUG] [org.gradle.api.internal.artifacts.ivyservice.ivyresolve.RepositoryChainComponentMetaDataResolver] Using de.grundid.opendatalab:geojson-jackson:1.2 from Maven repository 'MavenRepo'
13:07:24.837 [DEBUG] [org.gradle.api.internal.artifacts.ivyservice.resolveengine.graph.builder.DependencyGraphBuilder] Visiting configuration org.springframework.boot:spring-boot-starter-test:1.5.4.RELEASE(default).
13:07:24.837 [DEBUG] [io.spring.gradle.dependencymanagement.internal.VersionConfiguringAction] Processing dependency 'org.springframework.boot:spring-boot-test:1.5.4.RELEASE'
13:07:24.837 [DEBUG] [io.spring.gradle.dependencymanagement.internal.DependencyManagementContainer] Found managed version '1.5.4.RELEASE' for dependency 'org.springframework.boot:spring-boot-test' in global dependency management
13:07:24.837 [DEBUG] [io.spring.gradle.dependencymanagement.internal.VersionConfiguringAction] Using version '1.5.4.RELEASE' for dependency 'org.springframework.boot:spring-boot-test:1.5.4.RELEASE'
13:07:24.837 [DEBUG] [io.spring.gradle.dependencymanagement.internal.VersionConfiguringAction] Processing dependency 'org.springframework.boot:spring-boot-test-autoconfigure:1.5.4.RELEASE'
13:07:24.837 [DEBUG] [io.spring.gradle.dependencymanagement.internal.DependencyManagementContainer] Found managed version '1.5.4.RELEASE' for dependency 'org.springframework.boot:spring-boot-test-autoconfigure' in global dependency management
13:07:24.837 [DEBUG] [io.spring.gradle.dependencymanagement.internal.VersionConfiguringAction] Using version '1.5.4.RELEASE' for dependency 'org.springframework.boot:spring-boot-test-autoconfigure:1.5.4.RELEASE'
13:07:24.837 [DEBUG] [io.spring.gradle.dependencymanagement.internal.VersionConfiguringAction] Processing dependency 'com.jayway.jsonpath:json-path:2.2.0'
13:07:24.837 [DEBUG] [io.spring.gradle.dependencymanagement.internal.DependencyManagementContainer] Found managed version '2.2.0' for dependency 'com.jayway.jsonpath:json-path' in global dependency management
13:07:24.837 [DEBUG] [io.spring.gradle.dependencymanagement.internal.VersionConfiguringAction] Using version '2.2.0' for dependency 'com.jayway.jsonpath:json-path:2.2.0'
13:07:24.837 [DEBUG] [io.spring.gradle.dependencymanagement.internal.VersionConfiguringAction] Processing dependency 'junit:junit:4.12'
13:07:24.837 [DEBUG] [io.spring.gradle.dependencymanagement.internal.DependencyManagementContainer] Found managed version '4.12' for dependency 'junit:junit' in global dependency management
13:07:24.837 [DEBUG] [io.spring.gradle.dependencymanagement.internal.VersionConfiguringAction] Using version '4.12' for dependency 'junit:junit:4.12'
13:07:24.837 [DEBUG] [io.spring.gradle.dependencymanagement.internal.VersionConfiguringAction] Processing dependency 'org.assertj:assertj-core:2.6.0'
13:07:24.837 [DEBUG] [io.spring.gradle.dependencymanagement.internal.DependencyManagementContainer] Found managed version '2.6.0' for dependency 'org.assertj:assertj-core' in global dependency management
13:07:24.837 [DEBUG] [io.spring.gradle.dependencymanagement.internal.VersionConfiguringAction] Using version '2.6.0' for dependency 'org.assertj:assertj-core:2.6.0'
13:07:24.837 [DEBUG] [io.spring.gradle.dependencymanagement.internal.VersionConfiguringAction] Processing dependency 'org.mockito:mockito-core:1.10.19'
13:07:24.837 [DEBUG] [io.spring.gradle.dependencymanagement.internal.DependencyManagementContainer] Found managed version '1.10.19' for dependency 'org.mockito:mockito-core' in global dependency management
13:07:24.837 [DEBUG] [io.spring.gradle.dependencymanagement.internal.VersionConfiguringAction] Using version '1.10.19' for dependency 'org.mockito:mockito-core:1.10.19'
13:07:24.837 [DEBUG] [io.spring.gradle.dependencymanagement.internal.VersionConfiguringAction] Processing dependency 'org.hamcrest:hamcrest-core:1.3'
13:07:24.837 [DEBUG] [io.spring.gradle.dependencymanagement.internal.DependencyManagementContainer] Found managed version '1.3' for dependency 'org.hamcrest:hamcrest-core' in global dependency management
13:07:24.837 [DEBUG] [io.spring.gradle.dependencymanagement.internal.VersionConfiguringAction] Using version '1.3' for dependency 'org.hamcrest:hamcrest-core:1.3'
13:07:24.837 [DEBUG] [io.spring.gradle.dependencymanagement.internal.VersionConfiguringAction] Processing dependency 'org.hamcrest:hamcrest-library:1.3'
13:07:24.838 [DEBUG] [io.spring.gradle.dependencymanagement.internal.DependencyManagementContainer] Found managed version '1.3' for dependency 'org.hamcrest:hamcrest-library' in global dependency management
13:07:24.838 [DEBUG] [io.spring.gradle.dependencymanagement.internal.VersionConfiguringAction] Using version '1.3' for dependency 'org.hamcrest:hamcrest-library:1.3'
13:07:24.838 [DEBUG] [io.spring.gradle.dependencymanagement.internal.VersionConfiguringAction] Processing dependency 'org.skyscreamer:jsonassert:1.4.0'
13:07:24.838 [DEBUG] [io.spring.gradle.dependencymanagement.internal.DependencyManagementContainer] Found managed version '1.4.0' for dependency 'org.skyscreamer:jsonassert' in global dependency management
13:07:24.838 [DEBUG] [io.spring.gradle.dependencymanagement.internal.VersionConfiguringAction] Using version '1.4.0' for dependency 'org.skyscreamer:jsonassert:1.4.0'
13:07:24.838 [DEBUG] [io.spring.gradle.dependencymanagement.internal.VersionConfiguringAction] Processing dependency 'org.springframework:spring-core:4.3.9.RELEASE'
13:07:24.838 [DEBUG] [io.spring.gradle.dependencymanagement.internal.DependencyManagementContainer] Found managed version '4.3.9.RELEASE' for dependency 'org.springframework:spring-core' in global dependency management
13:07:24.838 [DEBUG] [io.spring.gradle.dependencymanagement.internal.VersionConfiguringAction] Using version '4.3.9.RELEASE' for dependency 'org.springframework:spring-core:4.3.9.RELEASE'
13:07:24.838 [DEBUG] [io.spring.gradle.dependencymanagement.internal.VersionConfiguringAction] Processing dependency 'org.springframework:spring-test:4.3.9.RELEASE'
13:07:24.838 [DEBUG] [io.spring.gradle.dependencymanagement.internal.DependencyManagementContainer] Found managed version '4.3.9.RELEASE' for dependency 'org.springframework:spring-test' in global dependency management
13:07:24.838 [DEBUG] [io.spring.gradle.dependencymanagement.internal.VersionConfiguringAction] Using version '4.3.9.RELEASE' for dependency 'org.springframework:spring-test:4.3.9.RELEASE'
13:07:24.838 [DEBUG] [org.gradle.api.internal.artifacts.ivyservice.ivyresolve.RepositoryChainComponentMetaDataResolver] Attempting to resolve component for org.springframework.boot:spring-boot-test:1.5.4.RELEASE using repositories [MavenRepo]
13:07:24.838 [DEBUG] [org.gradle.api.internal.artifacts.ivyservice.ivyresolve.CachingModuleComponentRepository] Using cached module metadata for module 'org.springframework.boot:spring-boot-test:1.5.4.RELEASE' in 'MavenRepo'
13:07:24.838 [DEBUG] [org.gradle.api.internal.artifacts.ivyservice.ivyresolve.RepositoryChainComponentMetaDataResolver] Using org.springframework.boot:spring-boot-test:1.5.4.RELEASE from Maven repository 'MavenRepo'
13:07:24.838 [DEBUG] [org.gradle.api.internal.artifacts.ivyservice.ivyresolve.RepositoryChainComponentMetaDataResolver] Attempting to resolve component for org.springframework.boot:spring-boot-test-autoconfigure:1.5.4.RELEASE using repositories [MavenRepo]
13:07:24.838 [DEBUG] [org.gradle.api.internal.artifacts.ivyservice.ivyresolve.CachingModuleComponentRepository] Using cached module metadata for module 'org.springframework.boot:spring-boot-test-autoconfigure:1.5.4.RELEASE' in 'MavenRepo'
13:07:24.838 [DEBUG] [org.gradle.api.internal.artifacts.ivyservice.ivyresolve.RepositoryChainComponentMetaDataResolver] Using org.springframework.boot:spring-boot-test-autoconfigure:1.5.4.RELEASE from Maven repository 'MavenRepo'
13:07:24.838 [DEBUG] [org.gradle.api.internal.artifacts.ivyservice.ivyresolve.RepositoryChainComponentMetaDataResolver] Attempting to resolve component for com.jayway.jsonpath:json-path:2.2.0 using repositories [MavenRepo]
13:07:24.838 [DEBUG] [org.gradle.api.internal.artifacts.ivyservice.ivyresolve.CachingModuleComponentRepository] Using cached module metadata for module 'com.jayway.jsonpath:json-path:2.2.0' in 'MavenRepo'
13:07:24.838 [DEBUG] [org.gradle.api.internal.artifacts.ivyservice.ivyresolve.RepositoryChainComponentMetaDataResolver] Using com.jayway.jsonpath:json-path:2.2.0 from Maven repository 'MavenRepo'
13:07:24.838 [DEBUG] [org.gradle.api.internal.artifacts.ivyservice.ivyresolve.RepositoryChainComponentMetaDataResolver] Attempting to resolve component for junit:junit:4.12 using repositories [MavenRepo]
13:07:24.838 [DEBUG] [org.gradle.api.internal.artifacts.ivyservice.ivyresolve.CachingModuleComponentRepository] Using cached module metadata for module 'junit:junit:4.12' in 'MavenRepo'
13:07:24.838 [DEBUG] [org.gradle.api.internal.artifacts.ivyservice.ivyresolve.RepositoryChainComponentMetaDataResolver] Using junit:junit:4.12 from Maven repository 'MavenRepo'
13:07:24.839 [DEBUG] [org.gradle.api.internal.artifacts.ivyservice.ivyresolve.RepositoryChainComponentMetaDataResolver] Attempting to resolve component for org.assertj:assertj-core:2.6.0 using repositories [MavenRepo]
13:07:24.839 [DEBUG] [org.gradle.api.internal.artifacts.ivyservice.ivyresolve.CachingModuleComponentRepository] Using cached module metadata for module 'org.assertj:assertj-core:2.6.0' in 'MavenRepo'
13:07:24.839 [DEBUG] [org.gradle.api.internal.artifacts.ivyservice.ivyresolve.RepositoryChainComponentMetaDataResolver] Using org.assertj:assertj-core:2.6.0 from Maven repository 'MavenRepo'
13:07:24.839 [DEBUG] [org.gradle.api.internal.artifacts.ivyservice.ivyresolve.RepositoryChainComponentMetaDataResolver] Attempting to resolve component for org.mockito:mockito-core:1.10.19 using repositories [MavenRepo]
13:07:24.839 [DEBUG] [org.gradle.api.internal.artifacts.ivyservice.ivyresolve.CachingModuleComponentRepository] Using cached module metadata for module 'org.mockito:mockito-core:1.10.19' in 'MavenRepo'
13:07:24.839 [DEBUG] [org.gradle.api.internal.artifacts.ivyservice.ivyresolve.RepositoryChainComponentMetaDataResolver] Using org.mockito:mockito-core:1.10.19 from Maven repository 'MavenRepo'
13:07:24.839 [DEBUG] [org.gradle.api.internal.artifacts.ivyservice.ivyresolve.RepositoryChainComponentMetaDataResolver] Attempting to resolve component for org.hamcrest:hamcrest-core:1.3 using repositories [MavenRepo]
13:07:24.839 [DEBUG] [org.gradle.api.internal.artifacts.ivyservice.ivyresolve.CachingModuleComponentRepository] Using cached module metadata for module 'org.hamcrest:hamcrest-core:1.3' in 'MavenRepo'
13:07:24.839 [DEBUG] [org.gradle.api.internal.artifacts.ivyservice.ivyresolve.RepositoryChainComponentMetaDataResolver] Using org.hamcrest:hamcrest-core:1.3 from Maven repository 'MavenRepo'
13:07:24.839 [DEBUG] [org.gradle.api.internal.artifacts.ivyservice.ivyresolve.RepositoryChainComponentMetaDataResolver] Attempting to resolve component for org.hamcrest:hamcrest-library:1.3 using repositories [MavenRepo]
13:07:24.839 [DEBUG] [org.gradle.api.internal.artifacts.ivyservice.ivyresolve.CachingModuleComponentRepository] Using cached module metadata for module 'org.hamcrest:hamcrest-library:1.3' in 'MavenRepo'
13:07:24.839 [DEBUG] [org.gradle.api.internal.artifacts.ivyservice.ivyresolve.RepositoryChainComponentMetaDataResolver] Using org.hamcrest:hamcrest-library:1.3 from Maven repository 'MavenRepo'
13:07:24.839 [DEBUG] [org.gradle.api.internal.artifacts.ivyservice.ivyresolve.RepositoryChainComponentMetaDataResolver] Attempting to resolve component for org.skyscreamer:jsonassert:1.4.0 using repositories [MavenRepo]
13:07:24.839 [DEBUG] [org.gradle.api.internal.artifacts.ivyservice.ivyresolve.CachingModuleComponentRepository] Using cached module metadata for module 'org.skyscreamer:jsonassert:1.4.0' in 'MavenRepo'
13:07:24.839 [DEBUG] [org.gradle.api.internal.artifacts.ivyservice.ivyresolve.RepositoryChainComponentMetaDataResolver] Using org.skyscreamer:jsonassert:1.4.0 from Maven repository 'MavenRepo'
13:07:24.839 [DEBUG] [org.gradle.api.internal.artifacts.ivyservice.ivyresolve.RepositoryChainComponentMetaDataResolver] Attempting to resolve component for org.springframework:spring-core:4.3.9.RELEASE using repositories [MavenRepo]
13:07:24.839 [DEBUG] [org.gradle.api.internal.artifacts.ivyservice.ivyresolve.CachingModuleComponentRepository] Using cached module metadata for module 'org.springframework:spring-core:4.3.9.RELEASE' in 'MavenRepo'
13:07:24.839 [DEBUG] [org.gradle.api.internal.artifacts.ivyservice.ivyresolve.RepositoryChainComponentMetaDataResolver] Using org.springframework:spring-core:4.3.9.RELEASE from Maven repository 'MavenRepo'
13:07:24.839 [DEBUG] [org.gradle.api.internal.artifacts.ivyservice.ivyresolve.RepositoryChainComponentMetaDataResolver] Attempting to resolve component for org.springframework:spring-test:4.3.9.RELEASE using repositories [MavenRepo]
13:07:24.839 [DEBUG] [org.gradle.api.internal.artifacts.ivyservice.ivyresolve.CachingModuleComponentRepository] Using cached module metadata for module 'org.springframework:spring-test:4.3.9.RELEASE' in 'MavenRepo'
13:07:24.839 [DEBUG] [org.gradle.api.internal.artifacts.ivyservice.ivyresolve.RepositoryChainComponentMetaDataResolver] Using org.springframework:spring-test:4.3.9.RELEASE from Maven repository 'MavenRepo'
13:07:24.839 [DEBUG] [org.gradle.api.internal.artifacts.ivyservice.resolveengine.graph.builder.DependencyGraphBuilder] Visiting configuration org.springframework.boot:spring-boot-starter:1.5.4.RELEASE(runtime).
13:07:24.839 [DEBUG] [io.spring.gradle.dependencymanagement.internal.VersionConfiguringAction] Processing dependency 'org.springframework.boot:spring-boot:1.5.4.RELEASE'
13:07:24.840 [DEBUG] [io.spring.gradle.dependencymanagement.internal.DependencyManagementContainer] Found managed version '1.5.4.RELEASE' for dependency 'org.springframework.boot:spring-boot' in global dependency management
13:07:24.840 [DEBUG] [io.spring.gradle.dependencymanagement.internal.VersionConfiguringAction] Using version '1.5.4.RELEASE' for dependency 'org.springframework.boot:spring-boot:1.5.4.RELEASE'
13:07:24.840 [DEBUG] [io.spring.gradle.dependencymanagement.internal.VersionConfiguringAction] Processing dependency 'org.springframework.boot:spring-boot-autoconfigure:1.5.4.RELEASE'
13:07:24.840 [DEBUG] [io.spring.gradle.dependencymanagement.internal.DependencyManagementContainer] Found managed version '1.5.4.RELEASE' for dependency 'org.springframework.boot:spring-boot-autoconfigure' in global dependency management
13:07:24.840 [DEBUG] [io.spring.gradle.dependencymanagement.internal.VersionConfiguringAction] Using version '1.5.4.RELEASE' for dependency 'org.springframework.boot:spring-boot-autoconfigure:1.5.4.RELEASE'
13:07:24.840 [DEBUG] [io.spring.gradle.dependencymanagement.internal.VersionConfiguringAction] Processing dependency 'org.springframework.boot:spring-boot-starter-logging:1.5.4.RELEASE'
13:07:24.840 [DEBUG] [io.spring.gradle.dependencymanagement.internal.DependencyManagementContainer] Found managed version '1.5.4.RELEASE' for dependency 'org.springframework.boot:spring-boot-starter-logging' in global dependency management
13:07:24.840 [DEBUG] [io.spring.gradle.dependencymanagement.internal.VersionConfiguringAction] Using version '1.5.4.RELEASE' for dependency 'org.springframework.boot:spring-boot-starter-logging:1.5.4.RELEASE'
13:07:24.840 [DEBUG] [io.spring.gradle.dependencymanagement.internal.VersionConfiguringAction] Processing dependency 'org.yaml:snakeyaml:1.17'
13:07:24.840 [DEBUG] [io.spring.gradle.dependencymanagement.internal.DependencyManagementContainer] Found managed version '1.17' for dependency 'org.yaml:snakeyaml' in global dependency management
13:07:24.840 [DEBUG] [io.spring.gradle.dependencymanagement.internal.VersionConfiguringAction] Using version '1.17' for dependency 'org.yaml:snakeyaml:1.17'
13:07:24.840 [DEBUG] [org.gradle.api.internal.artifacts.ivyservice.ivyresolve.RepositoryChainComponentMetaDataResolver] Attempting to resolve component for org.springframework.boot:spring-boot:1.5.4.RELEASE using repositories [MavenRepo]
13:07:24.840 [DEBUG] [org.gradle.api.internal.artifacts.ivyservice.ivyresolve.CachingModuleComponentRepository] Using cached module metadata for module 'org.springframework.boot:spring-boot:1.5.4.RELEASE' in 'MavenRepo'
13:07:24.840 [DEBUG] [org.gradle.api.internal.artifacts.ivyservice.ivyresolve.RepositoryChainComponentMetaDataResolver] Using org.springframework.boot:spring-boot:1.5.4.RELEASE from Maven repository 'MavenRepo'
13:07:24.840 [DEBUG] [org.gradle.api.internal.artifacts.ivyservice.ivyresolve.RepositoryChainComponentMetaDataResolver] Attempting to resolve component for org.springframework.boot:spring-boot-autoconfigure:1.5.4.RELEASE using repositories [MavenRepo]
13:07:24.841 [DEBUG] [org.gradle.api.internal.artifacts.ivyservice.ivyresolve.CachingModuleComponentRepository] Using cached module metadata for module 'org.springframework.boot:spring-boot-autoconfigure:1.5.4.RELEASE' in 'MavenRepo'
13:07:24.841 [DEBUG] [org.gradle.api.internal.artifacts.ivyservice.ivyresolve.RepositoryChainComponentMetaDataResolver] Using org.springframework.boot:spring-boot-autoconfigure:1.5.4.RELEASE from Maven repository 'MavenRepo'
13:07:24.841 [DEBUG] [org.gradle.api.internal.artifacts.ivyservice.ivyresolve.RepositoryChainComponentMetaDataResolver] Attempting to resolve component for org.springframework.boot:spring-boot-starter-logging:1.5.4.RELEASE using repositories [MavenRepo]
13:07:24.841 [DEBUG] [org.gradle.api.internal.artifacts.ivyservice.ivyresolve.CachingModuleComponentRepository] Using cached module metadata for module 'org.springframework.boot:spring-boot-starter-logging:1.5.4.RELEASE' in 'MavenRepo'
13:07:24.841 [DEBUG] [org.gradle.api.internal.artifacts.ivyservice.ivyresolve.RepositoryChainComponentMetaDataResolver] Using org.springframework.boot:spring-boot-starter-logging:1.5.4.RELEASE from Maven repository 'MavenRepo'
13:07:24.841 [DEBUG] [org.gradle.api.internal.artifacts.ivyservice.ivyresolve.RepositoryChainComponentMetaDataResolver] Attempting to resolve component for org.yaml:snakeyaml:1.17 using repositories [MavenRepo]
13:07:24.841 [DEBUG] [org.gradle.api.internal.artifacts.ivyservice.ivyresolve.CachingModuleComponentRepository] Using cached module metadata for module 'org.yaml:snakeyaml:1.17' in 'MavenRepo'
13:07:24.841 [DEBUG] [org.gradle.api.internal.artifacts.ivyservice.ivyresolve.RepositoryChainComponentMetaDataResolver] Using org.yaml:snakeyaml:1.17 from Maven repository 'MavenRepo'
13:07:24.841 [DEBUG] [org.gradle.api.internal.artifacts.ivyservice.resolveengine.graph.builder.DependencyGraphBuilder] Visiting configuration org.springframework.boot:spring-boot-starter-tomcat:1.5.4.RELEASE(runtime).
13:07:24.841 [DEBUG] [io.spring.gradle.dependencymanagement.internal.VersionConfiguringAction] Processing dependency 'org.apache.tomcat.embed:tomcat-embed-core:8.5.15'
13:07:24.841 [DEBUG] [io.spring.gradle.dependencymanagement.internal.DependencyManagementContainer] Found managed version '8.5.15' for dependency 'org.apache.tomcat.embed:tomcat-embed-core' in global dependency management
13:07:24.841 [DEBUG] [io.spring.gradle.dependencymanagement.internal.VersionConfiguringAction] Using version '8.5.15' for dependency 'org.apache.tomcat.embed:tomcat-embed-core:8.5.15'
13:07:24.841 [DEBUG] [io.spring.gradle.dependencymanagement.internal.VersionConfiguringAction] Processing dependency 'org.apache.tomcat.embed:tomcat-embed-el:8.5.15'
13:07:24.841 [DEBUG] [io.spring.gradle.dependencymanagement.internal.DependencyManagementContainer] Found managed version '8.5.15' for dependency 'org.apache.tomcat.embed:tomcat-embed-el' in global dependency management
13:07:24.841 [DEBUG] [io.spring.gradle.dependencymanagement.internal.VersionConfiguringAction] Using version '8.5.15' for dependency 'org.apache.tomcat.embed:tomcat-embed-el:8.5.15'
13:07:24.841 [DEBUG] [io.spring.gradle.dependencymanagement.internal.VersionConfiguringAction] Processing dependency 'org.apache.tomcat.embed:tomcat-embed-websocket:8.5.15'
13:07:24.841 [DEBUG] [io.spring.gradle.dependencymanagement.internal.DependencyManagementContainer] Found managed version '8.5.15' for dependency 'org.apache.tomcat.embed:tomcat-embed-websocket' in global dependency management
13:07:24.841 [DEBUG] [io.spring.gradle.dependencymanagement.internal.VersionConfiguringAction] Using version '8.5.15' for dependency 'org.apache.tomcat.embed:tomcat-embed-websocket:8.5.15'
13:07:24.841 [DEBUG] [org.gradle.api.internal.artifacts.ivyservice.ivyresolve.RepositoryChainComponentMetaDataResolver] Attempting to resolve component for org.apache.tomcat.embed:tomcat-embed-core:8.5.15 using repositories [MavenRepo]
13:07:24.842 [DEBUG] [org.gradle.api.internal.artifacts.ivyservice.ivyresolve.CachingModuleComponentRepository] Using cached module metadata for module 'org.apache.tomcat.embed:tomcat-embed-core:8.5.15' in 'MavenRepo'
13:07:24.842 [DEBUG] [org.gradle.api.internal.artifacts.ivyservice.ivyresolve.RepositoryChainComponentMetaDataResolver] Using org.apache.tomcat.embed:tomcat-embed-core:8.5.15 from Maven repository 'MavenRepo'
13:07:24.842 [DEBUG] [org.gradle.api.internal.artifacts.ivyservice.ivyresolve.RepositoryChainComponentMetaDataResolver] Attempting to resolve component for org.apache.tomcat.embed:tomcat-embed-el:8.5.15 using repositories [MavenRepo]
13:07:24.842 [DEBUG] [org.gradle.api.internal.artifacts.ivyservice.ivyresolve.CachingModuleComponentRepository] Using cached module metadata for module 'org.apache.tomcat.embed:tomcat-embed-el:8.5.15' in 'MavenRepo'
13:07:24.842 [DEBUG] [org.gradle.api.internal.artifacts.ivyservice.ivyresolve.RepositoryChainComponentMetaDataResolver] Using org.apache.tomcat.embed:tomcat-embed-el:8.5.15 from Maven repository 'MavenRepo'
13:07:24.842 [DEBUG] [org.gradle.api.internal.artifacts.ivyservice.ivyresolve.RepositoryChainComponentMetaDataResolver] Attempting to resolve component for org.apache.tomcat.embed:tomcat-embed-websocket:8.5.15 using repositories [MavenRepo]
13:07:24.842 [DEBUG] [org.gradle.api.internal.artifacts.ivyservice.ivyresolve.CachingModuleComponentRepository] Using cached module metadata for module 'org.apache.tomcat.embed:tomcat-embed-websocket:8.5.15' in 'MavenRepo'
13:07:24.842 [DEBUG] [org.gradle.api.internal.artifacts.ivyservice.ivyresolve.RepositoryChainComponentMetaDataResolver] Using org.apache.tomcat.embed:tomcat-embed-websocket:8.5.15 from Maven repository 'MavenRepo'
13:07:24.842 [DEBUG] [org.gradle.api.internal.artifacts.ivyservice.resolveengine.graph.builder.DependencyGraphBuilder] Visiting configuration org.hibernate:hibernate-validator:5.3.5.Final(runtime).
13:07:24.842 [DEBUG] [io.spring.gradle.dependencymanagement.internal.VersionConfiguringAction] Processing dependency 'javax.validation:validation-api:1.1.0.Final'
13:07:24.842 [DEBUG] [io.spring.gradle.dependencymanagement.internal.DependencyManagementContainer] Found managed version '1.1.0.Final' for dependency 'javax.validation:validation-api' in global dependency management
13:07:24.842 [DEBUG] [io.spring.gradle.dependencymanagement.internal.VersionConfiguringAction] Using version '1.1.0.Final' for dependency 'javax.validation:validation-api:1.1.0.Final'
13:07:24.842 [DEBUG] [io.spring.gradle.dependencymanagement.internal.VersionConfiguringAction] Processing dependency 'org.jboss.logging:jboss-logging:3.3.0.Final'
13:07:24.842 [DEBUG] [io.spring.gradle.dependencymanagement.internal.DependencyManagementContainer] Found managed version '3.3.1.Final' for dependency 'org.jboss.logging:jboss-logging' in global dependency management
13:07:24.842 [DEBUG] [io.spring.gradle.dependencymanagement.internal.VersionConfiguringAction] Using version '3.3.1.Final' for dependency 'org.jboss.logging:jboss-logging:3.3.0.Final'
13:07:24.842 [DEBUG] [io.spring.gradle.dependencymanagement.internal.VersionConfiguringAction] Processing dependency 'com.fasterxml:classmate:1.3.1'
13:07:24.843 [DEBUG] [io.spring.gradle.dependencymanagement.internal.DependencyManagementContainer] Found managed version '1.3.3' for dependency 'com.fasterxml:classmate' in global dependency management
13:07:24.843 [DEBUG] [io.spring.gradle.dependencymanagement.internal.VersionConfiguringAction] Using version '1.3.3' for dependency 'com.fasterxml:classmate:1.3.1'
13:07:24.843 [DEBUG] [org.gradle.api.internal.artifacts.ivyservice.ivyresolve.RepositoryChainComponentMetaDataResolver] Attempting to resolve component for javax.validation:validation-api:1.1.0.Final using repositories [MavenRepo]
13:07:24.843 [DEBUG] [org.gradle.api.internal.artifacts.ivyservice.ivyresolve.CachingModuleComponentRepository] Using cached module metadata for module 'javax.validation:validation-api:1.1.0.Final' in 'MavenRepo'
13:07:24.843 [DEBUG] [org.gradle.api.internal.artifacts.ivyservice.ivyresolve.RepositoryChainComponentMetaDataResolver] Using javax.validation:validation-api:1.1.0.Final from Maven repository 'MavenRepo'
13:07:24.843 [DEBUG] [org.gradle.api.internal.artifacts.ivyservice.ivyresolve.RepositoryChainComponentMetaDataResolver] Attempting to resolve component for org.jboss.logging:jboss-logging:3.3.1.Final using repositories [MavenRepo]
13:07:24.843 [DEBUG] [org.gradle.api.internal.artifacts.ivyservice.ivyresolve.CachingModuleComponentRepository] Using cached module metadata for module 'org.jboss.logging:jboss-logging:3.3.1.Final' in 'MavenRepo'
13:07:24.843 [DEBUG] [org.gradle.api.internal.artifacts.ivyservice.ivyresolve.RepositoryChainComponentMetaDataResolver] Using org.jboss.logging:jboss-logging:3.3.1.Final from Maven repository 'MavenRepo'
13:07:24.843 [DEBUG] [org.gradle.api.internal.artifacts.ivyservice.ivyresolve.RepositoryChainComponentMetaDataResolver] Attempting to resolve component for com.fasterxml:classmate:1.3.3 using repositories [MavenRepo]
13:07:24.843 [DEBUG] [org.gradle.api.internal.artifacts.ivyservice.ivyresolve.CachingModuleComponentRepository] Using cached module metadata for module 'com.fasterxml:classmate:1.3.3' in 'MavenRepo'
13:07:24.843 [DEBUG] [org.gradle.api.internal.artifacts.ivyservice.ivyresolve.RepositoryChainComponentMetaDataResolver] Using com.fasterxml:classmate:1.3.3 from Maven repository 'MavenRepo'
13:07:24.843 [DEBUG] [org.gradle.api.internal.artifacts.ivyservice.resolveengine.graph.builder.DependencyGraphBuilder] Visiting configuration com.fasterxml.jackson.core:jackson-databind:2.8.8(runtime).
13:07:24.843 [DEBUG] [io.spring.gradle.dependencymanagement.internal.VersionConfiguringAction] Processing dependency 'com.fasterxml.jackson.core:jackson-annotations:2.8.0'
13:07:24.843 [DEBUG] [io.spring.gradle.dependencymanagement.internal.DependencyManagementContainer] Found managed version '2.8.0' for dependency 'com.fasterxml.jackson.core:jackson-annotations' in global dependency management
13:07:24.843 [DEBUG] [io.spring.gradle.dependencymanagement.internal.VersionConfiguringAction] Using version '2.8.0' for dependency 'com.fasterxml.jackson.core:jackson-annotations:2.8.0'
13:07:24.843 [DEBUG] [io.spring.gradle.dependencymanagement.internal.VersionConfiguringAction] Processing dependency 'com.fasterxml.jackson.core:jackson-core:2.8.8'
13:07:24.843 [DEBUG] [io.spring.gradle.dependencymanagement.internal.DependencyManagementContainer] Found managed version '2.8.8' for dependency 'com.fasterxml.jackson.core:jackson-core' in global dependency management
13:07:24.843 [DEBUG] [io.spring.gradle.dependencymanagement.internal.VersionConfiguringAction] Using version '2.8.8' for dependency 'com.fasterxml.jackson.core:jackson-core:2.8.8'
13:07:24.844 [DEBUG] [org.gradle.api.internal.artifacts.ivyservice.ivyresolve.RepositoryChainComponentMetaDataResolver] Attempting to resolve component for com.fasterxml.jackson.core:jackson-annotations:2.8.0 using repositories [MavenRepo]
13:07:24.844 [DEBUG] [org.gradle.api.internal.artifacts.ivyservice.ivyresolve.CachingModuleComponentRepository] Using cached module metadata for module 'com.fasterxml.jackson.core:jackson-annotations:2.8.0' in 'MavenRepo'
13:07:24.844 [DEBUG] [org.gradle.api.internal.artifacts.ivyservice.ivyresolve.RepositoryChainComponentMetaDataResolver] Using com.fasterxml.jackson.core:jackson-annotations:2.8.0 from Maven repository 'MavenRepo'
13:07:24.844 [DEBUG] [org.gradle.api.internal.artifacts.ivyservice.ivyresolve.RepositoryChainComponentMetaDataResolver] Attempting to resolve component for com.fasterxml.jackson.core:jackson-core:2.8.8 using repositories [MavenRepo]
13:07:24.844 [DEBUG] [org.gradle.api.internal.artifacts.ivyservice.ivyresolve.CachingModuleComponentRepository] Using cached module metadata for module 'com.fasterxml.jackson.core:jackson-core:2.8.8' in 'MavenRepo'
13:07:24.844 [DEBUG] [org.gradle.api.internal.artifacts.ivyservice.ivyresolve.RepositoryChainComponentMetaDataResolver] Using com.fasterxml.jackson.core:jackson-core:2.8.8 from Maven repository 'MavenRepo'
13:07:24.844 [DEBUG] [org.gradle.api.internal.artifacts.ivyservice.resolveengine.graph.builder.DependencyGraphBuilder] Visiting configuration org.springframework:spring-web:4.3.9.RELEASE(runtime).
13:07:24.844 [DEBUG] [io.spring.gradle.dependencymanagement.internal.VersionConfiguringAction] Processing dependency 'org.springframework:spring-aop:4.3.9.RELEASE'
13:07:24.844 [DEBUG] [io.spring.gradle.dependencymanagement.internal.DependencyManagementContainer] Found managed version '4.3.9.RELEASE' for dependency 'org.springframework:spring-aop' in global dependency management
13:07:24.844 [DEBUG] [io.spring.gradle.dependencymanagement.internal.VersionConfiguringAction] Using version '4.3.9.RELEASE' for dependency 'org.springframework:spring-aop:4.3.9.RELEASE'
13:07:24.844 [DEBUG] [io.spring.gradle.dependencymanagement.internal.VersionConfiguringAction] Processing dependency 'org.springframework:spring-beans:4.3.9.RELEASE'
13:07:24.844 [DEBUG] [io.spring.gradle.dependencymanagement.internal.DependencyManagementContainer] Found managed version '4.3.9.RELEASE' for dependency 'org.springframework:spring-beans' in global dependency management
13:07:24.844 [DEBUG] [io.spring.gradle.dependencymanagement.internal.VersionConfiguringAction] Using version '4.3.9.RELEASE' for dependency 'org.springframework:spring-beans:4.3.9.RELEASE'
13:07:24.844 [DEBUG] [io.spring.gradle.dependencymanagement.internal.VersionConfiguringAction] Processing dependency 'org.springframework:spring-context:4.3.9.RELEASE'
13:07:24.844 [DEBUG] [io.spring.gradle.dependencymanagement.internal.DependencyManagementContainer] Found managed version '4.3.9.RELEASE' for dependency 'org.springframework:spring-context' in global dependency management
13:07:24.844 [DEBUG] [io.spring.gradle.dependencymanagement.internal.VersionConfiguringAction] Using version '4.3.9.RELEASE' for dependency 'org.springframework:spring-context:4.3.9.RELEASE'
13:07:24.844 [DEBUG] [org.gradle.api.internal.artifacts.ivyservice.ivyresolve.RepositoryChainComponentMetaDataResolver] Attempting to resolve component for org.springframework:spring-aop:4.3.9.RELEASE using repositories [MavenRepo]
13:07:24.845 [DEBUG] [org.gradle.api.internal.artifacts.ivyservice.ivyresolve.CachingModuleComponentRepository] Using cached module metadata for module 'org.springframework:spring-aop:4.3.9.RELEASE' in 'MavenRepo'
13:07:24.845 [DEBUG] [org.gradle.api.internal.artifacts.ivyservice.ivyresolve.RepositoryChainComponentMetaDataResolver] Using org.springframework:spring-aop:4.3.9.RELEASE from Maven repository 'MavenRepo'
13:07:24.845 [DEBUG] [org.gradle.api.internal.artifacts.ivyservice.ivyresolve.RepositoryChainComponentMetaDataResolver] Attempting to resolve component for org.springframework:spring-beans:4.3.9.RELEASE using repositories [MavenRepo]
13:07:24.845 [DEBUG] [org.gradle.api.internal.artifacts.ivyservice.ivyresolve.CachingModuleComponentRepository] Using cached module metadata for module 'org.springframework:spring-beans:4.3.9.RELEASE' in 'MavenRepo'
13:07:24.845 [DEBUG] [org.gradle.api.internal.artifacts.ivyservice.ivyresolve.RepositoryChainComponentMetaDataResolver] Using org.springframework:spring-beans:4.3.9.RELEASE from Maven repository 'MavenRepo'
13:07:24.845 [DEBUG] [org.gradle.api.internal.artifacts.ivyservice.ivyresolve.RepositoryChainComponentMetaDataResolver] Attempting to resolve component for org.springframework:spring-context:4.3.9.RELEASE using repositories [MavenRepo]
13:07:24.845 [DEBUG] [org.gradle.api.internal.artifacts.ivyservice.ivyresolve.CachingModuleComponentRepository] Using cached module metadata for module 'org.springframework:spring-context:4.3.9.RELEASE' in 'MavenRepo'
13:07:24.845 [DEBUG] [org.gradle.api.internal.artifacts.ivyservice.ivyresolve.RepositoryChainComponentMetaDataResolver] Using org.springframework:spring-context:4.3.9.RELEASE from Maven repository 'MavenRepo'
13:07:24.845 [DEBUG] [org.gradle.api.internal.artifacts.ivyservice.resolveengine.graph.builder.DependencyGraphBuilder] Visiting configuration org.springframework:spring-webmvc:4.3.9.RELEASE(runtime).
13:07:24.845 [DEBUG] [io.spring.gradle.dependencymanagement.internal.VersionConfiguringAction] Processing dependency 'org.springframework:spring-expression:4.3.9.RELEASE'
13:07:24.845 [DEBUG] [io.spring.gradle.dependencymanagement.internal.DependencyManagementContainer] Found managed version '4.3.9.RELEASE' for dependency 'org.springframework:spring-expression' in global dependency management
13:07:24.845 [DEBUG] [io.spring.gradle.dependencymanagement.internal.VersionConfiguringAction] Using version '4.3.9.RELEASE' for dependency 'org.springframework:spring-expression:4.3.9.RELEASE'
13:07:24.845 [DEBUG] [org.gradle.api.internal.artifacts.ivyservice.ivyresolve.RepositoryChainComponentMetaDataResolver] Attempting to resolve component for org.springframework:spring-expression:4.3.9.RELEASE using repositories [MavenRepo]
13:07:24.845 [DEBUG] [org.gradle.api.internal.artifacts.ivyservice.ivyresolve.CachingModuleComponentRepository] Using cached module metadata for module 'org.springframework:spring-expression:4.3.9.RELEASE' in 'MavenRepo'
13:07:24.845 [DEBUG] [org.gradle.api.internal.artifacts.ivyservice.ivyresolve.RepositoryChainComponentMetaDataResolver] Using org.springframework:spring-expression:4.3.9.RELEASE from Maven repository 'MavenRepo'
13:07:24.845 [DEBUG] [org.gradle.api.internal.artifacts.ivyservice.resolveengine.graph.builder.DependencyGraphBuilder] Visiting configuration org.mongodb:mongodb-driver:3.4.2(runtime).
13:07:24.845 [DEBUG] [io.spring.gradle.dependencymanagement.internal.VersionConfiguringAction] Processing dependency 'org.mongodb:bson:3.4.2'
13:07:24.845 [DEBUG] [io.spring.gradle.dependencymanagement.internal.VersionConfiguringAction] No dependency management for dependency 'org.mongodb:bson:3.4.2'
13:07:24.846 [DEBUG] [io.spring.gradle.dependencymanagement.internal.VersionConfiguringAction] Processing dependency 'org.mongodb:mongodb-driver-core:3.4.2'
13:07:24.846 [DEBUG] [io.spring.gradle.dependencymanagement.internal.VersionConfiguringAction] No dependency management for dependency 'org.mongodb:mongodb-driver-core:3.4.2'
13:07:24.846 [DEBUG] [org.gradle.api.internal.artifacts.ivyservice.ivyresolve.RepositoryChainComponentMetaDataResolver] Attempting to resolve component for org.mongodb:bson:3.4.2 using repositories [MavenRepo]
13:07:24.846 [DEBUG] [org.gradle.api.internal.artifacts.ivyservice.ivyresolve.CachingModuleComponentRepository] Using cached module metadata for module 'org.mongodb:bson:3.4.2' in 'MavenRepo'
13:07:24.846 [DEBUG] [org.gradle.api.internal.artifacts.ivyservice.ivyresolve.RepositoryChainComponentMetaDataResolver] Using org.mongodb:bson:3.4.2 from Maven repository 'MavenRepo'
13:07:24.846 [DEBUG] [org.gradle.api.internal.artifacts.ivyservice.ivyresolve.RepositoryChainComponentMetaDataResolver] Attempting to resolve component for org.mongodb:mongodb-driver-core:3.4.2 using repositories [MavenRepo]
13:07:24.846 [DEBUG] [org.gradle.api.internal.artifacts.ivyservice.ivyresolve.CachingModuleComponentRepository] Using cached module metadata for module 'org.mongodb:mongodb-driver-core:3.4.2' in 'MavenRepo'
13:07:24.846 [DEBUG] [org.gradle.api.internal.artifacts.ivyservice.ivyresolve.RepositoryChainComponentMetaDataResolver] Using org.mongodb:mongodb-driver-core:3.4.2 from Maven repository 'MavenRepo'
13:07:24.846 [DEBUG] [org.gradle.api.internal.artifacts.ivyservice.resolveengine.graph.builder.DependencyGraphBuilder] Visiting configuration org.springframework.data:spring-data-mongodb:1.10.4.RELEASE(runtime).
13:07:24.846 [DEBUG] [io.spring.gradle.dependencymanagement.internal.VersionConfiguringAction] Processing dependency 'org.springframework:spring-tx:4.3.9.RELEASE'
13:07:24.846 [DEBUG] [io.spring.gradle.dependencymanagement.internal.DependencyManagementContainer] Found managed version '4.3.9.RELEASE' for dependency 'org.springframework:spring-tx' in global dependency management
13:07:24.846 [DEBUG] [io.spring.gradle.dependencymanagement.internal.VersionConfiguringAction] Using version '4.3.9.RELEASE' for dependency 'org.springframework:spring-tx:4.3.9.RELEASE'
13:07:24.846 [DEBUG] [io.spring.gradle.dependencymanagement.internal.VersionConfiguringAction] Processing dependency 'org.springframework.data:spring-data-commons:1.13.4.RELEASE'
13:07:24.846 [DEBUG] [io.spring.gradle.dependencymanagement.internal.DependencyManagementContainer] Found managed version '1.13.4.RELEASE' for dependency 'org.springframework.data:spring-data-commons' in global dependency management
13:07:24.846 [DEBUG] [io.spring.gradle.dependencymanagement.internal.VersionConfiguringAction] Using version '1.13.4.RELEASE' for dependency 'org.springframework.data:spring-data-commons:1.13.4.RELEASE'
13:07:24.846 [DEBUG] [org.gradle.api.internal.artifacts.ivyservice.resolveengine.graph.builder.DependencyGraphBuilder] org.mongodb:mongo-java-driver is excluded from org.springframework.data:spring-data-mongodb:1.10.4.RELEASE(runtime).
13:07:24.846 [DEBUG] [io.spring.gradle.dependencymanagement.internal.VersionConfiguringAction] Processing dependency 'org.slf4j:slf4j-api:1.7.25'
13:07:24.847 [DEBUG] [io.spring.gradle.dependencymanagement.internal.DependencyManagementContainer] Found managed version '1.7.25' for dependency 'org.slf4j:slf4j-api' in global dependency management
13:07:24.847 [DEBUG] [io.spring.gradle.dependencymanagement.internal.VersionConfiguringAction] Using version '1.7.25' for dependency 'org.slf4j:slf4j-api:1.7.25'
13:07:24.847 [DEBUG] [io.spring.gradle.dependencymanagement.internal.VersionConfiguringAction] Processing dependency 'org.slf4j:jcl-over-slf4j:1.7.25'
13:07:24.847 [DEBUG] [io.spring.gradle.dependencymanagement.internal.DependencyManagementContainer] Found managed version '1.7.25' for dependency 'org.slf4j:jcl-over-slf4j' in global dependency management
13:07:24.847 [DEBUG] [io.spring.gradle.dependencymanagement.internal.VersionConfiguringAction] Using version '1.7.25' for dependency 'org.slf4j:jcl-over-slf4j:1.7.25'
13:07:24.847 [DEBUG] [org.gradle.api.internal.artifacts.ivyservice.ivyresolve.RepositoryChainComponentMetaDataResolver] Attempting to resolve component for org.springframework:spring-tx:4.3.9.RELEASE using repositories [MavenRepo]
13:07:24.847 [DEBUG] [org.gradle.api.internal.artifacts.ivyservice.ivyresolve.CachingModuleComponentRepository] Using cached module metadata for module 'org.springframework:spring-tx:4.3.9.RELEASE' in 'MavenRepo'
13:07:24.847 [DEBUG] [org.gradle.api.internal.artifacts.ivyservice.ivyresolve.RepositoryChainComponentMetaDataResolver] Using org.springframework:spring-tx:4.3.9.RELEASE from Maven repository 'MavenRepo'
13:07:24.847 [DEBUG] [org.gradle.api.internal.artifacts.ivyservice.ivyresolve.RepositoryChainComponentMetaDataResolver] Attempting to resolve component for org.springframework.data:spring-data-commons:1.13.4.RELEASE using repositories [MavenRepo]
13:07:24.847 [DEBUG] [org.gradle.api.internal.artifacts.ivyservice.ivyresolve.CachingModuleComponentRepository] Using cached module metadata for module 'org.springframework.data:spring-data-commons:1.13.4.RELEASE' in 'MavenRepo'
13:07:24.847 [DEBUG] [org.gradle.api.internal.artifacts.ivyservice.ivyresolve.RepositoryChainComponentMetaDataResolver] Using org.springframework.data:spring-data-commons:1.13.4.RELEASE from Maven repository 'MavenRepo'
13:07:24.847 [DEBUG] [org.gradle.api.internal.artifacts.ivyservice.ivyresolve.RepositoryChainComponentMetaDataResolver] Attempting to resolve component for org.slf4j:slf4j-api:1.7.25 using repositories [MavenRepo]
13:07:24.847 [DEBUG] [org.gradle.api.internal.artifacts.ivyservice.ivyresolve.CachingModuleComponentRepository] Using cached module metadata for module 'org.slf4j:slf4j-api:1.7.25' in 'MavenRepo'
13:07:24.847 [DEBUG] [org.gradle.api.internal.artifacts.ivyservice.ivyresolve.RepositoryChainComponentMetaDataResolver] Using org.slf4j:slf4j-api:1.7.25 from Maven repository 'MavenRepo'
13:07:24.847 [DEBUG] [org.gradle.api.internal.artifacts.ivyservice.ivyresolve.RepositoryChainComponentMetaDataResolver] Attempting to resolve component for org.slf4j:jcl-over-slf4j:1.7.25 using repositories [MavenRepo]
13:07:24.847 [DEBUG] [org.gradle.api.internal.artifacts.ivyservice.ivyresolve.CachingModuleComponentRepository] Using cached module metadata for module 'org.slf4j:jcl-over-slf4j:1.7.25' in 'MavenRepo'
13:07:24.847 [DEBUG] [org.gradle.api.internal.artifacts.ivyservice.ivyresolve.RepositoryChainComponentMetaDataResolver] Using org.slf4j:jcl-over-slf4j:1.7.25 from Maven repository 'MavenRepo'
13:07:24.847 [DEBUG] [org.gradle.api.internal.artifacts.ivyservice.resolveengine.graph.builder.DependencyGraphBuilder] Visiting configuration org.mozilla:rhino:1.7.7.1(runtime).
13:07:24.847 [DEBUG] [org.gradle.api.internal.artifacts.ivyservice.resolveengine.graph.builder.DependencyGraphBuilder] Visiting configuration com.vividsolutions:jts:1.13(runtime).
13:07:24.847 [DEBUG] [org.gradle.api.internal.artifacts.ivyservice.resolveengine.graph.builder.DependencyGraphBuilder] Visiting configuration de.grundid.opendatalab:geojson-jackson:1.2(runtime).
13:07:24.847 [DEBUG] [io.spring.gradle.dependencymanagement.internal.VersionConfiguringAction] Processing dependency 'com.fasterxml.jackson.core:jackson-core:2.2.2'
13:07:24.847 [DEBUG] [io.spring.gradle.dependencymanagement.internal.DependencyManagementContainer] Found managed version '2.8.8' for dependency 'com.fasterxml.jackson.core:jackson-core' in global dependency management
13:07:24.847 [DEBUG] [io.spring.gradle.dependencymanagement.internal.VersionConfiguringAction] Using version '2.8.8' for dependency 'com.fasterxml.jackson.core:jackson-core:2.2.2'
13:07:24.847 [DEBUG] [io.spring.gradle.dependencymanagement.internal.VersionConfiguringAction] Processing dependency 'com.fasterxml.jackson.core:jackson-databind:2.2.2'
13:07:24.847 [DEBUG] [io.spring.gradle.dependencymanagement.internal.DependencyManagementContainer] Found managed version '2.8.8' for dependency 'com.fasterxml.jackson.core:jackson-databind' in global dependency management
13:07:24.847 [DEBUG] [io.spring.gradle.dependencymanagement.internal.VersionConfiguringAction] Using version '2.8.8' for dependency 'com.fasterxml.jackson.core:jackson-databind:2.2.2'
13:07:24.848 [DEBUG] [org.gradle.api.internal.artifacts.ivyservice.resolveengine.graph.builder.DependencyGraphBuilder] Visiting configuration org.springframework.boot:spring-boot-test:1.5.4.RELEASE(runtime).
13:07:24.848 [DEBUG] [org.gradle.api.internal.artifacts.ivyservice.resolveengine.graph.builder.DependencyGraphBuilder] Visiting configuration org.springframework.boot:spring-boot-test-autoconfigure:1.5.4.RELEASE(runtime).
13:07:24.848 [DEBUG] [org.gradle.api.internal.artifacts.ivyservice.resolveengine.graph.builder.DependencyGraphBuilder] Visiting configuration com.jayway.jsonpath:json-path:2.2.0(runtime).
13:07:24.848 [DEBUG] [io.spring.gradle.dependencymanagement.internal.VersionConfiguringAction] Processing dependency 'net.minidev:json-smart:2.2.1'
13:07:24.848 [DEBUG] [io.spring.gradle.dependencymanagement.internal.VersionConfiguringAction] No dependency management for dependency 'net.minidev:json-smart:2.2.1'
13:07:24.848 [DEBUG] [io.spring.gradle.dependencymanagement.internal.VersionConfiguringAction] Processing dependency 'org.slf4j:slf4j-api:1.7.16'
13:07:24.848 [DEBUG] [io.spring.gradle.dependencymanagement.internal.DependencyManagementContainer] Found managed version '1.7.25' for dependency 'org.slf4j:slf4j-api' in global dependency management
13:07:24.848 [DEBUG] [io.spring.gradle.dependencymanagement.internal.VersionConfiguringAction] Using version '1.7.25' for dependency 'org.slf4j:slf4j-api:1.7.16'
13:07:24.848 [DEBUG] [org.gradle.api.internal.artifacts.ivyservice.ivyresolve.RepositoryChainComponentMetaDataResolver] Attempting to resolve component for net.minidev:json-smart:2.2.1 using repositories [MavenRepo]
13:07:24.848 [DEBUG] [org.gradle.api.internal.artifacts.ivyservice.ivyresolve.CachingModuleComponentRepository] Using cached module metadata for module 'net.minidev:json-smart:2.2.1' in 'MavenRepo'
13:07:24.848 [DEBUG] [org.gradle.api.internal.artifacts.ivyservice.ivyresolve.RepositoryChainComponentMetaDataResolver] Using net.minidev:json-smart:2.2.1 from Maven repository 'MavenRepo'
13:07:24.848 [DEBUG] [org.gradle.api.internal.artifacts.ivyservice.resolveengine.graph.builder.DependencyGraphBuilder] Visiting configuration junit:junit:4.12(runtime).
13:07:24.848 [DEBUG] [org.gradle.api.internal.artifacts.ivyservice.resolveengine.graph.builder.DependencyGraphBuilder] Visiting configuration org.assertj:assertj-core:2.6.0(runtime).
13:07:24.848 [DEBUG] [org.gradle.api.internal.artifacts.ivyservice.resolveengine.graph.builder.DependencyGraphBuilder] Visiting configuration org.mockito:mockito-core:1.10.19(runtime).
13:07:24.848 [DEBUG] [io.spring.gradle.dependencymanagement.internal.VersionConfiguringAction] Processing dependency 'org.hamcrest:hamcrest-core:1.1'
13:07:24.848 [DEBUG] [io.spring.gradle.dependencymanagement.internal.DependencyManagementContainer] Found managed version '1.3' for dependency 'org.hamcrest:hamcrest-core' in global dependency management
13:07:24.848 [DEBUG] [io.spring.gradle.dependencymanagement.internal.VersionConfiguringAction] Using version '1.3' for dependency 'org.hamcrest:hamcrest-core:1.1'
13:07:24.848 [DEBUG] [io.spring.gradle.dependencymanagement.internal.VersionConfiguringAction] Processing dependency 'org.objenesis:objenesis:2.1'
13:07:24.848 [DEBUG] [io.spring.gradle.dependencymanagement.internal.VersionConfiguringAction] No dependency management for dependency 'org.objenesis:objenesis:2.1'
13:07:24.849 [DEBUG] [org.gradle.api.internal.artifacts.ivyservice.ivyresolve.RepositoryChainComponentMetaDataResolver] Attempting to resolve component for org.objenesis:objenesis:2.1 using repositories [MavenRepo]
13:07:24.849 [DEBUG] [org.gradle.api.internal.artifacts.ivyservice.ivyresolve.CachingModuleComponentRepository] Using cached module metadata for module 'org.objenesis:objenesis:2.1' in 'MavenRepo'
13:07:24.849 [DEBUG] [org.gradle.api.internal.artifacts.ivyservice.ivyresolve.RepositoryChainComponentMetaDataResolver] Using org.objenesis:objenesis:2.1 from Maven repository 'MavenRepo'
13:07:24.849 [DEBUG] [org.gradle.api.internal.artifacts.ivyservice.resolveengine.graph.builder.DependencyGraphBuilder] Visiting configuration org.hamcrest:hamcrest-core:1.3(runtime).
13:07:24.849 [DEBUG] [org.gradle.api.internal.artifacts.ivyservice.resolveengine.graph.builder.DependencyGraphBuilder] Visiting configuration org.hamcrest:hamcrest-library:1.3(runtime).
13:07:24.849 [DEBUG] [org.gradle.api.internal.artifacts.ivyservice.resolveengine.graph.builder.DependencyGraphBuilder] Visiting configuration org.skyscreamer:jsonassert:1.4.0(runtime).
13:07:24.849 [DEBUG] [io.spring.gradle.dependencymanagement.internal.VersionConfiguringAction] Processing dependency 'com.vaadin.external.google:android-json:0.0.20131108.vaadin1'
13:07:24.849 [DEBUG] [io.spring.gradle.dependencymanagement.internal.VersionConfiguringAction] No dependency management for dependency 'com.vaadin.external.google:android-json:0.0.20131108.vaadin1'
13:07:24.849 [DEBUG] [org.gradle.api.internal.artifacts.ivyservice.ivyresolve.RepositoryChainComponentMetaDataResolver] Attempting to resolve component for com.vaadin.external.google:android-json:0.0.20131108.vaadin1 using repositories [MavenRepo]
13:07:24.849 [DEBUG] [org.gradle.api.internal.artifacts.ivyservice.ivyresolve.CachingModuleComponentRepository] Using cached module metadata for module 'com.vaadin.external.google:android-json:0.0.20131108.vaadin1' in 'MavenRepo'
13:07:24.849 [DEBUG] [org.gradle.api.internal.artifacts.ivyservice.ivyresolve.RepositoryChainComponentMetaDataResolver] Using com.vaadin.external.google:android-json:0.0.20131108.vaadin1 from Maven repository 'MavenRepo'
13:07:24.849 [DEBUG] [org.gradle.api.internal.artifacts.ivyservice.resolveengine.graph.builder.DependencyGraphBuilder] Visiting configuration org.springframework:spring-core:4.3.9.RELEASE(runtime).
13:07:24.849 [DEBUG] [org.gradle.api.internal.artifacts.ivyservice.resolveengine.graph.builder.DependencyGraphBuilder] commons-logging:commons-logging is excluded from org.springframework:spring-core:4.3.9.RELEASE(runtime).
13:07:24.849 [DEBUG] [org.gradle.api.internal.artifacts.ivyservice.resolveengine.graph.builder.DependencyGraphBuilder] Visiting configuration org.springframework:spring-test:4.3.9.RELEASE(runtime).
13:07:24.849 [DEBUG] [org.gradle.api.internal.artifacts.ivyservice.resolveengine.graph.builder.DependencyGraphBuilder] Visiting configuration org.springframework.boot:spring-boot:1.5.4.RELEASE(runtime).
13:07:24.849 [DEBUG] [org.gradle.api.internal.artifacts.ivyservice.resolveengine.graph.builder.DependencyGraphBuilder] Visiting configuration org.springframework.boot:spring-boot-autoconfigure:1.5.4.RELEASE(runtime).
13:07:24.849 [DEBUG] [org.gradle.api.internal.artifacts.ivyservice.resolveengine.graph.builder.DependencyGraphBuilder] Visiting configuration org.springframework.boot:spring-boot-starter-logging:1.5.4.RELEASE(runtime).
13:07:24.850 [DEBUG] [io.spring.gradle.dependencymanagement.internal.VersionConfiguringAction] Processing dependency 'ch.qos.logback:logback-classic:1.1.11'
13:07:24.850 [DEBUG] [io.spring.gradle.dependencymanagement.internal.DependencyManagementContainer] Found managed version '1.1.11' for dependency 'ch.qos.logback:logback-classic' in global dependency management
13:07:24.850 [DEBUG] [io.spring.gradle.dependencymanagement.internal.VersionConfiguringAction] Using version '1.1.11' for dependency 'ch.qos.logback:logback-classic:1.1.11'
13:07:24.850 [DEBUG] [io.spring.gradle.dependencymanagement.internal.VersionConfiguringAction] Processing dependency 'org.slf4j:jul-to-slf4j:1.7.25'
13:07:24.850 [DEBUG] [io.spring.gradle.dependencymanagement.internal.DependencyManagementContainer] Found managed version '1.7.25' for dependency 'org.slf4j:jul-to-slf4j' in global dependency management
13:07:24.850 [DEBUG] [io.spring.gradle.dependencymanagement.internal.VersionConfiguringAction] Using version '1.7.25' for dependency 'org.slf4j:jul-to-slf4j:1.7.25'
13:07:24.850 [DEBUG] [io.spring.gradle.dependencymanagement.internal.VersionConfiguringAction] Processing dependency 'org.slf4j:log4j-over-slf4j:1.7.25'
13:07:24.850 [DEBUG] [io.spring.gradle.dependencymanagement.internal.DependencyManagementContainer] Found managed version '1.7.25' for dependency 'org.slf4j:log4j-over-slf4j' in global dependency management
13:07:24.850 [DEBUG] [io.spring.gradle.dependencymanagement.internal.VersionConfiguringAction] Using version '1.7.25' for dependency 'org.slf4j:log4j-over-slf4j:1.7.25'
13:07:24.850 [DEBUG] [org.gradle.api.internal.artifacts.ivyservice.ivyresolve.RepositoryChainComponentMetaDataResolver] Attempting to resolve component for ch.qos.logback:logback-classic:1.1.11 using repositories [MavenRepo]
13:07:24.850 [DEBUG] [org.gradle.api.internal.artifacts.ivyservice.ivyresolve.CachingModuleComponentRepository] Using cached module metadata for module 'ch.qos.logback:logback-classic:1.1.11' in 'MavenRepo'
13:07:24.850 [DEBUG] [org.gradle.api.internal.artifacts.ivyservice.ivyresolve.RepositoryChainComponentMetaDataResolver] Using ch.qos.logback:logback-classic:1.1.11 from Maven repository 'MavenRepo'
13:07:24.850 [DEBUG] [org.gradle.api.internal.artifacts.ivyservice.ivyresolve.RepositoryChainComponentMetaDataResolver] Attempting to resolve component for org.slf4j:jul-to-slf4j:1.7.25 using repositories [MavenRepo]
13:07:24.850 [DEBUG] [org.gradle.api.internal.artifacts.ivyservice.ivyresolve.CachingModuleComponentRepository] Using cached module metadata for module 'org.slf4j:jul-to-slf4j:1.7.25' in 'MavenRepo'
13:07:24.850 [DEBUG] [org.gradle.api.internal.artifacts.ivyservice.ivyresolve.RepositoryChainComponentMetaDataResolver] Using org.slf4j:jul-to-slf4j:1.7.25 from Maven repository 'MavenRepo'
13:07:24.850 [DEBUG] [org.gradle.api.internal.artifacts.ivyservice.ivyresolve.RepositoryChainComponentMetaDataResolver] Attempting to resolve component for org.slf4j:log4j-over-slf4j:1.7.25 using repositories [MavenRepo]
13:07:24.850 [DEBUG] [org.gradle.api.internal.artifacts.ivyservice.ivyresolve.CachingModuleComponentRepository] Using cached module metadata for module 'org.slf4j:log4j-over-slf4j:1.7.25' in 'MavenRepo'
13:07:24.850 [DEBUG] [org.gradle.api.internal.artifacts.ivyservice.ivyresolve.RepositoryChainComponentMetaDataResolver] Using org.slf4j:log4j-over-slf4j:1.7.25 from Maven repository 'MavenRepo'
13:07:24.850 [DEBUG] [org.gradle.api.internal.artifacts.ivyservice.resolveengine.graph.builder.DependencyGraphBuilder] Visiting configuration org.yaml:snakeyaml:1.17(runtime).
13:07:24.850 [DEBUG] [org.gradle.api.internal.artifacts.ivyservice.resolveengine.graph.builder.DependencyGraphBuilder] Visiting configuration org.apache.tomcat.embed:tomcat-embed-core:8.5.15(runtime).
13:07:24.850 [DEBUG] [org.gradle.api.internal.artifacts.ivyservice.resolveengine.graph.builder.DependencyGraphBuilder] Visiting configuration org.apache.tomcat.embed:tomcat-embed-el:8.5.15(runtime).
13:07:24.850 [DEBUG] [org.gradle.api.internal.artifacts.ivyservice.resolveengine.graph.builder.DependencyGraphBuilder] Visiting configuration org.apache.tomcat.embed:tomcat-embed-websocket:8.5.15(runtime).
13:07:24.850 [DEBUG] [org.gradle.api.internal.artifacts.ivyservice.resolveengine.graph.builder.DependencyGraphBuilder] Visiting configuration javax.validation:validation-api:1.1.0.Final(runtime).
13:07:24.850 [DEBUG] [org.gradle.api.internal.artifacts.ivyservice.resolveengine.graph.builder.DependencyGraphBuilder] Visiting configuration org.jboss.logging:jboss-logging:3.3.1.Final(runtime).
13:07:24.851 [DEBUG] [org.gradle.api.internal.artifacts.ivyservice.resolveengine.graph.builder.DependencyGraphBuilder] Visiting configuration com.fasterxml:classmate:1.3.3(runtime).
13:07:24.851 [DEBUG] [org.gradle.api.internal.artifacts.ivyservice.resolveengine.graph.builder.DependencyGraphBuilder] Visiting configuration com.fasterxml.jackson.core:jackson-annotations:2.8.0(runtime).
13:07:24.851 [DEBUG] [org.gradle.api.internal.artifacts.ivyservice.resolveengine.graph.builder.DependencyGraphBuilder] Visiting configuration com.fasterxml.jackson.core:jackson-core:2.8.8(runtime).
13:07:24.851 [DEBUG] [org.gradle.api.internal.artifacts.ivyservice.resolveengine.graph.builder.DependencyGraphBuilder] Visiting configuration org.springframework:spring-aop:4.3.9.RELEASE(runtime).
13:07:24.851 [DEBUG] [org.gradle.api.internal.artifacts.ivyservice.resolveengine.graph.builder.DependencyGraphBuilder] Visiting configuration org.springframework:spring-beans:4.3.9.RELEASE(runtime).
13:07:24.851 [DEBUG] [org.gradle.api.internal.artifacts.ivyservice.resolveengine.graph.builder.DependencyGraphBuilder] Visiting configuration org.springframework:spring-context:4.3.9.RELEASE(runtime).
13:07:24.851 [DEBUG] [org.gradle.api.internal.artifacts.ivyservice.resolveengine.graph.builder.DependencyGraphBuilder] Visiting configuration org.springframework:spring-expression:4.3.9.RELEASE(runtime).
13:07:24.851 [DEBUG] [org.gradle.api.internal.artifacts.ivyservice.resolveengine.graph.builder.DependencyGraphBuilder] Visiting configuration org.springframework:spring-web:4.3.9.RELEASE(runtime).
13:07:24.851 [DEBUG] [org.gradle.api.internal.artifacts.ivyservice.resolveengine.graph.builder.DependencyGraphBuilder] Changed edges for org.springframework:spring-web:4.3.9.RELEASE(runtime) selects same versions as previous traversal. ignoring
13:07:24.851 [DEBUG] [org.gradle.api.internal.artifacts.ivyservice.resolveengine.graph.builder.DependencyGraphBuilder] Visiting configuration org.mongodb:bson:3.4.2(runtime).
13:07:24.851 [DEBUG] [org.gradle.api.internal.artifacts.ivyservice.resolveengine.graph.builder.DependencyGraphBuilder] Visiting configuration org.mongodb:mongodb-driver-core:3.4.2(runtime).
13:07:24.851 [DEBUG] [org.gradle.api.internal.artifacts.ivyservice.resolveengine.graph.builder.DependencyGraphBuilder] Visiting configuration org.springframework:spring-tx:4.3.9.RELEASE(runtime).
13:07:24.851 [DEBUG] [org.gradle.api.internal.artifacts.ivyservice.resolveengine.graph.builder.DependencyGraphBuilder] Visiting configuration org.springframework.data:spring-data-commons:1.13.4.RELEASE(runtime).
13:07:24.851 [DEBUG] [org.gradle.api.internal.artifacts.ivyservice.resolveengine.graph.builder.DependencyGraphBuilder] Visiting configuration org.slf4j:slf4j-api:1.7.25(runtime).
13:07:24.851 [DEBUG] [org.gradle.api.internal.artifacts.ivyservice.resolveengine.graph.builder.DependencyGraphBuilder] Visiting configuration org.slf4j:jcl-over-slf4j:1.7.25(runtime).
13:07:24.851 [DEBUG] [org.gradle.api.internal.artifacts.ivyservice.resolveengine.graph.builder.DependencyGraphBuilder] Visiting configuration com.fasterxml.jackson.core:jackson-databind:2.8.8(runtime).
13:07:24.851 [DEBUG] [org.gradle.api.internal.artifacts.ivyservice.resolveengine.graph.builder.DependencyGraphBuilder] Changed edges for com.fasterxml.jackson.core:jackson-databind:2.8.8(runtime) selects same versions as previous traversal. ignoring
13:07:24.851 [DEBUG] [org.gradle.api.internal.artifacts.ivyservice.resolveengine.graph.builder.DependencyGraphBuilder] Visiting configuration org.springframework.boot:spring-boot-test:1.5.4.RELEASE(runtime).
13:07:24.851 [DEBUG] [org.gradle.api.internal.artifacts.ivyservice.resolveengine.graph.builder.DependencyGraphBuilder] Changed edges for org.springframework.boot:spring-boot-test:1.5.4.RELEASE(runtime) selects same versions as previous traversal. ignoring
13:07:24.851 [DEBUG] [org.gradle.api.internal.artifacts.ivyservice.resolveengine.graph.builder.DependencyGraphBuilder] Visiting configuration net.minidev:json-smart:2.2.1(runtime).
13:07:24.851 [DEBUG] [io.spring.gradle.dependencymanagement.internal.VersionConfiguringAction] Processing dependency 'net.minidev:accessors-smart:1.1'
13:07:24.851 [DEBUG] [io.spring.gradle.dependencymanagement.internal.VersionConfiguringAction] No dependency management for dependency 'net.minidev:accessors-smart:1.1'
13:07:24.851 [DEBUG] [org.gradle.api.internal.artifacts.ivyservice.ivyresolve.RepositoryChainComponentMetaDataResolver] Attempting to resolve component for net.minidev:accessors-smart:1.1 using repositories [MavenRepo]
13:07:24.851 [DEBUG] [org.gradle.api.internal.artifacts.ivyservice.ivyresolve.CachingModuleComponentRepository] Using cached module metadata for module 'net.minidev:accessors-smart:1.1' in 'MavenRepo'
13:07:24.851 [DEBUG] [org.gradle.api.internal.artifacts.ivyservice.ivyresolve.RepositoryChainComponentMetaDataResolver] Using net.minidev:accessors-smart:1.1 from Maven repository 'MavenRepo'
13:07:24.852 [DEBUG] [org.gradle.api.internal.artifacts.ivyservice.resolveengine.graph.builder.DependencyGraphBuilder] Visiting configuration org.objenesis:objenesis:2.1(runtime).
13:07:24.852 [DEBUG] [org.gradle.api.internal.artifacts.ivyservice.resolveengine.graph.builder.DependencyGraphBuilder] Visiting configuration org.hamcrest:hamcrest-core:1.3(runtime).
13:07:24.852 [DEBUG] [org.gradle.api.internal.artifacts.ivyservice.resolveengine.graph.builder.DependencyGraphBuilder] Changed edges for org.hamcrest:hamcrest-core:1.3(runtime) selects same versions as previous traversal. ignoring
13:07:24.852 [DEBUG] [org.gradle.api.internal.artifacts.ivyservice.resolveengine.graph.builder.DependencyGraphBuilder] Visiting configuration com.vaadin.external.google:android-json:0.0.20131108.vaadin1(runtime).
13:07:24.852 [DEBUG] [org.gradle.api.internal.artifacts.ivyservice.resolveengine.graph.builder.DependencyGraphBuilder] Visiting configuration org.springframework:spring-core:4.3.9.RELEASE(runtime).
13:07:24.852 [DEBUG] [org.gradle.api.internal.artifacts.ivyservice.resolveengine.graph.builder.DependencyGraphBuilder] Changed edges for org.springframework:spring-core:4.3.9.RELEASE(runtime) selects same versions as previous traversal. ignoring
13:07:24.852 [DEBUG] [org.gradle.api.internal.artifacts.ivyservice.resolveengine.graph.builder.DependencyGraphBuilder] Visiting configuration org.springframework.boot:spring-boot:1.5.4.RELEASE(runtime).
13:07:24.852 [DEBUG] [org.gradle.api.internal.artifacts.ivyservice.resolveengine.graph.builder.DependencyGraphBuilder] Changed edges for org.springframework.boot:spring-boot:1.5.4.RELEASE(runtime) selects same versions as previous traversal. ignoring
13:07:24.852 [DEBUG] [org.gradle.api.internal.artifacts.ivyservice.resolveengine.graph.builder.DependencyGraphBuilder] Visiting configuration ch.qos.logback:logback-classic:1.1.11(runtime).
13:07:24.852 [DEBUG] [io.spring.gradle.dependencymanagement.internal.VersionConfiguringAction] Processing dependency 'ch.qos.logback:logback-core:1.1.11'
13:07:24.852 [DEBUG] [io.spring.gradle.dependencymanagement.internal.DependencyManagementContainer] Found managed version '1.1.11' for dependency 'ch.qos.logback:logback-core' in global dependency management
13:07:24.852 [DEBUG] [io.spring.gradle.dependencymanagement.internal.VersionConfiguringAction] Using version '1.1.11' for dependency 'ch.qos.logback:logback-core:1.1.11'
13:07:24.852 [DEBUG] [io.spring.gradle.dependencymanagement.internal.VersionConfiguringAction] Processing dependency 'org.slf4j:slf4j-api:1.7.22'
13:07:24.852 [DEBUG] [io.spring.gradle.dependencymanagement.internal.DependencyManagementContainer] Found managed version '1.7.25' for dependency 'org.slf4j:slf4j-api' in global dependency management
13:07:24.852 [DEBUG] [io.spring.gradle.dependencymanagement.internal.VersionConfiguringAction] Using version '1.7.25' for dependency 'org.slf4j:slf4j-api:1.7.22'
13:07:24.852 [DEBUG] [org.gradle.api.internal.artifacts.ivyservice.ivyresolve.RepositoryChainComponentMetaDataResolver] Attempting to resolve component for ch.qos.logback:logback-core:1.1.11 using repositories [MavenRepo]
13:07:24.852 [DEBUG] [org.gradle.api.internal.artifacts.ivyservice.ivyresolve.CachingModuleComponentRepository] Using cached module metadata for module 'ch.qos.logback:logback-core:1.1.11' in 'MavenRepo'
13:07:24.852 [DEBUG] [org.gradle.api.internal.artifacts.ivyservice.ivyresolve.RepositoryChainComponentMetaDataResolver] Using ch.qos.logback:logback-core:1.1.11 from Maven repository 'MavenRepo'
13:07:24.852 [DEBUG] [org.gradle.api.internal.artifacts.ivyservice.resolveengine.graph.builder.DependencyGraphBuilder] Visiting configuration org.slf4j:jul-to-slf4j:1.7.25(runtime).
13:07:24.852 [DEBUG] [org.gradle.api.internal.artifacts.ivyservice.resolveengine.graph.builder.DependencyGraphBuilder] Visiting configuration org.slf4j:log4j-over-slf4j:1.7.25(runtime).
13:07:24.852 [DEBUG] [org.gradle.api.internal.artifacts.ivyservice.resolveengine.graph.builder.DependencyGraphBuilder] Visiting configuration org.apache.tomcat.embed:tomcat-embed-core:8.5.15(runtime).
13:07:24.852 [DEBUG] [org.gradle.api.internal.artifacts.ivyservice.resolveengine.graph.builder.DependencyGraphBuilder] Changed edges for org.apache.tomcat.embed:tomcat-embed-core:8.5.15(runtime) selects same versions as previous traversal. ignoring
13:07:24.852 [DEBUG] [org.gradle.api.internal.artifacts.ivyservice.resolveengine.graph.builder.DependencyGraphBuilder] Visiting configuration org.springframework:spring-aop:4.3.9.RELEASE(runtime).
13:07:24.852 [DEBUG] [org.gradle.api.internal.artifacts.ivyservice.resolveengine.graph.builder.DependencyGraphBuilder] Changed edges for org.springframework:spring-aop:4.3.9.RELEASE(runtime) selects same versions as previous traversal. ignoring
13:07:24.852 [DEBUG] [org.gradle.api.internal.artifacts.ivyservice.resolveengine.graph.builder.DependencyGraphBuilder] Visiting configuration org.springframework:spring-beans:4.3.9.RELEASE(runtime).
13:07:24.854 [DEBUG] [org.gradle.api.internal.artifacts.ivyservice.resolveengine.graph.builder.DependencyGraphBuilder] Changed edges for org.springframework:spring-beans:4.3.9.RELEASE(runtime) selects same versions as previous traversal. ignoring
13:07:24.855 [DEBUG] [org.gradle.api.internal.artifacts.ivyservice.resolveengine.graph.builder.DependencyGraphBuilder] Visiting configuration org.mongodb:bson:3.4.2(runtime).
13:07:24.855 [DEBUG] [org.gradle.api.internal.artifacts.ivyservice.resolveengine.graph.builder.DependencyGraphBuilder] Changed edges for org.mongodb:bson:3.4.2(runtime) selects same versions as previous traversal. ignoring
13:07:24.855 [DEBUG] [org.gradle.api.internal.artifacts.ivyservice.resolveengine.graph.builder.DependencyGraphBuilder] Visiting configuration org.slf4j:slf4j-api:1.7.25(runtime).
13:07:24.855 [DEBUG] [org.gradle.api.internal.artifacts.ivyservice.resolveengine.graph.builder.DependencyGraphBuilder] Changed edges for org.slf4j:slf4j-api:1.7.25(runtime) selects same versions as previous traversal. ignoring
13:07:24.855 [DEBUG] [org.gradle.api.internal.artifacts.ivyservice.resolveengine.graph.builder.DependencyGraphBuilder] Visiting configuration net.minidev:accessors-smart:1.1(runtime).
13:07:24.855 [DEBUG] [io.spring.gradle.dependencymanagement.internal.VersionConfiguringAction] Processing dependency 'org.ow2.asm:asm:5.0.3'
13:07:24.855 [DEBUG] [io.spring.gradle.dependencymanagement.internal.VersionConfiguringAction] No dependency management for dependency 'org.ow2.asm:asm:5.0.3'
13:07:24.855 [DEBUG] [org.gradle.api.internal.artifacts.ivyservice.ivyresolve.RepositoryChainComponentMetaDataResolver] Attempting to resolve component for org.ow2.asm:asm:5.0.3 using repositories [MavenRepo]
13:07:24.855 [DEBUG] [org.gradle.api.internal.artifacts.ivyservice.ivyresolve.CachingModuleComponentRepository] Using cached module metadata for module 'org.ow2.asm:asm:5.0.3' in 'MavenRepo'
13:07:24.855 [DEBUG] [org.gradle.api.internal.artifacts.ivyservice.ivyresolve.RepositoryChainComponentMetaDataResolver] Using org.ow2.asm:asm:5.0.3 from Maven repository 'MavenRepo'
13:07:24.855 [DEBUG] [org.gradle.api.internal.artifacts.ivyservice.resolveengine.graph.builder.DependencyGraphBuilder] Visiting configuration ch.qos.logback:logback-core:1.1.11(runtime).
13:07:24.855 [DEBUG] [org.gradle.api.internal.artifacts.ivyservice.resolveengine.graph.builder.DependencyGraphBuilder] Visiting configuration org.ow2.asm:asm:5.0.3(runtime).
13:07:24.856 [DEBUG] [org.gradle.api.internal.artifacts.ivyservice.resolveengine.oldresult.TransientConfigurationResultsBuilder] Flushing resolved configuration data in Binary store in /private/var/folders/ql/766g4tnx5mgbtm0tr10fxhyc0000gn/T/gradle17660509840828398561.bin. Wrote root 2.
13:07:24.856 [DEBUG] [org.gradle.internal.operations.DefaultBuildOperationExecutor] Completing Build operation 'Resolve dependencies of :testRuntimeClasspath'
13:07:24.856 [DEBUG] [org.gradle.internal.operations.DefaultBuildOperationExecutor] Build operation 'Resolve dependencies of :testRuntimeClasspath' completed
13:07:24.856 [DEBUG] [org.gradle.internal.component.model.ComponentAttributeMatcher] Selected match org.springframework.boot:spring-boot-starter-web:1.5.4.RELEASE configuration default from candidates [org.springframework.boot:spring-boot-starter-web:1.5.4.RELEASE configuration default] for {org.gradle.usage=java-runtime}
13:07:24.856 [DEBUG] [org.gradle.internal.component.model.ComponentAttributeMatcher] Selected match org.springframework.boot:spring-boot-starter-data-mongodb:1.5.4.RELEASE configuration default from candidates [org.springframework.boot:spring-boot-starter-data-mongodb:1.5.4.RELEASE configuration default] for {org.gradle.usage=java-runtime}
13:07:24.856 [DEBUG] [org.gradle.internal.component.model.ComponentAttributeMatcher] Selected match com.github.fakemongo:fongo:2.1.1 configuration default from candidates [com.github.fakemongo:fongo:2.1.1 configuration default] for {org.gradle.usage=java-runtime}
13:07:24.856 [DEBUG] [org.gradle.internal.component.model.ComponentAttributeMatcher] Selected match org.springframework.boot:spring-boot-starter-test:1.5.4.RELEASE configuration default from candidates [org.springframework.boot:spring-boot-starter-test:1.5.4.RELEASE configuration default] for {org.gradle.usage=java-runtime}
13:07:24.856 [DEBUG] [org.gradle.internal.component.model.ComponentAttributeMatcher] Selected match org.springframework.boot:spring-boot-starter:1.5.4.RELEASE configuration runtime from candidates [org.springframework.boot:spring-boot-starter:1.5.4.RELEASE configuration runtime] for {org.gradle.usage=java-runtime}
13:07:24.856 [DEBUG] [org.gradle.internal.component.model.ComponentAttributeMatcher] Selected match org.springframework.boot:spring-boot-starter-tomcat:1.5.4.RELEASE configuration runtime from candidates [org.springframework.boot:spring-boot-starter-tomcat:1.5.4.RELEASE configuration runtime] for {org.gradle.usage=java-runtime}
13:07:24.856 [DEBUG] [org.gradle.internal.component.model.ComponentAttributeMatcher] Selected match org.hibernate:hibernate-validator:5.3.5.Final configuration runtime from candidates [org.hibernate:hibernate-validator:5.3.5.Final configuration runtime] for {org.gradle.usage=java-runtime}
13:07:24.856 [DEBUG] [org.gradle.internal.component.model.ComponentAttributeMatcher] Selected match de.grundid.opendatalab:geojson-jackson:1.2 configuration runtime from candidates [de.grundid.opendatalab:geojson-jackson:1.2 configuration runtime] for {org.gradle.usage=java-runtime}
13:07:24.856 [DEBUG] [org.gradle.internal.component.model.ComponentAttributeMatcher] Selected match com.fasterxml.jackson.core:jackson-databind:2.8.8 configuration runtime from candidates [com.fasterxml.jackson.core:jackson-databind:2.8.8 configuration runtime] for {org.gradle.usage=java-runtime}
13:07:24.856 [DEBUG] [org.gradle.internal.component.model.ComponentAttributeMatcher] Selected match org.springframework:spring-webmvc:4.3.9.RELEASE configuration runtime from candidates [org.springframework:spring-webmvc:4.3.9.RELEASE configuration runtime] for {org.gradle.usage=java-runtime}
13:07:24.856 [DEBUG] [org.gradle.internal.component.model.ComponentAttributeMatcher] Selected match org.springframework:spring-web:4.3.9.RELEASE configuration runtime from candidates [org.springframework:spring-web:4.3.9.RELEASE configuration runtime] for {org.gradle.usage=java-runtime}
13:07:24.857 [DEBUG] [org.gradle.internal.component.model.ComponentAttributeMatcher] Selected match org.mongodb:mongodb-driver:3.4.2 configuration runtime from candidates [org.mongodb:mongodb-driver:3.4.2 configuration runtime] for {org.gradle.usage=java-runtime}
13:07:24.857 [DEBUG] [org.gradle.internal.component.model.ComponentAttributeMatcher] Selected match org.springframework.data:spring-data-mongodb:1.10.4.RELEASE configuration runtime from candidates [org.springframework.data:spring-data-mongodb:1.10.4.RELEASE configuration runtime] for {org.gradle.usage=java-runtime}
13:07:24.857 [DEBUG] [org.gradle.internal.component.model.ComponentAttributeMatcher] Selected match org.mozilla:rhino:1.7.7.1 configuration runtime from candidates [org.mozilla:rhino:1.7.7.1 configuration runtime] for {org.gradle.usage=java-runtime}
13:07:24.857 [DEBUG] [org.gradle.internal.component.model.ComponentAttributeMatcher] Selected match com.vividsolutions:jts:1.13 configuration runtime from candidates [com.vividsolutions:jts:1.13 configuration runtime] for {org.gradle.usage=java-runtime}
13:07:24.857 [DEBUG] [org.gradle.internal.component.model.ComponentAttributeMatcher] Selected match org.springframework.boot:spring-boot-test-autoconfigure:1.5.4.RELEASE configuration runtime from candidates [org.springframework.boot:spring-boot-test-autoconfigure:1.5.4.RELEASE configuration runtime] for {org.gradle.usage=java-runtime}
13:07:24.857 [DEBUG] [org.gradle.internal.component.model.ComponentAttributeMatcher] Selected match org.springframework.boot:spring-boot-test:1.5.4.RELEASE configuration runtime from candidates [org.springframework.boot:spring-boot-test:1.5.4.RELEASE configuration runtime] for {org.gradle.usage=java-runtime}
13:07:24.857 [DEBUG] [org.gradle.internal.component.model.ComponentAttributeMatcher] Selected match com.jayway.jsonpath:json-path:2.2.0 configuration runtime from candidates [com.jayway.jsonpath:json-path:2.2.0 configuration runtime] for {org.gradle.usage=java-runtime}
13:07:24.857 [DEBUG] [org.gradle.internal.component.model.ComponentAttributeMatcher] Selected match junit:junit:4.12 configuration runtime from candidates [junit:junit:4.12 configuration runtime] for {org.gradle.usage=java-runtime}
13:07:24.857 [DEBUG] [org.gradle.internal.component.model.ComponentAttributeMatcher] Selected match org.assertj:assertj-core:2.6.0 configuration runtime from candidates [org.assertj:assertj-core:2.6.0 configuration runtime] for {org.gradle.usage=java-runtime}
13:07:24.857 [DEBUG] [org.gradle.internal.component.model.ComponentAttributeMatcher] Selected match org.mockito:mockito-core:1.10.19 configuration runtime from candidates [org.mockito:mockito-core:1.10.19 configuration runtime] for {org.gradle.usage=java-runtime}
13:07:24.857 [DEBUG] [org.gradle.internal.component.model.ComponentAttributeMatcher] Selected match org.hamcrest:hamcrest-library:1.3 configuration runtime from candidates [org.hamcrest:hamcrest-library:1.3 configuration runtime] for {org.gradle.usage=java-runtime}
13:07:24.857 [DEBUG] [org.gradle.internal.component.model.ComponentAttributeMatcher] Selected match org.hamcrest:hamcrest-core:1.3 configuration runtime from candidates [org.hamcrest:hamcrest-core:1.3 configuration runtime] for {org.gradle.usage=java-runtime}
13:07:24.857 [DEBUG] [org.gradle.internal.component.model.ComponentAttributeMatcher] Selected match org.skyscreamer:jsonassert:1.4.0 configuration runtime from candidates [org.skyscreamer:jsonassert:1.4.0 configuration runtime] for {org.gradle.usage=java-runtime}
13:07:24.857 [DEBUG] [org.gradle.internal.component.model.ComponentAttributeMatcher] Selected match org.springframework:spring-test:4.3.9.RELEASE configuration runtime from candidates [org.springframework:spring-test:4.3.9.RELEASE configuration runtime] for {org.gradle.usage=java-runtime}
13:07:24.857 [DEBUG] [org.gradle.internal.component.model.ComponentAttributeMatcher] Selected match org.springframework.boot:spring-boot-autoconfigure:1.5.4.RELEASE configuration runtime from candidates [org.springframework.boot:spring-boot-autoconfigure:1.5.4.RELEASE configuration runtime] for {org.gradle.usage=java-runtime}
13:07:24.857 [DEBUG] [org.gradle.internal.component.model.ComponentAttributeMatcher] Selected match org.springframework.boot:spring-boot:1.5.4.RELEASE configuration runtime from candidates [org.springframework.boot:spring-boot:1.5.4.RELEASE configuration runtime] for {org.gradle.usage=java-runtime}
13:07:24.857 [DEBUG] [org.gradle.internal.component.model.ComponentAttributeMatcher] Selected match org.springframework:spring-context:4.3.9.RELEASE configuration runtime from candidates [org.springframework:spring-context:4.3.9.RELEASE configuration runtime] for {org.gradle.usage=java-runtime}
13:07:24.857 [DEBUG] [org.gradle.internal.component.model.ComponentAttributeMatcher] Selected match org.springframework:spring-aop:4.3.9.RELEASE configuration runtime from candidates [org.springframework:spring-aop:4.3.9.RELEASE configuration runtime] for {org.gradle.usage=java-runtime}
13:07:24.857 [DEBUG] [org.gradle.internal.component.model.ComponentAttributeMatcher] Selected match org.springframework:spring-tx:4.3.9.RELEASE configuration runtime from candidates [org.springframework:spring-tx:4.3.9.RELEASE configuration runtime] for {org.gradle.usage=java-runtime}
13:07:24.857 [DEBUG] [org.gradle.internal.component.model.ComponentAttributeMatcher] Selected match org.springframework.data:spring-data-commons:1.13.4.RELEASE configuration runtime from candidates [org.springframework.data:spring-data-commons:1.13.4.RELEASE configuration runtime] for {org.gradle.usage=java-runtime}
13:07:24.857 [DEBUG] [org.gradle.internal.component.model.ComponentAttributeMatcher] Selected match org.springframework:spring-beans:4.3.9.RELEASE configuration runtime from candidates [org.springframework:spring-beans:4.3.9.RELEASE configuration runtime] for {org.gradle.usage=java-runtime}
13:07:24.857 [DEBUG] [org.gradle.internal.component.model.ComponentAttributeMatcher] Selected match org.springframework:spring-expression:4.3.9.RELEASE configuration runtime from candidates [org.springframework:spring-expression:4.3.9.RELEASE configuration runtime] for {org.gradle.usage=java-runtime}
13:07:24.857 [DEBUG] [org.gradle.internal.component.model.ComponentAttributeMatcher] Selected match org.springframework:spring-core:4.3.9.RELEASE configuration runtime from candidates [org.springframework:spring-core:4.3.9.RELEASE configuration runtime] for {org.gradle.usage=java-runtime}
13:07:24.857 [DEBUG] [org.gradle.internal.component.model.ComponentAttributeMatcher] Selected match org.springframework.boot:spring-boot-starter-logging:1.5.4.RELEASE configuration runtime from candidates [org.springframework.boot:spring-boot-starter-logging:1.5.4.RELEASE configuration runtime] for {org.gradle.usage=java-runtime}
13:07:24.857 [DEBUG] [org.gradle.internal.component.model.ComponentAttributeMatcher] Selected match org.yaml:snakeyaml:1.17 configuration runtime from candidates [org.yaml:snakeyaml:1.17 configuration runtime] for {org.gradle.usage=java-runtime}
13:07:24.858 [DEBUG] [org.gradle.internal.component.model.ComponentAttributeMatcher] Selected match org.apache.tomcat.embed:tomcat-embed-websocket:8.5.15 configuration runtime from candidates [org.apache.tomcat.embed:tomcat-embed-websocket:8.5.15 configuration runtime] for {org.gradle.usage=java-runtime}
13:07:24.858 [DEBUG] [org.gradle.internal.component.model.ComponentAttributeMatcher] Selected match org.apache.tomcat.embed:tomcat-embed-core:8.5.15 configuration runtime from candidates [org.apache.tomcat.embed:tomcat-embed-core:8.5.15 configuration runtime] for {org.gradle.usage=java-runtime}
13:07:24.858 [DEBUG] [org.gradle.internal.component.model.ComponentAttributeMatcher] Selected match org.apache.tomcat.embed:tomcat-embed-el:8.5.15 configuration runtime from candidates [org.apache.tomcat.embed:tomcat-embed-el:8.5.15 configuration runtime] for {org.gradle.usage=java-runtime}
13:07:24.858 [DEBUG] [org.gradle.internal.component.model.ComponentAttributeMatcher] Selected match javax.validation:validation-api:1.1.0.Final configuration runtime from candidates [javax.validation:validation-api:1.1.0.Final configuration runtime] for {org.gradle.usage=java-runtime}
13:07:24.858 [DEBUG] [org.gradle.internal.component.model.ComponentAttributeMatcher] Selected match org.jboss.logging:jboss-logging:3.3.1.Final configuration runtime from candidates [org.jboss.logging:jboss-logging:3.3.1.Final configuration runtime] for {org.gradle.usage=java-runtime}
13:07:24.858 [DEBUG] [org.gradle.internal.component.model.ComponentAttributeMatcher] Selected match com.fasterxml:classmate:1.3.3 configuration runtime from candidates [com.fasterxml:classmate:1.3.3 configuration runtime] for {org.gradle.usage=java-runtime}
13:07:24.858 [DEBUG] [org.gradle.internal.component.model.ComponentAttributeMatcher] Selected match com.fasterxml.jackson.core:jackson-annotations:2.8.0 configuration runtime from candidates [com.fasterxml.jackson.core:jackson-annotations:2.8.0 configuration runtime] for {org.gradle.usage=java-runtime}
13:07:24.858 [DEBUG] [org.gradle.internal.component.model.ComponentAttributeMatcher] Selected match com.fasterxml.jackson.core:jackson-core:2.8.8 configuration runtime from candidates [com.fasterxml.jackson.core:jackson-core:2.8.8 configuration runtime] for {org.gradle.usage=java-runtime}
13:07:24.858 [DEBUG] [org.gradle.internal.component.model.ComponentAttributeMatcher] Selected match org.mongodb:mongodb-driver-core:3.4.2 configuration runtime from candidates [org.mongodb:mongodb-driver-core:3.4.2 configuration runtime] for {org.gradle.usage=java-runtime}
13:07:24.858 [DEBUG] [org.gradle.internal.component.model.ComponentAttributeMatcher] Selected match org.mongodb:bson:3.4.2 configuration runtime from candidates [org.mongodb:bson:3.4.2 configuration runtime] for {org.gradle.usage=java-runtime}
13:07:24.858 [DEBUG] [org.gradle.internal.component.model.ComponentAttributeMatcher] Selected match org.slf4j:jcl-over-slf4j:1.7.25 configuration runtime from candidates [org.slf4j:jcl-over-slf4j:1.7.25 configuration runtime] for {org.gradle.usage=java-runtime}
13:07:24.858 [DEBUG] [org.gradle.internal.component.model.ComponentAttributeMatcher] Selected match ch.qos.logback:logback-classic:1.1.11 configuration runtime from candidates [ch.qos.logback:logback-classic:1.1.11 configuration runtime] for {org.gradle.usage=java-runtime}
13:07:24.858 [DEBUG] [org.gradle.internal.component.model.ComponentAttributeMatcher] Selected match org.slf4j:jul-to-slf4j:1.7.25 configuration runtime from candidates [org.slf4j:jul-to-slf4j:1.7.25 configuration runtime] for {org.gradle.usage=java-runtime}
13:07:24.858 [DEBUG] [org.gradle.internal.component.model.ComponentAttributeMatcher] Selected match org.slf4j:log4j-over-slf4j:1.7.25 configuration runtime from candidates [org.slf4j:log4j-over-slf4j:1.7.25 configuration runtime] for {org.gradle.usage=java-runtime}
13:07:24.858 [DEBUG] [org.gradle.internal.component.model.ComponentAttributeMatcher] Selected match org.slf4j:slf4j-api:1.7.25 configuration runtime from candidates [org.slf4j:slf4j-api:1.7.25 configuration runtime] for {org.gradle.usage=java-runtime}
13:07:24.858 [DEBUG] [org.gradle.internal.component.model.ComponentAttributeMatcher] Selected match net.minidev:json-smart:2.2.1 configuration runtime from candidates [net.minidev:json-smart:2.2.1 configuration runtime] for {org.gradle.usage=java-runtime}
13:07:24.858 [DEBUG] [org.gradle.internal.component.model.ComponentAttributeMatcher] Selected match org.objenesis:objenesis:2.1 configuration runtime from candidates [org.objenesis:objenesis:2.1 configuration runtime] for {org.gradle.usage=java-runtime}
13:07:24.858 [DEBUG] [org.gradle.internal.component.model.ComponentAttributeMatcher] Selected match com.vaadin.external.google:android-json:0.0.20131108.vaadin1 configuration runtime from candidates [com.vaadin.external.google:android-json:0.0.20131108.vaadin1 configuration runtime] for {org.gradle.usage=java-runtime}
13:07:24.858 [DEBUG] [org.gradle.internal.component.model.ComponentAttributeMatcher] Selected match net.minidev:accessors-smart:1.1 configuration runtime from candidates [net.minidev:accessors-smart:1.1 configuration runtime] for {org.gradle.usage=java-runtime}
13:07:24.858 [DEBUG] [org.gradle.internal.component.model.ComponentAttributeMatcher] Selected match ch.qos.logback:logback-core:1.1.11 configuration runtime from candidates [ch.qos.logback:logback-core:1.1.11 configuration runtime] for {org.gradle.usage=java-runtime}
13:07:24.858 [DEBUG] [org.gradle.internal.component.model.ComponentAttributeMatcher] Selected match org.ow2.asm:asm:5.0.3 configuration runtime from candidates [org.ow2.asm:asm:5.0.3 configuration runtime] for {org.gradle.usage=java-runtime}
13:07:24.858 [DEBUG] [org.gradle.internal.operations.DefaultBuildOperationExecutor] Build operation 'Resolve files of :testRuntimeClasspath' started
13:07:24.859 [DEBUG] [org.gradle.internal.operations.DefaultBuildOperationExecutor] Completing Build operation 'Resolve files of :testRuntimeClasspath'
13:07:24.859 [DEBUG] [org.gradle.internal.operations.DefaultBuildOperationExecutor] Build operation 'Resolve files of :testRuntimeClasspath' completed
13:07:24.859 [DEBUG] [org.gradle.api.internal.changedetection.state.CacheBackedTaskHistoryRepository] Fingerprinting property nonEmptyCandidateClassFiles (RelativePathInput) for task ':test'
13:07:24.859 [DEBUG] [org.gradle.api.internal.changedetection.state.CacheBackedTaskHistoryRepository] Fingerprinting property binResultsDir (Output) for task ':test'
13:07:24.860 [DEBUG] [org.gradle.api.internal.changedetection.state.CacheBackedTaskHistoryRepository] Fingerprinting property reports.enabledReports.html.destination (Output) for task ':test'
13:07:24.861 [DEBUG] [org.gradle.api.internal.changedetection.state.CacheBackedTaskHistoryRepository] Fingerprinting property reports.enabledReports.junitXml.destination (Output) for task ':test'
13:07:24.862 [DEBUG] [org.gradle.api.internal.changedetection.state.CacheBackedTaskHistoryRepository] Fingerprinting property reports.html.destination (Output) for task ':test'
13:07:24.862 [DEBUG] [org.gradle.api.internal.changedetection.state.CacheBackedTaskHistoryRepository] Fingerprinting property reports.junitXml.destination (Output) for task ':test'
13:07:24.863 [INFO] [org.gradle.api.internal.tasks.execution.SkipUpToDateTaskExecuter] Task ':test' is not up-to-date because:
  Task has failed previously.
13:07:24.863 [DEBUG] [org.gradle.api.internal.tasks.execution.OutputDirectoryCreatingTaskExecuter] Ensuring directory exists for property binResultsDir (Output) at /Users/bconnors/workspace/senior-code-challenge/build/test-results/test/binary
13:07:24.863 [DEBUG] [org.gradle.api.internal.tasks.execution.OutputDirectoryCreatingTaskExecuter] Ensuring directory exists for property reports.enabledReports.html.destination (Output) at /Users/bconnors/workspace/senior-code-challenge/build/reports/tests/test
13:07:24.863 [DEBUG] [org.gradle.api.internal.tasks.execution.OutputDirectoryCreatingTaskExecuter] Ensuring directory exists for property reports.enabledReports.junitXml.destination (Output) at /Users/bconnors/workspace/senior-code-challenge/build/test-results/test
13:07:24.863 [DEBUG] [org.gradle.api.internal.tasks.execution.OutputDirectoryCreatingTaskExecuter] Ensuring directory exists for property reports.html.destination (Output) at /Users/bconnors/workspace/senior-code-challenge/build/reports/tests/test
13:07:24.863 [DEBUG] [org.gradle.api.internal.tasks.execution.OutputDirectoryCreatingTaskExecuter] Ensuring directory exists for property reports.junitXml.destination (Output) at /Users/bconnors/workspace/senior-code-challenge/build/test-results/test
13:07:24.863 [DEBUG] [org.gradle.api.internal.tasks.execution.ExecuteActionsTaskExecuter] Executing actions for task ':test'.
13:07:24.863 [DEBUG] [org.gradle.internal.operations.DefaultBuildOperationExecutor] Build operation 'Execute executeTests for :test' started
13:07:24.864 [DEBUG] [org.gradle.api.internal.file.delete.Deleter] Deleting /Users/bconnors/workspace/senior-code-challenge/build/test-results/test/binary
13:07:24.864 [DEBUG] [org.gradle.internal.operations.DefaultBuildOperationExecutor] Build operation 'Resolve files of :testRuntimeClasspath' started
13:07:24.864 [DEBUG] [org.gradle.internal.operations.DefaultBuildOperationExecutor] Completing Build operation 'Resolve files of :testRuntimeClasspath'
13:07:24.864 [DEBUG] [org.gradle.internal.operations.DefaultBuildOperationExecutor] Build operation 'Resolve files of :testRuntimeClasspath' completed
13:07:24.865 [DEBUG] [TestEventLogger] 
13:07:24.865 [DEBUG] [TestEventLogger] Gradle Test Run :test STARTED
13:07:24.867 [DEBUG] [org.gradle.internal.work.DefaultWorkerLeaseService] Worker lease root.1.9.112 started (1 worker(s) in use).
13:07:24.867 [DEBUG] [org.gradle.internal.resources.AbstractTrackedResourceLock] Dispatch org.gradle.api.internal.tasks.testing.processors.RestartEveryNTestClassProcessor@7331f8fd: acquired lock on root.1.9.112
13:07:24.869 [DEBUG] [org.gradle.internal.remote.internal.inet.TcpIncomingConnector] Listening on [08d2ac38-9edc-4485-a7c2-4cb137a01f98 port:60640, addresses:[/0:0:0:0:0:0:0:1%lo0, /127.0.0.1]].
13:07:24.870 [DEBUG] [org.gradle.process.internal.worker.DefaultWorkerProcessBuilder] Creating Gradle Test Executor 10
13:07:24.870 [DEBUG] [org.gradle.process.internal.worker.DefaultWorkerProcessBuilder] Using application classpath [/Users/bconnors/workspace/senior-code-challenge/build/classes/java/test, /Users/bconnors/workspace/senior-code-challenge/build/resources/test, /Users/bconnors/workspace/senior-code-challenge/build/classes/java/main, /Users/bconnors/workspace/senior-code-challenge/build/resources/main, /Users/bconnors/.gradle/caches/modules-2/files-2.1/org.springframework.boot/spring-boot-starter-web/1.5.4.RELEASE/5d6c554f34b20dffcbdfc7edf9b80956e2dace/spring-boot-starter-web-1.5.4.RELEASE.jar, /Users/bconnors/.gradle/caches/modules-2/files-2.1/org.springframework.boot/spring-boot-starter-data-mongodb/1.5.4.RELEASE/850b9c3618c9b456dc5caaede86ecffeb78e26a0/spring-boot-starter-data-mongodb-1.5.4.RELEASE.jar, /Users/bconnors/.gradle/caches/modules-2/files-2.1/com.github.fakemongo/fongo/2.1.1/25ebf79212c051cccbd5c83e66b4cc2c217da0f/fongo-2.1.1.jar, /Users/bconnors/.gradle/caches/modules-2/files-2.1/org.springframework.boot/spring-boot-starter-test/1.5.4.RELEASE/a764033c4be6e73310a6b12604a37c20d3bd0176/spring-boot-starter-test-1.5.4.RELEASE.jar, /Users/bconnors/.gradle/caches/modules-2/files-2.1/org.springframework.boot/spring-boot-starter/1.5.4.RELEASE/74d5aa641503ddd12833c82cc19b295f9f40e8fa/spring-boot-starter-1.5.4.RELEASE.jar, /Users/bconnors/.gradle/caches/modules-2/files-2.1/org.springframework.boot/spring-boot-starter-tomcat/1.5.4.RELEASE/d7e26f1d0e594bd1aab7da227649fc12c1958416/spring-boot-starter-tomcat-1.5.4.RELEASE.jar, /Users/bconnors/.gradle/caches/modules-2/files-2.1/org.hibernate/hibernate-validator/5.3.5.Final/622a9bcef2eed6d41b5b8e0662c36212009e375/hibernate-validator-5.3.5.Final.jar, /Users/bconnors/.gradle/caches/modules-2/files-2.1/de.grundid.opendatalab/geojson-jackson/1.2/a476d2adaf8e975d749a3009412dd470664cab07/geojson-jackson-1.2.jar, /Users/bconnors/.gradle/caches/modules-2/files-2.1/com.fasterxml.jackson.core/jackson-databind/2.8.8/bf88c7b27e95cbadce4e7c316a56c3efffda8026/jackson-databind-2.8.8.jar, /Users/bconnors/.gradle/caches/modules-2/files-2.1/org.springframework/spring-webmvc/4.3.9.RELEASE/ca80b4a00abc388d8046bf372099f35564371c47/spring-webmvc-4.3.9.RELEASE.jar, /Users/bconnors/.gradle/caches/modules-2/files-2.1/org.springframework/spring-web/4.3.9.RELEASE/91dae64c4280093ad5fb4736a10913c9233479c1/spring-web-4.3.9.RELEASE.jar, /Users/bconnors/.gradle/caches/modules-2/files-2.1/org.mongodb/mongodb-driver/3.4.2/d565cc4db7fd756973b1500424577a503d17f48a/mongodb-driver-3.4.2.jar, /Users/bconnors/.gradle/caches/modules-2/files-2.1/org.springframework.data/spring-data-mongodb/1.10.4.RELEASE/4c0e0f205b089e83e552ff6a11afe6fd12fa5e0f/spring-data-mongodb-1.10.4.RELEASE.jar, /Users/bconnors/.gradle/caches/modules-2/files-2.1/org.mozilla/rhino/1.7.7.1/2e8f8ebc42e5df8bcef5c78dd44387176c9aa98e/rhino-1.7.7.1.jar, /Users/bconnors/.gradle/caches/modules-2/files-2.1/com.vividsolutions/jts/1.13/3ccfb9b60f04d71add996a666ceb8902904fd805/jts-1.13.jar, /Users/bconnors/.gradle/caches/modules-2/files-2.1/org.springframework.boot/spring-boot-test-autoconfigure/1.5.4.RELEASE/5c751eb6cfa58c86ba4ffc4c3334faf4331d5385/spring-boot-test-autoconfigure-1.5.4.RELEASE.jar, /Users/bconnors/.gradle/caches/modules-2/files-2.1/org.springframework.boot/spring-boot-test/1.5.4.RELEASE/a7a68089a6cf35db5587029e5c163466dadf7c5b/spring-boot-test-1.5.4.RELEASE.jar, /Users/bconnors/.gradle/caches/modules-2/files-2.1/com.jayway.jsonpath/json-path/2.2.0/22290d17944bd239fabf5ac69005a60a7ecbbbcb/json-path-2.2.0.jar, /Users/bconnors/.gradle/caches/modules-2/files-2.1/junit/junit/4.12/2973d150c0dc1fefe998f834810d68f278ea58ec/junit-4.12.jar, /Users/bconnors/.gradle/caches/modules-2/files-2.1/org.assertj/assertj-core/2.6.0/b532c3fc4f66bcfee4989a3514f1cd56203a33ad/assertj-core-2.6.0.jar, /Users/bconnors/.gradle/caches/modules-2/files-2.1/org.mockito/mockito-core/1.10.19/e8546f5bef4e061d8dd73895b4e8f40e3fe6effe/mockito-core-1.10.19.jar, /Users/bconnors/.gradle/caches/modules-2/files-2.1/org.hamcrest/hamcrest-library/1.3/4785a3c21320980282f9f33d0d1264a69040538f/hamcrest-library-1.3.jar, /Users/bconnors/.gradle/caches/modules-2/files-2.1/org.hamcrest/hamcrest-core/1.3/42a25dc3219429f0e5d060061f71acb49bf010a0/hamcrest-core-1.3.jar, /Users/bconnors/.gradle/caches/modules-2/files-2.1/org.skyscreamer/jsonassert/1.4.0/9cdbb373a06f6513e51e8c545ee6a5e981463edb/jsonassert-1.4.0.jar, /Users/bconnors/.gradle/caches/modules-2/files-2.1/org.springframework/spring-test/4.3.9.RELEASE/35bf4c38c9245f5baeeda4bea7c41f4f33c5daf3/spring-test-4.3.9.RELEASE.jar, /Users/bconnors/.gradle/caches/modules-2/files-2.1/org.springframework.boot/spring-boot-autoconfigure/1.5.4.RELEASE/5591fa7358d950f374532c7d92dccf113ebfa1bb/spring-boot-autoconfigure-1.5.4.RELEASE.jar, /Users/bconnors/.gradle/caches/modules-2/files-2.1/org.springframework.boot/spring-boot/1.5.4.RELEASE/cf51bb0751c1362a417eb59824d27d2907780d2/spring-boot-1.5.4.RELEASE.jar, /Users/bconnors/.gradle/caches/modules-2/files-2.1/org.springframework/spring-context/4.3.9.RELEASE/a186823724f03b98becd5f93b1fa107fe6f7a7ff/spring-context-4.3.9.RELEASE.jar, /Users/bconnors/.gradle/caches/modules-2/files-2.1/org.springframework/spring-aop/4.3.9.RELEASE/95f5f5cf3cae64266a89dc1bc9e0484425cd8358/spring-aop-4.3.9.RELEASE.jar, /Users/bconnors/.gradle/caches/modules-2/files-2.1/org.springframework/spring-tx/4.3.9.RELEASE/7a7b1775e1e604841f8b619e110e43d9929c37ab/spring-tx-4.3.9.RELEASE.jar, /Users/bconnors/.gradle/caches/modules-2/files-2.1/org.springframework.data/spring-data-commons/1.13.4.RELEASE/1a45b99bd63449ba31963237993d4a45b9f96abc/spring-data-commons-1.13.4.RELEASE.jar, /Users/bconnors/.gradle/caches/modules-2/files-2.1/org.springframework/spring-beans/4.3.9.RELEASE/daa5abf3779c8cad1a2910e1ea08e4272489d8ae/spring-beans-4.3.9.RELEASE.jar, /Users/bconnors/.gradle/caches/modules-2/files-2.1/org.springframework/spring-expression/4.3.9.RELEASE/4edca6913da9e62a6586714e053e01a61952a153/spring-expression-4.3.9.RELEASE.jar, /Users/bconnors/.gradle/caches/modules-2/files-2.1/org.springframework/spring-core/4.3.9.RELEASE/430b7298bfb85d66fb61e19ca8f06231b911e9f5/spring-core-4.3.9.RELEASE.jar, /Users/bconnors/.gradle/caches/modules-2/files-2.1/org.springframework.boot/spring-boot-starter-logging/1.5.4.RELEASE/6b4364cfee82890ce9a9c2c59066f3a6e525debd/spring-boot-starter-logging-1.5.4.RELEASE.jar, /Users/bconnors/.gradle/caches/modules-2/files-2.1/org.yaml/snakeyaml/1.17/7a27ea250c5130b2922b86dea63cbb1cc10a660c/snakeyaml-1.17.jar, /Users/bconnors/.gradle/caches/modules-2/files-2.1/org.apache.tomcat.embed/tomcat-embed-websocket/8.5.15/a92b066b0ea9ee1cb05b7d5e4bfed4ad8898f741/tomcat-embed-websocket-8.5.15.jar, /Users/bconnors/.gradle/caches/modules-2/files-2.1/org.apache.tomcat.embed/tomcat-embed-core/8.5.15/f197a93ae66212767b004fd93d7a1a8ea62bc3fa/tomcat-embed-core-8.5.15.jar, /Users/bconnors/.gradle/caches/modules-2/files-2.1/org.apache.tomcat.embed/tomcat-embed-el/8.5.15/e4000e5386056eeebb43bf71e7d30c58d2473166/tomcat-embed-el-8.5.15.jar, /Users/bconnors/.gradle/caches/modules-2/files-2.1/javax.validation/validation-api/1.1.0.Final/8613ae82954779d518631e05daa73a6a954817d5/validation-api-1.1.0.Final.jar, /Users/bconnors/.gradle/caches/modules-2/files-2.1/org.jboss.logging/jboss-logging/3.3.1.Final/c46217ab74b532568c0ed31dc599db3048bd1b67/jboss-logging-3.3.1.Final.jar, /Users/bconnors/.gradle/caches/modules-2/files-2.1/com.fasterxml/classmate/1.3.3/864c8e370a691e343210cc7c532fc198cee460d8/classmate-1.3.3.jar, /Users/bconnors/.gradle/caches/modules-2/files-2.1/com.fasterxml.jackson.core/jackson-annotations/2.8.0/45b426f7796b741035581a176744d91090e2e6fb/jackson-annotations-2.8.0.jar, /Users/bconnors/.gradle/caches/modules-2/files-2.1/com.fasterxml.jackson.core/jackson-core/2.8.8/d478fb6de45a7c3d2cad07c8ad70c7f0a797a020/jackson-core-2.8.8.jar, /Users/bconnors/.gradle/caches/modules-2/files-2.1/org.mongodb/mongodb-driver-core/3.4.2/d0a18b4e46fe79467a71d7f9f1bc5932de670829/mongodb-driver-core-3.4.2.jar, /Users/bconnors/.gradle/caches/modules-2/files-2.1/org.mongodb/bson/3.4.2/8455e0c6926ff2bf444325ea46fd8b74adaf0362/bson-3.4.2.jar, /Users/bconnors/.gradle/caches/modules-2/files-2.1/org.slf4j/jcl-over-slf4j/1.7.25/f8c32b13ff142a513eeb5b6330b1588dcb2c0461/jcl-over-slf4j-1.7.25.jar, /Users/bconnors/.gradle/caches/modules-2/files-2.1/ch.qos.logback/logback-classic/1.1.11/ccedfbacef4a6515d2983e3f89ed753d5d4fb665/logback-classic-1.1.11.jar, /Users/bconnors/.gradle/caches/modules-2/files-2.1/org.slf4j/jul-to-slf4j/1.7.25/af5364cd6679bfffb114f0dec8a157aaa283b76/jul-to-slf4j-1.7.25.jar, /Users/bconnors/.gradle/caches/modules-2/files-2.1/org.slf4j/log4j-over-slf4j/1.7.25/a87bb47468f47ee7aabbd54f93e133d4215769c3/log4j-over-slf4j-1.7.25.jar, /Users/bconnors/.gradle/caches/modules-2/files-2.1/org.slf4j/slf4j-api/1.7.25/da76ca59f6a57ee3102f8f9bd9cee742973efa8a/slf4j-api-1.7.25.jar, /Users/bconnors/.gradle/caches/modules-2/files-2.1/net.minidev/json-smart/2.2.1/5b9e5df7a62d1279b70dc882b041d249c4f0b002/json-smart-2.2.1.jar, /Users/bconnors/.gradle/caches/modules-2/files-2.1/org.objenesis/objenesis/2.1/87c0ea803b69252868d09308b4618f766f135a96/objenesis-2.1.jar, /Users/bconnors/.gradle/caches/modules-2/files-2.1/com.vaadin.external.google/android-json/0.0.20131108.vaadin1/fa26d351fe62a6a17f5cda1287c1c6110dec413f/android-json-0.0.20131108.vaadin1.jar, /Users/bconnors/.gradle/caches/modules-2/files-2.1/net.minidev/accessors-smart/1.1/a527213f2fea112a04c9bdf0ec0264e34104cd08/accessors-smart-1.1.jar, /Users/bconnors/.gradle/caches/modules-2/files-2.1/ch.qos.logback/logback-core/1.1.11/88b8df40340eed549fb07e2613879bf6b006704d/logback-core-1.1.11.jar, /Users/bconnors/.gradle/caches/modules-2/files-2.1/org.ow2.asm/asm/5.0.3/dcc2193db20e19e1feca8b1240dbbc4e190824fa/asm-5.0.3.jar]
13:07:24.870 [DEBUG] [org.gradle.process.internal.worker.DefaultWorkerProcessBuilder] Using implementation classpath [file:/opt/local/share/java/gradle/lib/gradle-core-api-4.10.2.jar, file:/opt/local/share/java/gradle/lib/gradle-core-4.10.2.jar, file:/opt/local/share/java/gradle/lib/gradle-logging-4.10.2.jar, file:/opt/local/share/java/gradle/lib/gradle-messaging-4.10.2.jar, file:/opt/local/share/java/gradle/lib/gradle-base-services-4.10.2.jar, file:/opt/local/share/java/gradle/lib/gradle-cli-4.10.2.jar, file:/opt/local/share/java/gradle/lib/gradle-native-4.10.2.jar, file:/opt/local/share/java/gradle/lib/plugins/gradle-testing-base-4.10.2.jar, file:/opt/local/share/java/gradle/lib/plugins/gradle-testing-jvm-4.10.2.jar, file:/opt/local/share/java/gradle/lib/plugins/gradle-testing-junit-platform-4.10.2.jar, file:/opt/local/share/java/gradle/lib/plugins/junit-platform-engine-1.0.3.jar, file:/opt/local/share/java/gradle/lib/plugins/junit-platform-launcher-1.0.3.jar, file:/opt/local/share/java/gradle/lib/plugins/junit-platform-commons-1.0.3.jar, file:/opt/local/share/java/gradle/lib/gradle-process-services-4.10.2.jar, file:/opt/local/share/java/gradle/lib/slf4j-api-1.7.16.jar, file:/opt/local/share/java/gradle/lib/jul-to-slf4j-1.7.16.jar, file:/opt/local/share/java/gradle/lib/native-platform-0.14.jar, file:/opt/local/share/java/gradle/lib/kryo-2.20.jar, file:/opt/local/share/java/gradle/lib/commons-lang-2.6.jar, file:/opt/local/share/java/gradle/lib/plugins/junit-4.12.jar]
13:07:24.870 [DEBUG] [org.gradle.process.internal.worker.child.WorkerProcessClassPathProvider] Using worker process classpath: [/Users/bconnors/.gradle/caches/4.10.2/workerMain/gradle-worker.jar]
13:07:24.871 [INFO] [org.gradle.process.internal.DefaultExecHandle] Starting process 'Gradle Test Executor 10'. Working directory: /Users/bconnors/workspace/senior-code-challenge Command: /Library/Java/JavaVirtualMachines/jdk-11.0.6.jdk/Contents/Home/bin/java -Dorg.gradle.native=false @/private/var/folders/ql/766g4tnx5mgbtm0tr10fxhyc0000gn/T/gradle-worker-classpath17736998386973658173txt -Dfile.encoding=UTF-8 -Duser.country=US -Duser.language=en -Duser.variant -ea worker.org.gradle.process.internal.worker.GradleWorkerMain 'Gradle Test Executor 10'
13:07:24.871 [DEBUG] [org.gradle.process.internal.DefaultExecHandle] Environment for process 'Gradle Test Executor 10': {PATH=/opt/local/bin:/opt/local/sbin:/usr/local/maven/bin:/Library/PostgreSQL/9.5/bin:/usr/local/mysql/bin:/Users/bconnors/bin:/usr/local/bin:/usr/bin:/bin:/usr/sbin:/sbin:/opt/X11/bin:/usr/local/MacGPG2/bin:/Applications/Wireshark.app/Contents/MacOS, APP_ICON_6913=/opt/local/share/java/gradle/media/gradle.icns, NVM_RC_VERSION=, APP_NAME_6913=Gradle, JAVA_ARCH=x86_64, TERM=xterm-256color, LANG=en_US.UTF-8, DISPLAY=/private/tmp/com.apple.launchd.o1uD1i7JfC/org.macosforge.xquartz:0, LOGNAME=bconnors, TERM_PROGRAM_VERSION=361.2, PWD=/Users/bconnors/workspace/senior-code-challenge, XPC_SERVICE_NAME=0, JAVA_MAIN_CLASS_6913=org.gradle.launcher.GradleMain, NVM_CD_FLAGS=, SHELL=/bin/bash, NVM_DIR=/Users/bconnors/.nvm, TERM_PROGRAM=Apple_Terminal, OLDPWD=/opt/local/share/java/gradle, SECURITYSESSIONID=186a7, USER=bconnors, TMPDIR=/var/folders/ql/766g4tnx5mgbtm0tr10fxhyc0000gn/T/, SSH_AUTH_SOCK=/private/tmp/com.apple.launchd.Kdnb0K0qjL/Listeners, XPC_FLAGS=0x0, TERM_SESSION_ID=8E580F57-5AC8-4E43-B3A8-163E0EE5BA5D, __CF_USER_TEXT_ENCODING=0x1F5:0x0:0x0, Apple_PubSub_Socket_Render=/private/tmp/com.apple.launchd.37MfACKbek/Render, com.apple.java.jvmTask=CommandLine, SHLVL=1, HOME=/Users/bconnors}
13:07:24.871 [DEBUG] [org.gradle.process.internal.DefaultExecHandle] Changing state to: STARTING
13:07:24.871 [DEBUG] [org.gradle.process.internal.DefaultExecHandle] Waiting until process started: Gradle Test Executor 10.
13:07:24.875 [DEBUG] [org.gradle.process.internal.DefaultExecHandle] Changing state to: STARTED
13:07:24.875 [INFO] [org.gradle.process.internal.DefaultExecHandle] Successfully started process 'Gradle Test Executor 10'
13:07:24.875 [DEBUG] [org.gradle.process.internal.ExecHandleRunner] waiting until streams are handled...
13:07:25.294 [DEBUG] [TestEventLogger] 
13:07:25.294 [DEBUG] [TestEventLogger] Gradle Test Executor 10 STARTED
13:07:25.301 [DEBUG] [TestEventLogger] 
13:07:25.301 [DEBUG] [TestEventLogger] com.mindex.challenge.service.impl.ReportingStructureRestTest STARTED
13:07:25.464 [DEBUG] [TestEventLogger] 
13:07:25.464 [DEBUG] [TestEventLogger] com.mindex.challenge.service.impl.ReportingStructureRestTest STANDARD_OUT
13:07:25.464 [DEBUG] [TestEventLogger]     13:07:25.460 [Test worker] DEBUG org.springframework.test.context.junit4.SpringJUnit4ClassRunner - SpringJUnit4ClassRunner constructor called with [class com.mindex.challenge.service.impl.ReportingStructureRestTest]
13:07:25.468 [DEBUG] [TestEventLogger]     13:07:25.468 [Test worker] DEBUG org.springframework.test.context.BootstrapUtils - Instantiating CacheAwareContextLoaderDelegate from class [org.springframework.test.context.cache.DefaultCacheAwareContextLoaderDelegate]
13:07:25.473 [DEBUG] [TestEventLogger]     13:07:25.473 [Test worker] DEBUG org.springframework.test.context.BootstrapUtils - Instantiating BootstrapContext using constructor [public org.springframework.test.context.support.DefaultBootstrapContext(java.lang.Class,org.springframework.test.context.CacheAwareContextLoaderDelegate)]
13:07:25.485 [DEBUG] [TestEventLogger]     13:07:25.486 [Test worker] DEBUG org.springframework.test.context.BootstrapUtils - Instantiating TestContextBootstrapper for test class [com.mindex.challenge.service.impl.ReportingStructureRestTest] from class [org.springframework.boot.test.context.SpringBootTestContextBootstrapper]
13:07:25.496 [DEBUG] [TestEventLogger]     13:07:25.496 [Test worker] INFO org.springframework.boot.test.context.SpringBootTestContextBootstrapper - Neither @ContextConfiguration nor @ContextHierarchy found for test class [com.mindex.challenge.service.impl.ReportingStructureRestTest], using SpringBootContextLoader
13:07:25.499 [DEBUG] [TestEventLogger]     13:07:25.499 [Test worker] DEBUG org.springframework.test.context.support.AbstractContextLoader - Did not detect default resource location for test class [com.mindex.challenge.service.impl.ReportingStructureRestTest]: class path resource [com/mindex/challenge/service/impl/ReportingStructureRestTest-context.xml] does not exist
13:07:25.499 [DEBUG] [TestEventLogger]     13:07:25.499 [Test worker] DEBUG org.springframework.test.context.support.AbstractContextLoader - Did not detect default resource location for test class [com.mindex.challenge.service.impl.ReportingStructureRestTest]: class path resource [com/mindex/challenge/service/impl/ReportingStructureRestTestContext.groovy] does not exist
13:07:25.499 [DEBUG] [TestEventLogger]     13:07:25.500 [Test worker] INFO org.springframework.test.context.support.AbstractContextLoader - Could not detect default resource locations for test class [com.mindex.challenge.service.impl.ReportingStructureRestTest]: no resource found for suffixes {-context.xml, Context.groovy}.
13:07:25.500 [DEBUG] [TestEventLogger]     13:07:25.500 [Test worker] INFO org.springframework.test.context.support.AnnotationConfigContextLoaderUtils - Could not detect default configuration classes for test class [com.mindex.challenge.service.impl.ReportingStructureRestTest]: ReportingStructureRestTest does not declare any static, non-private, non-final, nested classes annotated with @Configuration.
13:07:25.538 [DEBUG] [TestEventLogger]     13:07:25.538 [Test worker] DEBUG org.springframework.test.context.support.ActiveProfilesUtils - Could not find an 'annotation declaring class' for annotation type [org.springframework.test.context.ActiveProfiles] and class [com.mindex.challenge.service.impl.ReportingStructureRestTest]
13:07:25.546 [DEBUG] [TestEventLogger]     13:07:25.546 [Test worker] DEBUG org.springframework.core.env.StandardEnvironment - Adding [systemProperties] PropertySource with lowest search precedence
13:07:25.547 [DEBUG] [TestEventLogger]     13:07:25.547 [Test worker] DEBUG org.springframework.core.env.StandardEnvironment - Adding [systemEnvironment] PropertySource with lowest search precedence
13:07:25.547 [DEBUG] [TestEventLogger]     13:07:25.547 [Test worker] DEBUG org.springframework.core.env.StandardEnvironment - Initialized StandardEnvironment with PropertySources [systemProperties,systemEnvironment]
13:07:25.556 [DEBUG] [TestEventLogger]     13:07:25.556 [Test worker] DEBUG org.springframework.core.io.support.PathMatchingResourcePatternResolver - Resolved classpath location [com/mindex/challenge/service/impl/] to resources [URL [file:/Users/bconnors/workspace/senior-code-challenge/build/classes/java/test/com/mindex/challenge/service/impl/], URL [file:/Users/bconnors/workspace/senior-code-challenge/build/classes/java/main/com/mindex/challenge/service/impl/]]
13:07:25.556 [DEBUG] [TestEventLogger]     13:07:25.556 [Test worker] DEBUG org.springframework.core.io.support.PathMatchingResourcePatternResolver - Looking for matching resources in directory tree [/Users/bconnors/workspace/senior-code-challenge/build/classes/java/test/com/mindex/challenge/service/impl]
13:07:25.557 [DEBUG] [TestEventLogger]     13:07:25.557 [Test worker] DEBUG org.springframework.core.io.support.PathMatchingResourcePatternResolver - Searching directory [/Users/bconnors/workspace/senior-code-challenge/build/classes/java/test/com/mindex/challenge/service/impl] for files matching pattern [/Users/bconnors/workspace/senior-code-challenge/build/classes/java/test/com/mindex/challenge/service/impl/*.class]
13:07:25.560 [DEBUG] [TestEventLogger]     13:07:25.560 [Test worker] DEBUG org.springframework.core.io.support.PathMatchingResourcePatternResolver - Looking for matching resources in directory tree [/Users/bconnors/workspace/senior-code-challenge/build/classes/java/main/com/mindex/challenge/service/impl]
13:07:25.561 [DEBUG] [TestEventLogger]     13:07:25.561 [Test worker] DEBUG org.springframework.core.io.support.PathMatchingResourcePatternResolver - Searching directory [/Users/bconnors/workspace/senior-code-challenge/build/classes/java/main/com/mindex/challenge/service/impl] for files matching pattern [/Users/bconnors/workspace/senior-code-challenge/build/classes/java/main/com/mindex/challenge/service/impl/*.class]
13:07:25.561 [DEBUG] [TestEventLogger]     13:07:25.561 [Test worker] DEBUG org.springframework.core.io.support.PathMatchingResourcePatternResolver - Resolved location pattern [classpath*:com/mindex/challenge/service/impl/*.class] to resources [file [/Users/bconnors/workspace/senior-code-challenge/build/classes/java/test/com/mindex/challenge/service/impl/EmployeeServiceImplTest.class], file [/Users/bconnors/workspace/senior-code-challenge/build/classes/java/test/com/mindex/challenge/service/impl/ReportingStructureRestTest.class], file [/Users/bconnors/workspace/senior-code-challenge/build/classes/java/test/com/mindex/challenge/service/impl/ReportingStructureServiceImplTest.class], file [/Users/bconnors/workspace/senior-code-challenge/build/classes/java/main/com/mindex/challenge/service/impl/EmployeeServiceImpl.class], file [/Users/bconnors/workspace/senior-code-challenge/build/classes/java/main/com/mindex/challenge/service/impl/ReportingStructureServiceImpl.class]]
13:07:25.579 [DEBUG] [TestEventLogger]     13:07:25.579 [Test worker] DEBUG org.springframework.core.io.support.PathMatchingResourcePatternResolver - Resolved classpath location [com/mindex/challenge/service/] to resources [URL [file:/Users/bconnors/workspace/senior-code-challenge/build/classes/java/test/com/mindex/challenge/service/], URL [file:/Users/bconnors/workspace/senior-code-challenge/build/classes/java/main/com/mindex/challenge/service/]]
13:07:25.579 [DEBUG] [TestEventLogger]     13:07:25.579 [Test worker] DEBUG org.springframework.core.io.support.PathMatchingResourcePatternResolver - Looking for matching resources in directory tree [/Users/bconnors/workspace/senior-code-challenge/build/classes/java/test/com/mindex/challenge/service]
13:07:25.579 [DEBUG] [TestEventLogger]     13:07:25.579 [Test worker] DEBUG org.springframework.core.io.support.PathMatchingResourcePatternResolver - Searching directory [/Users/bconnors/workspace/senior-code-challenge/build/classes/java/test/com/mindex/challenge/service] for files matching pattern [/Users/bconnors/workspace/senior-code-challenge/build/classes/java/test/com/mindex/challenge/service/*.class]
13:07:25.580 [DEBUG] [TestEventLogger]     13:07:25.580 [Test worker] DEBUG org.springframework.core.io.support.PathMatchingResourcePatternResolver - Looking for matching resources in directory tree [/Users/bconnors/workspace/senior-code-challenge/build/classes/java/main/com/mindex/challenge/service]
13:07:25.580 [DEBUG] [TestEventLogger]     13:07:25.580 [Test worker] DEBUG org.springframework.core.io.support.PathMatchingResourcePatternResolver - Searching directory [/Users/bconnors/workspace/senior-code-challenge/build/classes/java/main/com/mindex/challenge/service] for files matching pattern [/Users/bconnors/workspace/senior-code-challenge/build/classes/java/main/com/mindex/challenge/service/*.class]
13:07:25.581 [DEBUG] [TestEventLogger]     13:07:25.581 [Test worker] DEBUG org.springframework.core.io.support.PathMatchingResourcePatternResolver - Resolved location pattern [classpath*:com/mindex/challenge/service/*.class] to resources [file [/Users/bconnors/workspace/senior-code-challenge/build/classes/java/main/com/mindex/challenge/service/EmployeeService.class], file [/Users/bconnors/workspace/senior-code-challenge/build/classes/java/main/com/mindex/challenge/service/ReportingStructureService.class]]
13:07:25.581 [DEBUG] [TestEventLogger]     13:07:25.581 [Test worker] DEBUG org.springframework.core.io.support.PathMatchingResourcePatternResolver - Resolved classpath location [com/mindex/challenge/] to resources [URL [file:/Users/bconnors/workspace/senior-code-challenge/build/classes/java/test/com/mindex/challenge/], URL [file:/Users/bconnors/workspace/senior-code-challenge/build/classes/java/main/com/mindex/challenge/]]
13:07:25.582 [DEBUG] [TestEventLogger]     13:07:25.582 [Test worker] DEBUG org.springframework.core.io.support.PathMatchingResourcePatternResolver - Looking for matching resources in directory tree [/Users/bconnors/workspace/senior-code-challenge/build/classes/java/test/com/mindex/challenge]
13:07:25.582 [DEBUG] [TestEventLogger]     13:07:25.582 [Test worker] DEBUG org.springframework.core.io.support.PathMatchingResourcePatternResolver - Searching directory [/Users/bconnors/workspace/senior-code-challenge/build/classes/java/test/com/mindex/challenge] for files matching pattern [/Users/bconnors/workspace/senior-code-challenge/build/classes/java/test/com/mindex/challenge/*.class]
13:07:25.582 [DEBUG] [TestEventLogger]     13:07:25.583 [Test worker] DEBUG org.springframework.core.io.support.PathMatchingResourcePatternResolver - Looking for matching resources in directory tree [/Users/bconnors/workspace/senior-code-challenge/build/classes/java/main/com/mindex/challenge]
13:07:25.582 [DEBUG] [TestEventLogger]     13:07:25.583 [Test worker] DEBUG org.springframework.core.io.support.PathMatchingResourcePatternResolver - Searching directory [/Users/bconnors/workspace/senior-code-challenge/build/classes/java/main/com/mindex/challenge] for files matching pattern [/Users/bconnors/workspace/senior-code-challenge/build/classes/java/main/com/mindex/challenge/*.class]
13:07:25.584 [DEBUG] [TestEventLogger]     13:07:25.584 [Test worker] DEBUG org.springframework.core.io.support.PathMatchingResourcePatternResolver - Resolved location pattern [classpath*:com/mindex/challenge/*.class] to resources [file [/Users/bconnors/workspace/senior-code-challenge/build/classes/java/test/com/mindex/challenge/ChallengeApplicationTests.class], file [/Users/bconnors/workspace/senior-code-challenge/build/classes/java/test/com/mindex/challenge/DataBootstrapTest.class], file [/Users/bconnors/workspace/senior-code-challenge/build/classes/java/main/com/mindex/challenge/ChallengeApplication.class], file [/Users/bconnors/workspace/senior-code-challenge/build/classes/java/main/com/mindex/challenge/DataBootstrap.class], file [/Users/bconnors/workspace/senior-code-challenge/build/classes/java/main/com/mindex/challenge/FongoConfiguration.class]]
13:07:25.606 [DEBUG] [TestEventLogger]     13:07:25.606 [Test worker] DEBUG org.springframework.context.annotation.ClassPathScanningCandidateComponentProvider - Identified candidate component class: file [/Users/bconnors/workspace/senior-code-challenge/build/classes/java/main/com/mindex/challenge/ChallengeApplication.class]
13:07:25.611 [DEBUG] [TestEventLogger]     13:07:25.611 [Test worker] INFO org.springframework.boot.test.context.SpringBootTestContextBootstrapper - Found @SpringBootConfiguration com.mindex.challenge.ChallengeApplication for test class com.mindex.challenge.service.impl.ReportingStructureRestTest
13:07:25.613 [DEBUG] [TestEventLogger]     13:07:25.613 [Test worker] DEBUG org.springframework.boot.test.context.SpringBootTestContextBootstrapper - @TestExecutionListeners is not present for class [com.mindex.challenge.service.impl.ReportingStructureRestTest]: using defaults.
13:07:25.619 [DEBUG] [TestEventLogger]     13:07:25.619 [Test worker] INFO org.springframework.boot.test.context.SpringBootTestContextBootstrapper - Loaded default TestExecutionListener class names from location [META-INF/spring.factories]: [org.springframework.boot.test.autoconfigure.restdocs.RestDocsTestExecutionListener, org.springframework.boot.test.autoconfigure.web.client.MockRestServiceServerResetTestExecutionListener, org.springframework.boot.test.autoconfigure.web.servlet.MockMvcPrintOnlyOnFailureTestExecutionListener, org.springframework.boot.test.autoconfigure.web.servlet.WebDriverTestExecutionListener, org.springframework.boot.test.mock.mockito.MockitoTestExecutionListener, org.springframework.boot.test.mock.mockito.ResetMocksTestExecutionListener, org.springframework.test.context.web.ServletTestExecutionListener, org.springframework.test.context.support.DirtiesContextBeforeModesTestExecutionListener, org.springframework.test.context.support.DependencyInjectionTestExecutionListener, org.springframework.test.context.support.DirtiesContextTestExecutionListener, org.springframework.test.context.transaction.TransactionalTestExecutionListener, org.springframework.test.context.jdbc.SqlScriptsTestExecutionListener]
13:07:25.633 [DEBUG] [TestEventLogger]     13:07:25.633 [Test worker] INFO org.springframework.boot.test.context.SpringBootTestContextBootstrapper - Using TestExecutionListeners: [org.springframework.test.context.web.ServletTestExecutionListener@eae7f35, org.springframework.test.context.support.DirtiesContextBeforeModesTestExecutionListener@5598f2aa, org.springframework.boot.test.autoconfigure.SpringBootDependencyInjectionTestExecutionListener@414b90df, org.springframework.test.context.support.DirtiesContextTestExecutionListener@ee5240d, org.springframework.test.context.transaction.TransactionalTestExecutionListener@734fa533, org.springframework.test.context.jdbc.SqlScriptsTestExecutionListener@61d01452, org.springframework.boot.test.autoconfigure.restdocs.RestDocsTestExecutionListener@7c00bddf, org.springframework.boot.test.autoconfigure.web.servlet.MockMvcPrintOnlyOnFailureTestExecutionListener@5be23b1e, org.springframework.boot.test.mock.mockito.ResetMocksTestExecutionListener@550a6b6c, org.springframework.boot.test.autoconfigure.web.client.MockRestServiceServerResetTestExecutionListener@3499871b, org.springframework.boot.test.autoconfigure.web.servlet.WebDriverTestExecutionListener@4d0e2a12, org.springframework.boot.test.mock.mockito.MockitoTestExecutionListener@77ed266]
13:07:25.635 [DEBUG] [TestEventLogger]     13:07:25.635 [Test worker] DEBUG org.springframework.test.annotation.ProfileValueUtils - Retrieved @ProfileValueSourceConfiguration [null] for test class [com.mindex.challenge.service.impl.ReportingStructureRestTest]
13:07:25.635 [DEBUG] [TestEventLogger]     13:07:25.635 [Test worker] DEBUG org.springframework.test.annotation.ProfileValueUtils - Retrieved ProfileValueSource type [class org.springframework.test.annotation.SystemProfileValueSource] for class [com.mindex.challenge.service.impl.ReportingStructureRestTest]
13:07:25.636 [DEBUG] [TestEventLogger]     13:07:25.636 [Test worker] DEBUG org.springframework.test.annotation.ProfileValueUtils - Retrieved @ProfileValueSourceConfiguration [null] for test class [com.mindex.challenge.service.impl.ReportingStructureRestTest]
13:07:25.636 [DEBUG] [TestEventLogger]     13:07:25.636 [Test worker] DEBUG org.springframework.test.annotation.ProfileValueUtils - Retrieved ProfileValueSource type [class org.springframework.test.annotation.SystemProfileValueSource] for class [com.mindex.challenge.service.impl.ReportingStructureRestTest]
13:07:25.640 [DEBUG] [TestEventLogger]     13:07:25.640 [Test worker] DEBUG org.springframework.test.context.support.AbstractDirtiesContextTestExecutionListener - Before test class: context [DefaultTestContext@1b7452cd testClass = ReportingStructureRestTest, testInstance = [null], testMethod = [null], testException = [null], mergedContextConfiguration = [WebMergedContextConfiguration@4f01a7a7 testClass = ReportingStructureRestTest, locations = '{}', classes = '{class com.mindex.challenge.ChallengeApplication}', contextInitializerClasses = '[]', activeProfiles = '{}', propertySourceLocations = '{}', propertySourceProperties = '{org.springframework.boot.test.context.SpringBootTestContextBootstrapper=true, server.port=0}', contextCustomizers = set[org.springframework.boot.test.autoconfigure.properties.PropertyMappingContextCustomizer@0, org.springframework.boot.test.autoconfigure.web.servlet.WebDriverContextCustomizerFactory$Customizer@6018f067, org.springframework.boot.test.context.SpringBootTestContextCustomizer@5255cd9d, org.springframework.boot.test.context.filter.ExcludeFilterContextCustomizer@70acc796, org.springframework.boot.test.json.DuplicateJsonObjectContextCustomizerFactory$DuplicateJsonObjectContextCustomizer@3004f583, org.springframework.boot.test.mock.mockito.MockitoContextCustomizer@0], resourceBasePath = 'src/main/webapp', contextLoader = 'org.springframework.boot.test.context.SpringBootContextLoader', parent = [null]]], class annotated with @DirtiesContext [false] with mode [null].
13:07:25.640 [DEBUG] [TestEventLogger]     13:07:25.640 [Test worker] DEBUG org.springframework.test.annotation.ProfileValueUtils - Retrieved @ProfileValueSourceConfiguration [null] for test class [com.mindex.challenge.service.impl.ReportingStructureRestTest]
13:07:25.640 [DEBUG] [TestEventLogger]     13:07:25.640 [Test worker] DEBUG org.springframework.test.annotation.ProfileValueUtils - Retrieved ProfileValueSource type [class org.springframework.test.annotation.SystemProfileValueSource] for class [com.mindex.challenge.service.impl.ReportingStructureRestTest]
13:07:25.641 [DEBUG] [TestEventLogger]     13:07:25.641 [Test worker] DEBUG org.springframework.test.context.support.DependencyInjectionTestExecutionListener - Performing dependency injection for test context [[DefaultTestContext@1b7452cd testClass = ReportingStructureRestTest, testInstance = com.mindex.challenge.service.impl.ReportingStructureRestTest@2297983a, testMethod = [null], testException = [null], mergedContextConfiguration = [WebMergedContextConfiguration@4f01a7a7 testClass = ReportingStructureRestTest, locations = '{}', classes = '{class com.mindex.challenge.ChallengeApplication}', contextInitializerClasses = '[]', activeProfiles = '{}', propertySourceLocations = '{}', propertySourceProperties = '{org.springframework.boot.test.context.SpringBootTestContextBootstrapper=true, server.port=0}', contextCustomizers = set[org.springframework.boot.test.autoconfigure.properties.PropertyMappingContextCustomizer@0, org.springframework.boot.test.autoconfigure.web.servlet.WebDriverContextCustomizerFactory$Customizer@6018f067, org.springframework.boot.test.context.SpringBootTestContextCustomizer@5255cd9d, org.springframework.boot.test.context.filter.ExcludeFilterContextCustomizer@70acc796, org.springframework.boot.test.json.DuplicateJsonObjectContextCustomizerFactory$DuplicateJsonObjectContextCustomizer@3004f583, org.springframework.boot.test.mock.mockito.MockitoContextCustomizer@0], resourceBasePath = 'src/main/webapp', contextLoader = 'org.springframework.boot.test.context.SpringBootContextLoader', parent = [null]]]].
13:07:25.689 [DEBUG] [TestEventLogger]     13:07:25.689 [Test worker] DEBUG org.springframework.core.env.StandardEnvironment - Adding [systemProperties] PropertySource with lowest search precedence
13:07:25.689 [DEBUG] [TestEventLogger]     13:07:25.689 [Test worker] DEBUG org.springframework.core.env.StandardEnvironment - Adding [systemEnvironment] PropertySource with lowest search precedence
13:07:25.689 [DEBUG] [TestEventLogger]     13:07:25.689 [Test worker] DEBUG org.springframework.core.env.StandardEnvironment - Initialized StandardEnvironment with PropertySources [systemProperties,systemEnvironment]
13:07:25.690 [DEBUG] [TestEventLogger]     13:07:25.690 [Test worker] DEBUG org.springframework.test.context.support.TestPropertySourceUtils - Adding inlined properties to environment: {spring.jmx.enabled=false, org.springframework.boot.test.context.SpringBootTestContextBootstrapper=true, server.port=0}
13:07:25.690 [DEBUG] [TestEventLogger]     13:07:25.690 [Test worker] DEBUG org.springframework.core.env.StandardEnvironment - Adding [Inlined Test Properties] PropertySource with highest search precedence
13:07:25.874 [DEBUG] [TestEventLogger] 
13:07:25.874 [DEBUG] [TestEventLogger]       .   ____          _            __ _ _
13:07:25.874 [DEBUG] [TestEventLogger]      /\\ / ___'_ __ _ _(_)_ __  __ _ \ \ \ \
13:07:25.874 [DEBUG] [TestEventLogger]     ( ( )\___ | '_ | '_| | '_ \/ _` | \ \ \ \
13:07:25.874 [DEBUG] [TestEventLogger]      \\/  ___)| |_)| | | | | || (_| |  ) ) ) )
13:07:25.874 [DEBUG] [TestEventLogger]       '  |____| .__|_| |_|_| |_\__, | / / / /
13:07:25.874 [DEBUG] [TestEventLogger]      =========|_|==============|___/=/_/_/_/
13:07:25.876 [DEBUG] [TestEventLogger]      :: Spring Boot ::        (v1.5.4.RELEASE)
13:07:25.876 [DEBUG] [TestEventLogger] 
13:07:25.960 [DEBUG] [TestEventLogger]     2020-01-26 13:07:25.959  INFO 6929 --- [    Test worker] c.m.c.s.impl.ReportingStructureRestTest  : Starting ReportingStructureRestTest on Bills-MacBook-PPI.local with PID 6929 (started by bconnors in /Users/bconnors/workspace/senior-code-challenge)
13:07:25.960 [DEBUG] [TestEventLogger]     2020-01-26 13:07:25.960 DEBUG 6929 --- [    Test worker] c.m.c.s.impl.ReportingStructureRestTest  : Running with Spring Boot v1.5.4.RELEASE, Spring v4.3.9.RELEASE
13:07:25.960 [DEBUG] [TestEventLogger]     2020-01-26 13:07:25.960  INFO 6929 --- [    Test worker] c.m.c.s.impl.ReportingStructureRestTest  : No active profile set, falling back to default profiles: default
13:07:25.993 [DEBUG] [TestEventLogger]     2020-01-26 13:07:25.993  INFO 6929 --- [    Test worker] ationConfigEmbeddedWebApplicationContext : Refreshing org.springframework.boot.context.embedded.AnnotationConfigEmbeddedWebApplicationContext@1ff05165: startup date [Sun Jan 26 13:07:25 EST 2020]; root of context hierarchy
13:07:26.525 [ERROR] [system.err] WARNING: An illegal reflective access operation has occurred
13:07:26.525 [ERROR] [system.err] WARNING: Illegal reflective access by org.springframework.cglib.core.ReflectUtils$1 (file:/Users/bconnors/.gradle/caches/modules-2/files-2.1/org.springframework/spring-core/4.3.9.RELEASE/430b7298bfb85d66fb61e19ca8f06231b911e9f5/spring-core-4.3.9.RELEASE.jar) to method java.lang.ClassLoader.defineClass(java.lang.String,byte[],int,int,java.security.ProtectionDomain)
13:07:26.525 [ERROR] [system.err] WARNING: Please consider reporting this to the maintainers of org.springframework.cglib.core.ReflectUtils$1
13:07:26.525 [ERROR] [system.err] WARNING: Use --illegal-access=warn to enable warnings of further illegal reflective access operations
13:07:26.525 [ERROR] [system.err] WARNING: All illegal access operations will be denied in a future release
13:07:27.110 [DEBUG] [TestEventLogger]     2020-01-26 13:07:27.110  INFO 6929 --- [    Test worker] s.b.c.e.t.TomcatEmbeddedServletContainer : Tomcat initialized with port(s): 0 (http)
13:07:27.120 [DEBUG] [TestEventLogger]     2020-01-26 13:07:27.120  INFO 6929 --- [    Test worker] o.apache.catalina.core.StandardService   : Starting service [Tomcat]
13:07:27.121 [DEBUG] [TestEventLogger]     2020-01-26 13:07:27.121  INFO 6929 --- [    Test worker] org.apache.catalina.core.StandardEngine  : Starting Servlet Engine: Apache Tomcat/8.5.15
13:07:27.191 [DEBUG] [TestEventLogger]     2020-01-26 13:07:27.191  INFO 6929 --- [ost-startStop-1] o.a.c.c.C.[Tomcat].[localhost].[/]       : Initializing Spring embedded WebApplicationContext
13:07:27.191 [DEBUG] [TestEventLogger]     2020-01-26 13:07:27.191  INFO 6929 --- [ost-startStop-1] o.s.web.context.ContextLoader            : Root WebApplicationContext: initialization completed in 1206 ms
13:07:27.294 [DEBUG] [TestEventLogger]     2020-01-26 13:07:27.294  INFO 6929 --- [ost-startStop-1] o.s.b.w.servlet.ServletRegistrationBean  : Mapping servlet: 'dispatcherServlet' to [/]
13:07:27.297 [DEBUG] [TestEventLogger]     2020-01-26 13:07:27.297  INFO 6929 --- [ost-startStop-1] o.s.b.w.servlet.FilterRegistrationBean   : Mapping filter: 'characterEncodingFilter' to: [/*]
13:07:27.297 [DEBUG] [TestEventLogger]     2020-01-26 13:07:27.297  INFO 6929 --- [ost-startStop-1] o.s.b.w.servlet.FilterRegistrationBean   : Mapping filter: 'hiddenHttpMethodFilter' to: [/*]
13:07:27.297 [DEBUG] [TestEventLogger]     2020-01-26 13:07:27.297  INFO 6929 --- [ost-startStop-1] o.s.b.w.servlet.FilterRegistrationBean   : Mapping filter: 'httpPutFormContentFilter' to: [/*]
13:07:27.297 [DEBUG] [TestEventLogger]     2020-01-26 13:07:27.297  INFO 6929 --- [ost-startStop-1] o.s.b.w.servlet.FilterRegistrationBean   : Mapping filter: 'requestContextFilter' to: [/*]
13:07:28.077 [DEBUG] [TestEventLogger]     2020-01-26 13:07:28.077  INFO 6929 --- [    Test worker] s.w.s.m.m.a.RequestMappingHandlerAdapter : Looking for @ControllerAdvice: org.springframework.boot.context.embedded.AnnotationConfigEmbeddedWebApplicationContext@1ff05165: startup date [Sun Jan 26 13:07:25 EST 2020]; root of context hierarchy
13:07:28.133 [DEBUG] [TestEventLogger]     2020-01-26 13:07:28.133  INFO 6929 --- [    Test worker] s.w.s.m.m.a.RequestMappingHandlerMapping : Mapped "{[/employee/{id}],methods=[PUT]}" onto public com.mindex.challenge.data.Employee com.mindex.challenge.controller.EmployeeController.update(java.lang.String,com.mindex.challenge.data.Employee)
13:07:28.134 [DEBUG] [TestEventLogger]     2020-01-26 13:07:28.134  INFO 6929 --- [    Test worker] s.w.s.m.m.a.RequestMappingHandlerMapping : Mapped "{[/employee/{id}],methods=[GET]}" onto public com.mindex.challenge.data.Employee com.mindex.challenge.controller.EmployeeController.read(java.lang.String)
13:07:28.134 [DEBUG] [TestEventLogger]     2020-01-26 13:07:28.135  INFO 6929 --- [    Test worker] s.w.s.m.m.a.RequestMappingHandlerMapping : Mapped "{[/employee],methods=[POST]}" onto public com.mindex.challenge.data.Employee com.mindex.challenge.controller.EmployeeController.create(com.mindex.challenge.data.Employee)
13:07:28.135 [DEBUG] [TestEventLogger]     2020-01-26 13:07:28.135  INFO 6929 --- [    Test worker] s.w.s.m.m.a.RequestMappingHandlerMapping : Mapped "{[/reportingStructure/{id}],methods=[GET]}" onto public com.mindex.challenge.data.ReportingStructure com.mindex.challenge.controller.ReportingStructureController.read(java.lang.String)
13:07:28.137 [DEBUG] [TestEventLogger]     2020-01-26 13:07:28.137  INFO 6929 --- [    Test worker] s.w.s.m.m.a.RequestMappingHandlerMapping : Mapped "{[/error]}" onto public org.springframework.http.ResponseEntity<java.util.Map<java.lang.String, java.lang.Object>> org.springframework.boot.autoconfigure.web.BasicErrorController.error(javax.servlet.http.HttpServletRequest)
13:07:28.137 [DEBUG] [TestEventLogger]     2020-01-26 13:07:28.138  INFO 6929 --- [    Test worker] s.w.s.m.m.a.RequestMappingHandlerMapping : Mapped "{[/error],produces=[text/html]}" onto public org.springframework.web.servlet.ModelAndView org.springframework.boot.autoconfigure.web.BasicErrorController.errorHtml(javax.servlet.http.HttpServletRequest,javax.servlet.http.HttpServletResponse)
13:07:28.162 [DEBUG] [TestEventLogger]     2020-01-26 13:07:28.162  INFO 6929 --- [    Test worker] o.s.w.s.handler.SimpleUrlHandlerMapping  : Mapped URL path [/webjars/**] onto handler of type [class org.springframework.web.servlet.resource.ResourceHttpRequestHandler]
13:07:28.162 [DEBUG] [TestEventLogger]     2020-01-26 13:07:28.162  INFO 6929 --- [    Test worker] o.s.w.s.handler.SimpleUrlHandlerMapping  : Mapped URL path [/**] onto handler of type [class org.springframework.web.servlet.resource.ResourceHttpRequestHandler]
13:07:28.192 [DEBUG] [TestEventLogger]     2020-01-26 13:07:28.192  INFO 6929 --- [    Test worker] o.s.w.s.handler.SimpleUrlHandlerMapping  : Mapped URL path [/**/favicon.ico] onto handler of type [class org.springframework.web.servlet.resource.ResourceHttpRequestHandler]
13:07:28.250 [LIFECYCLE] [org.gradle.process.internal.health.memory.MemoryManager] 
13:07:28.250 [DEBUG] [org.gradle.process.internal.health.memory.MemoryManager] Emitting OS memory status event {Total: 17179869184, Free: 5929877504}
13:07:28.250 [DEBUG] [org.gradle.launcher.daemon.server.health.LowMemoryDaemonExpirationStrategy] Received memory status update: {Total: 17179869184, Free: 5929877504}
13:07:28.250 [DEBUG] [org.gradle.process.internal.health.memory.MemoryManager] Emitting JVM memory status event {Maximum: 1073741824, Committed: 268435456}
13:07:28.490 [DEBUG] [org.gradle.launcher.daemon.server.Daemon] DaemonExpirationPeriodicCheck running
13:07:28.490 [DEBUG] [org.gradle.cache.internal.DefaultFileLockManager] Waiting to acquire shared lock on daemon addresses registry.
13:07:28.490 [DEBUG] [org.gradle.cache.internal.DefaultFileLockManager] Lock acquired on daemon addresses registry.
13:07:28.490 [DEBUG] [org.gradle.cache.internal.DefaultFileLockManager] Releasing lock on daemon addresses registry.
13:07:28.491 [DEBUG] [org.gradle.cache.internal.DefaultFileLockManager] Waiting to acquire shared lock on daemon addresses registry.
13:07:28.491 [DEBUG] [org.gradle.cache.internal.DefaultFileLockManager] Lock acquired on daemon addresses registry.
13:07:28.491 [DEBUG] [org.gradle.cache.internal.DefaultFileLockManager] Releasing lock on daemon addresses registry.
13:07:28.548 [DEBUG] [org.gradle.api.internal.tasks.testing.junit.AbstractJUnitTestClassProcessor] Executing test class com.mindex.challenge.ChallengeApplicationTests
13:07:29.187 [DEBUG] [org.gradle.api.internal.tasks.testing.junit.AbstractJUnitTestClassProcessor] Executing test class com.mindex.challenge.DataBootstrapTest
13:07:29.222 [DEBUG] [org.gradle.api.internal.tasks.testing.junit.AbstractJUnitTestClassProcessor] Executing test class com.mindex.challenge.service.impl.EmployeeServiceImplTest
13:07:29.266 [DEBUG] [org.gradle.api.internal.tasks.testing.junit.AbstractJUnitTestClassProcessor] Executing test class com.mindex.challenge.service.impl.ReportingStructureServiceImplTest
13:07:29.288 [INFO] [org.gradle.api.internal.tasks.testing.worker.TestWorker] Gradle Test Executor 10 finished executing tests.
13:07:29.289 [DEBUG] [org.gradle.process.internal.worker.child.ActionExecutionWorker] Completed Gradle Test Executor 10.
13:07:29.366 [DEBUG] [org.gradle.internal.work.DefaultWorkerLeaseService] Worker lease root.1.9.113.118 started (2 worker(s) in use).
13:07:29.366 [DEBUG] [org.gradle.internal.resources.AbstractTrackedResourceLock] Build operations Thread 8: acquired lock on root.1.9.113.118
13:07:29.366 [DEBUG] [org.gradle.internal.work.DefaultWorkerLeaseService] Worker lease root.1.9.113.117 started (3 worker(s) in use).
13:07:29.366 [DEBUG] [org.gradle.internal.resources.AbstractTrackedResourceLock] Build operations Thread 4: acquired lock on root.1.9.113.117
13:07:29.366 [DEBUG] [org.gradle.internal.work.DefaultWorkerLeaseService] Worker lease root.1.9.113.116 started (4 worker(s) in use).
13:07:29.366 [DEBUG] [org.gradle.internal.resources.AbstractTrackedResourceLock] Build operations: acquired lock on root.1.9.113.116
13:07:29.366 [DEBUG] [org.gradle.internal.work.DefaultWorkerLeaseService] Worker lease root.1.9.113.115 started (5 worker(s) in use).
13:07:29.366 [DEBUG] [org.gradle.internal.resources.AbstractTrackedResourceLock] Build operations Thread 7: acquired lock on root.1.9.113.115
13:07:29.367 [DEBUG] [org.gradle.internal.operations.DefaultBuildOperationExecutor] Build operation 'Generate junit XML test report for com.mindex.challenge.service.impl.EmployeeServiceImplTest' completed
13:07:29.367 [DEBUG] [org.gradle.internal.work.DefaultWorkerLeaseService] Worker lease root.1.9.113.116 completed (3 worker(s) in use)
13:07:29.367 [DEBUG] [org.gradle.internal.resources.AbstractTrackedResourceLock] Build operations: released lock on root.1.9.113.116
13:07:29.367 [DEBUG] [org.gradle.internal.operations.DefaultBuildOperationExecutor] Build operation 'Generate junit XML test report for com.mindex.challenge.service.impl.ReportingStructureRestTest' completed
13:07:29.367 [DEBUG] [org.gradle.internal.work.DefaultWorkerLeaseService] Worker lease root.1.9.113.118 completed (2 worker(s) in use)
13:07:29.367 [DEBUG] [org.gradle.internal.resources.AbstractTrackedResourceLock] Build operations Thread 8: released lock on root.1.9.113.118
13:07:29.367 [DEBUG] [org.gradle.internal.operations.DefaultBuildOperationExecutor] Build operation 'Generate junit XML test report for com.mindex.challenge.ChallengeApplicationTests' completed
13:07:29.367 [DEBUG] [org.gradle.internal.work.DefaultWorkerLeaseService] Worker lease root.1.9.113.117 completed (1 worker(s) in use)
13:07:29.367 [DEBUG] [org.gradle.internal.resources.AbstractTrackedResourceLock] Build operations Thread 4: released lock on root.1.9.113.117
13:07:29.367 [DEBUG] [org.gradle.internal.operations.DefaultBuildOperationExecutor] Build operation 'Generate junit XML test report for com.mindex.challenge.service.impl.ReportingStructureServiceImplTest' completed
13:07:29.367 [DEBUG] [org.gradle.internal.work.DefaultWorkerLeaseService] Worker lease root.1.9.113.115 completed (1 worker(s) in use)
13:07:29.367 [DEBUG] [org.gradle.internal.resources.AbstractTrackedResourceLock] Build operations Thread 7: released lock on root.1.9.113.115
13:07:29.369 [DEBUG] [org.gradle.internal.work.DefaultWorkerLeaseService] Worker lease root.1.9.119.124 started (2 worker(s) in use).
13:07:29.369 [DEBUG] [org.gradle.internal.resources.AbstractTrackedResourceLock] Build operations Thread 6: acquired lock on root.1.9.119.124
13:07:29.369 [DEBUG] [org.gradle.internal.work.DefaultWorkerLeaseService] Worker lease root.1.9.119.127 started (3 worker(s) in use).
13:07:29.369 [DEBUG] [org.gradle.internal.resources.AbstractTrackedResourceLock] Build operations Thread 4: acquired lock on root.1.9.119.127
13:07:29.369 [DEBUG] [org.gradle.internal.work.DefaultWorkerLeaseService] Worker lease root.1.9.119.126 started (4 worker(s) in use).
13:07:29.369 [DEBUG] [org.gradle.internal.resources.AbstractTrackedResourceLock] Build operations Thread 8: acquired lock on root.1.9.119.126
13:07:29.369 [DEBUG] [org.gradle.internal.work.DefaultWorkerLeaseService] Worker lease root.1.9.119.125 started (5 worker(s) in use).
13:07:29.369 [DEBUG] [org.gradle.internal.resources.AbstractTrackedResourceLock] Build operations: acquired lock on root.1.9.119.125
13:07:29.369 [DEBUG] [org.gradle.internal.work.DefaultWorkerLeaseService] Worker lease root.1.9.119.123 started (6 worker(s) in use).
13:07:29.369 [DEBUG] [org.gradle.internal.resources.AbstractTrackedResourceLock] Build operations Thread 2: acquired lock on root.1.9.119.123
13:07:29.369 [DEBUG] [org.gradle.internal.work.DefaultWorkerLeaseService] Worker lease root.1.9.119.122 started (7 worker(s) in use).
13:07:29.370 [DEBUG] [org.gradle.internal.resources.AbstractTrackedResourceLock] Build operations Thread 5: acquired lock on root.1.9.119.122
13:07:29.370 [DEBUG] [org.gradle.internal.operations.DefaultBuildOperationExecutor] Build operation 'Generate HTML test report for Package com.mindex.challenge.service.impl' completed
13:07:29.370 [DEBUG] [org.gradle.internal.work.DefaultWorkerLeaseService] Worker lease root.1.9.119.121 started (8 worker(s) in use).
13:07:29.370 [DEBUG] [org.gradle.internal.operations.DefaultBuildOperationExecutor] Build operation 'Generate HTML test report for Class com.mindex.challenge.service.impl.EmployeeServiceImplTest' completed
13:07:29.370 [DEBUG] [org.gradle.internal.operations.DefaultBuildOperationExecutor] Build operation 'Generate HTML test report for Class com.mindex.challenge.service.impl.ReportingStructureServiceImplTest' completed
13:07:29.370 [DEBUG] [org.gradle.internal.resources.AbstractTrackedResourceLock] Build operations Thread 3: acquired lock on root.1.9.119.121
13:07:29.370 [DEBUG] [org.gradle.internal.operations.DefaultBuildOperationExecutor] Build operation 'Generate HTML test report for Class com.mindex.challenge.service.impl.ReportingStructureRestTest' completed
13:07:29.370 [DEBUG] [org.gradle.internal.work.DefaultWorkerLeaseService] Worker lease root.1.9.119.127 completed (7 worker(s) in use)
13:07:29.370 [DEBUG] [org.gradle.internal.resources.AbstractTrackedResourceLock] Build operations Thread 4: released lock on root.1.9.119.127
13:07:29.370 [DEBUG] [org.gradle.internal.operations.DefaultBuildOperationExecutor] Build operation 'Generate HTML test report for Class com.mindex.challenge.DataBootstrapTest' completed
13:07:29.371 [DEBUG] [org.gradle.internal.work.DefaultWorkerLeaseService] Worker lease root.1.9.119.125 completed (6 worker(s) in use)
13:07:29.371 [DEBUG] [org.gradle.internal.resources.AbstractTrackedResourceLock] Build operations: released lock on root.1.9.119.125
13:07:29.371 [DEBUG] [org.gradle.internal.work.DefaultWorkerLeaseService] Worker lease root.1.9.119.124 completed (5 worker(s) in use)
13:07:29.371 [DEBUG] [org.gradle.internal.resources.AbstractTrackedResourceLock] Build operations Thread 6: released lock on root.1.9.119.124
13:07:29.371 [DEBUG] [org.gradle.internal.operations.DefaultBuildOperationExecutor] Build operation 'Generate HTML test report for Class com.mindex.challenge.ChallengeApplicationTests' completed
13:07:29.371 [DEBUG] [org.gradle.internal.operations.DefaultBuildOperationExecutor] Build operation 'Generate HTML test report for Package com.mindex.challenge' completed
13:07:29.371 [DEBUG] [org.gradle.internal.work.DefaultWorkerLeaseService] Worker lease root.1.9.119.123 completed (3 worker(s) in use)
13:07:29.371 [DEBUG] [org.gradle.internal.resources.AbstractTrackedResourceLock] Build operations Thread 2: released lock on root.1.9.119.123
13:07:29.371 [DEBUG] [org.gradle.internal.work.DefaultWorkerLeaseService] Worker lease root.1.9.119.126 completed (2 worker(s) in use)
13:07:29.371 [DEBUG] [org.gradle.internal.resources.AbstractTrackedResourceLock] Build operations Thread 8: released lock on root.1.9.119.126
13:07:29.371 [DEBUG] [org.gradle.internal.work.DefaultWorkerLeaseService] Worker lease root.1.9.119.121 completed (1 worker(s) in use)
13:07:29.371 [DEBUG] [org.gradle.internal.resources.AbstractTrackedResourceLock] Build operations Thread 3: released lock on root.1.9.119.121
13:07:29.371 [DEBUG] [org.gradle.internal.work.DefaultWorkerLeaseService] Worker lease root.1.9.119.122 completed (1 worker(s) in use)
13:07:29.372 [DEBUG] [org.gradle.internal.resources.AbstractTrackedResourceLock] Build operations Thread 5: released lock on root.1.9.119.122
13:07:29.375 [DEBUG] [org.gradle.cache.internal.btree.BTreePersistentIndexedCache] Opening cache taskHistory.bin (/Users/bconnors/workspace/senior-code-challenge/.gradle/4.10.2/taskHistory/taskHistory.bin)
13:07:29.375 [DEBUG] [org.gradle.cache.internal.btree.BTreePersistentIndexedCache] Opening cache outputFiles.bin (/Users/bconnors/workspace/senior-code-challenge/.gradle/buildOutputCleanup/outputFiles.bin)
13:07:28.107 [LIFECYCLE] [class org.gradle.internal.buildevents.TaskExecutionLogger] 
13:07:28.107 [LIFECYCLE] [class org.gradle.internal.buildevents.TaskExecutionLogger] > Task :test FAILED
13:07:28.367 [DEBUG] [TestEventLogger]     2020-01-26 13:07:28.367  INFO 6929 --- [    Test worker] s.b.c.e.t.TomcatEmbeddedServletContainer : Tomcat started on port(s): 60642 (http)
13:07:28.372 [DEBUG] [TestEventLogger]     2020-01-26 13:07:28.372  INFO 6929 --- [    Test worker] c.m.c.s.impl.ReportingStructureRestTest  : Started ReportingStructureRestTest in 2.678 seconds (JVM running for 3.485)
13:07:28.379 [DEBUG] [TestEventLogger] 
13:07:28.379 [DEBUG] [TestEventLogger] com.mindex.challenge.service.impl.ReportingStructureRestTest > testGet STARTED
13:07:28.466 [DEBUG] [TestEventLogger] 
13:07:28.467 [DEBUG] [TestEventLogger] com.mindex.challenge.service.impl.ReportingStructureRestTest > testGet STANDARD_OUT
13:07:28.467 [DEBUG] [TestEventLogger]     2020-01-26 13:07:28.466  INFO 6929 --- [o-auto-1-exec-1] o.a.c.c.C.[Tomcat].[localhost].[/]       : Initializing Spring FrameworkServlet 'dispatcherServlet'
13:07:28.467 [DEBUG] [TestEventLogger]     2020-01-26 13:07:28.467  INFO 6929 --- [o-auto-1-exec-1] o.s.web.servlet.DispatcherServlet        : FrameworkServlet 'dispatcherServlet': initialization started
13:07:28.493 [DEBUG] [TestEventLogger]     2020-01-26 13:07:28.493  INFO 6929 --- [o-auto-1-exec-1] o.s.web.servlet.DispatcherServlet        : FrameworkServlet 'dispatcherServlet': initialization completed in 26 ms
13:07:28.563 [DEBUG] [TestEventLogger] 
13:07:28.563 [DEBUG] [TestEventLogger] com.mindex.challenge.service.impl.ReportingStructureRestTest > testGet FAILED
13:07:28.569 [DEBUG] [TestEventLogger]     java.lang.AssertionError
13:07:28.569 [DEBUG] [TestEventLogger]         at org.junit.Assert.fail(Assert.java:86)
13:07:28.569 [DEBUG] [TestEventLogger]         at org.junit.Assert.assertTrue(Assert.java:41)
13:07:28.569 [DEBUG] [TestEventLogger]         at org.junit.Assert.assertTrue(Assert.java:52)
13:07:28.569 [DEBUG] [TestEventLogger]         at com.mindex.challenge.service.impl.ReportingStructureRestTest.testGet(ReportingStructureRestTest.java:49)
13:07:28.569 [DEBUG] [TestEventLogger]         at java.base/jdk.internal.reflect.NativeMethodAccessorImpl.invoke0(Native Method)
13:07:28.569 [DEBUG] [TestEventLogger]         at java.base/jdk.internal.reflect.NativeMethodAccessorImpl.invoke(NativeMethodAccessorImpl.java:62)
13:07:28.570 [DEBUG] [TestEventLogger]         at java.base/jdk.internal.reflect.DelegatingMethodAccessorImpl.invoke(DelegatingMethodAccessorImpl.java:43)
13:07:28.570 [DEBUG] [TestEventLogger]         at java.base/java.lang.reflect.Method.invoke(Method.java:566)
13:07:28.570 [DEBUG] [TestEventLogger]         at org.junit.runners.model.FrameworkMethod$1.runReflectiveCall(FrameworkMethod.java:50)
13:07:28.570 [DEBUG] [TestEventLogger]         at org.junit.internal.runners.model.ReflectiveCallable.run(ReflectiveCallable.java:12)
13:07:28.570 [DEBUG] [TestEventLogger]         at org.junit.runners.model.FrameworkMethod.invokeExplosively(FrameworkMethod.java:47)
13:07:28.570 [DEBUG] [TestEventLogger]         at org.junit.internal.runners.statements.InvokeMethod.evaluate(InvokeMethod.java:17)
13:07:28.570 [DEBUG] [TestEventLogger]         at org.junit.internal.runners.statements.RunBefores.evaluate(RunBefores.java:26)
13:07:28.570 [DEBUG] [TestEventLogger]         at org.springframework.test.context.junit4.statements.RunBeforeTestMethodCallbacks.evaluate(RunBeforeTestMethodCallbacks.java:75)
13:07:28.570 [DEBUG] [TestEventLogger]         at org.springframework.test.context.junit4.statements.RunAfterTestMethodCallbacks.evaluate(RunAfterTestMethodCallbacks.java:86)
13:07:28.570 [DEBUG] [TestEventLogger]         at org.springframework.test.context.junit4.statements.SpringRepeat.evaluate(SpringRepeat.java:84)
13:07:28.570 [DEBUG] [TestEventLogger]         at org.junit.runners.ParentRunner.runLeaf(ParentRunner.java:325)
13:07:28.570 [DEBUG] [TestEventLogger]         at org.springframework.test.context.junit4.SpringJUnit4ClassRunner.runChild(SpringJUnit4ClassRunner.java:252)
13:07:28.570 [DEBUG] [TestEventLogger]         at org.springframework.test.context.junit4.SpringJUnit4ClassRunner.runChild(SpringJUnit4ClassRunner.java:94)
13:07:28.570 [DEBUG] [TestEventLogger]         at org.junit.runners.ParentRunner$3.run(ParentRunner.java:290)
13:07:28.571 [DEBUG] [TestEventLogger]         at org.junit.runners.ParentRunner$1.schedule(ParentRunner.java:71)
13:07:28.571 [DEBUG] [TestEventLogger]         at org.junit.runners.ParentRunner.runChildren(ParentRunner.java:288)
13:07:28.571 [DEBUG] [TestEventLogger]         at org.junit.runners.ParentRunner.access$000(ParentRunner.java:58)
13:07:28.571 [DEBUG] [TestEventLogger]         at org.junit.runners.ParentRunner$2.evaluate(ParentRunner.java:268)
13:07:28.571 [DEBUG] [TestEventLogger]         at org.springframework.test.context.junit4.statements.RunBeforeTestClassCallbacks.evaluate(RunBeforeTestClassCallbacks.java:61)
13:07:28.571 [DEBUG] [TestEventLogger]         at org.springframework.test.context.junit4.statements.RunAfterTestClassCallbacks.evaluate(RunAfterTestClassCallbacks.java:70)
13:07:28.571 [DEBUG] [TestEventLogger]         at org.junit.runners.ParentRunner.run(ParentRunner.java:363)
13:07:28.571 [DEBUG] [TestEventLogger]         at org.springframework.test.context.junit4.SpringJUnit4ClassRunner.run(SpringJUnit4ClassRunner.java:191)
13:07:28.571 [DEBUG] [TestEventLogger]         at org.gradle.api.internal.tasks.testing.junit.JUnitTestClassExecutor.runTestClass(JUnitTestClassExecutor.java:106)
13:07:28.571 [DEBUG] [TestEventLogger]         at org.gradle.api.internal.tasks.testing.junit.JUnitTestClassExecutor.execute(JUnitTestClassExecutor.java:58)
13:07:28.571 [DEBUG] [TestEventLogger]         at org.gradle.api.internal.tasks.testing.junit.JUnitTestClassExecutor.execute(JUnitTestClassExecutor.java:38)
13:07:28.571 [DEBUG] [TestEventLogger]         at org.gradle.api.internal.tasks.testing.junit.AbstractJUnitTestClassProcessor.processTestClass(AbstractJUnitTestClassProcessor.java:66)
13:07:28.571 [DEBUG] [TestEventLogger]         at org.gradle.api.internal.tasks.testing.SuiteTestClassProcessor.processTestClass(SuiteTestClassProcessor.java:51)
13:07:28.571 [DEBUG] [TestEventLogger]         at java.base/jdk.internal.reflect.NativeMethodAccessorImpl.invoke0(Native Method)
13:07:28.571 [DEBUG] [TestEventLogger]         at java.base/jdk.internal.reflect.NativeMethodAccessorImpl.invoke(NativeMethodAccessorImpl.java:62)
13:07:28.571 [DEBUG] [TestEventLogger]         at java.base/jdk.internal.reflect.DelegatingMethodAccessorImpl.invoke(DelegatingMethodAccessorImpl.java:43)
13:07:28.572 [DEBUG] [TestEventLogger]         at java.base/java.lang.reflect.Method.invoke(Method.java:566)
13:07:28.572 [DEBUG] [TestEventLogger]         at org.gradle.internal.dispatch.ReflectionDispatch.dispatch(ReflectionDispatch.java:35)
13:07:28.572 [DEBUG] [TestEventLogger]         at org.gradle.internal.dispatch.ReflectionDispatch.dispatch(ReflectionDispatch.java:24)
13:07:28.572 [DEBUG] [TestEventLogger]         at org.gradle.internal.dispatch.ContextClassLoaderDispatch.dispatch(ContextClassLoaderDispatch.java:32)
13:07:28.572 [DEBUG] [TestEventLogger]         at org.gradle.internal.dispatch.ProxyDispatchAdapter$DispatchingInvocationHandler.invoke(ProxyDispatchAdapter.java:93)
13:07:28.572 [DEBUG] [TestEventLogger]         at com.sun.proxy.$Proxy2.processTestClass(Unknown Source)
13:07:28.572 [DEBUG] [TestEventLogger]         at org.gradle.api.internal.tasks.testing.worker.TestWorker.processTestClass(TestWorker.java:117)
13:07:28.572 [DEBUG] [TestEventLogger]         at java.base/jdk.internal.reflect.NativeMethodAccessorImpl.invoke0(Native Method)
13:07:28.572 [DEBUG] [TestEventLogger]         at java.base/jdk.internal.reflect.NativeMethodAccessorImpl.invoke(NativeMethodAccessorImpl.java:62)
13:07:28.572 [DEBUG] [TestEventLogger]         at java.base/jdk.internal.reflect.DelegatingMethodAccessorImpl.invoke(DelegatingMethodAccessorImpl.java:43)
13:07:28.572 [DEBUG] [TestEventLogger]         at java.base/java.lang.reflect.Method.invoke(Method.java:566)
13:07:28.572 [DEBUG] [TestEventLogger]         at org.gradle.internal.dispatch.ReflectionDispatch.dispatch(ReflectionDispatch.java:35)
13:07:28.572 [DEBUG] [TestEventLogger]         at org.gradle.internal.dispatch.ReflectionDispatch.dispatch(ReflectionDispatch.java:24)
13:07:28.572 [DEBUG] [TestEventLogger]         at org.gradle.internal.remote.internal.hub.MessageHubBackedObjectConnection$DispatchWrapper.dispatch(MessageHubBackedObjectConnection.java:155)
13:07:28.573 [DEBUG] [TestEventLogger]         at org.gradle.internal.remote.internal.hub.MessageHubBackedObjectConnection$DispatchWrapper.dispatch(MessageHubBackedObjectConnection.java:137)
13:07:28.573 [DEBUG] [TestEventLogger]         at org.gradle.internal.remote.internal.hub.MessageHub$Handler.run(MessageHub.java:404)
13:07:28.573 [DEBUG] [TestEventLogger]         at org.gradle.internal.concurrent.ExecutorPolicy$CatchAndRecordFailures.onExecute(ExecutorPolicy.java:63)
13:07:28.573 [DEBUG] [TestEventLogger]         at org.gradle.internal.concurrent.ManagedExecutorImpl$1.run(ManagedExecutorImpl.java:46)
13:07:28.573 [DEBUG] [TestEventLogger]         at java.base/java.util.concurrent.ThreadPoolExecutor.runWorker(ThreadPoolExecutor.java:1128)
13:07:28.573 [DEBUG] [TestEventLogger]         at java.base/java.util.concurrent.ThreadPoolExecutor$Worker.run(ThreadPoolExecutor.java:628)
13:07:28.573 [DEBUG] [TestEventLogger]         at org.gradle.internal.concurrent.ThreadFactoryImpl$ManagedThreadRunnable.run(ThreadFactoryImpl.java:55)
13:07:28.573 [DEBUG] [TestEventLogger]         at java.base/java.lang.Thread.run(Thread.java:834)
13:07:28.574 [DEBUG] [TestEventLogger] 
13:07:28.574 [DEBUG] [TestEventLogger] com.mindex.challenge.service.impl.ReportingStructureRestTest FAILED
13:07:28.574 [DEBUG] [TestEventLogger] 
13:07:28.574 [DEBUG] [TestEventLogger] com.mindex.challenge.ChallengeApplicationTests STARTED
13:07:28.574 [DEBUG] [TestEventLogger] 
13:07:28.574 [DEBUG] [TestEventLogger] com.mindex.challenge.ChallengeApplicationTests STANDARD_OUT
13:07:28.574 [DEBUG] [TestEventLogger]     2020-01-26 13:07:28.550  INFO 6929 --- [    Test worker] .b.t.c.SpringBootTestContextBootstrapper : Neither @ContextConfiguration nor @ContextHierarchy found for test class [com.mindex.challenge.ChallengeApplicationTests], using SpringBootContextLoader
13:07:28.574 [DEBUG] [TestEventLogger]     2020-01-26 13:07:28.550  INFO 6929 --- [    Test worker] o.s.t.c.support.AbstractContextLoader    : Could not detect default resource locations for test class [com.mindex.challenge.ChallengeApplicationTests]: no resource found for suffixes {-context.xml, Context.groovy}.
13:07:28.574 [DEBUG] [TestEventLogger]     2020-01-26 13:07:28.551  INFO 6929 --- [    Test worker] t.c.s.AnnotationConfigContextLoaderUtils : Could not detect default configuration classes for test class [com.mindex.challenge.ChallengeApplicationTests]: ChallengeApplicationTests does not declare any static, non-private, non-final, nested classes annotated with @Configuration.
13:07:28.575 [DEBUG] [TestEventLogger]     2020-01-26 13:07:28.558  INFO 6929 --- [    Test worker] .b.t.c.SpringBootTestContextBootstrapper : Found @SpringBootConfiguration com.mindex.challenge.ChallengeApplication for test class com.mindex.challenge.ChallengeApplicationTests
13:07:28.575 [DEBUG] [TestEventLogger]     2020-01-26 13:07:28.561  INFO 6929 --- [    Test worker] .b.t.c.SpringBootTestContextBootstrapper : Loaded default TestExecutionListener class names from location [META-INF/spring.factories]: [org.springframework.boot.test.autoconfigure.restdocs.RestDocsTestExecutionListener, org.springframework.boot.test.autoconfigure.web.client.MockRestServiceServerResetTestExecutionListener, org.springframework.boot.test.autoconfigure.web.servlet.MockMvcPrintOnlyOnFailureTestExecutionListener, org.springframework.boot.test.autoconfigure.web.servlet.WebDriverTestExecutionListener, org.springframework.boot.test.mock.mockito.MockitoTestExecutionListener, org.springframework.boot.test.mock.mockito.ResetMocksTestExecutionListener, org.springframework.test.context.web.ServletTestExecutionListener, org.springframework.test.context.support.DirtiesContextBeforeModesTestExecutionListener, org.springframework.test.context.support.DependencyInjectionTestExecutionListener, org.springframework.test.context.support.DirtiesContextTestExecutionListener, org.springframework.test.context.transaction.TransactionalTestExecutionListener, org.springframework.test.context.jdbc.SqlScriptsTestExecutionListener]
13:07:28.575 [DEBUG] [TestEventLogger]     2020-01-26 13:07:28.564  INFO 6929 --- [    Test worker] .b.t.c.SpringBootTestContextBootstrapper : Using TestExecutionListeners: [org.springframework.test.context.web.ServletTestExecutionListener@34f6e0d9, org.springframework.test.context.support.DirtiesContextBeforeModesTestExecutionListener@79d18b6a, org.springframework.boot.test.autoconfigure.SpringBootDependencyInjectionTestExecutionListener@6ca720e4, org.springframework.test.context.support.DirtiesContextTestExecutionListener@525f0384, org.springframework.test.context.transaction.TransactionalTestExecutionListener@512cc13e, org.springframework.test.context.jdbc.SqlScriptsTestExecutionListener@24539aaa, org.springframework.boot.test.autoconfigure.restdocs.RestDocsTestExecutionListener@71a62ec4, org.springframework.boot.test.autoconfigure.web.servlet.MockMvcPrintOnlyOnFailureTestExecutionListener@5bcf5057, org.springframework.boot.test.mock.mockito.ResetMocksTestExecutionListener@6cdd5f21, org.springframework.boot.test.autoconfigure.web.client.MockRestServiceServerResetTestExecutionListener@54630eda, org.springframework.boot.test.autoconfigure.web.servlet.WebDriverTestExecutionListener@1473ca9c, org.springframework.boot.test.mock.mockito.MockitoTestExecutionListener@359f6dad]
13:07:28.602 [DEBUG] [TestEventLogger] 
13:07:28.602 [DEBUG] [TestEventLogger]       .   ____          _            __ _ _
13:07:28.602 [DEBUG] [TestEventLogger]      /\\ / ___'_ __ _ _(_)_ __  __ _ \ \ \ \
13:07:28.602 [DEBUG] [TestEventLogger]     ( ( )\___ | '_ | '_| | '_ \/ _` | \ \ \ \
13:07:28.602 [DEBUG] [TestEventLogger]      \\/  ___)| |_)| | | | | || (_| |  ) ) ) )
13:07:28.602 [DEBUG] [TestEventLogger]       '  |____| .__|_| |_|_| |_\__, | / / / /
13:07:28.602 [DEBUG] [TestEventLogger]      =========|_|==============|___/=/_/_/_/
13:07:28.602 [DEBUG] [TestEventLogger]      :: Spring Boot ::        (v1.5.4.RELEASE)
13:07:28.602 [DEBUG] [TestEventLogger] 
13:07:28.606 [DEBUG] [TestEventLogger]     2020-01-26 13:07:28.606  INFO 6929 --- [    Test worker] c.m.challenge.ChallengeApplicationTests  : Starting ChallengeApplicationTests on Bills-MacBook-PPI.local with PID 6929 (started by bconnors in /Users/bconnors/workspace/senior-code-challenge)
13:07:28.607 [DEBUG] [TestEventLogger]     2020-01-26 13:07:28.607 DEBUG 6929 --- [    Test worker] c.m.challenge.ChallengeApplicationTests  : Running with Spring Boot v1.5.4.RELEASE, Spring v4.3.9.RELEASE
13:07:28.607 [DEBUG] [TestEventLogger]     2020-01-26 13:07:28.607  INFO 6929 --- [    Test worker] c.m.challenge.ChallengeApplicationTests  : No active profile set, falling back to default profiles: default
13:07:28.609 [DEBUG] [TestEventLogger]     2020-01-26 13:07:28.609  INFO 6929 --- [    Test worker] o.s.w.c.s.GenericWebApplicationContext   : Refreshing org.springframework.web.context.support.GenericWebApplicationContext@7e361eb7: startup date [Sun Jan 26 13:07:28 EST 2020]; root of context hierarchy
13:07:29.039 [DEBUG] [TestEventLogger]     2020-01-26 13:07:29.039  INFO 6929 --- [    Test worker] s.w.s.m.m.a.RequestMappingHandlerAdapter : Looking for @ControllerAdvice: org.springframework.web.context.support.GenericWebApplicationContext@7e361eb7: startup date [Sun Jan 26 13:07:28 EST 2020]; root of context hierarchy
13:07:29.048 [DEBUG] [TestEventLogger]     2020-01-26 13:07:29.048  INFO 6929 --- [    Test worker] s.w.s.m.m.a.RequestMappingHandlerMapping : Mapped "{[/employee/{id}],methods=[PUT]}" onto public com.mindex.challenge.data.Employee com.mindex.challenge.controller.EmployeeController.update(java.lang.String,com.mindex.challenge.data.Employee)
13:07:29.048 [DEBUG] [TestEventLogger]     2020-01-26 13:07:29.048  INFO 6929 --- [    Test worker] s.w.s.m.m.a.RequestMappingHandlerMapping : Mapped "{[/employee/{id}],methods=[GET]}" onto public com.mindex.challenge.data.Employee com.mindex.challenge.controller.EmployeeController.read(java.lang.String)
13:07:29.048 [DEBUG] [TestEventLogger]     2020-01-26 13:07:29.049  INFO 6929 --- [    Test worker] s.w.s.m.m.a.RequestMappingHandlerMapping : Mapped "{[/employee],methods=[POST]}" onto public com.mindex.challenge.data.Employee com.mindex.challenge.controller.EmployeeController.create(com.mindex.challenge.data.Employee)
13:07:29.049 [DEBUG] [TestEventLogger]     2020-01-26 13:07:29.049  INFO 6929 --- [    Test worker] s.w.s.m.m.a.RequestMappingHandlerMapping : Mapped "{[/reportingStructure/{id}],methods=[GET]}" onto public com.mindex.challenge.data.ReportingStructure com.mindex.challenge.controller.ReportingStructureController.read(java.lang.String)
13:07:29.051 [DEBUG] [TestEventLogger]     2020-01-26 13:07:29.051  INFO 6929 --- [    Test worker] s.w.s.m.m.a.RequestMappingHandlerMapping : Mapped "{[/error]}" onto public org.springframework.http.ResponseEntity<java.util.Map<java.lang.String, java.lang.Object>> org.springframework.boot.autoconfigure.web.BasicErrorController.error(javax.servlet.http.HttpServletRequest)
13:07:29.051 [DEBUG] [TestEventLogger]     2020-01-26 13:07:29.051  INFO 6929 --- [    Test worker] s.w.s.m.m.a.RequestMappingHandlerMapping : Mapped "{[/error],produces=[text/html]}" onto public org.springframework.web.servlet.ModelAndView org.springframework.boot.autoconfigure.web.BasicErrorController.errorHtml(javax.servlet.http.HttpServletRequest,javax.servlet.http.HttpServletResponse)
13:07:29.065 [DEBUG] [TestEventLogger]     2020-01-26 13:07:29.065  INFO 6929 --- [    Test worker] o.s.w.s.handler.SimpleUrlHandlerMapping  : Mapped URL path [/webjars/**] onto handler of type [class org.springframework.web.servlet.resource.ResourceHttpRequestHandler]
13:07:29.066 [DEBUG] [TestEventLogger]     2020-01-26 13:07:29.066  INFO 6929 --- [    Test worker] o.s.w.s.handler.SimpleUrlHandlerMapping  : Mapped URL path [/**] onto handler of type [class org.springframework.web.servlet.resource.ResourceHttpRequestHandler]
13:07:29.080 [DEBUG] [TestEventLogger]     2020-01-26 13:07:29.080  INFO 6929 --- [    Test worker] o.s.w.s.handler.SimpleUrlHandlerMapping  : Mapped URL path [/**/favicon.ico] onto handler of type [class org.springframework.web.servlet.resource.ResourceHttpRequestHandler]
13:07:29.180 [DEBUG] [TestEventLogger]     2020-01-26 13:07:29.180  INFO 6929 --- [    Test worker] c.m.challenge.ChallengeApplicationTests  : Started ChallengeApplicationTests in 0.604 seconds (JVM running for 4.293)
13:07:29.184 [DEBUG] [TestEventLogger] 
13:07:29.185 [DEBUG] [TestEventLogger] com.mindex.challenge.ChallengeApplicationTests > contextLoads STARTED
13:07:29.187 [DEBUG] [TestEventLogger] 
13:07:29.187 [DEBUG] [TestEventLogger] com.mindex.challenge.ChallengeApplicationTests > contextLoads PASSED
13:07:29.187 [DEBUG] [TestEventLogger] 
13:07:29.187 [DEBUG] [TestEventLogger] com.mindex.challenge.ChallengeApplicationTests PASSED
13:07:29.187 [DEBUG] [TestEventLogger] 
13:07:29.187 [DEBUG] [TestEventLogger] com.mindex.challenge.DataBootstrapTest STARTED
13:07:29.188 [DEBUG] [TestEventLogger] 
13:07:29.188 [DEBUG] [TestEventLogger] com.mindex.challenge.DataBootstrapTest STANDARD_OUT
13:07:29.188 [DEBUG] [TestEventLogger]     2020-01-26 13:07:29.188  INFO 6929 --- [    Test worker] .b.t.c.SpringBootTestContextBootstrapper : Neither @ContextConfiguration nor @ContextHierarchy found for test class [com.mindex.challenge.DataBootstrapTest], using SpringBootContextLoader
13:07:29.188 [DEBUG] [TestEventLogger]     2020-01-26 13:07:29.189  INFO 6929 --- [    Test worker] o.s.t.c.support.AbstractContextLoader    : Could not detect default resource locations for test class [com.mindex.challenge.DataBootstrapTest]: no resource found for suffixes {-context.xml, Context.groovy}.
13:07:29.189 [DEBUG] [TestEventLogger]     2020-01-26 13:07:29.189  INFO 6929 --- [    Test worker] t.c.s.AnnotationConfigContextLoaderUtils : Could not detect default configuration classes for test class [com.mindex.challenge.DataBootstrapTest]: DataBootstrapTest does not declare any static, non-private, non-final, nested classes annotated with @Configuration.
13:07:29.191 [DEBUG] [TestEventLogger]     2020-01-26 13:07:29.191  INFO 6929 --- [    Test worker] .b.t.c.SpringBootTestContextBootstrapper : Found @SpringBootConfiguration com.mindex.challenge.ChallengeApplication for test class com.mindex.challenge.DataBootstrapTest
13:07:29.193 [DEBUG] [TestEventLogger]     2020-01-26 13:07:29.193  INFO 6929 --- [    Test worker] .b.t.c.SpringBootTestContextBootstrapper : Loaded default TestExecutionListener class names from location [META-INF/spring.factories]: [org.springframework.boot.test.autoconfigure.restdocs.RestDocsTestExecutionListener, org.springframework.boot.test.autoconfigure.web.client.MockRestServiceServerResetTestExecutionListener, org.springframework.boot.test.autoconfigure.web.servlet.MockMvcPrintOnlyOnFailureTestExecutionListener, org.springframework.boot.test.autoconfigure.web.servlet.WebDriverTestExecutionListener, org.springframework.boot.test.mock.mockito.MockitoTestExecutionListener, org.springframework.boot.test.mock.mockito.ResetMocksTestExecutionListener, org.springframework.test.context.web.ServletTestExecutionListener, org.springframework.test.context.support.DirtiesContextBeforeModesTestExecutionListener, org.springframework.test.context.support.DependencyInjectionTestExecutionListener, org.springframework.test.context.support.DirtiesContextTestExecutionListener, org.springframework.test.context.transaction.TransactionalTestExecutionListener, org.springframework.test.context.jdbc.SqlScriptsTestExecutionListener]
13:07:29.196 [DEBUG] [TestEventLogger]     2020-01-26 13:07:29.196  INFO 6929 --- [    Test worker] .b.t.c.SpringBootTestContextBootstrapper : Using TestExecutionListeners: [org.springframework.test.context.web.ServletTestExecutionListener@6ff8d36f, org.springframework.test.context.support.DirtiesContextBeforeModesTestExecutionListener@46dff19c, org.springframework.boot.test.autoconfigure.SpringBootDependencyInjectionTestExecutionListener@1591de6e, org.springframework.test.context.support.DirtiesContextTestExecutionListener@24bd602d, org.springframework.test.context.transaction.TransactionalTestExecutionListener@df7bc7e, org.springframework.test.context.jdbc.SqlScriptsTestExecutionListener@349def4d, org.springframework.boot.test.autoconfigure.restdocs.RestDocsTestExecutionListener@2fe4351e, org.springframework.boot.test.autoconfigure.web.servlet.MockMvcPrintOnlyOnFailureTestExecutionListener@601794c7, org.springframework.boot.test.mock.mockito.ResetMocksTestExecutionListener@5033d0f7, org.springframework.boot.test.autoconfigure.web.client.MockRestServiceServerResetTestExecutionListener@b8faa3b, org.springframework.boot.test.autoconfigure.web.servlet.WebDriverTestExecutionListener@54d3291, org.springframework.boot.test.mock.mockito.MockitoTestExecutionListener@59a02f53]
13:07:29.198 [DEBUG] [TestEventLogger] 
13:07:29.198 [DEBUG] [TestEventLogger] com.mindex.challenge.DataBootstrapTest > test STARTED
13:07:29.222 [DEBUG] [TestEventLogger] 
13:07:29.222 [DEBUG] [TestEventLogger] com.mindex.challenge.DataBootstrapTest > test PASSED
13:07:29.222 [DEBUG] [TestEventLogger] 
13:07:29.223 [DEBUG] [TestEventLogger] com.mindex.challenge.DataBootstrapTest PASSED
13:07:29.223 [DEBUG] [TestEventLogger] 
13:07:29.223 [DEBUG] [TestEventLogger] com.mindex.challenge.service.impl.EmployeeServiceImplTest STARTED
13:07:29.224 [DEBUG] [TestEventLogger] 
13:07:29.224 [DEBUG] [TestEventLogger] com.mindex.challenge.service.impl.EmployeeServiceImplTest STANDARD_OUT
13:07:29.224 [DEBUG] [TestEventLogger]     2020-01-26 13:07:29.224  INFO 6929 --- [    Test worker] .b.t.c.SpringBootTestContextBootstrapper : Neither @ContextConfiguration nor @ContextHierarchy found for test class [com.mindex.challenge.service.impl.EmployeeServiceImplTest], using SpringBootContextLoader
13:07:29.225 [DEBUG] [TestEventLogger]     2020-01-26 13:07:29.225  INFO 6929 --- [    Test worker] o.s.t.c.support.AbstractContextLoader    : Could not detect default resource locations for test class [com.mindex.challenge.service.impl.EmployeeServiceImplTest]: no resource found for suffixes {-context.xml, Context.groovy}.
13:07:29.225 [DEBUG] [TestEventLogger]     2020-01-26 13:07:29.225  INFO 6929 --- [    Test worker] t.c.s.AnnotationConfigContextLoaderUtils : Could not detect default configuration classes for test class [com.mindex.challenge.service.impl.EmployeeServiceImplTest]: EmployeeServiceImplTest does not declare any static, non-private, non-final, nested classes annotated with @Configuration.
13:07:29.227 [DEBUG] [TestEventLogger]     2020-01-26 13:07:29.227  INFO 6929 --- [    Test worker] .b.t.c.SpringBootTestContextBootstrapper : Found @SpringBootConfiguration com.mindex.challenge.ChallengeApplication for test class com.mindex.challenge.service.impl.EmployeeServiceImplTest
13:07:29.229 [DEBUG] [TestEventLogger]     2020-01-26 13:07:29.229  INFO 6929 --- [    Test worker] .b.t.c.SpringBootTestContextBootstrapper : Loaded default TestExecutionListener class names from location [META-INF/spring.factories]: [org.springframework.boot.test.autoconfigure.restdocs.RestDocsTestExecutionListener, org.springframework.boot.test.autoconfigure.web.client.MockRestServiceServerResetTestExecutionListener, org.springframework.boot.test.autoconfigure.web.servlet.MockMvcPrintOnlyOnFailureTestExecutionListener, org.springframework.boot.test.autoconfigure.web.servlet.WebDriverTestExecutionListener, org.springframework.boot.test.mock.mockito.MockitoTestExecutionListener, org.springframework.boot.test.mock.mockito.ResetMocksTestExecutionListener, org.springframework.test.context.web.ServletTestExecutionListener, org.springframework.test.context.support.DirtiesContextBeforeModesTestExecutionListener, org.springframework.test.context.support.DependencyInjectionTestExecutionListener, org.springframework.test.context.support.DirtiesContextTestExecutionListener, org.springframework.test.context.transaction.TransactionalTestExecutionListener, org.springframework.test.context.jdbc.SqlScriptsTestExecutionListener]
13:07:29.231 [DEBUG] [TestEventLogger]     2020-01-26 13:07:29.231  INFO 6929 --- [    Test worker] .b.t.c.SpringBootTestContextBootstrapper : Using TestExecutionListeners: [org.springframework.test.context.web.ServletTestExecutionListener@2d222baf, org.springframework.test.context.support.DirtiesContextBeforeModesTestExecutionListener@6a9ec12d, org.springframework.boot.test.autoconfigure.SpringBootDependencyInjectionTestExecutionListener@59b5236f, org.springframework.test.context.support.DirtiesContextTestExecutionListener@55d77021, org.springframework.test.context.transaction.TransactionalTestExecutionListener@69144667, org.springframework.test.context.jdbc.SqlScriptsTestExecutionListener@751f75c1, org.springframework.boot.test.autoconfigure.restdocs.RestDocsTestExecutionListener@5c19e56, org.springframework.boot.test.autoconfigure.web.servlet.MockMvcPrintOnlyOnFailureTestExecutionListener@6bf9a0b7, org.springframework.boot.test.mock.mockito.ResetMocksTestExecutionListener@2015e4d1, org.springframework.boot.test.autoconfigure.web.client.MockRestServiceServerResetTestExecutionListener@2eaa2c6f, org.springframework.boot.test.autoconfigure.web.servlet.WebDriverTestExecutionListener@271034c2, org.springframework.boot.test.mock.mockito.MockitoTestExecutionListener@1cac48f]
13:07:29.233 [DEBUG] [TestEventLogger] 
13:07:29.233 [DEBUG] [TestEventLogger] com.mindex.challenge.service.impl.EmployeeServiceImplTest > testCreateReadUpdate STARTED
13:07:29.248 [DEBUG] [TestEventLogger] 
13:07:29.249 [DEBUG] [TestEventLogger] com.mindex.challenge.service.impl.EmployeeServiceImplTest > testCreateReadUpdate STANDARD_OUT
13:07:29.249 [DEBUG] [TestEventLogger]     2020-01-26 13:07:29.248 DEBUG 6929 --- [o-auto-1-exec-2] c.m.c.controller.EmployeeController      : Received employee create request for [com.mindex.challenge.data.Employee@3b80ef9c]
13:07:29.249 [DEBUG] [TestEventLogger]     2020-01-26 13:07:29.249 DEBUG 6929 --- [o-auto-1-exec-2] c.m.c.service.impl.EmployeeServiceImpl   : Creating employee [com.mindex.challenge.data.Employee@3b80ef9c]
13:07:29.256 [DEBUG] [TestEventLogger]     2020-01-26 13:07:29.256 DEBUG 6929 --- [o-auto-1-exec-3] c.m.c.controller.EmployeeController      : Received employee create request for id [a58658a1-8ade-4591-aee5-0b8d115b41fe]
13:07:29.256 [DEBUG] [TestEventLogger]     2020-01-26 13:07:29.256 DEBUG 6929 --- [o-auto-1-exec-3] c.m.c.service.impl.EmployeeServiceImpl   : Creating employee with id [a58658a1-8ade-4591-aee5-0b8d115b41fe]
13:07:29.262 [DEBUG] [TestEventLogger]     2020-01-26 13:07:29.262 DEBUG 6929 --- [o-auto-1-exec-4] c.m.c.controller.EmployeeController      : Received employee create request for id [a58658a1-8ade-4591-aee5-0b8d115b41fe] and employee [com.mindex.challenge.data.Employee@8665ab5]
13:07:29.263 [DEBUG] [TestEventLogger]     2020-01-26 13:07:29.263 DEBUG 6929 --- [o-auto-1-exec-4] c.m.c.service.impl.EmployeeServiceImpl   : Updating employee [com.mindex.challenge.data.Employee@8665ab5]
13:07:29.266 [DEBUG] [TestEventLogger] 
13:07:29.266 [DEBUG] [TestEventLogger] com.mindex.challenge.service.impl.EmployeeServiceImplTest > testCreateReadUpdate PASSED
13:07:29.266 [DEBUG] [TestEventLogger] 
13:07:29.266 [DEBUG] [TestEventLogger] com.mindex.challenge.service.impl.EmployeeServiceImplTest PASSED
13:07:29.266 [DEBUG] [TestEventLogger] 
13:07:29.266 [DEBUG] [TestEventLogger] com.mindex.challenge.service.impl.ReportingStructureServiceImplTest STARTED
13:07:29.267 [DEBUG] [TestEventLogger] 
13:07:29.267 [DEBUG] [TestEventLogger] com.mindex.challenge.service.impl.ReportingStructureServiceImplTest STANDARD_OUT
13:07:29.267 [DEBUG] [TestEventLogger]     2020-01-26 13:07:29.267  INFO 6929 --- [    Test worker] .b.t.c.SpringBootTestContextBootstrapper : Neither @ContextConfiguration nor @ContextHierarchy found for test class [com.mindex.challenge.service.impl.ReportingStructureServiceImplTest], using SpringBootContextLoader
13:07:29.268 [DEBUG] [TestEventLogger]     2020-01-26 13:07:29.268  INFO 6929 --- [    Test worker] o.s.t.c.support.AbstractContextLoader    : Could not detect default resource locations for test class [com.mindex.challenge.service.impl.ReportingStructureServiceImplTest]: no resource found for suffixes {-context.xml, Context.groovy}.
13:07:29.268 [DEBUG] [TestEventLogger]     2020-01-26 13:07:29.268  INFO 6929 --- [    Test worker] t.c.s.AnnotationConfigContextLoaderUtils : Could not detect default configuration classes for test class [com.mindex.challenge.service.impl.ReportingStructureServiceImplTest]: ReportingStructureServiceImplTest does not declare any static, non-private, non-final, nested classes annotated with @Configuration.
13:07:29.270 [DEBUG] [TestEventLogger]     2020-01-26 13:07:29.270  INFO 6929 --- [    Test worker] .b.t.c.SpringBootTestContextBootstrapper : Found @SpringBootConfiguration com.mindex.challenge.ChallengeApplication for test class com.mindex.challenge.service.impl.ReportingStructureServiceImplTest
13:07:29.273 [DEBUG] [TestEventLogger]     2020-01-26 13:07:29.273  INFO 6929 --- [    Test worker] .b.t.c.SpringBootTestContextBootstrapper : Loaded default TestExecutionListener class names from location [META-INF/spring.factories]: [org.springframework.boot.test.autoconfigure.restdocs.RestDocsTestExecutionListener, org.springframework.boot.test.autoconfigure.web.client.MockRestServiceServerResetTestExecutionListener, org.springframework.boot.test.autoconfigure.web.servlet.MockMvcPrintOnlyOnFailureTestExecutionListener, org.springframework.boot.test.autoconfigure.web.servlet.WebDriverTestExecutionListener, org.springframework.boot.test.mock.mockito.MockitoTestExecutionListener, org.springframework.boot.test.mock.mockito.ResetMocksTestExecutionListener, org.springframework.test.context.web.ServletTestExecutionListener, org.springframework.test.context.support.DirtiesContextBeforeModesTestExecutionListener, org.springframework.test.context.support.DependencyInjectionTestExecutionListener, org.springframework.test.context.support.DirtiesContextTestExecutionListener, org.springframework.test.context.transaction.TransactionalTestExecutionListener, org.springframework.test.context.jdbc.SqlScriptsTestExecutionListener]
13:07:29.275 [DEBUG] [TestEventLogger]     2020-01-26 13:07:29.275  INFO 6929 --- [    Test worker] .b.t.c.SpringBootTestContextBootstrapper : Using TestExecutionListeners: [org.springframework.test.context.web.ServletTestExecutionListener@203532fd, org.springframework.test.context.support.DirtiesContextBeforeModesTestExecutionListener@1dda840a, org.springframework.boot.test.autoconfigure.SpringBootDependencyInjectionTestExecutionListener@313ca8f0, org.springframework.test.context.support.DirtiesContextTestExecutionListener@fb09577, org.springframework.test.context.transaction.TransactionalTestExecutionListener@69beca6, org.springframework.test.context.jdbc.SqlScriptsTestExecutionListener@4f28d2ab, org.springframework.boot.test.autoconfigure.restdocs.RestDocsTestExecutionListener@1b079896, org.springframework.boot.test.autoconfigure.web.servlet.MockMvcPrintOnlyOnFailureTestExecutionListener@1097bdac, org.springframework.boot.test.mock.mockito.ResetMocksTestExecutionListener@49309dc4, org.springframework.boot.test.autoconfigure.web.client.MockRestServiceServerResetTestExecutionListener@4004a3c3, org.springframework.boot.test.autoconfigure.web.servlet.WebDriverTestExecutionListener@6760507d, org.springframework.boot.test.mock.mockito.MockitoTestExecutionListener@4ab7fbe0]
13:07:29.276 [DEBUG] [TestEventLogger] 
13:07:29.276 [DEBUG] [TestEventLogger] com.mindex.challenge.service.impl.ReportingStructureServiceImplTest > testGet STARTED
13:07:29.280 [DEBUG] [TestEventLogger] 
13:07:29.280 [DEBUG] [TestEventLogger] com.mindex.challenge.service.impl.ReportingStructureServiceImplTest > testGet STANDARD_OUT
13:07:29.280 [DEBUG] [TestEventLogger]     2020-01-26 13:07:29.280 DEBUG 6929 --- [    Test worker] c.m.c.service.impl.EmployeeServiceImpl   : Creating employee with id [16a596ae-edd3-4847-99fe-c4518e82c86f]
13:07:29.282 [DEBUG] [TestEventLogger]     2020-01-26 13:07:29.282 DEBUG 6929 --- [    Test worker] c.m.c.service.impl.EmployeeServiceImpl   : Creating employee with id [b7839309-3348-463b-a7e3-5de1c168beb3]
13:07:29.283 [DEBUG] [TestEventLogger]     2020-01-26 13:07:29.283 DEBUG 6929 --- [    Test worker] c.m.c.service.impl.EmployeeServiceImpl   : Creating employee with id [03aa1462-ffa9-4978-901b-7c001562cf6f]
13:07:29.284 [DEBUG] [TestEventLogger]     2020-01-26 13:07:29.284 DEBUG 6929 --- [    Test worker] c.m.c.service.impl.EmployeeServiceImpl   : Creating employee with id [62c1084e-6e34-4630-93fd-9153afb65309]
13:07:29.285 [DEBUG] [TestEventLogger]     2020-01-26 13:07:29.285 DEBUG 6929 --- [    Test worker] c.m.c.service.impl.EmployeeServiceImpl   : Creating employee with id [c0c2293d-16bd-4603-8e08-638a9d18b22c]
13:07:29.288 [DEBUG] [TestEventLogger] 
13:07:29.288 [DEBUG] [TestEventLogger] com.mindex.challenge.service.impl.ReportingStructureServiceImplTest > testGet PASSED
13:07:29.288 [DEBUG] [TestEventLogger] 
13:07:29.288 [DEBUG] [TestEventLogger] com.mindex.challenge.service.impl.ReportingStructureServiceImplTest PASSED
13:07:29.288 [DEBUG] [TestEventLogger] 
13:07:29.288 [DEBUG] [TestEventLogger] Gradle Test Executor 10 FAILED
13:07:29.292 [QUIET] [system.out] 2020-01-26 13:07:29.292  INFO 6929 --- [       Thread-5] ationConfigEmbeddedWebApplicationContext : Closing org.springframework.boot.context.embedded.AnnotationConfigEmbeddedWebApplicationContext@1ff05165: startup date [Sun Jan 26 13:07:25 EST 2020]; root of context hierarchy
13:07:29.292 [QUIET] [system.out] 2020-01-26 13:07:29.292  INFO 6929 --- [       Thread-7] o.s.w.c.s.GenericWebApplicationContext   : Closing org.springframework.web.context.support.GenericWebApplicationContext@7e361eb7: startup date [Sun Jan 26 13:07:28 EST 2020]; root of context hierarchy
13:07:29.363 [DEBUG] [org.gradle.process.internal.DefaultExecHandle] Changing state to: SUCCEEDED
13:07:29.363 [DEBUG] [org.gradle.process.internal.DefaultExecHandle] Process 'Gradle Test Executor 10' finished with exit value 0 (state: SUCCEEDED)
13:07:29.364 [DEBUG] [org.gradle.internal.work.DefaultWorkerLeaseService] Worker lease root.1.9.112 completed (1 worker(s) in use)
13:07:29.364 [DEBUG] [org.gradle.internal.resources.AbstractTrackedResourceLock] Dispatch org.gradle.api.internal.tasks.testing.processors.RestartEveryNTestClassProcessor@7331f8fd: released lock on root.1.9.112
13:07:29.364 [DEBUG] [TestEventLogger] 
13:07:29.364 [DEBUG] [TestEventLogger] Gradle Test Run :test FAILED
13:07:29.364 [ERROR] [org.gradle.api.internal.tasks.testing.logging.TestCountLogger] 
5 tests completed, 1 failed
13:07:29.365 [DEBUG] [org.gradle.internal.operations.DefaultBuildOperationExecutor] Build operation 'Delete old JUnit XML results' started
13:07:29.365 [DEBUG] [org.gradle.internal.operations.DefaultBuildOperationExecutor] Completing Build operation 'Delete old JUnit XML results'
13:07:29.365 [DEBUG] [org.gradle.internal.operations.DefaultBuildOperationExecutor] Build operation 'Delete old JUnit XML results' completed
13:07:29.366 [DEBUG] [org.gradle.internal.work.DefaultWorkerLeaseService] Worker lease root.1.9.113.114 started (1 worker(s) in use).
13:07:29.366 [DEBUG] [org.gradle.internal.resources.AbstractTrackedResourceLock] Task worker for ':': acquired lock on root.1.9.113.114
13:07:29.366 [DEBUG] [org.gradle.internal.operations.DefaultBuildOperationExecutor] Build operation 'Generate junit XML test report for com.mindex.challenge.DataBootstrapTest' started
13:07:29.366 [DEBUG] [org.gradle.internal.operations.DefaultBuildOperationExecutor] Build operation 'Generate junit XML test report for com.mindex.challenge.service.impl.ReportingStructureRestTest' started
13:07:29.366 [DEBUG] [org.gradle.internal.operations.DefaultBuildOperationExecutor] Build operation 'Generate junit XML test report for com.mindex.challenge.ChallengeApplicationTests' started
13:07:29.366 [DEBUG] [org.gradle.internal.operations.DefaultBuildOperationExecutor] Build operation 'Generate junit XML test report for com.mindex.challenge.service.impl.EmployeeServiceImplTest' started
13:07:29.366 [DEBUG] [org.gradle.internal.operations.DefaultBuildOperationExecutor] Completing Build operation 'Generate junit XML test report for com.mindex.challenge.DataBootstrapTest'
13:07:29.366 [DEBUG] [org.gradle.internal.operations.DefaultBuildOperationExecutor] Build operation 'Generate junit XML test report for com.mindex.challenge.DataBootstrapTest' completed
13:07:29.366 [DEBUG] [org.gradle.internal.operations.DefaultBuildOperationExecutor] Build operation 'Generate junit XML test report for com.mindex.challenge.service.impl.ReportingStructureServiceImplTest' started
13:07:29.366 [DEBUG] [org.gradle.internal.work.DefaultWorkerLeaseService] Worker lease root.1.9.113.114 completed (4 worker(s) in use)
13:07:29.366 [DEBUG] [org.gradle.internal.resources.AbstractTrackedResourceLock] Task worker for ':': released lock on root.1.9.113.114
13:07:29.366 [DEBUG] [org.gradle.internal.operations.DefaultBuildOperationExecutor] Completing Build operation 'Generate junit XML test report for com.mindex.challenge.ChallengeApplicationTests'
13:07:29.367 [DEBUG] [org.gradle.internal.operations.DefaultBuildOperationExecutor] Completing Build operation 'Generate junit XML test report for com.mindex.challenge.service.impl.ReportingStructureRestTest'
13:07:29.367 [DEBUG] [org.gradle.internal.operations.DefaultBuildOperationExecutor] Completing Build operation 'Generate junit XML test report for com.mindex.challenge.service.impl.EmployeeServiceImplTest'
13:07:29.367 [DEBUG] [org.gradle.internal.operations.DefaultBuildOperationExecutor] Completing Build operation 'Generate junit XML test report for com.mindex.challenge.service.impl.ReportingStructureServiceImplTest'
13:07:29.367 [INFO] [org.gradle.api.internal.tasks.testing.junit.result.Binary2JUnitXmlReportGenerator] Finished generating test XML results (0.002 secs) into: /Users/bconnors/workspace/senior-code-challenge/build/test-results/test
13:07:29.367 [INFO] [org.gradle.api.internal.tasks.testing.report.DefaultTestReport] Generating HTML test report...
13:07:29.368 [DEBUG] [org.gradle.internal.operations.DefaultBuildOperationExecutor] Build operation 'Delete old HTML results' started
13:07:29.368 [DEBUG] [org.gradle.internal.operations.DefaultBuildOperationExecutor] Completing Build operation 'Delete old HTML results'
13:07:29.368 [DEBUG] [org.gradle.internal.operations.DefaultBuildOperationExecutor] Build operation 'Delete old HTML results' completed
13:07:29.368 [DEBUG] [org.gradle.internal.work.DefaultWorkerLeaseService] Worker lease root.1.9.119.120 started (1 worker(s) in use).
13:07:29.368 [DEBUG] [org.gradle.internal.resources.AbstractTrackedResourceLock] Task worker for ':': acquired lock on root.1.9.119.120
13:07:29.369 [DEBUG] [org.gradle.internal.operations.DefaultBuildOperationExecutor] Build operation 'Generate HTML test report for Test Summary' started
13:07:29.369 [DEBUG] [org.gradle.internal.operations.DefaultBuildOperationExecutor] Build operation 'Generate HTML test report for Package com.mindex.challenge.service.impl' started
13:07:29.369 [DEBUG] [org.gradle.internal.operations.DefaultBuildOperationExecutor] Build operation 'Generate HTML test report for Class com.mindex.challenge.service.impl.ReportingStructureServiceImplTest' started
13:07:29.369 [DEBUG] [org.gradle.internal.operations.DefaultBuildOperationExecutor] Build operation 'Generate HTML test report for Class com.mindex.challenge.service.impl.ReportingStructureRestTest' started
13:07:29.369 [DEBUG] [org.gradle.internal.operations.DefaultBuildOperationExecutor] Build operation 'Generate HTML test report for Class com.mindex.challenge.service.impl.EmployeeServiceImplTest' started
13:07:29.369 [DEBUG] [org.gradle.internal.operations.DefaultBuildOperationExecutor] Completing Build operation 'Generate HTML test report for Test Summary'
13:07:29.369 [DEBUG] [org.gradle.internal.operations.DefaultBuildOperationExecutor] Build operation 'Generate HTML test report for Class com.mindex.challenge.DataBootstrapTest' started
13:07:29.370 [DEBUG] [org.gradle.internal.operations.DefaultBuildOperationExecutor] Completing Build operation 'Generate HTML test report for Package com.mindex.challenge.service.impl'
13:07:29.369 [DEBUG] [org.gradle.internal.operations.DefaultBuildOperationExecutor] Build operation 'Generate HTML test report for Test Summary' completed
13:07:29.370 [DEBUG] [org.gradle.internal.operations.DefaultBuildOperationExecutor] Completing Build operation 'Generate HTML test report for Class com.mindex.challenge.service.impl.EmployeeServiceImplTest'
13:07:29.370 [DEBUG] [org.gradle.internal.operations.DefaultBuildOperationExecutor] Completing Build operation 'Generate HTML test report for Class com.mindex.challenge.service.impl.ReportingStructureServiceImplTest'
13:07:29.370 [DEBUG] [org.gradle.internal.operations.DefaultBuildOperationExecutor] Build operation 'Generate HTML test report for Class com.mindex.challenge.ChallengeApplicationTests' started
13:07:29.370 [DEBUG] [org.gradle.internal.operations.DefaultBuildOperationExecutor] Completing Build operation 'Generate HTML test report for Class com.mindex.challenge.service.impl.ReportingStructureRestTest'
13:07:29.370 [DEBUG] [org.gradle.internal.operations.DefaultBuildOperationExecutor] Completing Build operation 'Generate HTML test report for Class com.mindex.challenge.DataBootstrapTest'
13:07:29.371 [DEBUG] [org.gradle.internal.operations.DefaultBuildOperationExecutor] Build operation 'Generate HTML test report for Package com.mindex.challenge' started
13:07:29.371 [DEBUG] [org.gradle.internal.work.DefaultWorkerLeaseService] Worker lease root.1.9.119.120 completed (4 worker(s) in use)
13:07:29.371 [DEBUG] [org.gradle.internal.resources.AbstractTrackedResourceLock] Task worker for ':': released lock on root.1.9.119.120
13:07:29.371 [DEBUG] [org.gradle.internal.operations.DefaultBuildOperationExecutor] Completing Build operation 'Generate HTML test report for Class com.mindex.challenge.ChallengeApplicationTests'
13:07:29.371 [DEBUG] [org.gradle.internal.operations.DefaultBuildOperationExecutor] Completing Build operation 'Generate HTML test report for Package com.mindex.challenge'
13:07:29.372 [INFO] [org.gradle.api.internal.tasks.testing.report.DefaultTestReport] Finished generating test html results (0.004 secs) into: /Users/bconnors/workspace/senior-code-challenge/build/reports/tests/test
13:07:29.372 [DEBUG] [org.gradle.internal.operations.DefaultBuildOperationExecutor] Completing Build operation 'Execute executeTests for :test'
13:07:29.372 [DEBUG] [org.gradle.internal.operations.DefaultBuildOperationExecutor] Build operation 'Execute executeTests for :test' completed
13:07:29.372 [DEBUG] [org.gradle.api.internal.changedetection.state.CacheBackedTaskHistoryRepository] Fingerprinting property binResultsDir (Output) for task ':test'
13:07:29.373 [DEBUG] [org.gradle.api.internal.changedetection.state.CacheBackedTaskHistoryRepository] Fingerprinting property reports.enabledReports.html.destination (Output) for task ':test'
13:07:29.374 [DEBUG] [org.gradle.api.internal.changedetection.state.CacheBackedTaskHistoryRepository] Fingerprinting property reports.enabledReports.junitXml.destination (Output) for task ':test'
13:07:29.375 [DEBUG] [org.gradle.api.internal.changedetection.state.CacheBackedTaskHistoryRepository] Fingerprinting property reports.html.destination (Output) for task ':test'
13:07:29.375 [DEBUG] [org.gradle.api.internal.changedetection.state.CacheBackedTaskHistoryRepository] Fingerprinting property reports.junitXml.destination (Output) for task ':test'
13:07:29.375 [DEBUG] [org.gradle.api.internal.tasks.execution.ResolveTaskArtifactStateTaskExecuter] Removed task artifact state for {} from context.
13:07:29.375 [DEBUG] [org.gradle.api.internal.tasks.execution.ExecuteAtMostOnceTaskExecuter] Finished executing task ':test'
13:07:29.375 [DEBUG] [org.gradle.internal.operations.DefaultBuildOperationExecutor] Completing Build operation 'Task :test'
13:07:29.375 [DEBUG] [org.gradle.internal.operations.DefaultBuildOperationExecutor] Build operation 'Task :test' completed
13:07:29.376 [INFO] [org.gradle.execution.taskgraph.DefaultTaskPlanExecutor] :test (Thread[Task worker for ':',5,main]) completed. Took 4.579 secs.
13:07:29.376 [DEBUG] [org.gradle.internal.resources.AbstractTrackedResourceLock] Task worker for ':': released lock on :
13:07:29.376 [DEBUG] [org.gradle.internal.work.DefaultWorkerLeaseService] Worker lease root.1.9 completed (1 worker(s) in use)
13:07:29.376 [DEBUG] [org.gradle.internal.resources.AbstractTrackedResourceLock] Task worker for ':': released lock on root.1.9
13:07:29.376 [DEBUG] [org.gradle.execution.taskgraph.DefaultTaskPlanExecutor] Task worker [Thread[Task worker for ':',5,main]] finished, busy: 5.025 secs, idle: 0.008 secs
13:07:29.376 [DEBUG] [org.gradle.execution.taskgraph.DefaultTaskPlanExecutor] Task worker [Thread[Task worker for ':' Thread 7,5,main]] finished, busy: 0.0 secs, idle: 5.033 secs
13:07:29.376 [DEBUG] [org.gradle.execution.taskgraph.DefaultTaskPlanExecutor] Task worker [Thread[Task worker for ':' Thread 4,5,main]] finished, busy: 0.0 secs, idle: 5.033 secs
13:07:29.376 [DEBUG] [org.gradle.execution.taskgraph.DefaultTaskPlanExecutor] Task worker [Thread[Daemon worker Thread 9,5,main]] finished, busy: 0.0 secs, idle: 5.033 secs
13:07:29.376 [DEBUG] [org.gradle.execution.taskgraph.DefaultTaskPlanExecutor] Task worker [Thread[Task worker for ':' Thread 3,5,main]] finished, busy: 0.0 secs, idle: 5.033 secs
13:07:29.376 [DEBUG] [org.gradle.execution.taskgraph.DefaultTaskPlanExecutor] Task worker [Thread[Task worker for ':' Thread 2,5,main]] finished, busy: 0.0 secs, idle: 5.033 secs
13:07:29.376 [DEBUG] [org.gradle.execution.taskgraph.DefaultTaskPlanExecutor] Task worker [Thread[Task worker for ':' Thread 5,5,main]] finished, busy: 0.0 secs, idle: 5.033 secs
13:07:29.376 [DEBUG] [org.gradle.execution.taskgraph.DefaultTaskPlanExecutor] Task worker [Thread[Task worker for ':' Thread 6,5,main]] finished, busy: 0.0 secs, idle: 5.033 secs
13:07:29.376 [DEBUG] [org.gradle.execution.taskgraph.DefaultTaskExecutionGraph] Timing: Executing the DAG took 5.034 secs
13:07:29.376 [DEBUG] [org.gradle.internal.operations.DefaultBuildOperationExecutor] Completing Build operation 'Run tasks'
13:07:29.377 [DEBUG] [org.gradle.internal.operations.DefaultBuildOperationExecutor] Build operation 'Run tasks' completed
13:07:29.377 [ERROR] [org.gradle.internal.buildevents.BuildExceptionReporter] 
13:07:29.377 [ERROR] [org.gradle.internal.buildevents.BuildExceptionReporter] FAILURE: Build failed with an exception.
13:07:29.377 [ERROR] [org.gradle.internal.buildevents.BuildExceptionReporter] 
13:07:29.377 [ERROR] [org.gradle.internal.buildevents.BuildExceptionReporter] * What went wrong:
13:07:29.378 [ERROR] [org.gradle.internal.buildevents.BuildExceptionReporter] Execution failed for task ':test'.
13:07:29.378 [ERROR] [org.gradle.internal.buildevents.BuildExceptionReporter] > There were failing tests. See the report at: file:///Users/bconnors/workspace/senior-code-challenge/build/reports/tests/test/index.html
13:07:29.378 [ERROR] [org.gradle.internal.buildevents.BuildExceptionReporter] 
13:07:29.378 [ERROR] [org.gradle.internal.buildevents.BuildExceptionReporter] * Try:
13:07:29.378 [ERROR] [org.gradle.internal.buildevents.BuildExceptionReporter] Run with --stacktrace option to get the stack trace.  Run with --scan to get full insights.
13:07:29.378 [ERROR] [org.gradle.internal.buildevents.BuildExceptionReporter] 
13:07:29.378 [ERROR] [org.gradle.internal.buildevents.BuildExceptionReporter] * Get more help at https://help.gradle.org
13:07:29.378 [ERROR] [org.gradle.internal.buildevents.BuildResultLogger] 
13:07:29.378 [ERROR] [org.gradle.internal.buildevents.BuildResultLogger] BUILD FAILED in 5s
13:07:29.378 [LIFECYCLE] [org.gradle.internal.buildevents.BuildResultLogger] 4 actionable tasks: 1 executed, 3 up-to-date
13:07:29.378 [DEBUG] [org.gradle.internal.work.DefaultWorkerLeaseService] Worker lease root.1 completed (0 worker(s) in use)
13:07:29.378 [DEBUG] [org.gradle.internal.resources.AbstractTrackedResourceLock] Daemon worker Thread 9: released lock on root.1
13:07:29.378 [DEBUG] [org.gradle.internal.operations.DefaultBuildOperationExecutor] Completing Build operation 'Run build'
13:07:29.378 [DEBUG] [org.gradle.internal.operations.DefaultBuildOperationExecutor] Build operation 'Run build' completed
13:07:29.379 [DEBUG] [org.gradle.cache.internal.LockOnDemandCrossProcessCacheAccess] Releasing file lock for file content cache (/Users/bconnors/workspace/senior-code-challenge/.gradle/4.10.2/fileContent)
13:07:29.379 [DEBUG] [org.gradle.cache.internal.DefaultFileLockManager] Releasing lock on file content cache (/Users/bconnors/workspace/senior-code-challenge/.gradle/4.10.2/fileContent).
13:07:29.379 [DEBUG] [org.gradle.cache.internal.LockOnDemandCrossProcessCacheAccess] Releasing file lock for task history cache (/Users/bconnors/workspace/senior-code-challenge/.gradle/4.10.2/taskHistory)
13:07:29.380 [DEBUG] [org.gradle.cache.internal.btree.BTreePersistentIndexedCache] Closing cache taskHistory.bin (/Users/bconnors/workspace/senior-code-challenge/.gradle/4.10.2/taskHistory/taskHistory.bin)
13:07:29.380 [DEBUG] [org.gradle.cache.internal.DefaultFileLockManager] Releasing lock on task history cache (/Users/bconnors/workspace/senior-code-challenge/.gradle/4.10.2/taskHistory).
13:07:29.380 [DEBUG] [org.gradle.cache.internal.LockOnDemandCrossProcessCacheAccess] Releasing file lock for Build Output Cleanup Cache (/Users/bconnors/workspace/senior-code-challenge/.gradle/buildOutputCleanup)
13:07:29.380 [DEBUG] [org.gradle.cache.internal.btree.BTreePersistentIndexedCache] Closing cache outputFiles.bin (/Users/bconnors/workspace/senior-code-challenge/.gradle/buildOutputCleanup/outputFiles.bin)
13:07:29.381 [DEBUG] [org.gradle.cache.internal.DefaultFileLockManager] Releasing lock on Build Output Cleanup Cache (/Users/bconnors/workspace/senior-code-challenge/.gradle/buildOutputCleanup).
13:07:29.381 [DEBUG] [org.gradle.cache.internal.LockOnDemandCrossProcessCacheAccess] Releasing file lock for cache directory md-supplier (/Users/bconnors/.gradle/caches/4.10.2/md-supplier)
13:07:29.381 [DEBUG] [org.gradle.cache.internal.DefaultFileLockManager] Releasing lock on cache directory md-supplier (/Users/bconnors/.gradle/caches/4.10.2/md-supplier).
13:07:29.381 [DEBUG] [org.gradle.cache.internal.LockOnDemandCrossProcessCacheAccess] Releasing file lock for cache directory md-rule (/Users/bconnors/.gradle/caches/4.10.2/md-rule)
13:07:29.381 [DEBUG] [org.gradle.cache.internal.DefaultFileLockManager] Releasing lock on cache directory md-rule (/Users/bconnors/.gradle/caches/4.10.2/md-rule).
13:07:29.382 [DEBUG] [org.gradle.api.internal.artifacts.ivyservice.resolveengine.store.CachedStoreFactory] Resolution result cache closed. Cache reads: 0, disk reads: 0 (avg: 0.0 secs, total: 0.0 secs)
13:07:29.382 [DEBUG] [org.gradle.api.internal.artifacts.ivyservice.resolveengine.store.CachedStoreFactory] Resolution result cache closed. Cache reads: 6, disk reads: 3 (avg: 0.0 secs, total: 0.0 secs)
13:07:29.383 [DEBUG] [org.gradle.api.internal.artifacts.ivyservice.resolveengine.store.ResolutionResultsStoreFactory] Deleted 4 resolution results binary files in 0.001 secs
13:07:29.383 [DEBUG] [org.gradle.deployment.internal.DefaultDeploymentRegistry] Stopping 0 deployment handles
13:07:29.383 [DEBUG] [org.gradle.deployment.internal.DefaultDeploymentRegistry] Stopped deployment handles
13:07:29.383 [DEBUG] [org.gradle.cache.internal.LockOnDemandCrossProcessCacheAccess] Releasing file lock for file hash cache (/Users/bconnors/workspace/senior-code-challenge/.gradle/4.10.2/fileHashes)
13:07:29.383 [DEBUG] [org.gradle.cache.internal.btree.BTreePersistentIndexedCache] Closing cache fileHashes.bin (/Users/bconnors/workspace/senior-code-challenge/.gradle/4.10.2/fileHashes/fileHashes.bin)
13:07:29.384 [DEBUG] [org.gradle.cache.internal.DefaultFileLockManager] Releasing lock on file hash cache (/Users/bconnors/workspace/senior-code-challenge/.gradle/4.10.2/fileHashes).
13:07:29.384 [DEBUG] [org.gradle.cache.internal.DefaultPersistentDirectoryStore] VCS Checkout Cache (/Users/bconnors/workspace/senior-code-challenge/.gradle/vcs-1) has last been fully cleaned up 0 hours ago
13:07:29.384 [DEBUG] [org.gradle.cache.internal.DefaultCacheAccess] Cache VCS Checkout Cache (/Users/bconnors/workspace/senior-code-challenge/.gradle/vcs-1) was closed 0 times.
13:07:29.384 [DEBUG] [org.gradle.cache.internal.DefaultCacheAccess] Cache VCS metadata (/Users/bconnors/workspace/senior-code-challenge/.gradle/4.10.2/vcsMetadata-1) was closed 0 times.
13:07:29.384 [DEBUG] [org.gradle.launcher.daemon.server.exec.ExecuteBuild] The daemon has finished executing the build.
13:07:29.422 [DEBUG] [org.gradle.launcher.daemon.client.DaemonClientInputForwarder] Dispatching close input message: org.gradle.launcher.daemon.protocol.CloseInput@66b9e92c
13:07:29.425 [DEBUG] [org.gradle.launcher.daemon.client.DaemonClientConnection] thread 15: dispatching class org.gradle.launcher.daemon.protocol.CloseInput
13:07:29.426 [DEBUG] [org.gradle.launcher.daemon.client.DaemonClient] Received result Failure[value=org.gradle.initialization.ReportedException: org.gradle.internal.exceptions.LocationAwareException: Execution failed for task ':test'.] from daemon DaemonInfo{pid=6709, address=[4e51a093-46e0-4d2b-96ef-54cca284c42e port:60506, addresses:[/0:0:0:0:0:0:0:1, /127.0.0.1]], state=Idle, lastBusy=1580061964259, context=DefaultDaemonContext[uid=571e2c03-3d22-4ad3-9dcb-a132dfd1aa49,javaHome=/Library/Java/JavaVirtualMachines/jdk-11.0.6.jdk/Contents/Home,daemonRegistryDir=/Users/bconnors/.gradle/daemon,pid=6709,idleTimeout=10800000,daemonOpts=--add-opens,java.base/java.util=ALL-UNNAMED,-XX:+HeapDumpOnOutOfMemoryError,-Xmx1024m,-Dfile.encoding=UTF-8,-Duser.country=US,-Duser.language=en,-Duser.variant]} (build should be done).
13:07:29.426 [DEBUG] [org.gradle.launcher.daemon.client.DaemonClientConnection] thread 1: dispatching class org.gradle.launcher.daemon.protocol.Finished
13:07:29.427 [DEBUG] [org.gradle.launcher.daemon.client.DaemonClientConnection] thread 1: connection stop
